2024-11-13 11:05:08,164 [INFO] Activator:176 - 


2024-11-13 11:05:08,201 [INFO] Activator:177 - !SESSION log4j initialized
2024-11-13 11:05:17,530 [INFO] LogOutputStream:77 - [STDOUT_REDIRECT] 
2024-11-13 11:05:24,463 [INFO] ApplicationProperties:184 - Using Application install path: D:\software\STM32CubeIDE_1.16.1\STM32CubeIDE\plugins\com.st.stm32cube.common.mx_6.12.1.202409122256
2024-11-13 11:05:24,617 [INFO] DbMcusXml:78 - Set database path to: D:\software\STM32CubeIDE_1.16.1\STM32CubeIDE\plugins\com.st.stm32cube.common.mx_6.12.1.202409122256\\db\/mcu/
2024-11-13 11:05:24,617 [INFO] ApiDb:274 - Set plugin database path to: D:\software\STM32CubeIDE_1.16.1\STM32CubeIDE\plugins\com.st.stm32cube.common.mx_6.12.1.202409122256\\db\/plugins/boardmanager/
2024-11-13 11:05:24,622 [WARN] ApiDb:259 - Overriding images path with different value:  => D:\software\STM32CubeIDE_1.16.1\STM32CubeIDE\plugins\com.st.stm32cube.common.mx_6.12.1.202409122256\\db\/plugins/mcufinder/images/
2024-11-13 11:05:24,892 [INFO] ApiDb:250 - Set database path to: C:\Users\19948\.stmcufinder\plugins\mcufinder//mcu/
2024-11-13 11:05:24,894 [INFO] DbMcusAds:125 - Set database path to: C:\Users\19948\.stmcufinder\plugins\mcufinder//mcu/
2024-11-13 11:05:24,905 [INFO] CrossReferenceDbSqlite:203 - Set database path to: C:\Users\19948\.stmcufinder\plugins\mcufinder//mcu/cs/
2024-11-13 11:05:25,268 [INFO] RulesReader:64 - Compatibility file has been processed (297 Rules)
2024-11-13 11:05:25,652 [INFO] DbMcusXml:78 - Set database path to: D:\software\STM32CubeIDE_1.16.1\STM32CubeIDE\plugins\com.st.stm32cube.common.mx_6.12.1.202409122256\\db\/mcu/
2024-11-13 11:05:25,652 [INFO] ApiDb:274 - Set plugin database path to: D:\software\STM32CubeIDE_1.16.1\STM32CubeIDE\plugins\com.st.stm32cube.common.mx_6.12.1.202409122256\\db\/plugins/boardmanager/
2024-11-13 11:05:25,652 [INFO] ApiDb:261 - Set plugin images path to: D:\software\STM32CubeIDE_1.16.1\STM32CubeIDE\plugins\com.st.stm32cube.common.mx_6.12.1.202409122256\\db\/plugins/mcufinder/images/
2024-11-13 11:05:25,652 [WARN] DbFile:41 - Overriding database path with different value: C:\Users\19948\.stmcufinder\plugins\mcufinder/ => C:\Users\19948\.stmcufinder\plugins\mcufinder
2024-11-13 11:05:25,652 [INFO] ApiDb:250 - Set database path to: C:\Users\19948\.stmcufinder\plugins\mcufinder//mcu/
2024-11-13 11:05:25,652 [WARN] DbFile:41 - Overriding database path with different value: C:\Users\19948\.stmcufinder\plugins\mcufinder/ => C:\Users\19948\.stmcufinder\plugins\mcufinder
2024-11-13 11:05:25,653 [INFO] DbMcusAds:125 - Set database path to: C:\Users\19948\.stmcufinder\plugins\mcufinder//mcu/
2024-11-13 11:05:25,653 [WARN] DbFile:41 - Overriding database path with different value: C:\Users\19948\.stmcufinder\plugins\mcufinder/ => C:\Users\19948\.stmcufinder\plugins\mcufinder
2024-11-13 11:05:25,653 [WARN] DbFile:41 - Overriding database path with different value: C:\Users\19948\.stmcufinder\plugins\mcufinder/ => C:\Users\19948\.stmcufinder\plugins\mcufinder
2024-11-13 11:05:25,653 [INFO] CrossReferenceDbSqlite:203 - Set database path to: C:\Users\19948\.stmcufinder\plugins\mcufinder//mcu/cs/
2024-11-13 11:05:25,845 [INFO] MainPanel:268 - HeapMemory: 268435456
2024-11-13 11:05:26,018 [INFO] DbMcusXml:78 - Set database path to: D:\software\STM32CubeIDE_1.16.1\STM32CubeIDE\plugins\com.st.stm32cube.common.mx_6.12.1.202409122256\\db\/mcu/
2024-11-13 11:05:26,019 [INFO] ApiDb:274 - Set plugin database path to: D:\software\STM32CubeIDE_1.16.1\STM32CubeIDE\plugins\com.st.stm32cube.common.mx_6.12.1.202409122256\\db\/plugins/boardmanager/
2024-11-13 11:05:26,019 [INFO] ApiDb:261 - Set plugin images path to: D:\software\STM32CubeIDE_1.16.1\STM32CubeIDE\plugins\com.st.stm32cube.common.mx_6.12.1.202409122256\\db\/plugins/mcufinder/images/
2024-11-13 11:05:26,019 [WARN] DbFile:41 - Overriding database path with different value: C:\Users\19948\.stmcufinder\plugins\mcufinder/ => C:\Users\19948\.stmcufinder\plugins\mcufinder
2024-11-13 11:05:26,019 [INFO] ApiDb:250 - Set database path to: C:\Users\19948\.stmcufinder\plugins\mcufinder//mcu/
2024-11-13 11:05:26,019 [WARN] DbFile:41 - Overriding database path with different value: C:\Users\19948\.stmcufinder\plugins\mcufinder/ => C:\Users\19948\.stmcufinder\plugins\mcufinder
2024-11-13 11:05:26,019 [INFO] DbMcusAds:125 - Set database path to: C:\Users\19948\.stmcufinder\plugins\mcufinder//mcu/
2024-11-13 11:05:26,019 [WARN] DbFile:41 - Overriding database path with different value: C:\Users\19948\.stmcufinder\plugins\mcufinder/ => C:\Users\19948\.stmcufinder\plugins\mcufinder
2024-11-13 11:05:26,019 [WARN] DbFile:41 - Overriding database path with different value: C:\Users\19948\.stmcufinder\plugins\mcufinder/ => C:\Users\19948\.stmcufinder\plugins\mcufinder
2024-11-13 11:05:26,019 [INFO] CrossReferenceDbSqlite:203 - Set database path to: C:\Users\19948\.stmcufinder\plugins\mcufinder//mcu/cs/
2024-11-13 11:05:26,041 [INFO] ApplicationProperties:184 - Using Application install path: D:\software\STM32CubeIDE_1.16.1\STM32CubeIDE\plugins\com.st.stm32cube.common.mx_6.12.1.202409122256
2024-11-13 11:05:26,042 [INFO] PluginManage:196 - Search for loadable plugins [exclusion list=, ]
2024-11-13 11:05:26,116 [INFO] PluginManage:310 - Check plugin analytics
2024-11-13 11:05:26,380 [INFO] AnalyticsPlugin:253 - Accepted Software Licenses: 
2024-11-13 11:05:26,381 [INFO] AnalyticsPlugin:255 - Accepted CMSIS Pack Licenses: 
2024-11-13 11:05:26,381 [INFO] AnalyticsPlugin:257 - Accepted Firmware Licenses: FW.F4.1.28.0
2024-11-13 11:05:26,383 [INFO] PluginManage:359 - Loaded plugin analytics (category:tool,tabindex:-1)
2024-11-13 11:05:26,383 [INFO] PluginManage:310 - Check plugin cadmodel
2024-11-13 11:05:26,422 [INFO] CADModel:105 - Init CAD model plugin
2024-11-13 11:05:26,422 [INFO] PluginManage:359 - Loaded plugin cadmodel (category:power,tabindex:5)
2024-11-13 11:05:26,422 [INFO] PluginManage:310 - Check plugin clock
2024-11-13 11:05:26,438 [INFO] PluginManage:359 - Loaded plugin clock (category:base,tabindex:2)
2024-11-13 11:05:26,438 [INFO] PluginManage:310 - Check plugin ddr
2024-11-13 11:05:26,465 [INFO] PluginManage:359 - Loaded plugin ddr (category:tool,tabindex:6)
2024-11-13 11:05:26,465 [INFO] PluginManage:310 - Check plugin filemanager
2024-11-13 11:05:27,084 [INFO] PluginManage:359 - Loaded plugin filemanager (category:base,tabindex:10)
2024-11-13 11:05:27,084 [INFO] PluginManage:310 - Check plugin ipmanager
2024-11-13 11:05:27,131 [INFO] PluginManage:359 - Loaded plugin ipmanager (category:base,tabindex:5)
2024-11-13 11:05:27,131 [INFO] PluginManage:310 - Check plugin lpbam
2024-11-13 11:05:27,140 [INFO] PluginManage:359 - Loaded plugin lpbam (category:base,tabindex:0)
2024-11-13 11:05:27,140 [INFO] PluginManage:310 - Check plugin memorymap
2024-11-13 11:05:27,167 [INFO] PluginManage:359 - Loaded plugin memorymap (category:base,tabindex:4)
2024-11-13 11:05:27,167 [INFO] PluginManage:310 - Check plugin pinoutandconfiguration
2024-11-13 11:05:27,192 [INFO] PluginManage:359 - Loaded plugin pinoutandconfiguration (category:base,tabindex:1)
2024-11-13 11:05:27,192 [INFO] PluginManage:310 - Check plugin pinoutconfig
2024-11-13 11:05:27,309 [WARN] SupportedApi:132 - Cannot load RTOS API schema: s4s-elt-must-match.1: The content of 'definitions' must match (annotation?, (simpleType | complexType)?, (unique | key | keyref)*)). A problem was found starting at: attribute.
2024-11-13 11:05:27,436 [INFO] PluginManage:359 - Loaded plugin pinoutconfig (category:base,tabindex:0)
2024-11-13 11:05:27,437 [INFO] PluginManage:310 - Check plugin power
2024-11-13 11:05:27,475 [INFO] PluginManage:359 - Loaded plugin power (category:power,tabindex:4)
2024-11-13 11:05:27,475 [INFO] PluginManage:310 - Check plugin projectmanager
2024-11-13 11:05:27,497 [INFO] PluginManage:359 - Loaded plugin projectmanager (category:projectmanager,tabindex:4)
2024-11-13 11:05:27,498 [INFO] PluginManage:310 - Check plugin rif
2024-11-13 11:05:27,514 [INFO] PluginManage:359 - Loaded plugin rif (category:base,tabindex:3)
2024-11-13 11:05:27,514 [INFO] PluginManage:310 - Check plugin thirdparty
2024-11-13 11:05:27,716 [INFO] PluginManage:359 - Loaded plugin thirdparty (category:base,tabindex:-1)
2024-11-13 11:05:27,716 [WARN] IntegrityCheckThread:84 - waiting for thirdparty lock release [integrity check]
2024-11-13 11:05:27,716 [INFO] PluginManage:310 - Check plugin tools
2024-11-13 11:05:27,716 [INFO] IntegrityCheckThread:86 - entering critical section [integrity check]
2024-11-13 11:05:27,716 [INFO] ThirdPartyUpdaterWithRetryManager:70 - Updater plugin not ready yet. [1/15]
2024-11-13 11:05:27,718 [INFO] PluginManage:359 - Loaded plugin tools (category:base,tabindex:7)
2024-11-13 11:05:27,718 [INFO] PluginManage:310 - Check plugin tutovideos
2024-11-13 11:05:27,876 [INFO] PluginManage:359 - Loaded plugin tutovideos (category:base,tabindex:-1)
2024-11-13 11:05:27,876 [INFO] PluginManage:310 - Check plugin updater
2024-11-13 11:05:27,908 [INFO] PluginManage:359 - Loaded plugin updater (category:base,tabindex:12)
2024-11-13 11:05:27,908 [INFO] PluginManage:310 - Check plugin userauth
2024-11-13 11:05:27,942 [INFO] UserAuth:113 - Init User Auth plugin
2024-11-13 11:05:27,942 [INFO] PluginManage:359 - Loaded plugin userauth (category:base,tabindex:14)
2024-11-13 11:05:27,943 [INFO] PluginManage:283 - PluginManage : Loaded plugins [18]
2024-11-13 11:05:28,436 [INFO] PinOutPanel:1561 - setPackage(No Configuration,No Configuration)
2024-11-13 11:05:28,586 [INFO] CADModel:165 - CPN selected for project level
2024-11-13 11:05:28,586 [INFO] CADModel:114 - Register for checkConnection events
2024-11-13 11:05:28,990 [INFO] IPUIPlugin:80 - create IPUIPlugin
2024-11-13 11:05:28,990 [INFO] PluginManager:220 - loadIPPluginJar : add adc
2024-11-13 11:05:28,992 [INFO] IPUIPlugin:80 - create IPUIPlugin
2024-11-13 11:05:28,993 [INFO] PluginManager:220 - loadIPPluginJar : add aes
2024-11-13 11:05:28,995 [INFO] IPUIPlugin:80 - create IPUIPlugin
2024-11-13 11:05:28,995 [INFO] PluginManager:220 - loadIPPluginJar : add can
2024-11-13 11:05:28,997 [INFO] IPUIPlugin:80 - create IPUIPlugin
2024-11-13 11:05:28,997 [INFO] PluginManager:220 - loadIPPluginJar : add comp
2024-11-13 11:05:28,999 [INFO] IPUIPlugin:80 - create IPUIPlugin
2024-11-13 11:05:28,999 [INFO] PluginManager:220 - loadIPPluginJar : add cryp
2024-11-13 11:05:29,011 [INFO] IPUIPlugin:80 - create IPUIPlugin
2024-11-13 11:05:29,011 [INFO] PluginManager:220 - loadIPPluginJar : add ddr_ctrl_phy
2024-11-13 11:05:29,013 [INFO] IPUIPlugin:80 - create IPUIPlugin
2024-11-13 11:05:29,013 [INFO] PluginManager:220 - loadIPPluginJar : add dfsdm
2024-11-13 11:05:29,017 [INFO] IPUIPlugin:80 - create IPUIPlugin
2024-11-13 11:05:29,017 [INFO] PluginManager:220 - loadIPPluginJar : add dma
2024-11-13 11:05:29,018 [INFO] IPUIPlugin:80 - create IPUIPlugin
2024-11-13 11:05:29,018 [INFO] PluginManager:220 - loadIPPluginJar : add dma3
2024-11-13 11:05:29,020 [INFO] IPUIPlugin:80 - create IPUIPlugin
2024-11-13 11:05:29,020 [INFO] PluginManager:220 - loadIPPluginJar : add extmemmanager
2024-11-13 11:05:29,021 [INFO] IPUIPlugin:80 - create IPUIPlugin
2024-11-13 11:05:29,021 [INFO] PluginManager:220 - loadIPPluginJar : add fatfs
2024-11-13 11:05:29,024 [INFO] IPUIPlugin:80 - create IPUIPlugin
2024-11-13 11:05:29,024 [INFO] PluginManager:220 - loadIPPluginJar : add fmc
2024-11-13 11:05:29,042 [INFO] IPUIPlugin:80 - create IPUIPlugin
2024-11-13 11:05:29,042 [INFO] PluginManager:220 - loadIPPluginJar : add freertos
2024-11-13 11:05:29,043 [INFO] IPUIPlugin:80 - create IPUIPlugin
2024-11-13 11:05:29,043 [INFO] PluginManager:220 - loadIPPluginJar : add genericplugin
2024-11-13 11:05:29,045 [INFO] IPUIPlugin:80 - create IPUIPlugin
2024-11-13 11:05:29,045 [INFO] PluginManager:220 - loadIPPluginJar : add gfxmmu
2024-11-13 11:05:29,048 [INFO] IPUIPlugin:80 - create IPUIPlugin
2024-11-13 11:05:29,048 [INFO] PluginManager:220 - loadIPPluginJar : add gic
2024-11-13 11:05:29,050 [INFO] IPUIPlugin:80 - create IPUIPlugin
2024-11-13 11:05:29,050 [INFO] PluginManager:220 - loadIPPluginJar : add gpio
2024-11-13 11:05:29,052 [INFO] IPUIPlugin:80 - create IPUIPlugin
2024-11-13 11:05:29,052 [INFO] PluginManager:220 - loadIPPluginJar : add gtzc
2024-11-13 11:05:29,053 [INFO] IPUIPlugin:80 - create IPUIPlugin
2024-11-13 11:05:29,054 [INFO] PluginManager:220 - loadIPPluginJar : add hash
2024-11-13 11:05:29,055 [INFO] IPUIPlugin:80 - create IPUIPlugin
2024-11-13 11:05:29,055 [INFO] PluginManager:220 - loadIPPluginJar : add i2c
2024-11-13 11:05:29,057 [INFO] IPUIPlugin:80 - create IPUIPlugin
2024-11-13 11:05:29,057 [INFO] PluginManager:220 - loadIPPluginJar : add i2s
2024-11-13 11:05:29,059 [INFO] IPUIPlugin:80 - create IPUIPlugin
2024-11-13 11:05:29,059 [INFO] PluginManager:220 - loadIPPluginJar : add i3c
2024-11-13 11:05:29,063 [INFO] IPUIPlugin:80 - create IPUIPlugin
2024-11-13 11:05:29,063 [INFO] PluginManager:220 - loadIPPluginJar : add ipddr
2024-11-13 11:05:29,093 [INFO] IPUIPlugin:80 - create IPUIPlugin
2024-11-13 11:05:29,094 [INFO] PluginManager:220 - loadIPPluginJar : add linkedlist
2024-11-13 11:05:29,097 [INFO] IPUIPlugin:80 - create IPUIPlugin
2024-11-13 11:05:29,097 [INFO] PluginManager:220 - loadIPPluginJar : add lorawan
2024-11-13 11:05:29,098 [INFO] IPUIPlugin:80 - create IPUIPlugin
2024-11-13 11:05:29,099 [INFO] PluginManager:220 - loadIPPluginJar : add ltdc
2024-11-13 11:05:29,103 [INFO] IPUIPlugin:80 - create IPUIPlugin
2024-11-13 11:05:29,103 [INFO] PluginManager:220 - loadIPPluginJar : add mdma
2024-11-13 11:05:29,105 [INFO] IPUIPlugin:80 - create IPUIPlugin
2024-11-13 11:05:29,105 [INFO] PluginManager:220 - loadIPPluginJar : add nvic
2024-11-13 11:05:29,107 [INFO] IPUIPlugin:80 - create IPUIPlugin
2024-11-13 11:05:29,107 [INFO] PluginManager:220 - loadIPPluginJar : add opamp
2024-11-13 11:05:29,109 [INFO] IPUIPlugin:80 - create IPUIPlugin
2024-11-13 11:05:29,109 [INFO] PluginManager:220 - loadIPPluginJar : add openamp
2024-11-13 11:05:29,112 [INFO] IPUIPlugin:80 - create IPUIPlugin
2024-11-13 11:05:29,112 [INFO] PluginManager:220 - loadIPPluginJar : add pdm2pcm
2024-11-13 11:05:29,117 [INFO] IPUIPlugin:80 - create IPUIPlugin
2024-11-13 11:05:29,119 [INFO] PluginManager:220 - loadIPPluginJar : add plateformsettings
2024-11-13 11:05:29,120 [INFO] IPUIPlugin:80 - create IPUIPlugin
2024-11-13 11:05:29,120 [INFO] PluginManager:220 - loadIPPluginJar : add quadspi
2024-11-13 11:05:29,121 [INFO] IPUIPlugin:80 - create IPUIPlugin
2024-11-13 11:05:29,121 [INFO] PluginManager:220 - loadIPPluginJar : add radio
2024-11-13 11:05:29,125 [INFO] IPUIPlugin:80 - create IPUIPlugin
2024-11-13 11:05:29,125 [INFO] PluginManager:220 - loadIPPluginJar : add resmgrutility
2024-11-13 11:05:29,127 [INFO] IPUIPlugin:80 - create IPUIPlugin
2024-11-13 11:05:29,127 [INFO] PluginManager:220 - loadIPPluginJar : add sai
2024-11-13 11:05:29,129 [INFO] IPUIPlugin:80 - create IPUIPlugin
2024-11-13 11:05:29,129 [INFO] PluginManager:220 - loadIPPluginJar : add spi
2024-11-13 11:05:29,132 [INFO] IPUIPlugin:80 - create IPUIPlugin
2024-11-13 11:05:29,132 [INFO] PluginManager:220 - loadIPPluginJar : add stm32_wpan
2024-11-13 11:05:29,133 [INFO] IPUIPlugin:80 - create IPUIPlugin
2024-11-13 11:05:29,133 [INFO] PluginManager:220 - loadIPPluginJar : add tim
2024-11-13 11:05:29,135 [INFO] IPUIPlugin:80 - create IPUIPlugin
2024-11-13 11:05:29,135 [INFO] PluginManager:220 - loadIPPluginJar : add touchsensing
2024-11-13 11:05:29,137 [INFO] IPUIPlugin:80 - create IPUIPlugin
2024-11-13 11:05:29,137 [INFO] PluginManager:220 - loadIPPluginJar : add tracer_emb
2024-11-13 11:05:29,138 [INFO] IPUIPlugin:80 - create IPUIPlugin
2024-11-13 11:05:29,138 [INFO] PluginManager:220 - loadIPPluginJar : add ts
2024-11-13 11:05:29,139 [INFO] IPUIPlugin:80 - create IPUIPlugin
2024-11-13 11:05:29,139 [INFO] PluginManager:220 - loadIPPluginJar : add tsc
2024-11-13 11:05:29,140 [INFO] IPUIPlugin:80 - create IPUIPlugin
2024-11-13 11:05:29,141 [INFO] PluginManager:220 - loadIPPluginJar : add ucpd
2024-11-13 11:05:29,142 [INFO] IPUIPlugin:80 - create IPUIPlugin
2024-11-13 11:05:29,142 [INFO] PluginManager:220 - loadIPPluginJar : add usart
2024-11-13 11:05:29,144 [INFO] IPUIPlugin:80 - create IPUIPlugin
2024-11-13 11:05:29,144 [INFO] PluginManager:220 - loadIPPluginJar : add usbx
2024-11-13 11:05:29,285 [INFO] CADModel:165 - CPN selected for project level
2024-11-13 11:05:29,285 [INFO] CADModel:114 - Register for checkConnection events
2024-11-13 11:05:29,285 [FATAL] Updater:334 - Updater called before beeing initialized
2024-11-13 11:05:29,285 [ERROR] CADModel:125 - Updater not yet initialized, retry later 
2024-11-13 11:05:29,623 [INFO] CADModel:165 - CPN selected for project level
2024-11-13 11:05:29,623 [INFO] CADModel:114 - Register for checkConnection events
2024-11-13 11:05:29,623 [FATAL] Updater:334 - Updater called before beeing initialized
2024-11-13 11:05:29,623 [ERROR] CADModel:125 - Updater not yet initialized, retry later 
2024-11-13 11:05:29,626 [FATAL] Updater:334 - Updater called before beeing initialized
2024-11-13 11:05:29,709 [FATAL] Updater:334 - Updater called before beeing initialized
2024-11-13 11:05:29,712 [INFO] DbMcusAds:53 - JSON generation date=Fri Sep 20 21:04:38 CST 2024 (1726837478367)
2024-11-13 11:05:29,712 [FATAL] Updater:334 - Updater called before beeing initialized
2024-11-13 11:05:29,926 [WARN] DetailPanel:346 - Failed to get advertising image, set to default
2024-11-13 11:05:30,034 [FATAL] Updater:334 - Updater called before beeing initialized
2024-11-13 11:05:30,035 [FATAL] Updater:334 - Updater called before beeing initialized
2024-11-13 11:05:30,035 [FATAL] Updater:334 - Updater called before beeing initialized
2024-11-13 11:05:30,036 [WARN] DetailPanel:346 - Failed to get advertising image, set to default
2024-11-13 11:05:30,036 [FATAL] Updater:334 - Updater called before beeing initialized
2024-11-13 11:05:30,155 [ERROR] Updater:1164 - MainUpdater not yet initialized. External WinMGr cannot be set.
2024-11-13 11:05:30,169 [INFO] Updater:1100 - Updater Version found : 6.12.1
2024-11-13 11:05:30,204 [INFO] ApplicationProperties:184 - Using Application install path: D:\software\STM32CubeIDE_1.16.1\STM32CubeIDE\plugins\com.st.stm32cube.common.mx_6.12.1.202409122256
2024-11-13 11:05:30,717 [INFO] ThirdPartyUpdaterWithRetryManager:70 - Updater plugin not ready yet. [2/15]
2024-11-13 11:05:31,780 [ERROR] LogOutputStream:75 - [STDERR_REDIRECT] Nov 13, 2024 11:05:31 AM java.util.prefs.WindowsPreferences <init>
2024-11-13 11:05:31,781 [ERROR] LogOutputStream:75 - [STDERR_REDIRECT] WARNING: Could not open/create prefs root node Software\JavaSoft\Prefs at root 0xffffffff80000002. Windows RegCreateKeyEx(...) returned error code 5.
2024-11-13 11:05:31,781 [ERROR] LogOutputStream:75 - [STDERR_REDIRECT] 
2024-11-13 11:05:32,239 [INFO] MainUpdater:2873 - connection check result : 10
2024-11-13 11:05:32,240 [INFO] MainUpdater:290 - Updater Check For Update Now.
2024-11-13 11:05:32,240 [INFO] MicroXplorer:498 - Change Database Version : DB.6.0.121
2024-11-13 11:05:32,262 [INFO] McuFinderGlobals:63 - Set McuFinder mode to 2 (CubeIDE integrated)
2024-11-13 11:05:32,264 [INFO] UserAuth:417 - Internet connection configuration mode: 1
2024-11-13 11:05:32,332 [INFO] JxBrowserEngine:152 - Initiate JxBrowser Engine with user profile folder
2024-11-13 11:05:32,451 [INFO] CheckServerUpdateThread:120 - End of CheckServer Thread
2024-11-13 11:05:33,272 [INFO] WebApp:167 - Instantiating new browser for Auth
2024-11-13 11:05:34,115 [INFO] WebApp:448 - Apply proxy settings
2024-11-13 11:05:34,115 [INFO] WebApp:533 - Chromium requires no authentication
2024-11-13 11:05:34,127 [INFO] WebApp:476 - Direct internet connection detected
2024-11-13 11:05:34,153 [INFO] WebApp:869 - Register for checkConnection events
2024-11-13 11:05:34,153 [INFO] WebApp:448 - Apply proxy settings
2024-11-13 11:05:34,154 [INFO] WebApp:533 - Chromium requires no authentication
2024-11-13 11:05:34,154 [INFO] WebApp:476 - Direct internet connection detected
2024-11-13 11:05:34,250 [WARN] PackLoader:240 - Cannot read IP mode file for STMicroelectronics.FP-SNS-MOTENVWB1.1.4.0
2024-11-13 11:05:34,263 [WARN] PackLoader:240 - Cannot read IP mode file for STMicroelectronics.X-CUBE-SMBUS.2.1.0
2024-11-13 11:05:34,274 [WARN] PackLoader:240 - Cannot read IP mode file for STMicroelectronics.X-CUBE-WB05N.1.1.0
2024-11-13 11:05:34,299 [WARN] PackLoader:240 - Cannot read IP mode file for STMicroelectronics.X-CUBE-AZRTOS-F7.1.1.0
2024-11-13 11:05:34,308 [WARN] PackLoader:240 - Cannot read IP mode file for STMicroelectronics.FP-SNS-MOTENV1.4.3.2
2024-11-13 11:05:34,348 [WARN] PackLoader:240 - Cannot read IP mode file for STMicroelectronics.X-CUBE-MEMS1.11.0.0
2024-11-13 11:05:34,386 [INFO] WebApp:220 - Starting web application
2024-11-13 11:05:34,386 [INFO] WebApp:578 - Web application path used D:\software\STM32CubeIDE_1.16.1\STM32CubeIDE\plugins\com.st.stm32cube.common.mx_6.12.1.202409122256\db\plugins\mcufinder\reactClient1\index.html
2024-11-13 11:05:34,475 [WARN] PackLoader:240 - Cannot read IP mode file for STMicroelectronics.X-CUBE-BLE1.6.2.4
2024-11-13 11:05:34,488 [WARN] PackLoader:240 - Cannot read IP mode file for STMicroelectronics.FP-SNS-FLIGHT1.5.0.2
2024-11-13 11:05:34,503 [WARN] PackLoader:240 - Cannot read IP mode file for STMicroelectronics.X-CUBE-DISPLAY.3.0.0
2024-11-13 11:05:34,511 [WARN] PackLoader:240 - Cannot read IP mode file for STMicroelectronics.X-CUBE-BLE1.7.0.0
2024-11-13 11:05:34,518 [WARN] PackLoader:240 - Cannot read IP mode file for STMicroelectronics.X-CUBE-NFC10.1.0.0
2024-11-13 11:05:34,525 [WARN] PackLoader:240 - Cannot read IP mode file for STMicroelectronics.X-CUBE-TOUCHGFX.4.22.0
2024-11-13 11:05:34,528 [WARN] PackLoader:240 - Cannot read IP mode file for STMicroelectronics.X-CUBE-TOUCHGFX.4.22.1
2024-11-13 11:05:34,535 [WARN] PackLoader:240 - Cannot read IP mode file for STMicroelectronics.X-CUBE-BLEMGR.3.1.0
2024-11-13 11:05:34,541 [WARN] PackLoader:240 - Cannot read IP mode file for STMicroelectronics.FP-SNS-SMARTAG2.1.2.0
2024-11-13 11:05:34,553 [INFO] LogOutputStream:77 - [STDOUT_REDIRECT] 1 : Invalid condition id : UX_CORESTACK_Condition cause : null
2024-11-13 11:05:34,554 [INFO] LogOutputStream:77 - [STDOUT_REDIRECT] 1 : Invalid condition id : UX_CORESTACK_Condition cause : null
2024-11-13 11:05:34,557 [INFO] LogOutputStream:77 - [STDOUT_REDIRECT] 1 : Invalid condition id : UX_CORESTACK_Condition cause : null
2024-11-13 11:05:34,559 [INFO] LogOutputStream:77 - [STDOUT_REDIRECT] 1 : Invalid condition id : UX_CORESTACK_Condition cause : null
2024-11-13 11:05:34,561 [INFO] LogOutputStream:77 - [STDOUT_REDIRECT] 1 : Invalid condition id : UX_CORESTACK_Condition cause : null
2024-11-13 11:05:34,565 [WARN] PackLoader:240 - Cannot read IP mode file for STMicroelectronics.X-CUBE-AZRTOS-WL.2.0.0
2024-11-13 11:05:34,573 [WARN] PackLoader:240 - Cannot read IP mode file for STMicroelectronics.FP-SNS-MOTENV1.5.0.0
2024-11-13 11:05:34,580 [WARN] PackLoader:240 - Cannot read IP mode file for wolfSSL.I-CUBE-wolfMQTT.1.19.0
2024-11-13 11:05:34,587 [WARN] PackLoader:240 - Cannot read IP mode file for WES.I-CUBE-Cesium.1.3.0
2024-11-13 11:05:34,592 [WARN] PackLoader:240 - Cannot read IP mode file for STMicroelectronics.X-CUBE-BLE2.3.3.0
2024-11-13 11:05:34,607 [WARN] PackLoader:240 - Cannot read IP mode file for STMicroelectronics.X-CUBE-TOF1.3.2.0
2024-11-13 11:05:34,608 [INFO] UserAuth:417 - Internet connection configuration mode: 1
2024-11-13 11:05:34,620 [WARN] PackLoader:240 - Cannot read IP mode file for STMicroelectronics.X-CUBE-NFC9.1.0.0
2024-11-13 11:05:34,627 [WARN] PackLoader:240 - Cannot read IP mode file for STMicroelectronics.X-CUBE-TCPP.4.1.0
2024-11-13 11:05:34,631 [WARN] PackLoader:240 - Cannot read IP mode file for STMicroelectronics.X-CUBE-TOUCHGFX.4.21.1
2024-11-13 11:05:34,659 [WARN] PackLoader:240 - Cannot read IP mode file for STMicroelectronics.X-CUBE-MEMS1.9.4.0
2024-11-13 11:05:34,707 [WARN] PackLoader:240 - Cannot read IP mode file for STMicroelectronics.X-CUBE-AI.7.3.0
2024-11-13 11:05:34,712 [WARN] PackLoader:240 - Cannot read IP mode file for STMicroelectronics.X-CUBE-ALGOBUILD.1.3.0
2024-11-13 11:05:34,721 [WARN] PackLoader:240 - Cannot read IP mode file for STMicroelectronics.X-CUBE-AZRTOS-G0.1.1.0
2024-11-13 11:05:34,727 [WARN] PackLoader:240 - Cannot read IP mode file for STMicroelectronics.X-CUBE-SAFEA1.1.2.2
2024-11-13 11:05:34,732 [WARN] PackLoader:240 - Cannot read IP mode file for STMicroelectronics.X-CUBE-NFC4.3.0.0
2024-11-13 11:05:34,739 [WARN] PackLoader:240 - Cannot read IP mode file for EmbeddedOffice.I-CUBE-FS-RTOS.1.0.1
2024-11-13 11:05:34,739 [ERROR] ConditionMgr:805 - Attr not supported : Dmpu
2024-11-13 11:05:34,739 [ERROR] ConditionMgr:805 - Attr not supported : Dmpu
2024-11-13 11:05:34,740 [ERROR] ConditionMgr:805 - Attr not supported : Dmpu
2024-11-13 11:05:34,740 [ERROR] ConditionMgr:805 - Attr not supported : Dmpu
2024-11-13 11:05:34,740 [ERROR] ConditionMgr:805 - Attr not supported : Dmpu
2024-11-13 11:05:34,740 [ERROR] ConditionMgr:805 - Attr not supported : Dmpu
2024-11-13 11:05:34,740 [ERROR] ConditionMgr:805 - Attr not supported : Dmpu
2024-11-13 11:05:34,740 [ERROR] ConditionMgr:805 - Attr not supported : Dmpu
2024-11-13 11:05:34,740 [ERROR] ConditionMgr:805 - Attr not supported : Dmpu
2024-11-13 11:05:34,740 [ERROR] ConditionMgr:805 - Attr not supported : Dmpu
2024-11-13 11:05:34,740 [ERROR] ConditionMgr:805 - Attr not supported : Dmpu
2024-11-13 11:05:34,740 [ERROR] ConditionMgr:805 - Attr not supported : Dmpu
2024-11-13 11:05:34,740 [ERROR] ConditionMgr:805 - Attr not supported : Dmpu
2024-11-13 11:05:34,740 [ERROR] ConditionMgr:805 - Attr not supported : Dmpu
2024-11-13 11:05:34,740 [ERROR] ConditionMgr:805 - Attr not supported : Dmpu
2024-11-13 11:05:34,740 [ERROR] ConditionMgr:805 - Attr not supported : Dmpu
2024-11-13 11:05:34,740 [ERROR] ConditionMgr:805 - Attr not supported : Dmpu
2024-11-13 11:05:34,740 [ERROR] ConditionMgr:805 - Attr not supported : Dmpu
2024-11-13 11:05:34,740 [ERROR] ConditionMgr:805 - Attr not supported : Dmpu
2024-11-13 11:05:34,740 [ERROR] ConditionMgr:805 - Attr not supported : Dmpu
2024-11-13 11:05:34,740 [ERROR] ConditionMgr:805 - Attr not supported : Dmpu
2024-11-13 11:05:34,741 [ERROR] ConditionMgr:805 - Attr not supported : Dmpu
2024-11-13 11:05:34,741 [ERROR] ConditionMgr:805 - Attr not supported : Dmpu
2024-11-13 11:05:34,741 [ERROR] ConditionMgr:805 - Attr not supported : Dmpu
2024-11-13 11:05:34,741 [ERROR] ConditionMgr:805 - Attr not supported : Dmpu
2024-11-13 11:05:34,741 [ERROR] ConditionMgr:805 - Attr not supported : Dmpu
2024-11-13 11:05:34,741 [ERROR] ConditionMgr:805 - Attr not supported : Dmpu
2024-11-13 11:05:34,741 [ERROR] ConditionMgr:805 - Attr not supported : Dmpu
2024-11-13 11:05:34,741 [ERROR] ConditionMgr:805 - Attr not supported : Dmpu
2024-11-13 11:05:34,741 [ERROR] ConditionMgr:805 - Attr not supported : Dmpu
2024-11-13 11:05:34,741 [ERROR] ConditionMgr:805 - Attr not supported : Dmpu
2024-11-13 11:05:34,741 [ERROR] ConditionMgr:805 - Attr not supported : Dmpu
2024-11-13 11:05:34,741 [ERROR] ConditionMgr:805 - Attr not supported : Dmpu
2024-11-13 11:05:34,741 [ERROR] ConditionMgr:805 - Attr not supported : Dmpu
2024-11-13 11:05:34,741 [ERROR] ConditionMgr:805 - Attr not supported : Dmpu
2024-11-13 11:05:34,741 [ERROR] ConditionMgr:805 - Attr not supported : Dmpu
2024-11-13 11:05:34,741 [ERROR] ConditionMgr:805 - Attr not supported : Dmpu
2024-11-13 11:05:34,742 [ERROR] ConditionMgr:805 - Attr not supported : Dmpu
2024-11-13 11:05:34,742 [ERROR] ConditionMgr:805 - Attr not supported : Dmpu
2024-11-13 11:05:34,742 [ERROR] ConditionMgr:805 - Attr not supported : Dmpu
2024-11-13 11:05:34,742 [ERROR] ConditionMgr:805 - Attr not supported : Dmpu
2024-11-13 11:05:34,742 [ERROR] ConditionMgr:805 - Attr not supported : Dmpu
2024-11-13 11:05:34,742 [ERROR] ConditionMgr:805 - Attr not supported : Dmpu
2024-11-13 11:05:34,742 [ERROR] ConditionMgr:805 - Attr not supported : Dmpu
2024-11-13 11:05:34,742 [ERROR] ConditionMgr:805 - Attr not supported : Dmpu
2024-11-13 11:05:34,742 [ERROR] ConditionMgr:805 - Attr not supported : Dmpu
2024-11-13 11:05:34,742 [ERROR] ConditionMgr:805 - Attr not supported : Dmpu
2024-11-13 11:05:34,742 [ERROR] ConditionMgr:805 - Attr not supported : Dmpu
2024-11-13 11:05:34,742 [ERROR] ConditionMgr:805 - Attr not supported : Dmpu
2024-11-13 11:05:34,742 [ERROR] ConditionMgr:805 - Attr not supported : Dmpu
2024-11-13 11:05:34,742 [ERROR] ConditionMgr:805 - Attr not supported : Dmpu
2024-11-13 11:05:34,743 [ERROR] ConditionMgr:805 - Attr not supported : Dmpu
2024-11-13 11:05:34,743 [ERROR] ConditionMgr:805 - Attr not supported : Dmpu
2024-11-13 11:05:34,743 [ERROR] ConditionMgr:805 - Attr not supported : Dmpu
2024-11-13 11:05:34,743 [ERROR] ConditionMgr:805 - Attr not supported : Dmpu
2024-11-13 11:05:34,743 [ERROR] ConditionMgr:805 - Attr not supported : Dmpu
2024-11-13 11:05:34,743 [ERROR] ConditionMgr:805 - Attr not supported : Dmpu
2024-11-13 11:05:34,743 [ERROR] ConditionMgr:805 - Attr not supported : Dmpu
2024-11-13 11:05:34,743 [ERROR] ConditionMgr:805 - Attr not supported : Dmpu
2024-11-13 11:05:34,743 [ERROR] ConditionMgr:805 - Attr not supported : Dmpu
2024-11-13 11:05:34,743 [ERROR] ConditionMgr:805 - Attr not supported : Dmpu
2024-11-13 11:05:34,743 [ERROR] ConditionMgr:805 - Attr not supported : Dmpu
2024-11-13 11:05:34,743 [ERROR] ConditionMgr:805 - Attr not supported : Dmpu
2024-11-13 11:05:34,743 [ERROR] ConditionMgr:805 - Attr not supported : Dmpu
2024-11-13 11:05:34,750 [WARN] PackLoader:240 - Cannot read IP mode file for STMicroelectronics.X-CUBE-BLEMGR.3.0.0
2024-11-13 11:05:34,764 [WARN] PackLoader:240 - Cannot read IP mode file for STMicroelectronics.X-CUBE-BLEMGR.1.3.0
2024-11-13 11:05:34,772 [WARN] PackLoader:240 - Cannot read IP mode file for RealThread.X-CUBE-RT-Thread_Nano.4.1.1
2024-11-13 11:05:34,779 [WARN] PackLoader:240 - Cannot read IP mode file for STMicroelectronics.FP-ATR-SIGFOX1.3.2.0
2024-11-13 11:05:34,785 [WARN] ConditionMgr:438 - getConditionDescription Invalid condition id : Cortex-A Device cause : null
2024-11-13 11:05:34,800 [WARN] ConditionMgr:1039 - genDependencies : Invalid condition id : Cortex-A Device cause : null
2024-11-13 11:05:34,801 [WARN] ConditionMgr:1039 - genDependencies : Invalid condition id : Cortex-A Device cause : null
2024-11-13 11:05:34,801 [WARN] ConditionMgr:1039 - genDependencies : Invalid condition id : Cortex-A Device cause : null
2024-11-13 11:05:34,814 [WARN] PackLoader:240 - Cannot read IP mode file for STMicroelectronics.X-CUBE-EEPRMA1.5.1.0
2024-11-13 11:05:34,866 [WARN] PackLoader:240 - Cannot read IP mode file for STMicroelectronics.X-CUBE-MEMS1.9.5.0
2024-11-13 11:05:34,950 [WARN] PackLoader:240 - Cannot read IP mode file for SEGGER.I-CUBE-embOS.1.3.1
2024-11-13 11:05:34,972 [WARN] PackLoader:240 - Cannot read IP mode file for STMicroelectronics.X-CUBE-ALGOBUILD.1.4.0
2024-11-13 11:05:34,977 [WARN] PackLoader:240 - Cannot read IP mode file for STMicroelectronics.X-CUBE-AI.9.1.0
2024-11-13 11:05:34,984 [WARN] PackLoader:240 - Cannot read IP mode file for STMicroelectronics.X-CUBE-GNSS1.6.0.0
2024-11-13 11:05:34,998 [WARN] PackLoader:240 - Cannot read IP mode file for STMicroelectronics.X-CUBE-AZRTOS-F4.1.1.0
2024-11-13 11:05:35,005 [WARN] PackLoader:240 - Cannot read IP mode file for STMicroelectronics.X-CUBE-ISPU.2.1.0
2024-11-13 11:05:35,012 [WARN] PackLoader:240 - Cannot read IP mode file for STMicroelectronics.X-CUBE-FREERTOS.1.2.0
2024-11-13 11:05:35,030 [WARN] PackLoader:240 - Cannot read IP mode file for STMicroelectronics.X-CUBE-AZRTOS-L5.2.0.0
2024-11-13 11:05:35,056 [WARN] PackLoader:240 - Cannot read IP mode file for STMicroelectronics.X-CUBE-MEMS1.9.6.0
2024-11-13 11:05:35,134 [WARN] PackLoader:240 - Cannot read IP mode file for STMicroelectronics.X-CUBE-EEPRMA1.4.2.0
2024-11-13 11:05:35,143 [WARN] PackLoader:240 - Cannot read IP mode file for STMicroelectronics.X-CUBE-NFC6.3.1.0
2024-11-13 11:05:35,150 [WARN] PackLoader:240 - Cannot read IP mode file for ITTIA_DB.I-CUBE-ITTIADB.8.8.0
2024-11-13 11:05:35,158 [WARN] PackLoader:240 - Cannot read IP mode file for emotas.I-CUBE-CANOPEN.1.1.3
2024-11-13 11:05:35,164 [WARN] PackLoader:240 - Cannot read IP mode file for STMicroelectronics.X-CUBE-BLEMGR.2.0.0
2024-11-13 11:05:35,171 [WARN] PackLoader:240 - Cannot read IP mode file for STMicroelectronics.X-CUBE-DPower.1.2.0
2024-11-13 11:05:35,175 [WARN] PackLoader:240 - Cannot read IP mode file for STMicroelectronics.X-CUBE-AI.9.0.0
2024-11-13 11:05:35,188 [WARN] ConditionMgr:438 - getConditionDescription Invalid condition id : UX DEVICE CLASS RTOS Condition cause : null
2024-11-13 11:05:35,188 [WARN] ConditionMgr:438 - getConditionDescription Invalid condition id : UX DEVICE CLASS RTOS Condition cause : null
2024-11-13 11:05:35,190 [WARN] PackLoader:240 - Cannot read IP mode file for STMicroelectronics.X-CUBE-AZRTOS-H7.3.1.0
2024-11-13 11:05:35,191 [WARN] ConditionMgr:1039 - genDependencies : Invalid condition id : UX DEVICE CLASS RTOS Condition cause : null
2024-11-13 11:05:35,191 [WARN] ConditionMgr:1039 - genDependencies : Invalid condition id : UX DEVICE CLASS RTOS Condition cause : null
2024-11-13 11:05:35,192 [WARN] ConditionMgr:1039 - genDependencies : Invalid condition id : UX DEVICE CLASS RTOS Condition cause : null
2024-11-13 11:05:35,192 [WARN] ConditionMgr:1039 - genDependencies : Invalid condition id : UX DEVICE CLASS RTOS Condition cause : null
2024-11-13 11:05:35,192 [WARN] ConditionMgr:1039 - genDependencies : Invalid condition id : UX DEVICE CLASS RTOS Condition cause : null
2024-11-13 11:05:35,197 [WARN] PackLoader:240 - Cannot read IP mode file for wolfSSL.I-CUBE-wolfSSL.5.5.4
2024-11-13 11:05:35,203 [WARN] PackLoader:240 - Cannot read IP mode file for STMicroelectronics.X-CUBE-NFC7.1.0.1
2024-11-13 11:05:35,207 [WARN] PackLoader:240 - Cannot read IP mode file for STMicroelectronics.X-CUBE-NFC7.1.0.0
2024-11-13 11:05:35,212 [WARN] PackLoader:240 - Cannot read IP mode file for wolfSSL.I-CUBE-wolfTPM.3.2.0
2024-11-13 11:05:35,217 [WARN] PackLoader:240 - Cannot read IP mode file for STMicroelectronics.X-CUBE-NFC6.3.0.0
2024-11-13 11:05:35,222 [WARN] PackLoader:240 - Cannot read IP mode file for STMicroelectronics.X-CUBE-EEPRMA1.4.1.0
2024-11-13 11:05:35,225 [WARN] PackLoader:240 - Cannot read IP mode file for STMicroelectronics.X-CUBE-AI.8.1.0
2024-11-13 11:05:35,238 [WARN] ConditionMgr:438 - getConditionDescription Invalid condition id : LAN8742 Phy interface Condition cause : null
2024-11-13 11:05:35,239 [WARN] PackLoader:240 - Cannot read IP mode file for STMicroelectronics.X-CUBE-AZRTOS-L4.2.0.0
2024-11-13 11:05:35,240 [WARN] ConditionMgr:1039 - genDependencies : Invalid condition id : LAN8742 Phy interface Condition cause : null
2024-11-13 11:05:35,240 [WARN] ConditionMgr:1039 - genDependencies : Invalid condition id : LAN8742 Phy interface Condition cause : null
2024-11-13 11:05:35,241 [WARN] ConditionMgr:1039 - genDependencies : Invalid condition id : LAN8742 Phy interface Condition cause : null
2024-11-13 11:05:35,250 [WARN] PackLoader:240 - Cannot read IP mode file for STMicroelectronics.X-CUBE-SFXS2LP1.4.0.0
2024-11-13 11:05:35,268 [WARN] PackLoader:240 - Cannot read IP mode file for STMicroelectronics.X-CUBE-AZRTOS-H7.3.0.0
2024-11-13 11:05:35,275 [WARN] PackLoader:240 - Cannot read IP mode file for STMicroelectronics.X-CUBE-ISPU.1.1.0
2024-11-13 11:05:35,289 [WARN] PackLoader:240 - Cannot read IP mode file for STMicroelectronics.X-CUBE-AZRTOS-H7.3.3.0
2024-11-13 11:05:35,298 [WARN] PackLoader:240 - Cannot read IP mode file for RoweBots.I-CUBE-UNISONRTOS.5.5.0-4
2024-11-13 11:05:35,307 [WARN] PackLoader:240 - Cannot read IP mode file for STMicroelectronics.X-CUBE-IPS.3.0.0
2024-11-13 11:05:35,320 [WARN] ConditionMgr:438 - getConditionDescription Invalid condition id : UX DEVICE CLASS RTOS Condition cause : null
2024-11-13 11:05:35,321 [WARN] ConditionMgr:438 - getConditionDescription Invalid condition id : UX DEVICE CLASS RTOS Condition cause : null
2024-11-13 11:05:35,323 [WARN] PackLoader:240 - Cannot read IP mode file for STMicroelectronics.X-CUBE-AZRTOS-WB.2.0.0
2024-11-13 11:05:35,323 [WARN] ConditionMgr:1039 - genDependencies : Invalid condition id : UX DEVICE CLASS RTOS Condition cause : null
2024-11-13 11:05:35,323 [WARN] ConditionMgr:1039 - genDependencies : Invalid condition id : UX DEVICE CLASS RTOS Condition cause : null
2024-11-13 11:05:35,324 [WARN] ConditionMgr:1039 - genDependencies : Invalid condition id : UX DEVICE CLASS RTOS Condition cause : null
2024-11-13 11:05:35,324 [WARN] ConditionMgr:1039 - genDependencies : Invalid condition id : UX DEVICE CLASS RTOS Condition cause : null
2024-11-13 11:05:35,324 [WARN] ConditionMgr:1039 - genDependencies : Invalid condition id : UX DEVICE CLASS RTOS Condition cause : null
2024-11-13 11:05:35,328 [WARN] PackLoader:240 - Cannot read IP mode file for STMicroelectronics.X-CUBE-FREERTOS.1.0.1
2024-11-13 11:05:35,333 [WARN] PackLoader:240 - Cannot read IP mode file for STMicroelectronics.X-CUBE-GNSS1.7.0.0
2024-11-13 11:05:35,340 [WARN] PackLoader:240 - Cannot read IP mode file for STMicroelectronics.FP-SNS-STBOX1.2.0.0
2024-11-13 11:05:35,351 [WARN] PackLoader:240 - Cannot read IP mode file for STMicroelectronics.X-CUBE-AZRTOS-L5.1.1.0
2024-11-13 11:05:35,355 [WARN] PackLoader:240 - Cannot read IP mode file for STMicroelectronics.X-CUBE-AI.8.0.1
2024-11-13 11:05:35,364 [WARN] PackLoader:240 - Cannot read IP mode file for STMicroelectronics.X-CUBE-SUBG2.5.0.0
2024-11-13 11:05:35,373 [WARN] PackLoader:240 - Cannot read IP mode file for Cesanta.I-CUBE-Mongoose.7.13.0
2024-11-13 11:05:35,379 [WARN] PackLoader:240 - Cannot read IP mode file for STMicroelectronics.X-CUBE-TOF1.3.3.1
2024-11-13 11:05:35,397 [WARN] PackLoader:240 - Cannot read IP mode file for STMicroelectronics.X-CUBE-AZRTOS-G4.2.0.0
2024-11-13 11:05:35,404 [WARN] PackLoader:240 - Cannot read IP mode file for STMicroelectronics.FP-ATR-ASTRA1.1.1.1
2024-11-13 11:05:35,415 [WARN] PackLoader:240 - Cannot read IP mode file for Infineon.AIROC-Wi-Fi-Bluetooth-STM32.1.5.1
2024-11-13 11:05:35,421 [WARN] PackLoader:240 - Cannot read IP mode file for STMicroelectronics.FP-SNS-MOTENVWB1.1.3.0
2024-11-13 11:05:35,425 [WARN] PackLoader:240 - Cannot read IP mode file for STMicroelectronics.FP-SNS-MOTENVWB1.1.3.1
2024-11-13 11:05:35,435 [WARN] PackLoader:240 - Cannot read IP mode file for STMicroelectronics.X-CUBE-AZRTOS-G4.1.0.0
2024-11-13 11:05:35,447 [WARN] PackLoader:240 - Cannot read IP mode file for STMicroelectronics.X-CUBE-AZRTOS-L4.1.0.0
2024-11-13 11:05:35,452 [WARN] PackLoader:240 - Cannot read IP mode file for STMicroelectronics.X-CUBE-ISPU.2.0.0
2024-11-13 11:05:35,458 [WARN] PackLoader:240 - Cannot read IP mode file for STMicroelectronics.X-CUBE-ALS.1.0.2
2024-11-13 11:05:35,481 [WARN] PackLoader:240 - Cannot read IP mode file for STMicroelectronics.X-CUBE-MEMS1.10.0.0
2024-11-13 11:05:35,558 [WARN] PackLoader:240 - Cannot read IP mode file for STMicroelectronics.X-CUBE-FREERTOS.1.1.0
2024-11-13 11:05:35,561 [WARN] PackLoader:240 - Cannot read IP mode file for STMicroelectronics.X-CUBE-TOUCHGFX.4.24.0
2024-11-13 11:05:35,569 [WARN] PackLoader:240 - Cannot read IP mode file for STMicroelectronics.X-CUBE-AZRTOS-WL.1.0.0
2024-11-13 11:05:35,573 [WARN] PackLoader:240 - Cannot read IP mode file for STMicroelectronics.X-CUBE-TOUCHGFX.4.24.1
2024-11-13 11:05:35,578 [WARN] PackLoader:240 - Cannot read IP mode file for portGmbH.I-Cube-SoM-uGOAL.1.1.0
2024-11-13 11:05:35,582 [WARN] PackLoader:240 - Cannot read IP mode file for STMicroelectronics.X-CUBE-ALS.1.0.1
2024-11-13 11:05:35,590 [WARN] PackLoader:240 - Cannot read IP mode file for STMicroelectronics.X-CUBE-AZRTOS-WB.1.1.0
2024-11-13 11:05:35,607 [WARN] PackLoader:240 - Cannot read IP mode file for STMicroelectronics.X-CUBE-AZRTOS-H7RS.1.0.0
2024-11-13 11:05:35,612 [WARN] PackLoader:240 - Cannot read IP mode file for STMicroelectronics.FP-ATR-ASTRA1.2.0.0
2024-11-13 11:05:35,620 [WARN] PackLoader:240 - Cannot read IP mode file for STMicroelectronics.X-CUBE-TOF1.3.4.2
2024-11-13 11:05:35,643 [WARN] PackLoader:240 - Cannot read IP mode file for STMicroelectronics.X-CUBE-TOF1.3.4.0
2024-11-13 11:05:35,656 [WARN] PackLoader:240 - Cannot read IP mode file for wolfSSL.I-CUBE-wolfSSH.1.4.17
2024-11-13 11:05:35,656 [INFO] ThirdParty:978 - Integrity check success = true
2024-11-13 11:05:35,656 [INFO] IntegrityCheckThread:100 - exiting critical section [integrity check]
2024-11-13 11:05:35,656 [INFO] IntegrityCheckThread:103 - End integrity checks thread
2024-11-13 17:30:26,790 [ERROR] LogOutputStream:75 - [STDERR_REDIRECT] 
