2024-12-02 11:30:19,120 [INFO] Activator:176 - 


2024-12-02 11:30:19,150 [INFO] Activator:177 - !SESSION log4j initialized
2024-12-02 11:30:28,559 [INFO] LogOutputStream:77 - [STDOUT_REDIRECT] 
2024-12-02 11:30:34,481 [INFO] ApplicationProperties:184 - Using Application install path: D:\software\STM32CubeIDE_1.16.1\STM32CubeIDE\plugins\com.st.stm32cube.common.mx_6.12.1.202409122256
2024-12-02 11:30:34,558 [INFO] DbMcusXml:78 - Set database path to: D:\software\STM32CubeIDE_1.16.1\STM32CubeIDE\plugins\com.st.stm32cube.common.mx_6.12.1.202409122256\\db\/mcu/
2024-12-02 11:30:34,558 [INFO] ApiDb:274 - Set plugin database path to: D:\software\STM32CubeIDE_1.16.1\STM32CubeIDE\plugins\com.st.stm32cube.common.mx_6.12.1.202409122256\\db\/plugins/boardmanager/
2024-12-02 11:30:34,559 [WARN] ApiDb:259 - Overriding images path with different value:  => D:\software\STM32CubeIDE_1.16.1\STM32CubeIDE\plugins\com.st.stm32cube.common.mx_6.12.1.202409122256\\db\/plugins/mcufinder/images/
2024-12-02 11:30:34,712 [INFO] ApiDb:250 - Set database path to: C:\Users\19948\.stmcufinder\plugins\mcufinder//mcu/
2024-12-02 11:30:34,713 [INFO] DbMcusAds:125 - Set database path to: C:\Users\19948\.stmcufinder\plugins\mcufinder//mcu/
2024-12-02 11:30:34,715 [INFO] CrossReferenceDbSqlite:203 - Set database path to: C:\Users\19948\.stmcufinder\plugins\mcufinder//mcu/cs/
2024-12-02 11:30:34,898 [INFO] RulesReader:64 - Compatibility file has been processed (297 Rules)
2024-12-02 11:30:35,028 [INFO] DbMcusXml:78 - Set database path to: D:\software\STM32CubeIDE_1.16.1\STM32CubeIDE\plugins\com.st.stm32cube.common.mx_6.12.1.202409122256\\db\/mcu/
2024-12-02 11:30:35,029 [INFO] ApiDb:274 - Set plugin database path to: D:\software\STM32CubeIDE_1.16.1\STM32CubeIDE\plugins\com.st.stm32cube.common.mx_6.12.1.202409122256\\db\/plugins/boardmanager/
2024-12-02 11:30:35,029 [INFO] ApiDb:261 - Set plugin images path to: D:\software\STM32CubeIDE_1.16.1\STM32CubeIDE\plugins\com.st.stm32cube.common.mx_6.12.1.202409122256\\db\/plugins/mcufinder/images/
2024-12-02 11:30:35,029 [WARN] DbFile:41 - Overriding database path with different value: C:\Users\19948\.stmcufinder\plugins\mcufinder/ => C:\Users\19948\.stmcufinder\plugins\mcufinder
2024-12-02 11:30:35,029 [INFO] ApiDb:250 - Set database path to: C:\Users\19948\.stmcufinder\plugins\mcufinder//mcu/
2024-12-02 11:30:35,029 [WARN] DbFile:41 - Overriding database path with different value: C:\Users\19948\.stmcufinder\plugins\mcufinder/ => C:\Users\19948\.stmcufinder\plugins\mcufinder
2024-12-02 11:30:35,029 [INFO] DbMcusAds:125 - Set database path to: C:\Users\19948\.stmcufinder\plugins\mcufinder//mcu/
2024-12-02 11:30:35,029 [WARN] DbFile:41 - Overriding database path with different value: C:\Users\19948\.stmcufinder\plugins\mcufinder/ => C:\Users\19948\.stmcufinder\plugins\mcufinder
2024-12-02 11:30:35,029 [WARN] DbFile:41 - Overriding database path with different value: C:\Users\19948\.stmcufinder\plugins\mcufinder/ => C:\Users\19948\.stmcufinder\plugins\mcufinder
2024-12-02 11:30:35,029 [INFO] CrossReferenceDbSqlite:203 - Set database path to: C:\Users\19948\.stmcufinder\plugins\mcufinder//mcu/cs/
2024-12-02 11:30:35,139 [INFO] MainPanel:268 - HeapMemory: 268435456
2024-12-02 11:30:35,269 [INFO] DbMcusXml:78 - Set database path to: D:\software\STM32CubeIDE_1.16.1\STM32CubeIDE\plugins\com.st.stm32cube.common.mx_6.12.1.202409122256\\db\/mcu/
2024-12-02 11:30:35,269 [INFO] ApiDb:274 - Set plugin database path to: D:\software\STM32CubeIDE_1.16.1\STM32CubeIDE\plugins\com.st.stm32cube.common.mx_6.12.1.202409122256\\db\/plugins/boardmanager/
2024-12-02 11:30:35,269 [INFO] ApiDb:261 - Set plugin images path to: D:\software\STM32CubeIDE_1.16.1\STM32CubeIDE\plugins\com.st.stm32cube.common.mx_6.12.1.202409122256\\db\/plugins/mcufinder/images/
2024-12-02 11:30:35,270 [WARN] DbFile:41 - Overriding database path with different value: C:\Users\19948\.stmcufinder\plugins\mcufinder/ => C:\Users\19948\.stmcufinder\plugins\mcufinder
2024-12-02 11:30:35,270 [INFO] ApiDb:250 - Set database path to: C:\Users\19948\.stmcufinder\plugins\mcufinder//mcu/
2024-12-02 11:30:35,270 [WARN] DbFile:41 - Overriding database path with different value: C:\Users\19948\.stmcufinder\plugins\mcufinder/ => C:\Users\19948\.stmcufinder\plugins\mcufinder
2024-12-02 11:30:35,270 [INFO] DbMcusAds:125 - Set database path to: C:\Users\19948\.stmcufinder\plugins\mcufinder//mcu/
2024-12-02 11:30:35,270 [WARN] DbFile:41 - Overriding database path with different value: C:\Users\19948\.stmcufinder\plugins\mcufinder/ => C:\Users\19948\.stmcufinder\plugins\mcufinder
2024-12-02 11:30:35,270 [WARN] DbFile:41 - Overriding database path with different value: C:\Users\19948\.stmcufinder\plugins\mcufinder/ => C:\Users\19948\.stmcufinder\plugins\mcufinder
2024-12-02 11:30:35,270 [INFO] CrossReferenceDbSqlite:203 - Set database path to: C:\Users\19948\.stmcufinder\plugins\mcufinder//mcu/cs/
2024-12-02 11:30:35,290 [INFO] ApplicationProperties:184 - Using Application install path: D:\software\STM32CubeIDE_1.16.1\STM32CubeIDE\plugins\com.st.stm32cube.common.mx_6.12.1.202409122256
2024-12-02 11:30:35,292 [INFO] PluginManage:196 - Search for loadable plugins [exclusion list=, ]
2024-12-02 11:30:35,365 [INFO] PluginManage:310 - Check plugin analytics
2024-12-02 11:30:35,612 [INFO] AnalyticsPlugin:253 - Accepted Software Licenses: 
2024-12-02 11:30:35,612 [INFO] AnalyticsPlugin:255 - Accepted CMSIS Pack Licenses: 
2024-12-02 11:30:35,612 [INFO] AnalyticsPlugin:257 - Accepted Firmware Licenses: FW.F4.1.28.0
2024-12-02 11:30:35,614 [INFO] PluginManage:359 - Loaded plugin analytics (category:tool,tabindex:-1)
2024-12-02 11:30:35,614 [INFO] PluginManage:310 - Check plugin cadmodel
2024-12-02 11:30:35,663 [INFO] CADModel:105 - Init CAD model plugin
2024-12-02 11:30:35,663 [INFO] PluginManage:359 - Loaded plugin cadmodel (category:power,tabindex:5)
2024-12-02 11:30:35,663 [INFO] PluginManage:310 - Check plugin clock
2024-12-02 11:30:35,678 [INFO] PluginManage:359 - Loaded plugin clock (category:base,tabindex:2)
2024-12-02 11:30:35,678 [INFO] PluginManage:310 - Check plugin ddr
2024-12-02 11:30:35,705 [INFO] PluginManage:359 - Loaded plugin ddr (category:tool,tabindex:6)
2024-12-02 11:30:35,705 [INFO] PluginManage:310 - Check plugin filemanager
2024-12-02 11:30:36,213 [INFO] PluginManage:359 - Loaded plugin filemanager (category:base,tabindex:10)
2024-12-02 11:30:36,213 [INFO] PluginManage:310 - Check plugin ipmanager
2024-12-02 11:30:36,256 [INFO] PluginManage:359 - Loaded plugin ipmanager (category:base,tabindex:5)
2024-12-02 11:30:36,256 [INFO] PluginManage:310 - Check plugin lpbam
2024-12-02 11:30:36,276 [INFO] PluginManage:359 - Loaded plugin lpbam (category:base,tabindex:0)
2024-12-02 11:30:36,278 [INFO] PluginManage:310 - Check plugin memorymap
2024-12-02 11:30:36,290 [INFO] PluginManage:359 - Loaded plugin memorymap (category:base,tabindex:4)
2024-12-02 11:30:36,290 [INFO] PluginManage:310 - Check plugin pinoutandconfiguration
2024-12-02 11:30:36,296 [INFO] PluginManage:359 - Loaded plugin pinoutandconfiguration (category:base,tabindex:1)
2024-12-02 11:30:36,296 [INFO] PluginManage:310 - Check plugin pinoutconfig
2024-12-02 11:30:36,400 [WARN] SupportedApi:132 - Cannot load RTOS API schema: s4s-elt-must-match.1: The content of 'definitions' must match (annotation?, (simpleType | complexType)?, (unique | key | keyref)*)). A problem was found starting at: attribute.
2024-12-02 11:30:36,511 [INFO] PluginManage:359 - Loaded plugin pinoutconfig (category:base,tabindex:0)
2024-12-02 11:30:36,511 [INFO] PluginManage:310 - Check plugin power
2024-12-02 11:30:36,550 [INFO] PluginManage:359 - Loaded plugin power (category:power,tabindex:4)
2024-12-02 11:30:36,550 [INFO] PluginManage:310 - Check plugin projectmanager
2024-12-02 11:30:36,569 [INFO] PluginManage:359 - Loaded plugin projectmanager (category:projectmanager,tabindex:4)
2024-12-02 11:30:36,570 [INFO] PluginManage:310 - Check plugin rif
2024-12-02 11:30:36,587 [INFO] PluginManage:359 - Loaded plugin rif (category:base,tabindex:3)
2024-12-02 11:30:36,587 [INFO] PluginManage:310 - Check plugin thirdparty
2024-12-02 11:30:36,795 [INFO] PluginManage:359 - Loaded plugin thirdparty (category:base,tabindex:-1)
2024-12-02 11:30:36,795 [WARN] IntegrityCheckThread:84 - waiting for thirdparty lock release [integrity check]
2024-12-02 11:30:36,795 [INFO] PluginManage:310 - Check plugin tools
2024-12-02 11:30:36,795 [INFO] IntegrityCheckThread:86 - entering critical section [integrity check]
2024-12-02 11:30:36,795 [INFO] ThirdPartyUpdaterWithRetryManager:70 - Updater plugin not ready yet. [1/15]
2024-12-02 11:30:36,797 [INFO] PluginManage:359 - Loaded plugin tools (category:base,tabindex:7)
2024-12-02 11:30:36,797 [INFO] PluginManage:310 - Check plugin tutovideos
2024-12-02 11:30:36,951 [INFO] PluginManage:359 - Loaded plugin tutovideos (category:base,tabindex:-1)
2024-12-02 11:30:36,951 [INFO] PluginManage:310 - Check plugin updater
2024-12-02 11:30:36,985 [INFO] PluginManage:359 - Loaded plugin updater (category:base,tabindex:12)
2024-12-02 11:30:36,985 [INFO] PluginManage:310 - Check plugin userauth
2024-12-02 11:30:37,026 [INFO] UserAuth:113 - Init User Auth plugin
2024-12-02 11:30:37,026 [INFO] PluginManage:359 - Loaded plugin userauth (category:base,tabindex:14)
2024-12-02 11:30:37,026 [INFO] PluginManage:283 - PluginManage : Loaded plugins [18]
2024-12-02 11:30:37,451 [INFO] PinOutPanel:1561 - setPackage(No Configuration,No Configuration)
2024-12-02 11:30:37,585 [INFO] CADModel:165 - CPN selected for project level
2024-12-02 11:30:37,586 [INFO] CADModel:114 - Register for checkConnection events
2024-12-02 11:30:37,977 [INFO] IPUIPlugin:80 - create IPUIPlugin
2024-12-02 11:30:37,978 [INFO] PluginManager:220 - loadIPPluginJar : add adc
2024-12-02 11:30:37,979 [INFO] IPUIPlugin:80 - create IPUIPlugin
2024-12-02 11:30:37,980 [INFO] PluginManager:220 - loadIPPluginJar : add aes
2024-12-02 11:30:37,982 [INFO] IPUIPlugin:80 - create IPUIPlugin
2024-12-02 11:30:37,982 [INFO] PluginManager:220 - loadIPPluginJar : add can
2024-12-02 11:30:37,983 [INFO] IPUIPlugin:80 - create IPUIPlugin
2024-12-02 11:30:37,984 [INFO] PluginManager:220 - loadIPPluginJar : add comp
2024-12-02 11:30:37,985 [INFO] IPUIPlugin:80 - create IPUIPlugin
2024-12-02 11:30:37,985 [INFO] PluginManager:220 - loadIPPluginJar : add cryp
2024-12-02 11:30:38,001 [INFO] IPUIPlugin:80 - create IPUIPlugin
2024-12-02 11:30:38,001 [INFO] PluginManager:220 - loadIPPluginJar : add ddr_ctrl_phy
2024-12-02 11:30:38,003 [INFO] IPUIPlugin:80 - create IPUIPlugin
2024-12-02 11:30:38,003 [INFO] PluginManager:220 - loadIPPluginJar : add dfsdm
2024-12-02 11:30:38,006 [INFO] IPUIPlugin:80 - create IPUIPlugin
2024-12-02 11:30:38,006 [INFO] PluginManager:220 - loadIPPluginJar : add dma
2024-12-02 11:30:38,008 [INFO] IPUIPlugin:80 - create IPUIPlugin
2024-12-02 11:30:38,008 [INFO] PluginManager:220 - loadIPPluginJar : add dma3
2024-12-02 11:30:38,010 [INFO] IPUIPlugin:80 - create IPUIPlugin
2024-12-02 11:30:38,010 [INFO] PluginManager:220 - loadIPPluginJar : add extmemmanager
2024-12-02 11:30:38,011 [INFO] IPUIPlugin:80 - create IPUIPlugin
2024-12-02 11:30:38,011 [INFO] PluginManager:220 - loadIPPluginJar : add fatfs
2024-12-02 11:30:38,014 [INFO] IPUIPlugin:80 - create IPUIPlugin
2024-12-02 11:30:38,014 [INFO] PluginManager:220 - loadIPPluginJar : add fmc
2024-12-02 11:30:38,050 [INFO] IPUIPlugin:80 - create IPUIPlugin
2024-12-02 11:30:38,050 [INFO] PluginManager:220 - loadIPPluginJar : add freertos
2024-12-02 11:30:38,051 [INFO] IPUIPlugin:80 - create IPUIPlugin
2024-12-02 11:30:38,051 [INFO] PluginManager:220 - loadIPPluginJar : add genericplugin
2024-12-02 11:30:38,052 [INFO] IPUIPlugin:80 - create IPUIPlugin
2024-12-02 11:30:38,052 [INFO] PluginManager:220 - loadIPPluginJar : add gfxmmu
2024-12-02 11:30:38,055 [INFO] IPUIPlugin:80 - create IPUIPlugin
2024-12-02 11:30:38,055 [INFO] PluginManager:220 - loadIPPluginJar : add gic
2024-12-02 11:30:38,057 [INFO] IPUIPlugin:80 - create IPUIPlugin
2024-12-02 11:30:38,058 [INFO] PluginManager:220 - loadIPPluginJar : add gpio
2024-12-02 11:30:38,059 [INFO] IPUIPlugin:80 - create IPUIPlugin
2024-12-02 11:30:38,059 [INFO] PluginManager:220 - loadIPPluginJar : add gtzc
2024-12-02 11:30:38,061 [INFO] IPUIPlugin:80 - create IPUIPlugin
2024-12-02 11:30:38,061 [INFO] PluginManager:220 - loadIPPluginJar : add hash
2024-12-02 11:30:38,062 [INFO] IPUIPlugin:80 - create IPUIPlugin
2024-12-02 11:30:38,062 [INFO] PluginManager:220 - loadIPPluginJar : add i2c
2024-12-02 11:30:38,064 [INFO] IPUIPlugin:80 - create IPUIPlugin
2024-12-02 11:30:38,064 [INFO] PluginManager:220 - loadIPPluginJar : add i2s
2024-12-02 11:30:38,065 [INFO] IPUIPlugin:80 - create IPUIPlugin
2024-12-02 11:30:38,065 [INFO] PluginManager:220 - loadIPPluginJar : add i3c
2024-12-02 11:30:38,067 [INFO] IPUIPlugin:80 - create IPUIPlugin
2024-12-02 11:30:38,067 [INFO] PluginManager:220 - loadIPPluginJar : add ipddr
2024-12-02 11:30:38,090 [INFO] IPUIPlugin:80 - create IPUIPlugin
2024-12-02 11:30:38,090 [INFO] PluginManager:220 - loadIPPluginJar : add linkedlist
2024-12-02 11:30:38,093 [INFO] IPUIPlugin:80 - create IPUIPlugin
2024-12-02 11:30:38,093 [INFO] PluginManager:220 - loadIPPluginJar : add lorawan
2024-12-02 11:30:38,095 [INFO] IPUIPlugin:80 - create IPUIPlugin
2024-12-02 11:30:38,095 [INFO] PluginManager:220 - loadIPPluginJar : add ltdc
2024-12-02 11:30:38,098 [INFO] IPUIPlugin:80 - create IPUIPlugin
2024-12-02 11:30:38,098 [INFO] PluginManager:220 - loadIPPluginJar : add mdma
2024-12-02 11:30:38,101 [INFO] IPUIPlugin:80 - create IPUIPlugin
2024-12-02 11:30:38,101 [INFO] PluginManager:220 - loadIPPluginJar : add nvic
2024-12-02 11:30:38,103 [INFO] IPUIPlugin:80 - create IPUIPlugin
2024-12-02 11:30:38,103 [INFO] PluginManager:220 - loadIPPluginJar : add opamp
2024-12-02 11:30:38,106 [INFO] IPUIPlugin:80 - create IPUIPlugin
2024-12-02 11:30:38,106 [INFO] PluginManager:220 - loadIPPluginJar : add openamp
2024-12-02 11:30:38,109 [INFO] IPUIPlugin:80 - create IPUIPlugin
2024-12-02 11:30:38,109 [INFO] PluginManager:220 - loadIPPluginJar : add pdm2pcm
2024-12-02 11:30:38,114 [INFO] IPUIPlugin:80 - create IPUIPlugin
2024-12-02 11:30:38,117 [INFO] PluginManager:220 - loadIPPluginJar : add plateformsettings
2024-12-02 11:30:38,118 [INFO] IPUIPlugin:80 - create IPUIPlugin
2024-12-02 11:30:38,118 [INFO] PluginManager:220 - loadIPPluginJar : add quadspi
2024-12-02 11:30:38,120 [INFO] IPUIPlugin:80 - create IPUIPlugin
2024-12-02 11:30:38,120 [INFO] PluginManager:220 - loadIPPluginJar : add radio
2024-12-02 11:30:38,123 [INFO] IPUIPlugin:80 - create IPUIPlugin
2024-12-02 11:30:38,123 [INFO] PluginManager:220 - loadIPPluginJar : add resmgrutility
2024-12-02 11:30:38,125 [INFO] IPUIPlugin:80 - create IPUIPlugin
2024-12-02 11:30:38,125 [INFO] PluginManager:220 - loadIPPluginJar : add sai
2024-12-02 11:30:38,127 [INFO] IPUIPlugin:80 - create IPUIPlugin
2024-12-02 11:30:38,127 [INFO] PluginManager:220 - loadIPPluginJar : add spi
2024-12-02 11:30:38,131 [INFO] IPUIPlugin:80 - create IPUIPlugin
2024-12-02 11:30:38,131 [INFO] PluginManager:220 - loadIPPluginJar : add stm32_wpan
2024-12-02 11:30:38,132 [INFO] IPUIPlugin:80 - create IPUIPlugin
2024-12-02 11:30:38,132 [INFO] PluginManager:220 - loadIPPluginJar : add tim
2024-12-02 11:30:38,134 [INFO] IPUIPlugin:80 - create IPUIPlugin
2024-12-02 11:30:38,134 [INFO] PluginManager:220 - loadIPPluginJar : add touchsensing
2024-12-02 11:30:38,136 [INFO] IPUIPlugin:80 - create IPUIPlugin
2024-12-02 11:30:38,136 [INFO] PluginManager:220 - loadIPPluginJar : add tracer_emb
2024-12-02 11:30:38,138 [INFO] IPUIPlugin:80 - create IPUIPlugin
2024-12-02 11:30:38,138 [INFO] PluginManager:220 - loadIPPluginJar : add ts
2024-12-02 11:30:38,139 [INFO] IPUIPlugin:80 - create IPUIPlugin
2024-12-02 11:30:38,139 [INFO] PluginManager:220 - loadIPPluginJar : add tsc
2024-12-02 11:30:38,141 [INFO] IPUIPlugin:80 - create IPUIPlugin
2024-12-02 11:30:38,141 [INFO] PluginManager:220 - loadIPPluginJar : add ucpd
2024-12-02 11:30:38,143 [INFO] IPUIPlugin:80 - create IPUIPlugin
2024-12-02 11:30:38,143 [INFO] PluginManager:220 - loadIPPluginJar : add usart
2024-12-02 11:30:38,145 [INFO] IPUIPlugin:80 - create IPUIPlugin
2024-12-02 11:30:38,145 [INFO] PluginManager:220 - loadIPPluginJar : add usbx
2024-12-02 11:30:38,284 [INFO] CADModel:165 - CPN selected for project level
2024-12-02 11:30:38,284 [INFO] CADModel:114 - Register for checkConnection events
2024-12-02 11:30:38,285 [FATAL] Updater:334 - Updater called before beeing initialized
2024-12-02 11:30:38,285 [ERROR] CADModel:125 - Updater not yet initialized, retry later 
2024-12-02 11:30:38,522 [INFO] CADModel:165 - CPN selected for project level
2024-12-02 11:30:38,522 [INFO] CADModel:114 - Register for checkConnection events
2024-12-02 11:30:38,522 [FATAL] Updater:334 - Updater called before beeing initialized
2024-12-02 11:30:38,522 [ERROR] CADModel:125 - Updater not yet initialized, retry later 
2024-12-02 11:30:38,524 [FATAL] Updater:334 - Updater called before beeing initialized
2024-12-02 11:30:38,642 [FATAL] Updater:334 - Updater called before beeing initialized
2024-12-02 11:30:38,665 [INFO] DbMcusAds:53 - JSON generation date=Fri Sep 20 21:04:38 CST 2024 (1726837478367)
2024-12-02 11:30:38,666 [FATAL] Updater:334 - Updater called before beeing initialized
2024-12-02 11:30:38,888 [WARN] DetailPanel:346 - Failed to get advertising image, set to default
2024-12-02 11:30:39,004 [FATAL] Updater:334 - Updater called before beeing initialized
2024-12-02 11:30:39,006 [FATAL] Updater:334 - Updater called before beeing initialized
2024-12-02 11:30:39,006 [FATAL] Updater:334 - Updater called before beeing initialized
2024-12-02 11:30:39,006 [WARN] DetailPanel:346 - Failed to get advertising image, set to default
2024-12-02 11:30:39,007 [FATAL] Updater:334 - Updater called before beeing initialized
2024-12-02 11:30:39,120 [ERROR] Updater:1164 - MainUpdater not yet initialized. External WinMGr cannot be set.
2024-12-02 11:30:39,136 [INFO] Updater:1100 - Updater Version found : 6.12.1
2024-12-02 11:30:39,163 [INFO] ApplicationProperties:184 - Using Application install path: D:\software\STM32CubeIDE_1.16.1\STM32CubeIDE\plugins\com.st.stm32cube.common.mx_6.12.1.202409122256
2024-12-02 11:30:39,796 [INFO] ThirdPartyUpdaterWithRetryManager:70 - Updater plugin not ready yet. [2/15]
2024-12-02 11:30:40,741 [ERROR] LogOutputStream:75 - [STDERR_REDIRECT] Dec 02, 2024 11:30:40 AM java.util.prefs.WindowsPreferences <init>
2024-12-02 11:30:40,742 [ERROR] LogOutputStream:75 - [STDERR_REDIRECT] WARNING: Could not open/create prefs root node Software\JavaSoft\Prefs at root 0xffffffff80000002. Windows RegCreateKeyEx(...) returned error code 5.
2024-12-02 11:30:40,742 [ERROR] LogOutputStream:75 - [STDERR_REDIRECT] 
2024-12-02 11:30:41,190 [INFO] MainUpdater:2873 - connection check result : 10
2024-12-02 11:30:41,190 [INFO] MainUpdater:3567 - Updater definition file requires update
2024-12-02 11:30:41,191 [INFO] MainUpdater:290 - Updater Check For Update Now.
2024-12-02 11:30:41,191 [INFO] MicroXplorer:498 - Change Database Version : DB.6.0.121
2024-12-02 11:30:41,219 [INFO] McuFinderGlobals:63 - Set McuFinder mode to 2 (CubeIDE integrated)
2024-12-02 11:30:41,222 [INFO] UserAuth:417 - Internet connection configuration mode: 1
2024-12-02 11:30:41,233 [INFO] ServerAccessManage:473 - Download File updaters.zip
2024-12-02 11:30:41,291 [INFO] JxBrowserEngine:152 - Initiate JxBrowser Engine with user profile folder
2024-12-02 11:30:41,301 [INFO] FileExtend:240 - Unzip File : updaters.zip
2024-12-02 11:30:41,301 [INFO] FileExtend:255 - Standard Zip Deflate
2024-12-02 11:30:41,838 [INFO] ServerAccessManage:473 - Download File PacksControlFlags.xml
2024-12-02 11:30:41,893 [INFO] ServerAccessManage:473 - Download File cubemx.pidx
2024-12-02 11:30:42,128 [INFO] LoadServerUpdatesThread:375 - End of LoadServerUpdate Thread
2024-12-02 11:30:42,286 [INFO] CheckServerUpdateThread:120 - End of CheckServer Thread
2024-12-02 11:30:42,771 [INFO] WebApp:167 - Instantiating new browser for Auth
2024-12-02 11:30:43,465 [WARN] PackLoader:240 - Cannot read IP mode file for STMicroelectronics.FP-SNS-MOTENVWB1.1.4.0
2024-12-02 11:30:43,476 [WARN] PackLoader:240 - Cannot read IP mode file for STMicroelectronics.FP-ATR-ASTRA1.2.0.1
2024-12-02 11:30:43,485 [WARN] PackLoader:240 - Cannot read IP mode file for STMicroelectronics.X-CUBE-SMBUS.2.1.0
2024-12-02 11:30:43,492 [WARN] PackLoader:240 - Cannot read IP mode file for STMicroelectronics.X-CUBE-WB05N.1.1.0
2024-12-02 11:30:43,515 [WARN] PackLoader:240 - Cannot read IP mode file for STMicroelectronics.X-CUBE-AZRTOS-F7.1.1.0
2024-12-02 11:30:43,525 [WARN] PackLoader:240 - Cannot read IP mode file for STMicroelectronics.FP-SNS-MOTENV1.4.3.2
2024-12-02 11:30:43,569 [WARN] PackLoader:240 - Cannot read IP mode file for STMicroelectronics.X-CUBE-MEMS1.11.0.0
2024-12-02 11:30:43,726 [WARN] PackLoader:240 - Cannot read IP mode file for STMicroelectronics.X-CUBE-BLE1.6.2.4
2024-12-02 11:30:43,735 [WARN] PackLoader:240 - Cannot read IP mode file for STMicroelectronics.FP-SNS-FLIGHT1.5.0.2
2024-12-02 11:30:43,744 [WARN] PackLoader:240 - Cannot read IP mode file for STMicroelectronics.X-CUBE-DISPLAY.3.0.0
2024-12-02 11:30:43,751 [WARN] PackLoader:240 - Cannot read IP mode file for STMicroelectronics.X-CUBE-BLE1.7.0.0
2024-12-02 11:30:43,759 [WARN] PackLoader:240 - Cannot read IP mode file for STMicroelectronics.X-CUBE-NFC10.1.0.0
2024-12-02 11:30:43,768 [WARN] PackLoader:240 - Cannot read IP mode file for STMicroelectronics.X-CUBE-TOUCHGFX.4.22.0
2024-12-02 11:30:43,772 [WARN] PackLoader:240 - Cannot read IP mode file for STMicroelectronics.X-CUBE-TOUCHGFX.4.22.1
2024-12-02 11:30:43,779 [WARN] PackLoader:240 - Cannot read IP mode file for STMicroelectronics.X-CUBE-BLEMGR.3.1.0
2024-12-02 11:30:43,786 [WARN] PackLoader:240 - Cannot read IP mode file for STMicroelectronics.FP-SNS-SMARTAG2.1.2.0
2024-12-02 11:30:43,798 [INFO] LogOutputStream:77 - [STDOUT_REDIRECT] 1 : Invalid condition id : UX_CORESTACK_Condition cause : null
2024-12-02 11:30:43,799 [INFO] LogOutputStream:77 - [STDOUT_REDIRECT] 1 : Invalid condition id : UX_CORESTACK_Condition cause : null
2024-12-02 11:30:43,800 [INFO] LogOutputStream:77 - [STDOUT_REDIRECT] 1 : Invalid condition id : UX_CORESTACK_Condition cause : null
2024-12-02 11:30:43,801 [INFO] LogOutputStream:77 - [STDOUT_REDIRECT] 1 : Invalid condition id : UX_CORESTACK_Condition cause : null
2024-12-02 11:30:43,801 [INFO] LogOutputStream:77 - [STDOUT_REDIRECT] 1 : Invalid condition id : UX_CORESTACK_Condition cause : null
2024-12-02 11:30:43,804 [WARN] PackLoader:240 - Cannot read IP mode file for STMicroelectronics.X-CUBE-AZRTOS-WL.2.0.0
2024-12-02 11:30:43,807 [WARN] PackLoader:240 - Cannot read IP mode file for STMicroelectronics.FP-SNS-MOTENV1.5.0.0
2024-12-02 11:30:43,814 [WARN] PackLoader:240 - Cannot read IP mode file for wolfSSL.I-CUBE-wolfMQTT.1.19.0
2024-12-02 11:30:43,822 [WARN] PackLoader:240 - Cannot read IP mode file for WES.I-CUBE-Cesium.1.3.0
2024-12-02 11:30:43,831 [WARN] PackLoader:240 - Cannot read IP mode file for STMicroelectronics.X-CUBE-BLE2.3.3.0
2024-12-02 11:30:43,844 [WARN] PackLoader:240 - Cannot read IP mode file for STMicroelectronics.X-CUBE-TOF1.3.2.0
2024-12-02 11:30:43,862 [WARN] PackLoader:240 - Cannot read IP mode file for STMicroelectronics.X-CUBE-NFC9.1.0.0
2024-12-02 11:30:43,873 [WARN] PackLoader:240 - Cannot read IP mode file for STMicroelectronics.X-CUBE-TCPP.4.1.0
2024-12-02 11:30:43,879 [WARN] PackLoader:240 - Cannot read IP mode file for STMicroelectronics.X-CUBE-TOUCHGFX.4.21.1
2024-12-02 11:30:43,891 [INFO] WebApp:448 - Apply proxy settings
2024-12-02 11:30:43,891 [INFO] WebApp:533 - Chromium requires no authentication
2024-12-02 11:30:43,913 [INFO] WebApp:476 - Direct internet connection detected
2024-12-02 11:30:43,914 [WARN] PackLoader:240 - Cannot read IP mode file for STMicroelectronics.X-CUBE-MEMS1.9.4.0
2024-12-02 11:30:43,945 [INFO] WebApp:869 - Register for checkConnection events
2024-12-02 11:30:43,946 [INFO] WebApp:448 - Apply proxy settings
2024-12-02 11:30:43,946 [INFO] WebApp:533 - Chromium requires no authentication
2024-12-02 11:30:43,947 [INFO] WebApp:476 - Direct internet connection detected
2024-12-02 11:30:43,999 [WARN] PackLoader:240 - Cannot read IP mode file for STMicroelectronics.X-CUBE-AI.7.3.0
2024-12-02 11:30:44,007 [WARN] PackLoader:240 - Cannot read IP mode file for STMicroelectronics.X-CUBE-ALGOBUILD.1.3.0
2024-12-02 11:30:44,021 [WARN] PackLoader:240 - Cannot read IP mode file for STMicroelectronics.X-CUBE-AZRTOS-G0.1.1.0
2024-12-02 11:30:44,033 [WARN] PackLoader:240 - Cannot read IP mode file for STMicroelectronics.X-CUBE-SAFEA1.1.2.2
2024-12-02 11:30:44,041 [WARN] PackLoader:240 - Cannot read IP mode file for STMicroelectronics.X-CUBE-NFC4.3.0.0
2024-12-02 11:30:44,051 [WARN] PackLoader:240 - Cannot read IP mode file for EmbeddedOffice.I-CUBE-FS-RTOS.1.0.1
2024-12-02 11:30:44,052 [ERROR] ConditionMgr:805 - Attr not supported : Dmpu
2024-12-02 11:30:44,052 [ERROR] ConditionMgr:805 - Attr not supported : Dmpu
2024-12-02 11:30:44,052 [ERROR] ConditionMgr:805 - Attr not supported : Dmpu
2024-12-02 11:30:44,052 [ERROR] ConditionMgr:805 - Attr not supported : Dmpu
2024-12-02 11:30:44,052 [ERROR] ConditionMgr:805 - Attr not supported : Dmpu
2024-12-02 11:30:44,052 [ERROR] ConditionMgr:805 - Attr not supported : Dmpu
2024-12-02 11:30:44,052 [ERROR] ConditionMgr:805 - Attr not supported : Dmpu
2024-12-02 11:30:44,052 [ERROR] ConditionMgr:805 - Attr not supported : Dmpu
2024-12-02 11:30:44,052 [ERROR] ConditionMgr:805 - Attr not supported : Dmpu
2024-12-02 11:30:44,052 [ERROR] ConditionMgr:805 - Attr not supported : Dmpu
2024-12-02 11:30:44,052 [ERROR] ConditionMgr:805 - Attr not supported : Dmpu
2024-12-02 11:30:44,052 [ERROR] ConditionMgr:805 - Attr not supported : Dmpu
2024-12-02 11:30:44,052 [ERROR] ConditionMgr:805 - Attr not supported : Dmpu
2024-12-02 11:30:44,053 [ERROR] ConditionMgr:805 - Attr not supported : Dmpu
2024-12-02 11:30:44,053 [ERROR] ConditionMgr:805 - Attr not supported : Dmpu
2024-12-02 11:30:44,053 [ERROR] ConditionMgr:805 - Attr not supported : Dmpu
2024-12-02 11:30:44,053 [ERROR] ConditionMgr:805 - Attr not supported : Dmpu
2024-12-02 11:30:44,053 [ERROR] ConditionMgr:805 - Attr not supported : Dmpu
2024-12-02 11:30:44,053 [ERROR] ConditionMgr:805 - Attr not supported : Dmpu
2024-12-02 11:30:44,053 [ERROR] ConditionMgr:805 - Attr not supported : Dmpu
2024-12-02 11:30:44,053 [ERROR] ConditionMgr:805 - Attr not supported : Dmpu
2024-12-02 11:30:44,053 [ERROR] ConditionMgr:805 - Attr not supported : Dmpu
2024-12-02 11:30:44,053 [ERROR] ConditionMgr:805 - Attr not supported : Dmpu
2024-12-02 11:30:44,053 [ERROR] ConditionMgr:805 - Attr not supported : Dmpu
2024-12-02 11:30:44,053 [ERROR] ConditionMgr:805 - Attr not supported : Dmpu
2024-12-02 11:30:44,053 [ERROR] ConditionMgr:805 - Attr not supported : Dmpu
2024-12-02 11:30:44,053 [ERROR] ConditionMgr:805 - Attr not supported : Dmpu
2024-12-02 11:30:44,053 [ERROR] ConditionMgr:805 - Attr not supported : Dmpu
2024-12-02 11:30:44,053 [ERROR] ConditionMgr:805 - Attr not supported : Dmpu
2024-12-02 11:30:44,053 [ERROR] ConditionMgr:805 - Attr not supported : Dmpu
2024-12-02 11:30:44,053 [ERROR] ConditionMgr:805 - Attr not supported : Dmpu
2024-12-02 11:30:44,054 [ERROR] ConditionMgr:805 - Attr not supported : Dmpu
2024-12-02 11:30:44,054 [ERROR] ConditionMgr:805 - Attr not supported : Dmpu
2024-12-02 11:30:44,054 [ERROR] ConditionMgr:805 - Attr not supported : Dmpu
2024-12-02 11:30:44,054 [ERROR] ConditionMgr:805 - Attr not supported : Dmpu
2024-12-02 11:30:44,054 [ERROR] ConditionMgr:805 - Attr not supported : Dmpu
2024-12-02 11:30:44,054 [ERROR] ConditionMgr:805 - Attr not supported : Dmpu
2024-12-02 11:30:44,054 [ERROR] ConditionMgr:805 - Attr not supported : Dmpu
2024-12-02 11:30:44,054 [ERROR] ConditionMgr:805 - Attr not supported : Dmpu
2024-12-02 11:30:44,054 [ERROR] ConditionMgr:805 - Attr not supported : Dmpu
2024-12-02 11:30:44,054 [ERROR] ConditionMgr:805 - Attr not supported : Dmpu
2024-12-02 11:30:44,054 [ERROR] ConditionMgr:805 - Attr not supported : Dmpu
2024-12-02 11:30:44,054 [ERROR] ConditionMgr:805 - Attr not supported : Dmpu
2024-12-02 11:30:44,054 [ERROR] ConditionMgr:805 - Attr not supported : Dmpu
2024-12-02 11:30:44,054 [ERROR] ConditionMgr:805 - Attr not supported : Dmpu
2024-12-02 11:30:44,054 [ERROR] ConditionMgr:805 - Attr not supported : Dmpu
2024-12-02 11:30:44,055 [ERROR] ConditionMgr:805 - Attr not supported : Dmpu
2024-12-02 11:30:44,055 [ERROR] ConditionMgr:805 - Attr not supported : Dmpu
2024-12-02 11:30:44,055 [ERROR] ConditionMgr:805 - Attr not supported : Dmpu
2024-12-02 11:30:44,055 [ERROR] ConditionMgr:805 - Attr not supported : Dmpu
2024-12-02 11:30:44,055 [ERROR] ConditionMgr:805 - Attr not supported : Dmpu
2024-12-02 11:30:44,055 [ERROR] ConditionMgr:805 - Attr not supported : Dmpu
2024-12-02 11:30:44,055 [ERROR] ConditionMgr:805 - Attr not supported : Dmpu
2024-12-02 11:30:44,055 [ERROR] ConditionMgr:805 - Attr not supported : Dmpu
2024-12-02 11:30:44,055 [ERROR] ConditionMgr:805 - Attr not supported : Dmpu
2024-12-02 11:30:44,055 [ERROR] ConditionMgr:805 - Attr not supported : Dmpu
2024-12-02 11:30:44,055 [ERROR] ConditionMgr:805 - Attr not supported : Dmpu
2024-12-02 11:30:44,055 [ERROR] ConditionMgr:805 - Attr not supported : Dmpu
2024-12-02 11:30:44,055 [ERROR] ConditionMgr:805 - Attr not supported : Dmpu
2024-12-02 11:30:44,055 [ERROR] ConditionMgr:805 - Attr not supported : Dmpu
2024-12-02 11:30:44,055 [ERROR] ConditionMgr:805 - Attr not supported : Dmpu
2024-12-02 11:30:44,055 [ERROR] ConditionMgr:805 - Attr not supported : Dmpu
2024-12-02 11:30:44,056 [ERROR] ConditionMgr:805 - Attr not supported : Dmpu
2024-12-02 11:30:44,056 [ERROR] ConditionMgr:805 - Attr not supported : Dmpu
2024-12-02 11:30:44,109 [WARN] PackLoader:240 - Cannot read IP mode file for STMicroelectronics.X-CUBE-BLEMGR.3.0.0
2024-12-02 11:30:44,122 [WARN] PackLoader:240 - Cannot read IP mode file for STMicroelectronics.X-CUBE-BLEMGR.1.3.0
2024-12-02 11:30:44,132 [WARN] PackLoader:240 - Cannot read IP mode file for RealThread.X-CUBE-RT-Thread_Nano.4.1.1
2024-12-02 11:30:44,138 [WARN] PackLoader:240 - Cannot read IP mode file for STMicroelectronics.FP-ATR-SIGFOX1.3.2.0
2024-12-02 11:30:44,168 [WARN] ConditionMgr:438 - getConditionDescription Invalid condition id : Cortex-A Device cause : null
2024-12-02 11:30:44,180 [WARN] ConditionMgr:1039 - genDependencies : Invalid condition id : Cortex-A Device cause : null
2024-12-02 11:30:44,181 [WARN] ConditionMgr:1039 - genDependencies : Invalid condition id : Cortex-A Device cause : null
2024-12-02 11:30:44,181 [WARN] ConditionMgr:1039 - genDependencies : Invalid condition id : Cortex-A Device cause : null
2024-12-02 11:30:44,189 [WARN] PackLoader:240 - Cannot read IP mode file for STMicroelectronics.X-CUBE-EEPRMA1.5.1.0
2024-12-02 11:30:44,220 [WARN] PackLoader:240 - Cannot read IP mode file for STMicroelectronics.X-CUBE-MEMS1.9.5.0
2024-12-02 11:30:44,238 [INFO] WebApp:220 - Starting web application
2024-12-02 11:30:44,238 [INFO] WebApp:578 - Web application path used D:\software\STM32CubeIDE_1.16.1\STM32CubeIDE\plugins\com.st.stm32cube.common.mx_6.12.1.202409122256\db\plugins\mcufinder\reactClient1\index.html
2024-12-02 11:30:44,335 [WARN] PackLoader:240 - Cannot read IP mode file for SEGGER.I-CUBE-embOS.1.3.1
2024-12-02 11:30:44,369 [WARN] PackLoader:240 - Cannot read IP mode file for STMicroelectronics.X-CUBE-ALGOBUILD.1.4.0
2024-12-02 11:30:44,387 [WARN] PackLoader:240 - Cannot read IP mode file for STMicroelectronics.X-CUBE-AI.9.1.0
2024-12-02 11:30:44,393 [WARN] PackLoader:240 - Cannot read IP mode file for STMicroelectronics.X-CUBE-GNSS1.6.0.0
2024-12-02 11:30:44,432 [WARN] PackLoader:240 - Cannot read IP mode file for STMicroelectronics.X-CUBE-AZRTOS-F4.1.1.0
2024-12-02 11:30:44,435 [INFO] UserAuth:417 - Internet connection configuration mode: 1
2024-12-02 11:30:44,445 [WARN] PackLoader:240 - Cannot read IP mode file for STMicroelectronics.X-CUBE-ISPU.2.1.0
2024-12-02 11:30:44,457 [WARN] PackLoader:240 - Cannot read IP mode file for STMicroelectronics.X-CUBE-FREERTOS.1.2.0
2024-12-02 11:30:44,497 [WARN] PackLoader:240 - Cannot read IP mode file for STMicroelectronics.X-CUBE-AZRTOS-L5.2.0.0
2024-12-02 11:30:44,536 [WARN] PackLoader:240 - Cannot read IP mode file for STMicroelectronics.X-CUBE-MEMS1.9.6.0
2024-12-02 11:30:44,689 [WARN] PackLoader:240 - Cannot read IP mode file for STMicroelectronics.X-CUBE-EEPRMA1.4.2.0
2024-12-02 11:30:44,699 [WARN] PackLoader:240 - Cannot read IP mode file for STMicroelectronics.X-CUBE-NFC6.3.1.0
2024-12-02 11:30:44,708 [WARN] PackLoader:240 - Cannot read IP mode file for ITTIA_DB.I-CUBE-ITTIADB.8.8.0
2024-12-02 11:30:44,718 [WARN] PackLoader:240 - Cannot read IP mode file for emotas.I-CUBE-CANOPEN.1.1.3
2024-12-02 11:30:44,727 [WARN] PackLoader:240 - Cannot read IP mode file for STMicroelectronics.X-CUBE-BLEMGR.2.0.0
2024-12-02 11:30:44,738 [WARN] PackLoader:240 - Cannot read IP mode file for STMicroelectronics.X-CUBE-DPower.1.2.0
2024-12-02 11:30:44,743 [WARN] PackLoader:240 - Cannot read IP mode file for STMicroelectronics.X-CUBE-AI.9.0.0
2024-12-02 11:30:44,757 [WARN] ConditionMgr:438 - getConditionDescription Invalid condition id : UX DEVICE CLASS RTOS Condition cause : null
2024-12-02 11:30:44,758 [WARN] ConditionMgr:438 - getConditionDescription Invalid condition id : UX DEVICE CLASS RTOS Condition cause : null
2024-12-02 11:30:44,761 [WARN] PackLoader:240 - Cannot read IP mode file for STMicroelectronics.X-CUBE-AZRTOS-H7.3.1.0
2024-12-02 11:30:44,762 [WARN] ConditionMgr:1039 - genDependencies : Invalid condition id : UX DEVICE CLASS RTOS Condition cause : null
2024-12-02 11:30:44,762 [WARN] ConditionMgr:1039 - genDependencies : Invalid condition id : UX DEVICE CLASS RTOS Condition cause : null
2024-12-02 11:30:44,762 [WARN] ConditionMgr:1039 - genDependencies : Invalid condition id : UX DEVICE CLASS RTOS Condition cause : null
2024-12-02 11:30:44,763 [WARN] ConditionMgr:1039 - genDependencies : Invalid condition id : UX DEVICE CLASS RTOS Condition cause : null
2024-12-02 11:30:44,763 [WARN] ConditionMgr:1039 - genDependencies : Invalid condition id : UX DEVICE CLASS RTOS Condition cause : null
2024-12-02 11:30:44,768 [WARN] PackLoader:240 - Cannot read IP mode file for wolfSSL.I-CUBE-wolfSSL.5.5.4
2024-12-02 11:30:44,775 [WARN] PackLoader:240 - Cannot read IP mode file for STMicroelectronics.X-CUBE-NFC7.1.0.1
2024-12-02 11:30:44,778 [WARN] PackLoader:240 - Cannot read IP mode file for STMicroelectronics.X-CUBE-NFC7.1.0.0
2024-12-02 11:30:44,784 [WARN] PackLoader:240 - Cannot read IP mode file for wolfSSL.I-CUBE-wolfTPM.3.2.0
2024-12-02 11:30:44,790 [WARN] PackLoader:240 - Cannot read IP mode file for STMicroelectronics.X-CUBE-NFC6.3.0.0
2024-12-02 11:30:44,796 [WARN] PackLoader:240 - Cannot read IP mode file for STMicroelectronics.X-CUBE-EEPRMA1.4.1.0
2024-12-02 11:30:44,799 [WARN] PackLoader:240 - Cannot read IP mode file for STMicroelectronics.X-CUBE-AI.8.1.0
2024-12-02 11:30:44,811 [WARN] ConditionMgr:438 - getConditionDescription Invalid condition id : LAN8742 Phy interface Condition cause : null
2024-12-02 11:30:44,812 [WARN] PackLoader:240 - Cannot read IP mode file for STMicroelectronics.X-CUBE-AZRTOS-L4.2.0.0
2024-12-02 11:30:44,813 [WARN] ConditionMgr:1039 - genDependencies : Invalid condition id : LAN8742 Phy interface Condition cause : null
2024-12-02 11:30:44,813 [WARN] ConditionMgr:1039 - genDependencies : Invalid condition id : LAN8742 Phy interface Condition cause : null
2024-12-02 11:30:44,813 [WARN] ConditionMgr:1039 - genDependencies : Invalid condition id : LAN8742 Phy interface Condition cause : null
2024-12-02 11:30:44,820 [WARN] PackLoader:240 - Cannot read IP mode file for STMicroelectronics.X-CUBE-SFXS2LP1.4.0.0
2024-12-02 11:30:44,837 [WARN] PackLoader:240 - Cannot read IP mode file for STMicroelectronics.X-CUBE-AZRTOS-H7.3.0.0
2024-12-02 11:30:44,842 [WARN] PackLoader:240 - Cannot read IP mode file for STMicroelectronics.X-CUBE-ISPU.1.1.0
2024-12-02 11:30:44,858 [WARN] PackLoader:240 - Cannot read IP mode file for STMicroelectronics.X-CUBE-AZRTOS-H7.3.3.0
2024-12-02 11:30:44,869 [WARN] PackLoader:240 - Cannot read IP mode file for RoweBots.I-CUBE-UNISONRTOS.5.5.0-4
2024-12-02 11:30:44,879 [WARN] PackLoader:240 - Cannot read IP mode file for STMicroelectronics.X-CUBE-IPS.3.0.0
2024-12-02 11:30:44,892 [WARN] ConditionMgr:438 - getConditionDescription Invalid condition id : UX DEVICE CLASS RTOS Condition cause : null
2024-12-02 11:30:44,893 [WARN] ConditionMgr:438 - getConditionDescription Invalid condition id : UX DEVICE CLASS RTOS Condition cause : null
2024-12-02 11:30:44,895 [WARN] PackLoader:240 - Cannot read IP mode file for STMicroelectronics.X-CUBE-AZRTOS-WB.2.0.0
2024-12-02 11:30:44,895 [WARN] ConditionMgr:1039 - genDependencies : Invalid condition id : UX DEVICE CLASS RTOS Condition cause : null
2024-12-02 11:30:44,896 [WARN] ConditionMgr:1039 - genDependencies : Invalid condition id : UX DEVICE CLASS RTOS Condition cause : null
2024-12-02 11:30:44,896 [WARN] ConditionMgr:1039 - genDependencies : Invalid condition id : UX DEVICE CLASS RTOS Condition cause : null
2024-12-02 11:30:44,896 [WARN] ConditionMgr:1039 - genDependencies : Invalid condition id : UX DEVICE CLASS RTOS Condition cause : null
2024-12-02 11:30:44,896 [WARN] ConditionMgr:1039 - genDependencies : Invalid condition id : UX DEVICE CLASS RTOS Condition cause : null
2024-12-02 11:30:44,902 [WARN] PackLoader:240 - Cannot read IP mode file for STMicroelectronics.X-CUBE-FREERTOS.1.0.1
2024-12-02 11:30:44,907 [WARN] PackLoader:240 - Cannot read IP mode file for STMicroelectronics.X-CUBE-GNSS1.7.0.0
2024-12-02 11:30:44,915 [WARN] PackLoader:240 - Cannot read IP mode file for STMicroelectronics.FP-SNS-STBOX1.2.0.0
2024-12-02 11:30:44,925 [WARN] PackLoader:240 - Cannot read IP mode file for STMicroelectronics.X-CUBE-AZRTOS-L5.1.1.0
2024-12-02 11:30:44,931 [WARN] PackLoader:240 - Cannot read IP mode file for STMicroelectronics.X-CUBE-AI.8.0.1
2024-12-02 11:30:44,939 [WARN] PackLoader:240 - Cannot read IP mode file for STMicroelectronics.X-CUBE-SUBG2.5.0.0
2024-12-02 11:30:44,949 [WARN] PackLoader:240 - Cannot read IP mode file for Cesanta.I-CUBE-Mongoose.7.13.0
2024-12-02 11:30:44,958 [WARN] PackLoader:240 - Cannot read IP mode file for STMicroelectronics.X-CUBE-TOF1.3.3.1
2024-12-02 11:30:44,975 [WARN] PackLoader:240 - Cannot read IP mode file for STMicroelectronics.X-CUBE-AZRTOS-G4.2.0.0
2024-12-02 11:30:44,980 [WARN] PackLoader:240 - Cannot read IP mode file for STMicroelectronics.FP-ATR-ASTRA1.1.1.1
2024-12-02 11:30:44,993 [WARN] PackLoader:240 - Cannot read IP mode file for Infineon.AIROC-Wi-Fi-Bluetooth-STM32.1.5.1
2024-12-02 11:30:45,000 [WARN] PackLoader:240 - Cannot read IP mode file for STMicroelectronics.FP-SNS-MOTENVWB1.1.3.0
2024-12-02 11:30:45,005 [WARN] PackLoader:240 - Cannot read IP mode file for STMicroelectronics.FP-SNS-MOTENVWB1.1.3.1
2024-12-02 11:30:45,016 [WARN] PackLoader:240 - Cannot read IP mode file for STMicroelectronics.X-CUBE-AZRTOS-G4.1.0.0
2024-12-02 11:30:45,031 [WARN] PackLoader:240 - Cannot read IP mode file for STMicroelectronics.X-CUBE-AZRTOS-L4.1.0.0
2024-12-02 11:30:45,037 [WARN] PackLoader:240 - Cannot read IP mode file for STMicroelectronics.X-CUBE-ISPU.2.0.0
2024-12-02 11:30:45,044 [WARN] PackLoader:240 - Cannot read IP mode file for STMicroelectronics.X-CUBE-ALS.1.0.2
2024-12-02 11:30:45,073 [WARN] PackLoader:240 - Cannot read IP mode file for STMicroelectronics.X-CUBE-MEMS1.10.0.0
2024-12-02 11:30:45,148 [WARN] PackLoader:240 - Cannot read IP mode file for STMicroelectronics.X-CUBE-FREERTOS.1.1.0
2024-12-02 11:30:45,153 [WARN] PackLoader:240 - Cannot read IP mode file for STMicroelectronics.X-CUBE-TOUCHGFX.4.24.0
2024-12-02 11:30:45,162 [WARN] PackLoader:240 - Cannot read IP mode file for STMicroelectronics.X-CUBE-AZRTOS-WL.1.0.0
2024-12-02 11:30:45,168 [WARN] PackLoader:240 - Cannot read IP mode file for STMicroelectronics.X-CUBE-TOUCHGFX.4.24.1
2024-12-02 11:30:45,176 [WARN] PackLoader:240 - Cannot read IP mode file for portGmbH.I-Cube-SoM-uGOAL.1.1.0
2024-12-02 11:30:45,181 [WARN] PackLoader:240 - Cannot read IP mode file for STMicroelectronics.X-CUBE-ALS.1.0.1
2024-12-02 11:30:45,196 [WARN] PackLoader:240 - Cannot read IP mode file for STMicroelectronics.X-CUBE-AZRTOS-WB.1.1.0
2024-12-02 11:30:45,213 [WARN] PackLoader:240 - Cannot read IP mode file for STMicroelectronics.X-CUBE-AZRTOS-H7RS.1.0.0
2024-12-02 11:30:45,218 [WARN] PackLoader:240 - Cannot read IP mode file for STMicroelectronics.FP-ATR-ASTRA1.2.0.0
2024-12-02 11:30:45,230 [WARN] PackLoader:240 - Cannot read IP mode file for STMicroelectronics.X-CUBE-TOF1.3.4.2
2024-12-02 11:30:45,243 [WARN] PackLoader:240 - Cannot read IP mode file for STMicroelectronics.X-CUBE-TOF1.3.4.0
2024-12-02 11:30:45,253 [WARN] PackLoader:240 - Cannot read IP mode file for wolfSSL.I-CUBE-wolfSSH.1.4.17
2024-12-02 11:30:45,254 [INFO] ThirdParty:978 - Integrity check success = true
2024-12-02 11:30:45,254 [INFO] IntegrityCheckThread:100 - exiting critical section [integrity check]
2024-12-02 11:30:45,254 [INFO] IntegrityCheckThread:103 - End integrity checks thread
2024-12-02 17:32:30,174 [ERROR] LogOutputStream:75 - [STDERR_REDIRECT] 
