2024-10-31 13:30:39,835 [INFO] Activator:176 - 


2024-10-31 13:30:39,859 [INFO] Activator:177 - !SESSION log4j initialized
2024-10-31 13:30:48,782 [INFO] LogOutputStream:77 - [STDOUT_REDIRECT] 
2024-10-31 13:30:55,143 [INFO] ApplicationProperties:184 - Using Application install path: D:\software\STM32CubeIDE_1.16.1\STM32CubeIDE\plugins\com.st.stm32cube.common.mx_6.12.1.202409122256
2024-10-31 13:30:55,180 [INFO] DbMcusXml:78 - Set database path to: D:\software\STM32CubeIDE_1.16.1\STM32CubeIDE\plugins\com.st.stm32cube.common.mx_6.12.1.202409122256\\db\/mcu/
2024-10-31 13:30:55,181 [INFO] ApiDb:274 - Set plugin database path to: D:\software\STM32CubeIDE_1.16.1\STM32CubeIDE\plugins\com.st.stm32cube.common.mx_6.12.1.202409122256\\db\/plugins/boardmanager/
2024-10-31 13:30:55,181 [WARN] ApiDb:259 - Overriding images path with different value:  => D:\software\STM32CubeIDE_1.16.1\STM32CubeIDE\plugins\com.st.stm32cube.common.mx_6.12.1.202409122256\\db\/plugins/mcufinder/images/
2024-10-31 13:30:55,256 [INFO] ApiDb:250 - Set database path to: C:\Users\19948\.stmcufinder\plugins\mcufinder//mcu/
2024-10-31 13:30:55,257 [INFO] DbMcusAds:125 - Set database path to: C:\Users\19948\.stmcufinder\plugins\mcufinder//mcu/
2024-10-31 13:30:55,259 [INFO] CrossReferenceDbSqlite:203 - Set database path to: C:\Users\19948\.stmcufinder\plugins\mcufinder//mcu/cs/
2024-10-31 13:30:55,402 [INFO] RulesReader:64 - Compatibility file has been processed (297 Rules)
2024-10-31 13:30:55,491 [INFO] DbMcusXml:78 - Set database path to: D:\software\STM32CubeIDE_1.16.1\STM32CubeIDE\plugins\com.st.stm32cube.common.mx_6.12.1.202409122256\\db\/mcu/
2024-10-31 13:30:55,491 [INFO] ApiDb:274 - Set plugin database path to: D:\software\STM32CubeIDE_1.16.1\STM32CubeIDE\plugins\com.st.stm32cube.common.mx_6.12.1.202409122256\\db\/plugins/boardmanager/
2024-10-31 13:30:55,491 [INFO] ApiDb:261 - Set plugin images path to: D:\software\STM32CubeIDE_1.16.1\STM32CubeIDE\plugins\com.st.stm32cube.common.mx_6.12.1.202409122256\\db\/plugins/mcufinder/images/
2024-10-31 13:30:55,491 [WARN] DbFile:41 - Overriding database path with different value: C:\Users\19948\.stmcufinder\plugins\mcufinder/ => C:\Users\19948\.stmcufinder\plugins\mcufinder
2024-10-31 13:30:55,491 [INFO] ApiDb:250 - Set database path to: C:\Users\19948\.stmcufinder\plugins\mcufinder//mcu/
2024-10-31 13:30:55,491 [WARN] DbFile:41 - Overriding database path with different value: C:\Users\19948\.stmcufinder\plugins\mcufinder/ => C:\Users\19948\.stmcufinder\plugins\mcufinder
2024-10-31 13:30:55,491 [INFO] DbMcusAds:125 - Set database path to: C:\Users\19948\.stmcufinder\plugins\mcufinder//mcu/
2024-10-31 13:30:55,491 [WARN] DbFile:41 - Overriding database path with different value: C:\Users\19948\.stmcufinder\plugins\mcufinder/ => C:\Users\19948\.stmcufinder\plugins\mcufinder
2024-10-31 13:30:55,491 [WARN] DbFile:41 - Overriding database path with different value: C:\Users\19948\.stmcufinder\plugins\mcufinder/ => C:\Users\19948\.stmcufinder\plugins\mcufinder
2024-10-31 13:30:55,492 [INFO] CrossReferenceDbSqlite:203 - Set database path to: C:\Users\19948\.stmcufinder\plugins\mcufinder//mcu/cs/
2024-10-31 13:30:55,577 [INFO] MainPanel:268 - HeapMemory: 268435456
2024-10-31 13:30:55,712 [INFO] DbMcusXml:78 - Set database path to: D:\software\STM32CubeIDE_1.16.1\STM32CubeIDE\plugins\com.st.stm32cube.common.mx_6.12.1.202409122256\\db\/mcu/
2024-10-31 13:30:55,713 [INFO] ApiDb:274 - Set plugin database path to: D:\software\STM32CubeIDE_1.16.1\STM32CubeIDE\plugins\com.st.stm32cube.common.mx_6.12.1.202409122256\\db\/plugins/boardmanager/
2024-10-31 13:30:55,713 [INFO] ApiDb:261 - Set plugin images path to: D:\software\STM32CubeIDE_1.16.1\STM32CubeIDE\plugins\com.st.stm32cube.common.mx_6.12.1.202409122256\\db\/plugins/mcufinder/images/
2024-10-31 13:30:55,713 [WARN] DbFile:41 - Overriding database path with different value: C:\Users\19948\.stmcufinder\plugins\mcufinder/ => C:\Users\19948\.stmcufinder\plugins\mcufinder
2024-10-31 13:30:55,713 [INFO] ApiDb:250 - Set database path to: C:\Users\19948\.stmcufinder\plugins\mcufinder//mcu/
2024-10-31 13:30:55,713 [WARN] DbFile:41 - Overriding database path with different value: C:\Users\19948\.stmcufinder\plugins\mcufinder/ => C:\Users\19948\.stmcufinder\plugins\mcufinder
2024-10-31 13:30:55,713 [INFO] DbMcusAds:125 - Set database path to: C:\Users\19948\.stmcufinder\plugins\mcufinder//mcu/
2024-10-31 13:30:55,713 [WARN] DbFile:41 - Overriding database path with different value: C:\Users\19948\.stmcufinder\plugins\mcufinder/ => C:\Users\19948\.stmcufinder\plugins\mcufinder
2024-10-31 13:30:55,713 [WARN] DbFile:41 - Overriding database path with different value: C:\Users\19948\.stmcufinder\plugins\mcufinder/ => C:\Users\19948\.stmcufinder\plugins\mcufinder
2024-10-31 13:30:55,713 [INFO] CrossReferenceDbSqlite:203 - Set database path to: C:\Users\19948\.stmcufinder\plugins\mcufinder//mcu/cs/
2024-10-31 13:30:55,734 [INFO] ApplicationProperties:184 - Using Application install path: D:\software\STM32CubeIDE_1.16.1\STM32CubeIDE\plugins\com.st.stm32cube.common.mx_6.12.1.202409122256
2024-10-31 13:30:55,735 [INFO] PluginManage:196 - Search for loadable plugins [exclusion list=, ]
2024-10-31 13:30:55,809 [INFO] PluginManage:310 - Check plugin analytics
2024-10-31 13:30:56,081 [INFO] AnalyticsPlugin:253 - Accepted Software Licenses: 
2024-10-31 13:30:56,081 [INFO] AnalyticsPlugin:255 - Accepted CMSIS Pack Licenses: 
2024-10-31 13:30:56,081 [INFO] AnalyticsPlugin:257 - Accepted Firmware Licenses: 
2024-10-31 13:30:56,083 [INFO] PluginManage:359 - Loaded plugin analytics (category:tool,tabindex:-1)
2024-10-31 13:30:56,083 [INFO] PluginManage:310 - Check plugin cadmodel
2024-10-31 13:30:56,124 [INFO] CADModel:105 - Init CAD model plugin
2024-10-31 13:30:56,124 [INFO] PluginManage:359 - Loaded plugin cadmodel (category:power,tabindex:5)
2024-10-31 13:30:56,124 [INFO] PluginManage:310 - Check plugin clock
2024-10-31 13:30:56,138 [INFO] PluginManage:359 - Loaded plugin clock (category:base,tabindex:2)
2024-10-31 13:30:56,138 [INFO] PluginManage:310 - Check plugin ddr
2024-10-31 13:30:56,165 [INFO] PluginManage:359 - Loaded plugin ddr (category:tool,tabindex:6)
2024-10-31 13:30:56,165 [INFO] PluginManage:310 - Check plugin filemanager
2024-10-31 13:30:56,526 [INFO] PluginManage:359 - Loaded plugin filemanager (category:base,tabindex:10)
2024-10-31 13:30:56,526 [INFO] PluginManage:310 - Check plugin ipmanager
2024-10-31 13:30:56,566 [INFO] PluginManage:359 - Loaded plugin ipmanager (category:base,tabindex:5)
2024-10-31 13:30:56,567 [INFO] PluginManage:310 - Check plugin lpbam
2024-10-31 13:30:56,572 [INFO] PluginManage:359 - Loaded plugin lpbam (category:base,tabindex:0)
2024-10-31 13:30:56,572 [INFO] PluginManage:310 - Check plugin memorymap
2024-10-31 13:30:56,584 [INFO] PluginManage:359 - Loaded plugin memorymap (category:base,tabindex:4)
2024-10-31 13:30:56,584 [INFO] PluginManage:310 - Check plugin pinoutandconfiguration
2024-10-31 13:30:56,589 [INFO] PluginManage:359 - Loaded plugin pinoutandconfiguration (category:base,tabindex:1)
2024-10-31 13:30:56,590 [INFO] PluginManage:310 - Check plugin pinoutconfig
2024-10-31 13:30:56,765 [WARN] SupportedApi:132 - Cannot load RTOS API schema: s4s-elt-must-match.1: The content of 'definitions' must match (annotation?, (simpleType | complexType)?, (unique | key | keyref)*)). A problem was found starting at: attribute.
2024-10-31 13:30:56,869 [INFO] PluginManage:359 - Loaded plugin pinoutconfig (category:base,tabindex:0)
2024-10-31 13:30:56,869 [INFO] PluginManage:310 - Check plugin power
2024-10-31 13:30:56,908 [INFO] PluginManage:359 - Loaded plugin power (category:power,tabindex:4)
2024-10-31 13:30:56,908 [INFO] PluginManage:310 - Check plugin projectmanager
2024-10-31 13:30:56,930 [INFO] PluginManage:359 - Loaded plugin projectmanager (category:projectmanager,tabindex:4)
2024-10-31 13:30:56,930 [INFO] PluginManage:310 - Check plugin rif
2024-10-31 13:30:56,948 [INFO] PluginManage:359 - Loaded plugin rif (category:base,tabindex:3)
2024-10-31 13:30:56,948 [INFO] PluginManage:310 - Check plugin thirdparty
2024-10-31 13:30:57,170 [INFO] PluginManage:359 - Loaded plugin thirdparty (category:base,tabindex:-1)
2024-10-31 13:30:57,170 [INFO] PluginManage:310 - Check plugin tools
2024-10-31 13:30:57,170 [WARN] IntegrityCheckThread:84 - waiting for thirdparty lock release [integrity check]
2024-10-31 13:30:57,170 [INFO] IntegrityCheckThread:86 - entering critical section [integrity check]
2024-10-31 13:30:57,171 [INFO] ThirdPartyUpdaterWithRetryManager:70 - Updater plugin not ready yet. [1/15]
2024-10-31 13:30:57,172 [INFO] PluginManage:359 - Loaded plugin tools (category:base,tabindex:7)
2024-10-31 13:30:57,172 [INFO] PluginManage:310 - Check plugin tutovideos
2024-10-31 13:30:57,318 [INFO] PluginManage:359 - Loaded plugin tutovideos (category:base,tabindex:-1)
2024-10-31 13:30:57,318 [INFO] PluginManage:310 - Check plugin updater
2024-10-31 13:30:57,345 [INFO] PluginManage:359 - Loaded plugin updater (category:base,tabindex:12)
2024-10-31 13:30:57,345 [INFO] PluginManage:310 - Check plugin userauth
2024-10-31 13:30:57,364 [INFO] UserAuth:113 - Init User Auth plugin
2024-10-31 13:30:57,364 [INFO] PluginManage:359 - Loaded plugin userauth (category:base,tabindex:14)
2024-10-31 13:30:57,364 [INFO] PluginManage:283 - PluginManage : Loaded plugins [18]
2024-10-31 13:30:57,702 [INFO] PinOutPanel:1561 - setPackage(No Configuration,No Configuration)
2024-10-31 13:30:57,830 [INFO] CADModel:165 - CPN selected for project level
2024-10-31 13:30:57,830 [INFO] CADModel:114 - Register for checkConnection events
2024-10-31 13:30:58,287 [INFO] IPUIPlugin:80 - create IPUIPlugin
2024-10-31 13:30:58,287 [INFO] PluginManager:220 - loadIPPluginJar : add adc
2024-10-31 13:30:58,290 [INFO] IPUIPlugin:80 - create IPUIPlugin
2024-10-31 13:30:58,290 [INFO] PluginManager:220 - loadIPPluginJar : add aes
2024-10-31 13:30:58,292 [INFO] IPUIPlugin:80 - create IPUIPlugin
2024-10-31 13:30:58,292 [INFO] PluginManager:220 - loadIPPluginJar : add can
2024-10-31 13:30:58,293 [INFO] IPUIPlugin:80 - create IPUIPlugin
2024-10-31 13:30:58,294 [INFO] PluginManager:220 - loadIPPluginJar : add comp
2024-10-31 13:30:58,296 [INFO] IPUIPlugin:80 - create IPUIPlugin
2024-10-31 13:30:58,296 [INFO] PluginManager:220 - loadIPPluginJar : add cryp
2024-10-31 13:30:58,312 [INFO] IPUIPlugin:80 - create IPUIPlugin
2024-10-31 13:30:58,312 [INFO] PluginManager:220 - loadIPPluginJar : add ddr_ctrl_phy
2024-10-31 13:30:58,315 [INFO] IPUIPlugin:80 - create IPUIPlugin
2024-10-31 13:30:58,315 [INFO] PluginManager:220 - loadIPPluginJar : add dfsdm
2024-10-31 13:30:58,319 [INFO] IPUIPlugin:80 - create IPUIPlugin
2024-10-31 13:30:58,320 [INFO] PluginManager:220 - loadIPPluginJar : add dma
2024-10-31 13:30:58,321 [INFO] IPUIPlugin:80 - create IPUIPlugin
2024-10-31 13:30:58,321 [INFO] PluginManager:220 - loadIPPluginJar : add dma3
2024-10-31 13:30:58,323 [INFO] IPUIPlugin:80 - create IPUIPlugin
2024-10-31 13:30:58,323 [INFO] PluginManager:220 - loadIPPluginJar : add extmemmanager
2024-10-31 13:30:58,324 [INFO] IPUIPlugin:80 - create IPUIPlugin
2024-10-31 13:30:58,324 [INFO] PluginManager:220 - loadIPPluginJar : add fatfs
2024-10-31 13:30:58,326 [INFO] IPUIPlugin:80 - create IPUIPlugin
2024-10-31 13:30:58,326 [INFO] PluginManager:220 - loadIPPluginJar : add fmc
2024-10-31 13:30:58,338 [INFO] IPUIPlugin:80 - create IPUIPlugin
2024-10-31 13:30:58,338 [INFO] PluginManager:220 - loadIPPluginJar : add freertos
2024-10-31 13:30:58,339 [INFO] IPUIPlugin:80 - create IPUIPlugin
2024-10-31 13:30:58,339 [INFO] PluginManager:220 - loadIPPluginJar : add genericplugin
2024-10-31 13:30:58,341 [INFO] IPUIPlugin:80 - create IPUIPlugin
2024-10-31 13:30:58,341 [INFO] PluginManager:220 - loadIPPluginJar : add gfxmmu
2024-10-31 13:30:58,345 [INFO] IPUIPlugin:80 - create IPUIPlugin
2024-10-31 13:30:58,345 [INFO] PluginManager:220 - loadIPPluginJar : add gic
2024-10-31 13:30:58,349 [INFO] IPUIPlugin:80 - create IPUIPlugin
2024-10-31 13:30:58,349 [INFO] PluginManager:220 - loadIPPluginJar : add gpio
2024-10-31 13:30:58,350 [INFO] IPUIPlugin:80 - create IPUIPlugin
2024-10-31 13:30:58,350 [INFO] PluginManager:220 - loadIPPluginJar : add gtzc
2024-10-31 13:30:58,352 [INFO] IPUIPlugin:80 - create IPUIPlugin
2024-10-31 13:30:58,352 [INFO] PluginManager:220 - loadIPPluginJar : add hash
2024-10-31 13:30:58,353 [INFO] IPUIPlugin:80 - create IPUIPlugin
2024-10-31 13:30:58,353 [INFO] PluginManager:220 - loadIPPluginJar : add i2c
2024-10-31 13:30:58,355 [INFO] IPUIPlugin:80 - create IPUIPlugin
2024-10-31 13:30:58,355 [INFO] PluginManager:220 - loadIPPluginJar : add i2s
2024-10-31 13:30:58,357 [INFO] IPUIPlugin:80 - create IPUIPlugin
2024-10-31 13:30:58,357 [INFO] PluginManager:220 - loadIPPluginJar : add i3c
2024-10-31 13:30:58,360 [INFO] IPUIPlugin:80 - create IPUIPlugin
2024-10-31 13:30:58,361 [INFO] PluginManager:220 - loadIPPluginJar : add ipddr
2024-10-31 13:30:58,376 [INFO] IPUIPlugin:80 - create IPUIPlugin
2024-10-31 13:30:58,377 [INFO] PluginManager:220 - loadIPPluginJar : add linkedlist
2024-10-31 13:30:58,378 [INFO] IPUIPlugin:80 - create IPUIPlugin
2024-10-31 13:30:58,378 [INFO] PluginManager:220 - loadIPPluginJar : add lorawan
2024-10-31 13:30:58,379 [INFO] IPUIPlugin:80 - create IPUIPlugin
2024-10-31 13:30:58,379 [INFO] PluginManager:220 - loadIPPluginJar : add ltdc
2024-10-31 13:30:58,382 [INFO] IPUIPlugin:80 - create IPUIPlugin
2024-10-31 13:30:58,382 [INFO] PluginManager:220 - loadIPPluginJar : add mdma
2024-10-31 13:30:58,384 [INFO] IPUIPlugin:80 - create IPUIPlugin
2024-10-31 13:30:58,384 [INFO] PluginManager:220 - loadIPPluginJar : add nvic
2024-10-31 13:30:58,386 [INFO] IPUIPlugin:80 - create IPUIPlugin
2024-10-31 13:30:58,386 [INFO] PluginManager:220 - loadIPPluginJar : add opamp
2024-10-31 13:30:58,388 [INFO] IPUIPlugin:80 - create IPUIPlugin
2024-10-31 13:30:58,388 [INFO] PluginManager:220 - loadIPPluginJar : add openamp
2024-10-31 13:30:58,390 [INFO] IPUIPlugin:80 - create IPUIPlugin
2024-10-31 13:30:58,390 [INFO] PluginManager:220 - loadIPPluginJar : add pdm2pcm
2024-10-31 13:30:58,394 [INFO] IPUIPlugin:80 - create IPUIPlugin
2024-10-31 13:30:58,396 [INFO] PluginManager:220 - loadIPPluginJar : add plateformsettings
2024-10-31 13:30:58,397 [INFO] IPUIPlugin:80 - create IPUIPlugin
2024-10-31 13:30:58,397 [INFO] PluginManager:220 - loadIPPluginJar : add quadspi
2024-10-31 13:30:58,399 [INFO] IPUIPlugin:80 - create IPUIPlugin
2024-10-31 13:30:58,399 [INFO] PluginManager:220 - loadIPPluginJar : add radio
2024-10-31 13:30:58,402 [INFO] IPUIPlugin:80 - create IPUIPlugin
2024-10-31 13:30:58,402 [INFO] PluginManager:220 - loadIPPluginJar : add resmgrutility
2024-10-31 13:30:58,404 [INFO] IPUIPlugin:80 - create IPUIPlugin
2024-10-31 13:30:58,404 [INFO] PluginManager:220 - loadIPPluginJar : add sai
2024-10-31 13:30:58,406 [INFO] IPUIPlugin:80 - create IPUIPlugin
2024-10-31 13:30:58,406 [INFO] PluginManager:220 - loadIPPluginJar : add spi
2024-10-31 13:30:58,409 [INFO] IPUIPlugin:80 - create IPUIPlugin
2024-10-31 13:30:58,409 [INFO] PluginManager:220 - loadIPPluginJar : add stm32_wpan
2024-10-31 13:30:58,411 [INFO] IPUIPlugin:80 - create IPUIPlugin
2024-10-31 13:30:58,411 [INFO] PluginManager:220 - loadIPPluginJar : add tim
2024-10-31 13:30:58,413 [INFO] IPUIPlugin:80 - create IPUIPlugin
2024-10-31 13:30:58,413 [INFO] PluginManager:220 - loadIPPluginJar : add touchsensing
2024-10-31 13:30:58,414 [INFO] IPUIPlugin:80 - create IPUIPlugin
2024-10-31 13:30:58,415 [INFO] PluginManager:220 - loadIPPluginJar : add tracer_emb
2024-10-31 13:30:58,416 [INFO] IPUIPlugin:80 - create IPUIPlugin
2024-10-31 13:30:58,416 [INFO] PluginManager:220 - loadIPPluginJar : add ts
2024-10-31 13:30:58,418 [INFO] IPUIPlugin:80 - create IPUIPlugin
2024-10-31 13:30:58,418 [INFO] PluginManager:220 - loadIPPluginJar : add tsc
2024-10-31 13:30:58,419 [INFO] IPUIPlugin:80 - create IPUIPlugin
2024-10-31 13:30:58,420 [INFO] PluginManager:220 - loadIPPluginJar : add ucpd
2024-10-31 13:30:58,421 [INFO] IPUIPlugin:80 - create IPUIPlugin
2024-10-31 13:30:58,422 [INFO] PluginManager:220 - loadIPPluginJar : add usart
2024-10-31 13:30:58,423 [INFO] IPUIPlugin:80 - create IPUIPlugin
2024-10-31 13:30:58,423 [INFO] PluginManager:220 - loadIPPluginJar : add usbx
2024-10-31 13:30:58,563 [INFO] CADModel:165 - CPN selected for project level
2024-10-31 13:30:58,563 [INFO] CADModel:114 - Register for checkConnection events
2024-10-31 13:30:58,564 [FATAL] Updater:334 - Updater called before beeing initialized
2024-10-31 13:30:58,564 [ERROR] CADModel:125 - Updater not yet initialized, retry later 
2024-10-31 13:30:58,790 [INFO] CADModel:165 - CPN selected for project level
2024-10-31 13:30:58,790 [INFO] CADModel:114 - Register for checkConnection events
2024-10-31 13:30:58,791 [FATAL] Updater:334 - Updater called before beeing initialized
2024-10-31 13:30:58,791 [ERROR] CADModel:125 - Updater not yet initialized, retry later 
2024-10-31 13:30:58,792 [FATAL] Updater:334 - Updater called before beeing initialized
2024-10-31 13:30:58,878 [FATAL] Updater:334 - Updater called before beeing initialized
2024-10-31 13:30:58,883 [INFO] DbMcusAds:53 - JSON generation date=Fri Sep 20 21:04:38 CST 2024 (1726837478367)
2024-10-31 13:30:58,883 [FATAL] Updater:334 - Updater called before beeing initialized
2024-10-31 13:30:59,082 [WARN] DetailPanel:346 - Failed to get advertising image, set to default
2024-10-31 13:30:59,195 [FATAL] Updater:334 - Updater called before beeing initialized
2024-10-31 13:30:59,196 [FATAL] Updater:334 - Updater called before beeing initialized
2024-10-31 13:30:59,197 [FATAL] Updater:334 - Updater called before beeing initialized
2024-10-31 13:30:59,197 [WARN] DetailPanel:346 - Failed to get advertising image, set to default
2024-10-31 13:30:59,197 [FATAL] Updater:334 - Updater called before beeing initialized
2024-10-31 13:30:59,298 [ERROR] Updater:1164 - MainUpdater not yet initialized. External WinMGr cannot be set.
2024-10-31 13:30:59,312 [INFO] Updater:1100 - Updater Version found : 6.12.1
2024-10-31 13:30:59,395 [INFO] ApplicationProperties:184 - Using Application install path: D:\software\STM32CubeIDE_1.16.1\STM32CubeIDE\plugins\com.st.stm32cube.common.mx_6.12.1.202409122256
2024-10-31 13:31:00,172 [INFO] ThirdPartyUpdaterWithRetryManager:70 - Updater plugin not ready yet. [2/15]
2024-10-31 13:31:00,963 [ERROR] LogOutputStream:75 - [STDERR_REDIRECT] Oct 31, 2024 1:31:00 PM java.util.prefs.WindowsPreferences <init>
2024-10-31 13:31:00,965 [ERROR] LogOutputStream:75 - [STDERR_REDIRECT] WARNING: Could not open/create prefs root node Software\JavaSoft\Prefs at root 0xffffffff80000002. Windows RegCreateKeyEx(...) returned error code 5.
2024-10-31 13:31:00,965 [ERROR] LogOutputStream:75 - [STDERR_REDIRECT] 
2024-10-31 13:31:01,436 [INFO] MainUpdater:2873 - connection check result : 10
2024-10-31 13:31:01,436 [INFO] MainUpdater:290 - Updater Check For Update Now.
2024-10-31 13:31:01,437 [INFO] MicroXplorer:498 - Change Database Version : DB.6.0.121
2024-10-31 13:31:01,471 [INFO] McuFinderGlobals:63 - Set McuFinder mode to 2 (CubeIDE integrated)
2024-10-31 13:31:01,473 [INFO] UserAuth:417 - Internet connection configuration mode: 1
2024-10-31 13:31:01,531 [INFO] JxBrowserEngine:152 - Initiate JxBrowser Engine with user profile folder
2024-10-31 13:31:01,609 [INFO] CheckServerUpdateThread:120 - End of CheckServer Thread
2024-10-31 13:31:02,424 [INFO] WebApp:167 - Instantiating new browser for Auth
2024-10-31 13:31:03,186 [INFO] WebApp:448 - Apply proxy settings
2024-10-31 13:31:03,186 [INFO] WebApp:533 - Chromium requires no authentication
2024-10-31 13:31:03,197 [INFO] WebApp:476 - Direct internet connection detected
2024-10-31 13:31:03,224 [INFO] WebApp:869 - Register for checkConnection events
2024-10-31 13:31:03,225 [INFO] WebApp:448 - Apply proxy settings
2024-10-31 13:31:03,225 [INFO] WebApp:533 - Chromium requires no authentication
2024-10-31 13:31:03,225 [INFO] WebApp:476 - Direct internet connection detected
2024-10-31 13:31:03,377 [INFO] WebApp:220 - Starting web application
2024-10-31 13:31:03,377 [INFO] WebApp:578 - Web application path used D:\software\STM32CubeIDE_1.16.1\STM32CubeIDE\plugins\com.st.stm32cube.common.mx_6.12.1.202409122256\db\plugins\mcufinder\reactClient1\index.html
2024-10-31 13:31:03,583 [INFO] UserAuth:417 - Internet connection configuration mode: 1
2024-10-31 13:31:03,656 [WARN] PackLoader:240 - Cannot read IP mode file for STMicroelectronics.FP-SNS-MOTENVWB1.1.4.0
2024-10-31 13:31:03,667 [WARN] PackLoader:240 - Cannot read IP mode file for STMicroelectronics.X-CUBE-SMBUS.2.1.0
2024-10-31 13:31:03,678 [WARN] PackLoader:240 - Cannot read IP mode file for STMicroelectronics.X-CUBE-WB05N.1.1.0
2024-10-31 13:31:03,702 [WARN] PackLoader:240 - Cannot read IP mode file for STMicroelectronics.X-CUBE-AZRTOS-F7.1.1.0
2024-10-31 13:31:03,711 [WARN] PackLoader:240 - Cannot read IP mode file for STMicroelectronics.FP-SNS-MOTENV1.4.3.2
2024-10-31 13:31:03,753 [WARN] PackLoader:240 - Cannot read IP mode file for STMicroelectronics.X-CUBE-MEMS1.11.0.0
2024-10-31 13:31:03,859 [WARN] PackLoader:240 - Cannot read IP mode file for STMicroelectronics.X-CUBE-BLE1.6.2.4
2024-10-31 13:31:03,865 [WARN] PackLoader:240 - Cannot read IP mode file for STMicroelectronics.FP-SNS-FLIGHT1.5.0.2
2024-10-31 13:31:03,885 [WARN] PackLoader:240 - Cannot read IP mode file for STMicroelectronics.X-CUBE-DISPLAY.3.0.0
2024-10-31 13:31:03,894 [WARN] PackLoader:240 - Cannot read IP mode file for STMicroelectronics.X-CUBE-BLE1.7.0.0
2024-10-31 13:31:03,902 [WARN] PackLoader:240 - Cannot read IP mode file for STMicroelectronics.X-CUBE-NFC10.1.0.0
2024-10-31 13:31:03,908 [WARN] PackLoader:240 - Cannot read IP mode file for STMicroelectronics.X-CUBE-TOUCHGFX.4.22.0
2024-10-31 13:31:03,911 [WARN] PackLoader:240 - Cannot read IP mode file for STMicroelectronics.X-CUBE-TOUCHGFX.4.22.1
2024-10-31 13:31:03,920 [WARN] PackLoader:240 - Cannot read IP mode file for STMicroelectronics.X-CUBE-BLEMGR.3.1.0
2024-10-31 13:31:03,925 [WARN] PackLoader:240 - Cannot read IP mode file for STMicroelectronics.FP-SNS-SMARTAG2.1.2.0
2024-10-31 13:31:03,933 [INFO] LogOutputStream:77 - [STDOUT_REDIRECT] 1 : Invalid condition id : UX_CORESTACK_Condition cause : null
2024-10-31 13:31:03,934 [INFO] LogOutputStream:77 - [STDOUT_REDIRECT] 1 : Invalid condition id : UX_CORESTACK_Condition cause : null
2024-10-31 13:31:03,934 [INFO] LogOutputStream:77 - [STDOUT_REDIRECT] 1 : Invalid condition id : UX_CORESTACK_Condition cause : null
2024-10-31 13:31:03,935 [INFO] LogOutputStream:77 - [STDOUT_REDIRECT] 1 : Invalid condition id : UX_CORESTACK_Condition cause : null
2024-10-31 13:31:03,936 [INFO] LogOutputStream:77 - [STDOUT_REDIRECT] 1 : Invalid condition id : UX_CORESTACK_Condition cause : null
2024-10-31 13:31:03,938 [WARN] PackLoader:240 - Cannot read IP mode file for STMicroelectronics.X-CUBE-AZRTOS-WL.2.0.0
2024-10-31 13:31:03,942 [WARN] PackLoader:240 - Cannot read IP mode file for STMicroelectronics.FP-SNS-MOTENV1.5.0.0
2024-10-31 13:31:03,948 [WARN] PackLoader:240 - Cannot read IP mode file for wolfSSL.I-CUBE-wolfMQTT.1.19.0
2024-10-31 13:31:03,955 [WARN] PackLoader:240 - Cannot read IP mode file for WES.I-CUBE-Cesium.1.3.0
2024-10-31 13:31:03,960 [WARN] PackLoader:240 - Cannot read IP mode file for STMicroelectronics.X-CUBE-BLE2.3.3.0
2024-10-31 13:31:03,970 [WARN] PackLoader:240 - Cannot read IP mode file for STMicroelectronics.X-CUBE-TOF1.3.2.0
2024-10-31 13:31:03,978 [WARN] PackLoader:240 - Cannot read IP mode file for STMicroelectronics.X-CUBE-NFC9.1.0.0
2024-10-31 13:31:03,987 [WARN] PackLoader:240 - Cannot read IP mode file for STMicroelectronics.X-CUBE-TCPP.4.1.0
2024-10-31 13:31:03,990 [WARN] PackLoader:240 - Cannot read IP mode file for STMicroelectronics.X-CUBE-TOUCHGFX.4.21.1
2024-10-31 13:31:04,015 [WARN] PackLoader:240 - Cannot read IP mode file for STMicroelectronics.X-CUBE-MEMS1.9.4.0
2024-10-31 13:31:04,063 [WARN] PackLoader:240 - Cannot read IP mode file for STMicroelectronics.X-CUBE-AI.7.3.0
2024-10-31 13:31:04,068 [WARN] PackLoader:240 - Cannot read IP mode file for STMicroelectronics.X-CUBE-ALGOBUILD.1.3.0
2024-10-31 13:31:04,077 [WARN] PackLoader:240 - Cannot read IP mode file for STMicroelectronics.X-CUBE-AZRTOS-G0.1.1.0
2024-10-31 13:31:04,083 [WARN] PackLoader:240 - Cannot read IP mode file for STMicroelectronics.X-CUBE-SAFEA1.1.2.2
2024-10-31 13:31:04,089 [WARN] PackLoader:240 - Cannot read IP mode file for STMicroelectronics.X-CUBE-NFC4.3.0.0
2024-10-31 13:31:04,096 [WARN] PackLoader:240 - Cannot read IP mode file for EmbeddedOffice.I-CUBE-FS-RTOS.1.0.1
2024-10-31 13:31:04,096 [ERROR] ConditionMgr:805 - Attr not supported : Dmpu
2024-10-31 13:31:04,096 [ERROR] ConditionMgr:805 - Attr not supported : Dmpu
2024-10-31 13:31:04,096 [ERROR] ConditionMgr:805 - Attr not supported : Dmpu
2024-10-31 13:31:04,096 [ERROR] ConditionMgr:805 - Attr not supported : Dmpu
2024-10-31 13:31:04,096 [ERROR] ConditionMgr:805 - Attr not supported : Dmpu
2024-10-31 13:31:04,096 [ERROR] ConditionMgr:805 - Attr not supported : Dmpu
2024-10-31 13:31:04,097 [ERROR] ConditionMgr:805 - Attr not supported : Dmpu
2024-10-31 13:31:04,097 [ERROR] ConditionMgr:805 - Attr not supported : Dmpu
2024-10-31 13:31:04,097 [ERROR] ConditionMgr:805 - Attr not supported : Dmpu
2024-10-31 13:31:04,097 [ERROR] ConditionMgr:805 - Attr not supported : Dmpu
2024-10-31 13:31:04,097 [ERROR] ConditionMgr:805 - Attr not supported : Dmpu
2024-10-31 13:31:04,097 [ERROR] ConditionMgr:805 - Attr not supported : Dmpu
2024-10-31 13:31:04,097 [ERROR] ConditionMgr:805 - Attr not supported : Dmpu
2024-10-31 13:31:04,097 [ERROR] ConditionMgr:805 - Attr not supported : Dmpu
2024-10-31 13:31:04,097 [ERROR] ConditionMgr:805 - Attr not supported : Dmpu
2024-10-31 13:31:04,097 [ERROR] ConditionMgr:805 - Attr not supported : Dmpu
2024-10-31 13:31:04,097 [ERROR] ConditionMgr:805 - Attr not supported : Dmpu
2024-10-31 13:31:04,097 [ERROR] ConditionMgr:805 - Attr not supported : Dmpu
2024-10-31 13:31:04,097 [ERROR] ConditionMgr:805 - Attr not supported : Dmpu
2024-10-31 13:31:04,097 [ERROR] ConditionMgr:805 - Attr not supported : Dmpu
2024-10-31 13:31:04,097 [ERROR] ConditionMgr:805 - Attr not supported : Dmpu
2024-10-31 13:31:04,097 [ERROR] ConditionMgr:805 - Attr not supported : Dmpu
2024-10-31 13:31:04,097 [ERROR] ConditionMgr:805 - Attr not supported : Dmpu
2024-10-31 13:31:04,097 [ERROR] ConditionMgr:805 - Attr not supported : Dmpu
2024-10-31 13:31:04,097 [ERROR] ConditionMgr:805 - Attr not supported : Dmpu
2024-10-31 13:31:04,097 [ERROR] ConditionMgr:805 - Attr not supported : Dmpu
2024-10-31 13:31:04,097 [ERROR] ConditionMgr:805 - Attr not supported : Dmpu
2024-10-31 13:31:04,097 [ERROR] ConditionMgr:805 - Attr not supported : Dmpu
2024-10-31 13:31:04,097 [ERROR] ConditionMgr:805 - Attr not supported : Dmpu
2024-10-31 13:31:04,097 [ERROR] ConditionMgr:805 - Attr not supported : Dmpu
2024-10-31 13:31:04,097 [ERROR] ConditionMgr:805 - Attr not supported : Dmpu
2024-10-31 13:31:04,097 [ERROR] ConditionMgr:805 - Attr not supported : Dmpu
2024-10-31 13:31:04,097 [ERROR] ConditionMgr:805 - Attr not supported : Dmpu
2024-10-31 13:31:04,097 [ERROR] ConditionMgr:805 - Attr not supported : Dmpu
2024-10-31 13:31:04,097 [ERROR] ConditionMgr:805 - Attr not supported : Dmpu
2024-10-31 13:31:04,097 [ERROR] ConditionMgr:805 - Attr not supported : Dmpu
2024-10-31 13:31:04,097 [ERROR] ConditionMgr:805 - Attr not supported : Dmpu
2024-10-31 13:31:04,098 [ERROR] ConditionMgr:805 - Attr not supported : Dmpu
2024-10-31 13:31:04,098 [ERROR] ConditionMgr:805 - Attr not supported : Dmpu
2024-10-31 13:31:04,098 [ERROR] ConditionMgr:805 - Attr not supported : Dmpu
2024-10-31 13:31:04,098 [ERROR] ConditionMgr:805 - Attr not supported : Dmpu
2024-10-31 13:31:04,098 [ERROR] ConditionMgr:805 - Attr not supported : Dmpu
2024-10-31 13:31:04,098 [ERROR] ConditionMgr:805 - Attr not supported : Dmpu
2024-10-31 13:31:04,098 [ERROR] ConditionMgr:805 - Attr not supported : Dmpu
2024-10-31 13:31:04,098 [ERROR] ConditionMgr:805 - Attr not supported : Dmpu
2024-10-31 13:31:04,098 [ERROR] ConditionMgr:805 - Attr not supported : Dmpu
2024-10-31 13:31:04,098 [ERROR] ConditionMgr:805 - Attr not supported : Dmpu
2024-10-31 13:31:04,098 [ERROR] ConditionMgr:805 - Attr not supported : Dmpu
2024-10-31 13:31:04,098 [ERROR] ConditionMgr:805 - Attr not supported : Dmpu
2024-10-31 13:31:04,098 [ERROR] ConditionMgr:805 - Attr not supported : Dmpu
2024-10-31 13:31:04,098 [ERROR] ConditionMgr:805 - Attr not supported : Dmpu
2024-10-31 13:31:04,098 [ERROR] ConditionMgr:805 - Attr not supported : Dmpu
2024-10-31 13:31:04,098 [ERROR] ConditionMgr:805 - Attr not supported : Dmpu
2024-10-31 13:31:04,098 [ERROR] ConditionMgr:805 - Attr not supported : Dmpu
2024-10-31 13:31:04,098 [ERROR] ConditionMgr:805 - Attr not supported : Dmpu
2024-10-31 13:31:04,098 [ERROR] ConditionMgr:805 - Attr not supported : Dmpu
2024-10-31 13:31:04,098 [ERROR] ConditionMgr:805 - Attr not supported : Dmpu
2024-10-31 13:31:04,098 [ERROR] ConditionMgr:805 - Attr not supported : Dmpu
2024-10-31 13:31:04,098 [ERROR] ConditionMgr:805 - Attr not supported : Dmpu
2024-10-31 13:31:04,098 [ERROR] ConditionMgr:805 - Attr not supported : Dmpu
2024-10-31 13:31:04,098 [ERROR] ConditionMgr:805 - Attr not supported : Dmpu
2024-10-31 13:31:04,098 [ERROR] ConditionMgr:805 - Attr not supported : Dmpu
2024-10-31 13:31:04,098 [ERROR] ConditionMgr:805 - Attr not supported : Dmpu
2024-10-31 13:31:04,098 [ERROR] ConditionMgr:805 - Attr not supported : Dmpu
2024-10-31 13:31:04,105 [WARN] PackLoader:240 - Cannot read IP mode file for STMicroelectronics.X-CUBE-BLEMGR.3.0.0
2024-10-31 13:31:04,113 [WARN] PackLoader:240 - Cannot read IP mode file for STMicroelectronics.X-CUBE-BLEMGR.1.3.0
2024-10-31 13:31:04,121 [WARN] PackLoader:240 - Cannot read IP mode file for RealThread.X-CUBE-RT-Thread_Nano.4.1.1
2024-10-31 13:31:04,127 [WARN] PackLoader:240 - Cannot read IP mode file for STMicroelectronics.FP-ATR-SIGFOX1.3.2.0
2024-10-31 13:31:04,132 [WARN] PackLoader:240 - Cannot read IP mode file for STMicroelectronics.X-CUBE-EEPRMA1.5.1.0
2024-10-31 13:31:04,159 [WARN] PackLoader:240 - Cannot read IP mode file for STMicroelectronics.X-CUBE-MEMS1.9.5.0
2024-10-31 13:31:04,240 [WARN] PackLoader:240 - Cannot read IP mode file for SEGGER.I-CUBE-embOS.1.3.1
2024-10-31 13:31:04,270 [WARN] PackLoader:240 - Cannot read IP mode file for STMicroelectronics.X-CUBE-ALGOBUILD.1.4.0
2024-10-31 13:31:04,275 [WARN] PackLoader:240 - Cannot read IP mode file for STMicroelectronics.X-CUBE-AI.9.1.0
2024-10-31 13:31:04,280 [WARN] PackLoader:240 - Cannot read IP mode file for STMicroelectronics.X-CUBE-GNSS1.6.0.0
2024-10-31 13:31:04,291 [WARN] PackLoader:240 - Cannot read IP mode file for STMicroelectronics.X-CUBE-AZRTOS-F4.1.1.0
2024-10-31 13:31:04,295 [WARN] PackLoader:240 - Cannot read IP mode file for STMicroelectronics.X-CUBE-ISPU.2.1.0
2024-10-31 13:31:04,300 [WARN] PackLoader:240 - Cannot read IP mode file for STMicroelectronics.X-CUBE-FREERTOS.1.2.0
2024-10-31 13:31:04,309 [WARN] PackLoader:240 - Cannot read IP mode file for STMicroelectronics.X-CUBE-AZRTOS-L5.2.0.0
2024-10-31 13:31:04,328 [WARN] PackLoader:240 - Cannot read IP mode file for STMicroelectronics.X-CUBE-MEMS1.9.6.0
2024-10-31 13:31:04,402 [WARN] PackLoader:240 - Cannot read IP mode file for STMicroelectronics.X-CUBE-EEPRMA1.4.2.0
2024-10-31 13:31:04,411 [WARN] PackLoader:240 - Cannot read IP mode file for STMicroelectronics.X-CUBE-NFC6.3.1.0
2024-10-31 13:31:04,440 [WARN] PackLoader:240 - Cannot read IP mode file for ITTIA_DB.I-CUBE-ITTIADB.8.8.0
2024-10-31 13:31:04,448 [WARN] PackLoader:240 - Cannot read IP mode file for emotas.I-CUBE-CANOPEN.1.1.3
2024-10-31 13:31:04,454 [WARN] PackLoader:240 - Cannot read IP mode file for STMicroelectronics.X-CUBE-BLEMGR.2.0.0
2024-10-31 13:31:04,461 [WARN] PackLoader:240 - Cannot read IP mode file for STMicroelectronics.X-CUBE-DPower.1.2.0
2024-10-31 13:31:04,465 [WARN] PackLoader:240 - Cannot read IP mode file for STMicroelectronics.X-CUBE-AI.9.0.0
2024-10-31 13:31:04,476 [WARN] ConditionMgr:438 - getConditionDescription Invalid condition id : UX DEVICE CLASS RTOS Condition cause : null
2024-10-31 13:31:04,477 [WARN] ConditionMgr:438 - getConditionDescription Invalid condition id : UX DEVICE CLASS RTOS Condition cause : null
2024-10-31 13:31:04,479 [WARN] PackLoader:240 - Cannot read IP mode file for STMicroelectronics.X-CUBE-AZRTOS-H7.3.1.0
2024-10-31 13:31:04,479 [WARN] ConditionMgr:1039 - genDependencies : Invalid condition id : UX DEVICE CLASS RTOS Condition cause : null
2024-10-31 13:31:04,479 [WARN] ConditionMgr:1039 - genDependencies : Invalid condition id : UX DEVICE CLASS RTOS Condition cause : null
2024-10-31 13:31:04,480 [WARN] ConditionMgr:1039 - genDependencies : Invalid condition id : UX DEVICE CLASS RTOS Condition cause : null
2024-10-31 13:31:04,480 [WARN] ConditionMgr:1039 - genDependencies : Invalid condition id : UX DEVICE CLASS RTOS Condition cause : null
2024-10-31 13:31:04,480 [WARN] ConditionMgr:1039 - genDependencies : Invalid condition id : UX DEVICE CLASS RTOS Condition cause : null
2024-10-31 13:31:04,485 [WARN] PackLoader:240 - Cannot read IP mode file for wolfSSL.I-CUBE-wolfSSL.5.5.4
2024-10-31 13:31:04,491 [WARN] PackLoader:240 - Cannot read IP mode file for STMicroelectronics.X-CUBE-NFC7.1.0.1
2024-10-31 13:31:04,495 [WARN] PackLoader:240 - Cannot read IP mode file for STMicroelectronics.X-CUBE-NFC7.1.0.0
2024-10-31 13:31:04,499 [WARN] PackLoader:240 - Cannot read IP mode file for wolfSSL.I-CUBE-wolfTPM.3.2.0
2024-10-31 13:31:04,504 [WARN] PackLoader:240 - Cannot read IP mode file for STMicroelectronics.X-CUBE-NFC6.3.0.0
2024-10-31 13:31:04,510 [WARN] PackLoader:240 - Cannot read IP mode file for STMicroelectronics.X-CUBE-EEPRMA1.4.1.0
2024-10-31 13:31:04,515 [WARN] PackLoader:240 - Cannot read IP mode file for STMicroelectronics.X-CUBE-AI.8.1.0
2024-10-31 13:31:04,528 [WARN] ConditionMgr:438 - getConditionDescription Invalid condition id : LAN8742 Phy interface Condition cause : null
2024-10-31 13:31:04,529 [WARN] PackLoader:240 - Cannot read IP mode file for STMicroelectronics.X-CUBE-AZRTOS-L4.2.0.0
2024-10-31 13:31:04,530 [WARN] ConditionMgr:1039 - genDependencies : Invalid condition id : LAN8742 Phy interface Condition cause : null
2024-10-31 13:31:04,530 [WARN] ConditionMgr:1039 - genDependencies : Invalid condition id : LAN8742 Phy interface Condition cause : null
2024-10-31 13:31:04,530 [WARN] ConditionMgr:1039 - genDependencies : Invalid condition id : LAN8742 Phy interface Condition cause : null
2024-10-31 13:31:04,537 [WARN] PackLoader:240 - Cannot read IP mode file for STMicroelectronics.X-CUBE-SFXS2LP1.4.0.0
2024-10-31 13:31:04,553 [WARN] PackLoader:240 - Cannot read IP mode file for STMicroelectronics.X-CUBE-AZRTOS-H7.3.0.0
2024-10-31 13:31:04,558 [WARN] PackLoader:240 - Cannot read IP mode file for STMicroelectronics.X-CUBE-ISPU.1.1.0
2024-10-31 13:31:04,576 [WARN] PackLoader:240 - Cannot read IP mode file for STMicroelectronics.X-CUBE-AZRTOS-H7.3.3.0
2024-10-31 13:31:04,585 [WARN] PackLoader:240 - Cannot read IP mode file for RoweBots.I-CUBE-UNISONRTOS.5.5.0-4
2024-10-31 13:31:04,593 [WARN] PackLoader:240 - Cannot read IP mode file for STMicroelectronics.X-CUBE-IPS.3.0.0
2024-10-31 13:31:04,605 [WARN] ConditionMgr:438 - getConditionDescription Invalid condition id : UX DEVICE CLASS RTOS Condition cause : null
2024-10-31 13:31:04,606 [WARN] ConditionMgr:438 - getConditionDescription Invalid condition id : UX DEVICE CLASS RTOS Condition cause : null
2024-10-31 13:31:04,607 [WARN] PackLoader:240 - Cannot read IP mode file for STMicroelectronics.X-CUBE-AZRTOS-WB.2.0.0
2024-10-31 13:31:04,608 [WARN] ConditionMgr:1039 - genDependencies : Invalid condition id : UX DEVICE CLASS RTOS Condition cause : null
2024-10-31 13:31:04,608 [WARN] ConditionMgr:1039 - genDependencies : Invalid condition id : UX DEVICE CLASS RTOS Condition cause : null
2024-10-31 13:31:04,608 [WARN] ConditionMgr:1039 - genDependencies : Invalid condition id : UX DEVICE CLASS RTOS Condition cause : null
2024-10-31 13:31:04,608 [WARN] ConditionMgr:1039 - genDependencies : Invalid condition id : UX DEVICE CLASS RTOS Condition cause : null
2024-10-31 13:31:04,608 [WARN] ConditionMgr:1039 - genDependencies : Invalid condition id : UX DEVICE CLASS RTOS Condition cause : null
2024-10-31 13:31:04,612 [WARN] PackLoader:240 - Cannot read IP mode file for STMicroelectronics.X-CUBE-FREERTOS.1.0.1
2024-10-31 13:31:04,618 [WARN] PackLoader:240 - Cannot read IP mode file for STMicroelectronics.X-CUBE-GNSS1.7.0.0
2024-10-31 13:31:04,623 [WARN] PackLoader:240 - Cannot read IP mode file for STMicroelectronics.FP-SNS-STBOX1.2.0.0
2024-10-31 13:31:04,634 [WARN] PackLoader:240 - Cannot read IP mode file for STMicroelectronics.X-CUBE-AZRTOS-L5.1.1.0
2024-10-31 13:31:04,639 [WARN] PackLoader:240 - Cannot read IP mode file for STMicroelectronics.X-CUBE-AI.8.0.1
2024-10-31 13:31:04,646 [WARN] PackLoader:240 - Cannot read IP mode file for STMicroelectronics.X-CUBE-SUBG2.5.0.0
2024-10-31 13:31:04,654 [WARN] PackLoader:240 - Cannot read IP mode file for Cesanta.I-CUBE-Mongoose.7.13.0
2024-10-31 13:31:04,660 [WARN] PackLoader:240 - Cannot read IP mode file for STMicroelectronics.X-CUBE-TOF1.3.3.1
2024-10-31 13:31:04,676 [WARN] PackLoader:240 - Cannot read IP mode file for STMicroelectronics.X-CUBE-AZRTOS-G4.2.0.0
2024-10-31 13:31:04,683 [WARN] PackLoader:240 - Cannot read IP mode file for STMicroelectronics.FP-ATR-ASTRA1.1.1.1
2024-10-31 13:31:04,693 [WARN] PackLoader:240 - Cannot read IP mode file for Infineon.AIROC-Wi-Fi-Bluetooth-STM32.1.5.1
2024-10-31 13:31:04,698 [WARN] PackLoader:240 - Cannot read IP mode file for STMicroelectronics.FP-SNS-MOTENVWB1.1.3.0
2024-10-31 13:31:04,702 [WARN] PackLoader:240 - Cannot read IP mode file for STMicroelectronics.FP-SNS-MOTENVWB1.1.3.1
2024-10-31 13:31:04,712 [WARN] PackLoader:240 - Cannot read IP mode file for STMicroelectronics.X-CUBE-AZRTOS-G4.1.0.0
2024-10-31 13:31:04,725 [WARN] PackLoader:240 - Cannot read IP mode file for STMicroelectronics.X-CUBE-AZRTOS-L4.1.0.0
2024-10-31 13:31:04,731 [WARN] PackLoader:240 - Cannot read IP mode file for STMicroelectronics.X-CUBE-ISPU.2.0.0
2024-10-31 13:31:04,735 [WARN] PackLoader:240 - Cannot read IP mode file for STMicroelectronics.X-CUBE-ALS.1.0.2
2024-10-31 13:31:04,758 [WARN] PackLoader:240 - Cannot read IP mode file for STMicroelectronics.X-CUBE-MEMS1.10.0.0
2024-10-31 13:31:04,822 [WARN] PackLoader:240 - Cannot read IP mode file for STMicroelectronics.X-CUBE-FREERTOS.1.1.0
2024-10-31 13:31:04,824 [WARN] PackLoader:240 - Cannot read IP mode file for STMicroelectronics.X-CUBE-TOUCHGFX.4.24.0
2024-10-31 13:31:04,830 [WARN] PackLoader:240 - Cannot read IP mode file for STMicroelectronics.X-CUBE-AZRTOS-WL.1.0.0
2024-10-31 13:31:04,833 [WARN] PackLoader:240 - Cannot read IP mode file for STMicroelectronics.X-CUBE-TOUCHGFX.4.24.1
2024-10-31 13:31:04,837 [WARN] PackLoader:240 - Cannot read IP mode file for portGmbH.I-Cube-SoM-uGOAL.1.1.0
2024-10-31 13:31:04,840 [WARN] PackLoader:240 - Cannot read IP mode file for STMicroelectronics.X-CUBE-ALS.1.0.1
2024-10-31 13:31:04,846 [WARN] PackLoader:240 - Cannot read IP mode file for STMicroelectronics.X-CUBE-AZRTOS-WB.1.1.0
2024-10-31 13:31:04,857 [WARN] PackLoader:240 - Cannot read IP mode file for STMicroelectronics.X-CUBE-AZRTOS-H7RS.1.0.0
2024-10-31 13:31:04,861 [WARN] PackLoader:240 - Cannot read IP mode file for STMicroelectronics.FP-ATR-ASTRA1.2.0.0
2024-10-31 13:31:04,867 [WARN] PackLoader:240 - Cannot read IP mode file for STMicroelectronics.X-CUBE-TOF1.3.4.2
2024-10-31 13:31:04,879 [WARN] PackLoader:240 - Cannot read IP mode file for STMicroelectronics.X-CUBE-TOF1.3.4.0
2024-10-31 13:31:04,890 [WARN] PackLoader:240 - Cannot read IP mode file for wolfSSL.I-CUBE-wolfSSH.1.4.17
2024-10-31 13:31:04,890 [INFO] ThirdParty:978 - Integrity check success = true
2024-10-31 13:31:04,890 [INFO] IntegrityCheckThread:100 - exiting critical section [integrity check]
2024-10-31 13:31:04,890 [INFO] IntegrityCheckThread:103 - End integrity checks thread
2024-10-31 17:20:24,148 [ERROR] LogOutputStream:75 - [STDERR_REDIRECT] 
2024-10-31 17:20:24,150 [ERROR] LogOutputStream:75 - [STDERR_REDIRECT] 
