2024-11-04 10:12:04,389 [INFO] Activator:176 - 


2024-11-04 10:12:04,421 [INFO] Activator:177 - !SESSION log4j initialized
2024-11-04 10:12:14,289 [INFO] LogOutputStream:77 - [STDOUT_REDIRECT] 
2024-11-04 10:12:18,910 [INFO] ApplicationProperties:184 - Using Application install path: D:\software\STM32CubeIDE_1.16.1\STM32CubeIDE\plugins\com.st.stm32cube.common.mx_6.12.1.202409122256
2024-11-04 10:12:18,950 [INFO] DbMcusXml:78 - Set database path to: D:\software\STM32CubeIDE_1.16.1\STM32CubeIDE\plugins\com.st.stm32cube.common.mx_6.12.1.202409122256\\db\/mcu/
2024-11-04 10:12:18,951 [INFO] ApiDb:274 - Set plugin database path to: D:\software\STM32CubeIDE_1.16.1\STM32CubeIDE\plugins\com.st.stm32cube.common.mx_6.12.1.202409122256\\db\/plugins/boardmanager/
2024-11-04 10:12:18,952 [WARN] ApiDb:259 - Overriding images path with different value:  => D:\software\STM32CubeIDE_1.16.1\STM32CubeIDE\plugins\com.st.stm32cube.common.mx_6.12.1.202409122256\\db\/plugins/mcufinder/images/
2024-11-04 10:12:19,035 [INFO] ApiDb:250 - Set database path to: C:\Users\19948\.stmcufinder\plugins\mcufinder//mcu/
2024-11-04 10:12:19,037 [INFO] DbMcusAds:125 - Set database path to: C:\Users\19948\.stmcufinder\plugins\mcufinder//mcu/
2024-11-04 10:12:19,041 [INFO] CrossReferenceDbSqlite:203 - Set database path to: C:\Users\19948\.stmcufinder\plugins\mcufinder//mcu/cs/
2024-11-04 10:12:19,162 [INFO] RulesReader:64 - Compatibility file has been processed (297 Rules)
2024-11-04 10:12:19,282 [INFO] DbMcusXml:78 - Set database path to: D:\software\STM32CubeIDE_1.16.1\STM32CubeIDE\plugins\com.st.stm32cube.common.mx_6.12.1.202409122256\\db\/mcu/
2024-11-04 10:12:19,282 [INFO] ApiDb:274 - Set plugin database path to: D:\software\STM32CubeIDE_1.16.1\STM32CubeIDE\plugins\com.st.stm32cube.common.mx_6.12.1.202409122256\\db\/plugins/boardmanager/
2024-11-04 10:12:19,282 [INFO] ApiDb:261 - Set plugin images path to: D:\software\STM32CubeIDE_1.16.1\STM32CubeIDE\plugins\com.st.stm32cube.common.mx_6.12.1.202409122256\\db\/plugins/mcufinder/images/
2024-11-04 10:12:19,283 [WARN] DbFile:41 - Overriding database path with different value: C:\Users\19948\.stmcufinder\plugins\mcufinder/ => C:\Users\19948\.stmcufinder\plugins\mcufinder
2024-11-04 10:12:19,283 [INFO] ApiDb:250 - Set database path to: C:\Users\19948\.stmcufinder\plugins\mcufinder//mcu/
2024-11-04 10:12:19,283 [WARN] DbFile:41 - Overriding database path with different value: C:\Users\19948\.stmcufinder\plugins\mcufinder/ => C:\Users\19948\.stmcufinder\plugins\mcufinder
2024-11-04 10:12:19,283 [INFO] DbMcusAds:125 - Set database path to: C:\Users\19948\.stmcufinder\plugins\mcufinder//mcu/
2024-11-04 10:12:19,283 [WARN] DbFile:41 - Overriding database path with different value: C:\Users\19948\.stmcufinder\plugins\mcufinder/ => C:\Users\19948\.stmcufinder\plugins\mcufinder
2024-11-04 10:12:19,283 [WARN] DbFile:41 - Overriding database path with different value: C:\Users\19948\.stmcufinder\plugins\mcufinder/ => C:\Users\19948\.stmcufinder\plugins\mcufinder
2024-11-04 10:12:19,283 [INFO] CrossReferenceDbSqlite:203 - Set database path to: C:\Users\19948\.stmcufinder\plugins\mcufinder//mcu/cs/
2024-11-04 10:12:19,394 [INFO] MainPanel:268 - HeapMemory: 268435456
2024-11-04 10:12:19,549 [INFO] DbMcusXml:78 - Set database path to: D:\software\STM32CubeIDE_1.16.1\STM32CubeIDE\plugins\com.st.stm32cube.common.mx_6.12.1.202409122256\\db\/mcu/
2024-11-04 10:12:19,549 [INFO] ApiDb:274 - Set plugin database path to: D:\software\STM32CubeIDE_1.16.1\STM32CubeIDE\plugins\com.st.stm32cube.common.mx_6.12.1.202409122256\\db\/plugins/boardmanager/
2024-11-04 10:12:19,549 [INFO] ApiDb:261 - Set plugin images path to: D:\software\STM32CubeIDE_1.16.1\STM32CubeIDE\plugins\com.st.stm32cube.common.mx_6.12.1.202409122256\\db\/plugins/mcufinder/images/
2024-11-04 10:12:19,549 [WARN] DbFile:41 - Overriding database path with different value: C:\Users\19948\.stmcufinder\plugins\mcufinder/ => C:\Users\19948\.stmcufinder\plugins\mcufinder
2024-11-04 10:12:19,549 [INFO] ApiDb:250 - Set database path to: C:\Users\19948\.stmcufinder\plugins\mcufinder//mcu/
2024-11-04 10:12:19,549 [WARN] DbFile:41 - Overriding database path with different value: C:\Users\19948\.stmcufinder\plugins\mcufinder/ => C:\Users\19948\.stmcufinder\plugins\mcufinder
2024-11-04 10:12:19,549 [INFO] DbMcusAds:125 - Set database path to: C:\Users\19948\.stmcufinder\plugins\mcufinder//mcu/
2024-11-04 10:12:19,549 [WARN] DbFile:41 - Overriding database path with different value: C:\Users\19948\.stmcufinder\plugins\mcufinder/ => C:\Users\19948\.stmcufinder\plugins\mcufinder
2024-11-04 10:12:19,550 [WARN] DbFile:41 - Overriding database path with different value: C:\Users\19948\.stmcufinder\plugins\mcufinder/ => C:\Users\19948\.stmcufinder\plugins\mcufinder
2024-11-04 10:12:19,550 [INFO] CrossReferenceDbSqlite:203 - Set database path to: C:\Users\19948\.stmcufinder\plugins\mcufinder//mcu/cs/
2024-11-04 10:12:19,570 [INFO] ApplicationProperties:184 - Using Application install path: D:\software\STM32CubeIDE_1.16.1\STM32CubeIDE\plugins\com.st.stm32cube.common.mx_6.12.1.202409122256
2024-11-04 10:12:19,571 [INFO] PluginManage:196 - Search for loadable plugins [exclusion list=, ]
2024-11-04 10:12:19,645 [INFO] PluginManage:310 - Check plugin analytics
2024-11-04 10:12:19,934 [INFO] AnalyticsPlugin:253 - Accepted Software Licenses: 
2024-11-04 10:12:19,934 [INFO] AnalyticsPlugin:255 - Accepted CMSIS Pack Licenses: 
2024-11-04 10:12:19,934 [INFO] AnalyticsPlugin:257 - Accepted Firmware Licenses: 
2024-11-04 10:12:19,936 [INFO] PluginManage:359 - Loaded plugin analytics (category:tool,tabindex:-1)
2024-11-04 10:12:19,937 [INFO] PluginManage:310 - Check plugin cadmodel
2024-11-04 10:12:19,970 [INFO] CADModel:105 - Init CAD model plugin
2024-11-04 10:12:19,970 [INFO] PluginManage:359 - Loaded plugin cadmodel (category:power,tabindex:5)
2024-11-04 10:12:19,970 [INFO] PluginManage:310 - Check plugin clock
2024-11-04 10:12:19,981 [INFO] PluginManage:359 - Loaded plugin clock (category:base,tabindex:2)
2024-11-04 10:12:19,981 [INFO] PluginManage:310 - Check plugin ddr
2024-11-04 10:12:20,001 [INFO] PluginManage:359 - Loaded plugin ddr (category:tool,tabindex:6)
2024-11-04 10:12:20,001 [INFO] PluginManage:310 - Check plugin filemanager
2024-11-04 10:12:20,561 [INFO] PluginManage:359 - Loaded plugin filemanager (category:base,tabindex:10)
2024-11-04 10:12:20,561 [INFO] PluginManage:310 - Check plugin ipmanager
2024-11-04 10:12:20,586 [INFO] PluginManage:359 - Loaded plugin ipmanager (category:base,tabindex:5)
2024-11-04 10:12:20,586 [INFO] PluginManage:310 - Check plugin lpbam
2024-11-04 10:12:20,593 [INFO] PluginManage:359 - Loaded plugin lpbam (category:base,tabindex:0)
2024-11-04 10:12:20,593 [INFO] PluginManage:310 - Check plugin memorymap
2024-11-04 10:12:20,620 [INFO] PluginManage:359 - Loaded plugin memorymap (category:base,tabindex:4)
2024-11-04 10:12:20,620 [INFO] PluginManage:310 - Check plugin pinoutandconfiguration
2024-11-04 10:12:20,647 [INFO] PluginManage:359 - Loaded plugin pinoutandconfiguration (category:base,tabindex:1)
2024-11-04 10:12:20,647 [INFO] PluginManage:310 - Check plugin pinoutconfig
2024-11-04 10:12:20,759 [WARN] SupportedApi:132 - Cannot load RTOS API schema: s4s-elt-must-match.1: The content of 'definitions' must match (annotation?, (simpleType | complexType)?, (unique | key | keyref)*)). A problem was found starting at: attribute.
2024-11-04 10:12:20,891 [INFO] PluginManage:359 - Loaded plugin pinoutconfig (category:base,tabindex:0)
2024-11-04 10:12:20,891 [INFO] PluginManage:310 - Check plugin power
2024-11-04 10:12:20,929 [INFO] PluginManage:359 - Loaded plugin power (category:power,tabindex:4)
2024-11-04 10:12:20,929 [INFO] PluginManage:310 - Check plugin projectmanager
2024-11-04 10:12:20,953 [INFO] PluginManage:359 - Loaded plugin projectmanager (category:projectmanager,tabindex:4)
2024-11-04 10:12:20,953 [INFO] PluginManage:310 - Check plugin rif
2024-11-04 10:12:20,968 [INFO] PluginManage:359 - Loaded plugin rif (category:base,tabindex:3)
2024-11-04 10:12:20,968 [INFO] PluginManage:310 - Check plugin thirdparty
2024-11-04 10:12:21,209 [INFO] PluginManage:359 - Loaded plugin thirdparty (category:base,tabindex:-1)
2024-11-04 10:12:21,209 [WARN] IntegrityCheckThread:84 - waiting for thirdparty lock release [integrity check]
2024-11-04 10:12:21,209 [INFO] PluginManage:310 - Check plugin tools
2024-11-04 10:12:21,209 [INFO] IntegrityCheckThread:86 - entering critical section [integrity check]
2024-11-04 10:12:21,210 [INFO] ThirdPartyUpdaterWithRetryManager:70 - Updater plugin not ready yet. [1/15]
2024-11-04 10:12:21,213 [INFO] PluginManage:359 - Loaded plugin tools (category:base,tabindex:7)
2024-11-04 10:12:21,213 [INFO] PluginManage:310 - Check plugin tutovideos
2024-11-04 10:12:21,404 [INFO] PluginManage:359 - Loaded plugin tutovideos (category:base,tabindex:-1)
2024-11-04 10:12:21,404 [INFO] PluginManage:310 - Check plugin updater
2024-11-04 10:12:21,436 [INFO] PluginManage:359 - Loaded plugin updater (category:base,tabindex:12)
2024-11-04 10:12:21,436 [INFO] PluginManage:310 - Check plugin userauth
2024-11-04 10:12:21,479 [INFO] UserAuth:113 - Init User Auth plugin
2024-11-04 10:12:21,479 [INFO] PluginManage:359 - Loaded plugin userauth (category:base,tabindex:14)
2024-11-04 10:12:21,480 [INFO] PluginManage:283 - PluginManage : Loaded plugins [18]
2024-11-04 10:12:21,840 [INFO] PinOutPanel:1561 - setPackage(No Configuration,No Configuration)
2024-11-04 10:12:21,974 [INFO] CADModel:165 - CPN selected for project level
2024-11-04 10:12:21,974 [INFO] CADModel:114 - Register for checkConnection events
2024-11-04 10:12:22,415 [INFO] IPUIPlugin:80 - create IPUIPlugin
2024-11-04 10:12:22,415 [INFO] PluginManager:220 - loadIPPluginJar : add adc
2024-11-04 10:12:22,417 [INFO] IPUIPlugin:80 - create IPUIPlugin
2024-11-04 10:12:22,418 [INFO] PluginManager:220 - loadIPPluginJar : add aes
2024-11-04 10:12:22,419 [INFO] IPUIPlugin:80 - create IPUIPlugin
2024-11-04 10:12:22,420 [INFO] PluginManager:220 - loadIPPluginJar : add can
2024-11-04 10:12:22,421 [INFO] IPUIPlugin:80 - create IPUIPlugin
2024-11-04 10:12:22,421 [INFO] PluginManager:220 - loadIPPluginJar : add comp
2024-11-04 10:12:22,423 [INFO] IPUIPlugin:80 - create IPUIPlugin
2024-11-04 10:12:22,423 [INFO] PluginManager:220 - loadIPPluginJar : add cryp
2024-11-04 10:12:22,439 [INFO] IPUIPlugin:80 - create IPUIPlugin
2024-11-04 10:12:22,439 [INFO] PluginManager:220 - loadIPPluginJar : add ddr_ctrl_phy
2024-11-04 10:12:22,441 [INFO] IPUIPlugin:80 - create IPUIPlugin
2024-11-04 10:12:22,441 [INFO] PluginManager:220 - loadIPPluginJar : add dfsdm
2024-11-04 10:12:22,444 [INFO] IPUIPlugin:80 - create IPUIPlugin
2024-11-04 10:12:22,445 [INFO] PluginManager:220 - loadIPPluginJar : add dma
2024-11-04 10:12:22,448 [INFO] IPUIPlugin:80 - create IPUIPlugin
2024-11-04 10:12:22,448 [INFO] PluginManager:220 - loadIPPluginJar : add dma3
2024-11-04 10:12:22,450 [INFO] IPUIPlugin:80 - create IPUIPlugin
2024-11-04 10:12:22,450 [INFO] PluginManager:220 - loadIPPluginJar : add extmemmanager
2024-11-04 10:12:22,451 [INFO] IPUIPlugin:80 - create IPUIPlugin
2024-11-04 10:12:22,452 [INFO] PluginManager:220 - loadIPPluginJar : add fatfs
2024-11-04 10:12:22,465 [INFO] IPUIPlugin:80 - create IPUIPlugin
2024-11-04 10:12:22,465 [INFO] PluginManager:220 - loadIPPluginJar : add fmc
2024-11-04 10:12:22,489 [INFO] IPUIPlugin:80 - create IPUIPlugin
2024-11-04 10:12:22,489 [INFO] PluginManager:220 - loadIPPluginJar : add freertos
2024-11-04 10:12:22,490 [INFO] IPUIPlugin:80 - create IPUIPlugin
2024-11-04 10:12:22,490 [INFO] PluginManager:220 - loadIPPluginJar : add genericplugin
2024-11-04 10:12:22,492 [INFO] IPUIPlugin:80 - create IPUIPlugin
2024-11-04 10:12:22,492 [INFO] PluginManager:220 - loadIPPluginJar : add gfxmmu
2024-11-04 10:12:22,496 [INFO] IPUIPlugin:80 - create IPUIPlugin
2024-11-04 10:12:22,496 [INFO] PluginManager:220 - loadIPPluginJar : add gic
2024-11-04 10:12:22,499 [INFO] IPUIPlugin:80 - create IPUIPlugin
2024-11-04 10:12:22,499 [INFO] PluginManager:220 - loadIPPluginJar : add gpio
2024-11-04 10:12:22,501 [INFO] IPUIPlugin:80 - create IPUIPlugin
2024-11-04 10:12:22,501 [INFO] PluginManager:220 - loadIPPluginJar : add gtzc
2024-11-04 10:12:22,503 [INFO] IPUIPlugin:80 - create IPUIPlugin
2024-11-04 10:12:22,503 [INFO] PluginManager:220 - loadIPPluginJar : add hash
2024-11-04 10:12:22,506 [INFO] IPUIPlugin:80 - create IPUIPlugin
2024-11-04 10:12:22,506 [INFO] PluginManager:220 - loadIPPluginJar : add i2c
2024-11-04 10:12:22,508 [INFO] IPUIPlugin:80 - create IPUIPlugin
2024-11-04 10:12:22,508 [INFO] PluginManager:220 - loadIPPluginJar : add i2s
2024-11-04 10:12:22,509 [INFO] IPUIPlugin:80 - create IPUIPlugin
2024-11-04 10:12:22,510 [INFO] PluginManager:220 - loadIPPluginJar : add i3c
2024-11-04 10:12:22,512 [INFO] IPUIPlugin:80 - create IPUIPlugin
2024-11-04 10:12:22,512 [INFO] PluginManager:220 - loadIPPluginJar : add ipddr
2024-11-04 10:12:22,538 [INFO] IPUIPlugin:80 - create IPUIPlugin
2024-11-04 10:12:22,538 [INFO] PluginManager:220 - loadIPPluginJar : add linkedlist
2024-11-04 10:12:22,540 [INFO] IPUIPlugin:80 - create IPUIPlugin
2024-11-04 10:12:22,540 [INFO] PluginManager:220 - loadIPPluginJar : add lorawan
2024-11-04 10:12:22,541 [INFO] IPUIPlugin:80 - create IPUIPlugin
2024-11-04 10:12:22,542 [INFO] PluginManager:220 - loadIPPluginJar : add ltdc
2024-11-04 10:12:22,545 [INFO] IPUIPlugin:80 - create IPUIPlugin
2024-11-04 10:12:22,545 [INFO] PluginManager:220 - loadIPPluginJar : add mdma
2024-11-04 10:12:22,548 [INFO] IPUIPlugin:80 - create IPUIPlugin
2024-11-04 10:12:22,548 [INFO] PluginManager:220 - loadIPPluginJar : add nvic
2024-11-04 10:12:22,550 [INFO] IPUIPlugin:80 - create IPUIPlugin
2024-11-04 10:12:22,550 [INFO] PluginManager:220 - loadIPPluginJar : add opamp
2024-11-04 10:12:22,552 [INFO] IPUIPlugin:80 - create IPUIPlugin
2024-11-04 10:12:22,552 [INFO] PluginManager:220 - loadIPPluginJar : add openamp
2024-11-04 10:12:22,555 [INFO] IPUIPlugin:80 - create IPUIPlugin
2024-11-04 10:12:22,555 [INFO] PluginManager:220 - loadIPPluginJar : add pdm2pcm
2024-11-04 10:12:22,560 [INFO] IPUIPlugin:80 - create IPUIPlugin
2024-11-04 10:12:22,562 [INFO] PluginManager:220 - loadIPPluginJar : add plateformsettings
2024-11-04 10:12:22,564 [INFO] IPUIPlugin:80 - create IPUIPlugin
2024-11-04 10:12:22,564 [INFO] PluginManager:220 - loadIPPluginJar : add quadspi
2024-11-04 10:12:22,566 [INFO] IPUIPlugin:80 - create IPUIPlugin
2024-11-04 10:12:22,566 [INFO] PluginManager:220 - loadIPPluginJar : add radio
2024-11-04 10:12:22,569 [INFO] IPUIPlugin:80 - create IPUIPlugin
2024-11-04 10:12:22,569 [INFO] PluginManager:220 - loadIPPluginJar : add resmgrutility
2024-11-04 10:12:22,572 [INFO] IPUIPlugin:80 - create IPUIPlugin
2024-11-04 10:12:22,572 [INFO] PluginManager:220 - loadIPPluginJar : add sai
2024-11-04 10:12:22,574 [INFO] IPUIPlugin:80 - create IPUIPlugin
2024-11-04 10:12:22,574 [INFO] PluginManager:220 - loadIPPluginJar : add spi
2024-11-04 10:12:22,577 [INFO] IPUIPlugin:80 - create IPUIPlugin
2024-11-04 10:12:22,577 [INFO] PluginManager:220 - loadIPPluginJar : add stm32_wpan
2024-11-04 10:12:22,579 [INFO] IPUIPlugin:80 - create IPUIPlugin
2024-11-04 10:12:22,579 [INFO] PluginManager:220 - loadIPPluginJar : add tim
2024-11-04 10:12:22,581 [INFO] IPUIPlugin:80 - create IPUIPlugin
2024-11-04 10:12:22,581 [INFO] PluginManager:220 - loadIPPluginJar : add touchsensing
2024-11-04 10:12:22,582 [INFO] IPUIPlugin:80 - create IPUIPlugin
2024-11-04 10:12:22,582 [INFO] PluginManager:220 - loadIPPluginJar : add tracer_emb
2024-11-04 10:12:22,584 [INFO] IPUIPlugin:80 - create IPUIPlugin
2024-11-04 10:12:22,584 [INFO] PluginManager:220 - loadIPPluginJar : add ts
2024-11-04 10:12:22,586 [INFO] IPUIPlugin:80 - create IPUIPlugin
2024-11-04 10:12:22,586 [INFO] PluginManager:220 - loadIPPluginJar : add tsc
2024-11-04 10:12:22,588 [INFO] IPUIPlugin:80 - create IPUIPlugin
2024-11-04 10:12:22,588 [INFO] PluginManager:220 - loadIPPluginJar : add ucpd
2024-11-04 10:12:22,591 [INFO] IPUIPlugin:80 - create IPUIPlugin
2024-11-04 10:12:22,591 [INFO] PluginManager:220 - loadIPPluginJar : add usart
2024-11-04 10:12:22,594 [INFO] IPUIPlugin:80 - create IPUIPlugin
2024-11-04 10:12:22,594 [INFO] PluginManager:220 - loadIPPluginJar : add usbx
2024-11-04 10:12:22,775 [INFO] CADModel:165 - CPN selected for project level
2024-11-04 10:12:22,776 [INFO] CADModel:114 - Register for checkConnection events
2024-11-04 10:12:22,776 [FATAL] Updater:334 - Updater called before beeing initialized
2024-11-04 10:12:22,776 [ERROR] CADModel:125 - Updater not yet initialized, retry later 
2024-11-04 10:12:22,968 [INFO] CADModel:165 - CPN selected for project level
2024-11-04 10:12:22,968 [INFO] CADModel:114 - Register for checkConnection events
2024-11-04 10:12:22,968 [FATAL] Updater:334 - Updater called before beeing initialized
2024-11-04 10:12:22,968 [ERROR] CADModel:125 - Updater not yet initialized, retry later 
2024-11-04 10:12:22,971 [FATAL] Updater:334 - Updater called before beeing initialized
2024-11-04 10:12:23,056 [FATAL] Updater:334 - Updater called before beeing initialized
2024-11-04 10:12:23,061 [INFO] DbMcusAds:53 - JSON generation date=Fri Sep 20 21:04:38 CST 2024 (1726837478367)
2024-11-04 10:12:23,061 [FATAL] Updater:334 - Updater called before beeing initialized
2024-11-04 10:12:23,267 [WARN] DetailPanel:346 - Failed to get advertising image, set to default
2024-11-04 10:12:23,386 [FATAL] Updater:334 - Updater called before beeing initialized
2024-11-04 10:12:23,387 [FATAL] Updater:334 - Updater called before beeing initialized
2024-11-04 10:12:23,387 [FATAL] Updater:334 - Updater called before beeing initialized
2024-11-04 10:12:23,387 [WARN] DetailPanel:346 - Failed to get advertising image, set to default
2024-11-04 10:12:23,388 [FATAL] Updater:334 - Updater called before beeing initialized
2024-11-04 10:12:23,515 [ERROR] Updater:1164 - MainUpdater not yet initialized. External WinMGr cannot be set.
2024-11-04 10:12:23,531 [INFO] Updater:1100 - Updater Version found : 6.12.1
2024-11-04 10:12:23,563 [INFO] ApplicationProperties:184 - Using Application install path: D:\software\STM32CubeIDE_1.16.1\STM32CubeIDE\plugins\com.st.stm32cube.common.mx_6.12.1.202409122256
2024-11-04 10:12:24,215 [INFO] ThirdPartyUpdaterWithRetryManager:70 - Updater plugin not ready yet. [2/15]
2024-11-04 10:12:25,144 [ERROR] LogOutputStream:75 - [STDERR_REDIRECT] Nov 04, 2024 10:12:25 AM java.util.prefs.WindowsPreferences <init>
2024-11-04 10:12:25,145 [ERROR] LogOutputStream:75 - [STDERR_REDIRECT] WARNING: Could not open/create prefs root node Software\JavaSoft\Prefs at root 0xffffffff80000002. Windows RegCreateKeyEx(...) returned error code 5.
2024-11-04 10:12:25,145 [ERROR] LogOutputStream:75 - [STDERR_REDIRECT] 
2024-11-04 10:12:25,684 [INFO] MainUpdater:2873 - connection check result : 10
2024-11-04 10:12:25,684 [INFO] MainUpdater:290 - Updater Check For Update Now.
2024-11-04 10:12:25,685 [INFO] MicroXplorer:498 - Change Database Version : DB.6.0.121
2024-11-04 10:12:25,717 [INFO] McuFinderGlobals:63 - Set McuFinder mode to 2 (CubeIDE integrated)
2024-11-04 10:12:25,718 [INFO] UserAuth:417 - Internet connection configuration mode: 1
2024-11-04 10:12:25,789 [INFO] JxBrowserEngine:152 - Initiate JxBrowser Engine with user profile folder
2024-11-04 10:12:25,924 [INFO] CheckServerUpdateThread:120 - End of CheckServer Thread
2024-11-04 10:12:26,898 [INFO] WebApp:167 - Instantiating new browser for Auth
2024-11-04 10:12:28,148 [INFO] WebApp:448 - Apply proxy settings
2024-11-04 10:12:28,148 [INFO] WebApp:533 - Chromium requires no authentication
2024-11-04 10:12:28,321 [INFO] WebApp:476 - Direct internet connection detected
2024-11-04 10:12:28,635 [INFO] WebApp:869 - Register for checkConnection events
2024-11-04 10:12:28,635 [INFO] WebApp:448 - Apply proxy settings
2024-11-04 10:12:28,636 [INFO] WebApp:533 - Chromium requires no authentication
2024-11-04 10:12:28,636 [INFO] WebApp:476 - Direct internet connection detected
2024-11-04 10:12:28,770 [WARN] PackLoader:240 - Cannot read IP mode file for STMicroelectronics.FP-SNS-MOTENVWB1.1.4.0
2024-11-04 10:12:28,889 [WARN] PackLoader:240 - Cannot read IP mode file for STMicroelectronics.X-CUBE-SMBUS.2.1.0
2024-11-04 10:12:28,966 [WARN] PackLoader:240 - Cannot read IP mode file for STMicroelectronics.X-CUBE-WB05N.1.1.0
2024-11-04 10:12:29,043 [WARN] PackLoader:240 - Cannot read IP mode file for STMicroelectronics.X-CUBE-AZRTOS-F7.1.1.0
2024-11-04 10:12:29,071 [WARN] PackLoader:240 - Cannot read IP mode file for STMicroelectronics.FP-SNS-MOTENV1.4.3.2
2024-11-04 10:12:29,109 [WARN] PackLoader:240 - Cannot read IP mode file for STMicroelectronics.X-CUBE-MEMS1.11.0.0
2024-11-04 10:12:29,187 [WARN] PackLoader:240 - Cannot read IP mode file for STMicroelectronics.X-CUBE-BLE1.6.2.4
2024-11-04 10:12:29,193 [WARN] PackLoader:240 - Cannot read IP mode file for STMicroelectronics.FP-SNS-FLIGHT1.5.0.2
2024-11-04 10:12:29,207 [WARN] PackLoader:240 - Cannot read IP mode file for STMicroelectronics.X-CUBE-DISPLAY.3.0.0
2024-11-04 10:12:29,214 [WARN] PackLoader:240 - Cannot read IP mode file for STMicroelectronics.X-CUBE-BLE1.7.0.0
2024-11-04 10:12:29,244 [WARN] PackLoader:240 - Cannot read IP mode file for STMicroelectronics.X-CUBE-NFC10.1.0.0
2024-11-04 10:12:29,298 [WARN] PackLoader:240 - Cannot read IP mode file for STMicroelectronics.X-CUBE-TOUCHGFX.4.22.0
2024-11-04 10:12:29,322 [WARN] PackLoader:240 - Cannot read IP mode file for STMicroelectronics.X-CUBE-TOUCHGFX.4.22.1
2024-11-04 10:12:29,373 [WARN] PackLoader:240 - Cannot read IP mode file for STMicroelectronics.X-CUBE-BLEMGR.3.1.0
2024-11-04 10:12:29,384 [WARN] PackLoader:240 - Cannot read IP mode file for STMicroelectronics.FP-SNS-SMARTAG2.1.2.0
2024-11-04 10:12:29,398 [INFO] LogOutputStream:77 - [STDOUT_REDIRECT] 1 : Invalid condition id : UX_CORESTACK_Condition cause : null
2024-11-04 10:12:29,398 [INFO] LogOutputStream:77 - [STDOUT_REDIRECT] 1 : Invalid condition id : UX_CORESTACK_Condition cause : null
2024-11-04 10:12:29,399 [INFO] LogOutputStream:77 - [STDOUT_REDIRECT] 1 : Invalid condition id : UX_CORESTACK_Condition cause : null
2024-11-04 10:12:29,400 [INFO] LogOutputStream:77 - [STDOUT_REDIRECT] 1 : Invalid condition id : UX_CORESTACK_Condition cause : null
2024-11-04 10:12:29,401 [INFO] LogOutputStream:77 - [STDOUT_REDIRECT] 1 : Invalid condition id : UX_CORESTACK_Condition cause : null
2024-11-04 10:12:29,403 [WARN] PackLoader:240 - Cannot read IP mode file for STMicroelectronics.X-CUBE-AZRTOS-WL.2.0.0
2024-11-04 10:12:29,409 [WARN] PackLoader:240 - Cannot read IP mode file for STMicroelectronics.FP-SNS-MOTENV1.5.0.0
2024-11-04 10:12:29,419 [WARN] PackLoader:240 - Cannot read IP mode file for wolfSSL.I-CUBE-wolfMQTT.1.19.0
2024-11-04 10:12:29,446 [WARN] PackLoader:240 - Cannot read IP mode file for WES.I-CUBE-Cesium.1.3.0
2024-11-04 10:12:29,463 [WARN] PackLoader:240 - Cannot read IP mode file for STMicroelectronics.X-CUBE-BLE2.3.3.0
2024-11-04 10:12:29,472 [WARN] PackLoader:240 - Cannot read IP mode file for STMicroelectronics.X-CUBE-TOF1.3.2.0
2024-11-04 10:12:29,481 [WARN] PackLoader:240 - Cannot read IP mode file for STMicroelectronics.X-CUBE-NFC9.1.0.0
2024-11-04 10:12:29,495 [WARN] PackLoader:240 - Cannot read IP mode file for STMicroelectronics.X-CUBE-TCPP.4.1.0
2024-11-04 10:12:29,510 [WARN] PackLoader:240 - Cannot read IP mode file for STMicroelectronics.X-CUBE-TOUCHGFX.4.21.1
2024-11-04 10:12:29,558 [WARN] PackLoader:240 - Cannot read IP mode file for STMicroelectronics.X-CUBE-MEMS1.9.4.0
2024-11-04 10:12:29,663 [WARN] PackLoader:240 - Cannot read IP mode file for STMicroelectronics.X-CUBE-AI.7.3.0
2024-11-04 10:12:29,671 [WARN] PackLoader:240 - Cannot read IP mode file for STMicroelectronics.X-CUBE-ALGOBUILD.1.3.0
2024-11-04 10:12:29,689 [WARN] PackLoader:240 - Cannot read IP mode file for STMicroelectronics.X-CUBE-AZRTOS-G0.1.1.0
2024-11-04 10:12:29,697 [WARN] PackLoader:240 - Cannot read IP mode file for STMicroelectronics.X-CUBE-SAFEA1.1.2.2
2024-11-04 10:12:29,704 [WARN] PackLoader:240 - Cannot read IP mode file for STMicroelectronics.X-CUBE-NFC4.3.0.0
2024-11-04 10:12:29,741 [WARN] PackLoader:240 - Cannot read IP mode file for EmbeddedOffice.I-CUBE-FS-RTOS.1.0.1
2024-11-04 10:12:29,742 [ERROR] ConditionMgr:805 - Attr not supported : Dmpu
2024-11-04 10:12:29,742 [ERROR] ConditionMgr:805 - Attr not supported : Dmpu
2024-11-04 10:12:29,742 [ERROR] ConditionMgr:805 - Attr not supported : Dmpu
2024-11-04 10:12:29,742 [ERROR] ConditionMgr:805 - Attr not supported : Dmpu
2024-11-04 10:12:29,742 [ERROR] ConditionMgr:805 - Attr not supported : Dmpu
2024-11-04 10:12:29,742 [ERROR] ConditionMgr:805 - Attr not supported : Dmpu
2024-11-04 10:12:29,742 [ERROR] ConditionMgr:805 - Attr not supported : Dmpu
2024-11-04 10:12:29,743 [ERROR] ConditionMgr:805 - Attr not supported : Dmpu
2024-11-04 10:12:29,743 [ERROR] ConditionMgr:805 - Attr not supported : Dmpu
2024-11-04 10:12:29,743 [ERROR] ConditionMgr:805 - Attr not supported : Dmpu
2024-11-04 10:12:29,743 [ERROR] ConditionMgr:805 - Attr not supported : Dmpu
2024-11-04 10:12:29,743 [ERROR] ConditionMgr:805 - Attr not supported : Dmpu
2024-11-04 10:12:29,743 [ERROR] ConditionMgr:805 - Attr not supported : Dmpu
2024-11-04 10:12:29,743 [ERROR] ConditionMgr:805 - Attr not supported : Dmpu
2024-11-04 10:12:29,743 [ERROR] ConditionMgr:805 - Attr not supported : Dmpu
2024-11-04 10:12:29,743 [ERROR] ConditionMgr:805 - Attr not supported : Dmpu
2024-11-04 10:12:29,743 [ERROR] ConditionMgr:805 - Attr not supported : Dmpu
2024-11-04 10:12:29,743 [ERROR] ConditionMgr:805 - Attr not supported : Dmpu
2024-11-04 10:12:29,743 [ERROR] ConditionMgr:805 - Attr not supported : Dmpu
2024-11-04 10:12:29,743 [ERROR] ConditionMgr:805 - Attr not supported : Dmpu
2024-11-04 10:12:29,743 [ERROR] ConditionMgr:805 - Attr not supported : Dmpu
2024-11-04 10:12:29,743 [ERROR] ConditionMgr:805 - Attr not supported : Dmpu
2024-11-04 10:12:29,743 [ERROR] ConditionMgr:805 - Attr not supported : Dmpu
2024-11-04 10:12:29,744 [ERROR] ConditionMgr:805 - Attr not supported : Dmpu
2024-11-04 10:12:29,744 [ERROR] ConditionMgr:805 - Attr not supported : Dmpu
2024-11-04 10:12:29,744 [ERROR] ConditionMgr:805 - Attr not supported : Dmpu
2024-11-04 10:12:29,744 [ERROR] ConditionMgr:805 - Attr not supported : Dmpu
2024-11-04 10:12:29,744 [ERROR] ConditionMgr:805 - Attr not supported : Dmpu
2024-11-04 10:12:29,744 [ERROR] ConditionMgr:805 - Attr not supported : Dmpu
2024-11-04 10:12:29,744 [ERROR] ConditionMgr:805 - Attr not supported : Dmpu
2024-11-04 10:12:29,744 [ERROR] ConditionMgr:805 - Attr not supported : Dmpu
2024-11-04 10:12:29,744 [ERROR] ConditionMgr:805 - Attr not supported : Dmpu
2024-11-04 10:12:29,744 [ERROR] ConditionMgr:805 - Attr not supported : Dmpu
2024-11-04 10:12:29,744 [ERROR] ConditionMgr:805 - Attr not supported : Dmpu
2024-11-04 10:12:29,744 [ERROR] ConditionMgr:805 - Attr not supported : Dmpu
2024-11-04 10:12:29,744 [ERROR] ConditionMgr:805 - Attr not supported : Dmpu
2024-11-04 10:12:29,744 [ERROR] ConditionMgr:805 - Attr not supported : Dmpu
2024-11-04 10:12:29,744 [ERROR] ConditionMgr:805 - Attr not supported : Dmpu
2024-11-04 10:12:29,744 [ERROR] ConditionMgr:805 - Attr not supported : Dmpu
2024-11-04 10:12:29,745 [ERROR] ConditionMgr:805 - Attr not supported : Dmpu
2024-11-04 10:12:29,745 [ERROR] ConditionMgr:805 - Attr not supported : Dmpu
2024-11-04 10:12:29,745 [ERROR] ConditionMgr:805 - Attr not supported : Dmpu
2024-11-04 10:12:29,745 [ERROR] ConditionMgr:805 - Attr not supported : Dmpu
2024-11-04 10:12:29,745 [ERROR] ConditionMgr:805 - Attr not supported : Dmpu
2024-11-04 10:12:29,745 [ERROR] ConditionMgr:805 - Attr not supported : Dmpu
2024-11-04 10:12:29,745 [ERROR] ConditionMgr:805 - Attr not supported : Dmpu
2024-11-04 10:12:29,745 [ERROR] ConditionMgr:805 - Attr not supported : Dmpu
2024-11-04 10:12:29,745 [ERROR] ConditionMgr:805 - Attr not supported : Dmpu
2024-11-04 10:12:29,745 [ERROR] ConditionMgr:805 - Attr not supported : Dmpu
2024-11-04 10:12:29,745 [ERROR] ConditionMgr:805 - Attr not supported : Dmpu
2024-11-04 10:12:29,745 [ERROR] ConditionMgr:805 - Attr not supported : Dmpu
2024-11-04 10:12:29,745 [ERROR] ConditionMgr:805 - Attr not supported : Dmpu
2024-11-04 10:12:29,746 [ERROR] ConditionMgr:805 - Attr not supported : Dmpu
2024-11-04 10:12:29,746 [ERROR] ConditionMgr:805 - Attr not supported : Dmpu
2024-11-04 10:12:29,746 [ERROR] ConditionMgr:805 - Attr not supported : Dmpu
2024-11-04 10:12:29,746 [ERROR] ConditionMgr:805 - Attr not supported : Dmpu
2024-11-04 10:12:29,746 [ERROR] ConditionMgr:805 - Attr not supported : Dmpu
2024-11-04 10:12:29,746 [ERROR] ConditionMgr:805 - Attr not supported : Dmpu
2024-11-04 10:12:29,746 [ERROR] ConditionMgr:805 - Attr not supported : Dmpu
2024-11-04 10:12:29,746 [ERROR] ConditionMgr:805 - Attr not supported : Dmpu
2024-11-04 10:12:29,746 [ERROR] ConditionMgr:805 - Attr not supported : Dmpu
2024-11-04 10:12:29,746 [ERROR] ConditionMgr:805 - Attr not supported : Dmpu
2024-11-04 10:12:29,746 [ERROR] ConditionMgr:805 - Attr not supported : Dmpu
2024-11-04 10:12:29,746 [ERROR] ConditionMgr:805 - Attr not supported : Dmpu
2024-11-04 10:12:29,760 [WARN] PackLoader:240 - Cannot read IP mode file for STMicroelectronics.X-CUBE-BLEMGR.3.0.0
2024-11-04 10:12:29,813 [WARN] PackLoader:240 - Cannot read IP mode file for STMicroelectronics.X-CUBE-BLEMGR.1.3.0
2024-11-04 10:12:29,846 [WARN] PackLoader:240 - Cannot read IP mode file for RealThread.X-CUBE-RT-Thread_Nano.4.1.1
2024-11-04 10:12:29,851 [WARN] PackLoader:240 - Cannot read IP mode file for STMicroelectronics.FP-ATR-SIGFOX1.3.2.0
2024-11-04 10:12:29,900 [WARN] PackLoader:240 - Cannot read IP mode file for STMicroelectronics.X-CUBE-EEPRMA1.5.1.0
2024-11-04 10:12:29,930 [WARN] PackLoader:240 - Cannot read IP mode file for STMicroelectronics.X-CUBE-MEMS1.9.5.0
2024-11-04 10:12:29,995 [INFO] WebApp:220 - Starting web application
2024-11-04 10:12:29,995 [INFO] WebApp:578 - Web application path used D:\software\STM32CubeIDE_1.16.1\STM32CubeIDE\plugins\com.st.stm32cube.common.mx_6.12.1.202409122256\db\plugins\mcufinder\reactClient1\index.html
2024-11-04 10:12:30,002 [WARN] PackLoader:240 - Cannot read IP mode file for SEGGER.I-CUBE-embOS.1.3.1
2024-11-04 10:12:30,067 [WARN] PackLoader:240 - Cannot read IP mode file for STMicroelectronics.X-CUBE-ALGOBUILD.1.4.0
2024-11-04 10:12:30,103 [WARN] PackLoader:240 - Cannot read IP mode file for STMicroelectronics.X-CUBE-AI.9.1.0
2024-11-04 10:12:30,109 [WARN] PackLoader:240 - Cannot read IP mode file for STMicroelectronics.X-CUBE-GNSS1.6.0.0
2024-11-04 10:12:30,139 [WARN] PackLoader:240 - Cannot read IP mode file for STMicroelectronics.X-CUBE-AZRTOS-F4.1.1.0
2024-11-04 10:12:30,162 [WARN] PackLoader:240 - Cannot read IP mode file for STMicroelectronics.X-CUBE-ISPU.2.1.0
2024-11-04 10:12:30,175 [WARN] PackLoader:240 - Cannot read IP mode file for STMicroelectronics.X-CUBE-FREERTOS.1.2.0
2024-11-04 10:12:30,188 [WARN] PackLoader:240 - Cannot read IP mode file for STMicroelectronics.X-CUBE-AZRTOS-L5.2.0.0
2024-11-04 10:12:30,214 [WARN] PackLoader:240 - Cannot read IP mode file for STMicroelectronics.X-CUBE-MEMS1.9.6.0
2024-11-04 10:12:30,328 [WARN] PackLoader:240 - Cannot read IP mode file for STMicroelectronics.X-CUBE-EEPRMA1.4.2.0
2024-11-04 10:12:30,338 [WARN] PackLoader:240 - Cannot read IP mode file for STMicroelectronics.X-CUBE-NFC6.3.1.0
2024-11-04 10:12:30,344 [WARN] PackLoader:240 - Cannot read IP mode file for ITTIA_DB.I-CUBE-ITTIADB.8.8.0
2024-11-04 10:12:30,353 [WARN] PackLoader:240 - Cannot read IP mode file for emotas.I-CUBE-CANOPEN.1.1.3
2024-11-04 10:12:30,358 [WARN] PackLoader:240 - Cannot read IP mode file for STMicroelectronics.X-CUBE-BLEMGR.2.0.0
2024-11-04 10:12:30,360 [INFO] UserAuth:417 - Internet connection configuration mode: 1
2024-11-04 10:12:30,364 [WARN] PackLoader:240 - Cannot read IP mode file for STMicroelectronics.X-CUBE-DPower.1.2.0
2024-11-04 10:12:30,367 [WARN] PackLoader:240 - Cannot read IP mode file for STMicroelectronics.X-CUBE-AI.9.0.0
2024-11-04 10:12:30,378 [WARN] ConditionMgr:438 - getConditionDescription Invalid condition id : UX DEVICE CLASS RTOS Condition cause : null
2024-11-04 10:12:30,379 [WARN] ConditionMgr:438 - getConditionDescription Invalid condition id : UX DEVICE CLASS RTOS Condition cause : null
2024-11-04 10:12:30,380 [WARN] PackLoader:240 - Cannot read IP mode file for STMicroelectronics.X-CUBE-AZRTOS-H7.3.1.0
2024-11-04 10:12:30,380 [WARN] ConditionMgr:1039 - genDependencies : Invalid condition id : UX DEVICE CLASS RTOS Condition cause : null
2024-11-04 10:12:30,381 [WARN] ConditionMgr:1039 - genDependencies : Invalid condition id : UX DEVICE CLASS RTOS Condition cause : null
2024-11-04 10:12:30,381 [WARN] ConditionMgr:1039 - genDependencies : Invalid condition id : UX DEVICE CLASS RTOS Condition cause : null
2024-11-04 10:12:30,381 [WARN] ConditionMgr:1039 - genDependencies : Invalid condition id : UX DEVICE CLASS RTOS Condition cause : null
2024-11-04 10:12:30,381 [WARN] ConditionMgr:1039 - genDependencies : Invalid condition id : UX DEVICE CLASS RTOS Condition cause : null
2024-11-04 10:12:30,388 [WARN] PackLoader:240 - Cannot read IP mode file for wolfSSL.I-CUBE-wolfSSL.5.5.4
2024-11-04 10:12:30,393 [WARN] PackLoader:240 - Cannot read IP mode file for STMicroelectronics.X-CUBE-NFC7.1.0.1
2024-11-04 10:12:30,397 [WARN] PackLoader:240 - Cannot read IP mode file for STMicroelectronics.X-CUBE-NFC7.1.0.0
2024-11-04 10:12:30,401 [WARN] PackLoader:240 - Cannot read IP mode file for wolfSSL.I-CUBE-wolfTPM.3.2.0
2024-11-04 10:12:30,405 [WARN] PackLoader:240 - Cannot read IP mode file for STMicroelectronics.X-CUBE-NFC6.3.0.0
2024-11-04 10:12:30,409 [WARN] PackLoader:240 - Cannot read IP mode file for STMicroelectronics.X-CUBE-EEPRMA1.4.1.0
2024-11-04 10:12:30,413 [WARN] PackLoader:240 - Cannot read IP mode file for STMicroelectronics.X-CUBE-AI.8.1.0
2024-11-04 10:12:30,426 [WARN] ConditionMgr:438 - getConditionDescription Invalid condition id : LAN8742 Phy interface Condition cause : null
2024-11-04 10:12:30,426 [WARN] PackLoader:240 - Cannot read IP mode file for STMicroelectronics.X-CUBE-AZRTOS-L4.2.0.0
2024-11-04 10:12:30,427 [WARN] ConditionMgr:1039 - genDependencies : Invalid condition id : LAN8742 Phy interface Condition cause : null
2024-11-04 10:12:30,427 [WARN] ConditionMgr:1039 - genDependencies : Invalid condition id : LAN8742 Phy interface Condition cause : null
2024-11-04 10:12:30,427 [WARN] ConditionMgr:1039 - genDependencies : Invalid condition id : LAN8742 Phy interface Condition cause : null
2024-11-04 10:12:30,432 [WARN] PackLoader:240 - Cannot read IP mode file for STMicroelectronics.X-CUBE-SFXS2LP1.4.0.0
2024-11-04 10:12:30,443 [WARN] PackLoader:240 - Cannot read IP mode file for STMicroelectronics.X-CUBE-AZRTOS-H7.3.0.0
2024-11-04 10:12:30,449 [WARN] PackLoader:240 - Cannot read IP mode file for STMicroelectronics.X-CUBE-ISPU.1.1.0
2024-11-04 10:12:30,460 [WARN] PackLoader:240 - Cannot read IP mode file for STMicroelectronics.X-CUBE-AZRTOS-H7.3.3.0
2024-11-04 10:12:30,470 [WARN] PackLoader:240 - Cannot read IP mode file for RoweBots.I-CUBE-UNISONRTOS.5.5.0-4
2024-11-04 10:12:30,477 [WARN] PackLoader:240 - Cannot read IP mode file for STMicroelectronics.X-CUBE-IPS.3.0.0
2024-11-04 10:12:30,486 [WARN] ConditionMgr:438 - getConditionDescription Invalid condition id : UX DEVICE CLASS RTOS Condition cause : null
2024-11-04 10:12:30,486 [WARN] ConditionMgr:438 - getConditionDescription Invalid condition id : UX DEVICE CLASS RTOS Condition cause : null
2024-11-04 10:12:30,487 [WARN] PackLoader:240 - Cannot read IP mode file for STMicroelectronics.X-CUBE-AZRTOS-WB.2.0.0
2024-11-04 10:12:30,487 [WARN] ConditionMgr:1039 - genDependencies : Invalid condition id : UX DEVICE CLASS RTOS Condition cause : null
2024-11-04 10:12:30,487 [WARN] ConditionMgr:1039 - genDependencies : Invalid condition id : UX DEVICE CLASS RTOS Condition cause : null
2024-11-04 10:12:30,488 [WARN] ConditionMgr:1039 - genDependencies : Invalid condition id : UX DEVICE CLASS RTOS Condition cause : null
2024-11-04 10:12:30,488 [WARN] ConditionMgr:1039 - genDependencies : Invalid condition id : UX DEVICE CLASS RTOS Condition cause : null
2024-11-04 10:12:30,488 [WARN] ConditionMgr:1039 - genDependencies : Invalid condition id : UX DEVICE CLASS RTOS Condition cause : null
2024-11-04 10:12:30,492 [WARN] PackLoader:240 - Cannot read IP mode file for STMicroelectronics.X-CUBE-FREERTOS.1.0.1
2024-11-04 10:12:30,496 [WARN] PackLoader:240 - Cannot read IP mode file for STMicroelectronics.X-CUBE-GNSS1.7.0.0
2024-11-04 10:12:30,535 [WARN] PackLoader:240 - Cannot read IP mode file for STMicroelectronics.FP-SNS-STBOX1.2.0.0
2024-11-04 10:12:30,548 [WARN] PackLoader:240 - Cannot read IP mode file for STMicroelectronics.X-CUBE-AZRTOS-L5.1.1.0
2024-11-04 10:12:30,555 [WARN] PackLoader:240 - Cannot read IP mode file for STMicroelectronics.X-CUBE-AI.8.0.1
2024-11-04 10:12:30,565 [WARN] PackLoader:240 - Cannot read IP mode file for STMicroelectronics.X-CUBE-SUBG2.5.0.0
2024-11-04 10:12:30,573 [WARN] PackLoader:240 - Cannot read IP mode file for Cesanta.I-CUBE-Mongoose.7.13.0
2024-11-04 10:12:30,592 [WARN] PackLoader:240 - Cannot read IP mode file for STMicroelectronics.X-CUBE-TOF1.3.3.1
2024-11-04 10:12:30,605 [WARN] PackLoader:240 - Cannot read IP mode file for STMicroelectronics.X-CUBE-AZRTOS-G4.2.0.0
2024-11-04 10:12:30,619 [WARN] PackLoader:240 - Cannot read IP mode file for STMicroelectronics.FP-ATR-ASTRA1.1.1.1
2024-11-04 10:12:30,630 [WARN] PackLoader:240 - Cannot read IP mode file for Infineon.AIROC-Wi-Fi-Bluetooth-STM32.1.5.1
2024-11-04 10:12:30,635 [WARN] PackLoader:240 - Cannot read IP mode file for STMicroelectronics.FP-SNS-MOTENVWB1.1.3.0
2024-11-04 10:12:30,638 [WARN] PackLoader:240 - Cannot read IP mode file for STMicroelectronics.FP-SNS-MOTENVWB1.1.3.1
2024-11-04 10:12:30,646 [WARN] PackLoader:240 - Cannot read IP mode file for STMicroelectronics.X-CUBE-AZRTOS-G4.1.0.0
2024-11-04 10:12:30,655 [WARN] PackLoader:240 - Cannot read IP mode file for STMicroelectronics.X-CUBE-AZRTOS-L4.1.0.0
2024-11-04 10:12:30,661 [WARN] PackLoader:240 - Cannot read IP mode file for STMicroelectronics.X-CUBE-ISPU.2.0.0
2024-11-04 10:12:30,667 [WARN] PackLoader:240 - Cannot read IP mode file for STMicroelectronics.X-CUBE-ALS.1.0.2
2024-11-04 10:12:30,684 [WARN] PackLoader:240 - Cannot read IP mode file for STMicroelectronics.X-CUBE-MEMS1.10.0.0
2024-11-04 10:12:30,737 [WARN] PackLoader:240 - Cannot read IP mode file for STMicroelectronics.X-CUBE-FREERTOS.1.1.0
2024-11-04 10:12:30,740 [WARN] PackLoader:240 - Cannot read IP mode file for STMicroelectronics.X-CUBE-TOUCHGFX.4.24.0
2024-11-04 10:12:30,746 [WARN] PackLoader:240 - Cannot read IP mode file for STMicroelectronics.X-CUBE-AZRTOS-WL.1.0.0
2024-11-04 10:12:30,806 [WARN] PackLoader:240 - Cannot read IP mode file for STMicroelectronics.X-CUBE-TOUCHGFX.4.24.1
2024-11-04 10:12:30,814 [WARN] PackLoader:240 - Cannot read IP mode file for portGmbH.I-Cube-SoM-uGOAL.1.1.0
2024-11-04 10:12:30,818 [WARN] PackLoader:240 - Cannot read IP mode file for STMicroelectronics.X-CUBE-ALS.1.0.1
2024-11-04 10:12:30,826 [WARN] PackLoader:240 - Cannot read IP mode file for STMicroelectronics.X-CUBE-AZRTOS-WB.1.1.0
2024-11-04 10:12:30,838 [WARN] PackLoader:240 - Cannot read IP mode file for STMicroelectronics.X-CUBE-AZRTOS-H7RS.1.0.0
2024-11-04 10:12:30,842 [WARN] PackLoader:240 - Cannot read IP mode file for STMicroelectronics.FP-ATR-ASTRA1.2.0.0
2024-11-04 10:12:30,848 [WARN] PackLoader:240 - Cannot read IP mode file for STMicroelectronics.X-CUBE-TOF1.3.4.2
2024-11-04 10:12:30,858 [WARN] PackLoader:240 - Cannot read IP mode file for STMicroelectronics.X-CUBE-TOF1.3.4.0
2024-11-04 10:12:30,951 [WARN] PackLoader:240 - Cannot read IP mode file for wolfSSL.I-CUBE-wolfSSH.1.4.17
2024-11-04 10:12:30,952 [INFO] ThirdParty:978 - Integrity check success = true
2024-11-04 10:12:30,952 [INFO] IntegrityCheckThread:100 - exiting critical section [integrity check]
2024-11-04 10:12:30,952 [INFO] IntegrityCheckThread:103 - End integrity checks thread
2024-11-04 17:30:55,878 [ERROR] LogOutputStream:75 - [STDERR_REDIRECT] 
