2024-11-25 10:48:31,871 [INFO] Activator:176 - 


2024-11-25 10:48:31,896 [INFO] Activator:177 - !SESSION log4j initialized
2024-11-25 10:48:42,216 [INFO] LogOutputStream:77 - [STDOUT_REDIRECT] 
2024-11-25 10:48:47,861 [INFO] ApplicationProperties:184 - Using Application install path: D:\software\STM32CubeIDE_1.16.1\STM32CubeIDE\plugins\com.st.stm32cube.common.mx_6.12.1.202409122256
2024-11-25 10:48:47,901 [INFO] DbMcusXml:78 - Set database path to: D:\software\STM32CubeIDE_1.16.1\STM32CubeIDE\plugins\com.st.stm32cube.common.mx_6.12.1.202409122256\\db\/mcu/
2024-11-25 10:48:47,901 [INFO] ApiDb:274 - Set plugin database path to: D:\software\STM32CubeIDE_1.16.1\STM32CubeIDE\plugins\com.st.stm32cube.common.mx_6.12.1.202409122256\\db\/plugins/boardmanager/
2024-11-25 10:48:47,902 [WARN] ApiDb:259 - Overriding images path with different value:  => D:\software\STM32CubeIDE_1.16.1\STM32CubeIDE\plugins\com.st.stm32cube.common.mx_6.12.1.202409122256\\db\/plugins/mcufinder/images/
2024-11-25 10:48:47,983 [INFO] ApiDb:250 - Set database path to: C:\Users\19948\.stmcufinder\plugins\mcufinder//mcu/
2024-11-25 10:48:47,984 [INFO] DbMcusAds:125 - Set database path to: C:\Users\19948\.stmcufinder\plugins\mcufinder//mcu/
2024-11-25 10:48:47,986 [INFO] CrossReferenceDbSqlite:203 - Set database path to: C:\Users\19948\.stmcufinder\plugins\mcufinder//mcu/cs/
2024-11-25 10:48:48,146 [INFO] RulesReader:64 - Compatibility file has been processed (297 Rules)
2024-11-25 10:48:48,270 [INFO] DbMcusXml:78 - Set database path to: D:\software\STM32CubeIDE_1.16.1\STM32CubeIDE\plugins\com.st.stm32cube.common.mx_6.12.1.202409122256\\db\/mcu/
2024-11-25 10:48:48,270 [INFO] ApiDb:274 - Set plugin database path to: D:\software\STM32CubeIDE_1.16.1\STM32CubeIDE\plugins\com.st.stm32cube.common.mx_6.12.1.202409122256\\db\/plugins/boardmanager/
2024-11-25 10:48:48,270 [INFO] ApiDb:261 - Set plugin images path to: D:\software\STM32CubeIDE_1.16.1\STM32CubeIDE\plugins\com.st.stm32cube.common.mx_6.12.1.202409122256\\db\/plugins/mcufinder/images/
2024-11-25 10:48:48,270 [WARN] DbFile:41 - Overriding database path with different value: C:\Users\19948\.stmcufinder\plugins\mcufinder/ => C:\Users\19948\.stmcufinder\plugins\mcufinder
2024-11-25 10:48:48,271 [INFO] ApiDb:250 - Set database path to: C:\Users\19948\.stmcufinder\plugins\mcufinder//mcu/
2024-11-25 10:48:48,271 [WARN] DbFile:41 - Overriding database path with different value: C:\Users\19948\.stmcufinder\plugins\mcufinder/ => C:\Users\19948\.stmcufinder\plugins\mcufinder
2024-11-25 10:48:48,271 [INFO] DbMcusAds:125 - Set database path to: C:\Users\19948\.stmcufinder\plugins\mcufinder//mcu/
2024-11-25 10:48:48,271 [WARN] DbFile:41 - Overriding database path with different value: C:\Users\19948\.stmcufinder\plugins\mcufinder/ => C:\Users\19948\.stmcufinder\plugins\mcufinder
2024-11-25 10:48:48,271 [WARN] DbFile:41 - Overriding database path with different value: C:\Users\19948\.stmcufinder\plugins\mcufinder/ => C:\Users\19948\.stmcufinder\plugins\mcufinder
2024-11-25 10:48:48,271 [INFO] CrossReferenceDbSqlite:203 - Set database path to: C:\Users\19948\.stmcufinder\plugins\mcufinder//mcu/cs/
2024-11-25 10:48:48,470 [INFO] MainPanel:268 - HeapMemory: 268435456
2024-11-25 10:48:48,601 [INFO] DbMcusXml:78 - Set database path to: D:\software\STM32CubeIDE_1.16.1\STM32CubeIDE\plugins\com.st.stm32cube.common.mx_6.12.1.202409122256\\db\/mcu/
2024-11-25 10:48:48,601 [INFO] ApiDb:274 - Set plugin database path to: D:\software\STM32CubeIDE_1.16.1\STM32CubeIDE\plugins\com.st.stm32cube.common.mx_6.12.1.202409122256\\db\/plugins/boardmanager/
2024-11-25 10:48:48,601 [INFO] ApiDb:261 - Set plugin images path to: D:\software\STM32CubeIDE_1.16.1\STM32CubeIDE\plugins\com.st.stm32cube.common.mx_6.12.1.202409122256\\db\/plugins/mcufinder/images/
2024-11-25 10:48:48,602 [WARN] DbFile:41 - Overriding database path with different value: C:\Users\19948\.stmcufinder\plugins\mcufinder/ => C:\Users\19948\.stmcufinder\plugins\mcufinder
2024-11-25 10:48:48,602 [INFO] ApiDb:250 - Set database path to: C:\Users\19948\.stmcufinder\plugins\mcufinder//mcu/
2024-11-25 10:48:48,602 [WARN] DbFile:41 - Overriding database path with different value: C:\Users\19948\.stmcufinder\plugins\mcufinder/ => C:\Users\19948\.stmcufinder\plugins\mcufinder
2024-11-25 10:48:48,602 [INFO] DbMcusAds:125 - Set database path to: C:\Users\19948\.stmcufinder\plugins\mcufinder//mcu/
2024-11-25 10:48:48,602 [WARN] DbFile:41 - Overriding database path with different value: C:\Users\19948\.stmcufinder\plugins\mcufinder/ => C:\Users\19948\.stmcufinder\plugins\mcufinder
2024-11-25 10:48:48,602 [WARN] DbFile:41 - Overriding database path with different value: C:\Users\19948\.stmcufinder\plugins\mcufinder/ => C:\Users\19948\.stmcufinder\plugins\mcufinder
2024-11-25 10:48:48,602 [INFO] CrossReferenceDbSqlite:203 - Set database path to: C:\Users\19948\.stmcufinder\plugins\mcufinder//mcu/cs/
2024-11-25 10:48:48,621 [INFO] ApplicationProperties:184 - Using Application install path: D:\software\STM32CubeIDE_1.16.1\STM32CubeIDE\plugins\com.st.stm32cube.common.mx_6.12.1.202409122256
2024-11-25 10:48:48,622 [INFO] PluginManage:196 - Search for loadable plugins [exclusion list=, ]
2024-11-25 10:48:48,694 [INFO] PluginManage:310 - Check plugin analytics
2024-11-25 10:48:48,961 [INFO] AnalyticsPlugin:253 - Accepted Software Licenses: 
2024-11-25 10:48:48,961 [INFO] AnalyticsPlugin:255 - Accepted CMSIS Pack Licenses: 
2024-11-25 10:48:48,962 [INFO] AnalyticsPlugin:257 - Accepted Firmware Licenses: FW.F4.1.28.0
2024-11-25 10:48:48,964 [INFO] PluginManage:359 - Loaded plugin analytics (category:tool,tabindex:-1)
2024-11-25 10:48:48,964 [INFO] PluginManage:310 - Check plugin cadmodel
2024-11-25 10:48:49,018 [INFO] CADModel:105 - Init CAD model plugin
2024-11-25 10:48:49,018 [INFO] PluginManage:359 - Loaded plugin cadmodel (category:power,tabindex:5)
2024-11-25 10:48:49,018 [INFO] PluginManage:310 - Check plugin clock
2024-11-25 10:48:49,035 [INFO] PluginManage:359 - Loaded plugin clock (category:base,tabindex:2)
2024-11-25 10:48:49,035 [INFO] PluginManage:310 - Check plugin ddr
2024-11-25 10:48:49,060 [INFO] PluginManage:359 - Loaded plugin ddr (category:tool,tabindex:6)
2024-11-25 10:48:49,060 [INFO] PluginManage:310 - Check plugin filemanager
2024-11-25 10:48:49,605 [INFO] PluginManage:359 - Loaded plugin filemanager (category:base,tabindex:10)
2024-11-25 10:48:49,606 [INFO] PluginManage:310 - Check plugin ipmanager
2024-11-25 10:48:49,629 [INFO] PluginManage:359 - Loaded plugin ipmanager (category:base,tabindex:5)
2024-11-25 10:48:49,629 [INFO] PluginManage:310 - Check plugin lpbam
2024-11-25 10:48:49,636 [INFO] PluginManage:359 - Loaded plugin lpbam (category:base,tabindex:0)
2024-11-25 10:48:49,636 [INFO] PluginManage:310 - Check plugin memorymap
2024-11-25 10:48:49,663 [INFO] PluginManage:359 - Loaded plugin memorymap (category:base,tabindex:4)
2024-11-25 10:48:49,663 [INFO] PluginManage:310 - Check plugin pinoutandconfiguration
2024-11-25 10:48:49,693 [INFO] PluginManage:359 - Loaded plugin pinoutandconfiguration (category:base,tabindex:1)
2024-11-25 10:48:49,693 [INFO] PluginManage:310 - Check plugin pinoutconfig
2024-11-25 10:48:49,875 [WARN] SupportedApi:132 - Cannot load RTOS API schema: s4s-elt-must-match.1: The content of 'definitions' must match (annotation?, (simpleType | complexType)?, (unique | key | keyref)*)). A problem was found starting at: attribute.
2024-11-25 10:48:50,001 [INFO] PluginManage:359 - Loaded plugin pinoutconfig (category:base,tabindex:0)
2024-11-25 10:48:50,001 [INFO] PluginManage:310 - Check plugin power
2024-11-25 10:48:50,037 [INFO] PluginManage:359 - Loaded plugin power (category:power,tabindex:4)
2024-11-25 10:48:50,037 [INFO] PluginManage:310 - Check plugin projectmanager
2024-11-25 10:48:50,056 [INFO] PluginManage:359 - Loaded plugin projectmanager (category:projectmanager,tabindex:4)
2024-11-25 10:48:50,056 [INFO] PluginManage:310 - Check plugin rif
2024-11-25 10:48:50,075 [INFO] PluginManage:359 - Loaded plugin rif (category:base,tabindex:3)
2024-11-25 10:48:50,076 [INFO] PluginManage:310 - Check plugin thirdparty
2024-11-25 10:48:50,310 [INFO] PluginManage:359 - Loaded plugin thirdparty (category:base,tabindex:-1)
2024-11-25 10:48:50,310 [WARN] IntegrityCheckThread:84 - waiting for thirdparty lock release [integrity check]
2024-11-25 10:48:50,310 [INFO] PluginManage:310 - Check plugin tools
2024-11-25 10:48:50,310 [INFO] IntegrityCheckThread:86 - entering critical section [integrity check]
2024-11-25 10:48:50,310 [INFO] ThirdPartyUpdaterWithRetryManager:70 - Updater plugin not ready yet. [1/15]
2024-11-25 10:48:50,312 [INFO] PluginManage:359 - Loaded plugin tools (category:base,tabindex:7)
2024-11-25 10:48:50,312 [INFO] PluginManage:310 - Check plugin tutovideos
2024-11-25 10:48:50,488 [INFO] PluginManage:359 - Loaded plugin tutovideos (category:base,tabindex:-1)
2024-11-25 10:48:50,489 [INFO] PluginManage:310 - Check plugin updater
2024-11-25 10:48:50,529 [INFO] PluginManage:359 - Loaded plugin updater (category:base,tabindex:12)
2024-11-25 10:48:50,529 [INFO] PluginManage:310 - Check plugin userauth
2024-11-25 10:48:50,563 [INFO] UserAuth:113 - Init User Auth plugin
2024-11-25 10:48:50,564 [INFO] PluginManage:359 - Loaded plugin userauth (category:base,tabindex:14)
2024-11-25 10:48:50,564 [INFO] PluginManage:283 - PluginManage : Loaded plugins [18]
2024-11-25 10:48:50,948 [INFO] PinOutPanel:1561 - setPackage(No Configuration,No Configuration)
2024-11-25 10:48:51,075 [INFO] CADModel:165 - CPN selected for project level
2024-11-25 10:48:51,075 [INFO] CADModel:114 - Register for checkConnection events
2024-11-25 10:48:51,594 [INFO] IPUIPlugin:80 - create IPUIPlugin
2024-11-25 10:48:51,594 [INFO] PluginManager:220 - loadIPPluginJar : add adc
2024-11-25 10:48:51,596 [INFO] IPUIPlugin:80 - create IPUIPlugin
2024-11-25 10:48:51,596 [INFO] PluginManager:220 - loadIPPluginJar : add aes
2024-11-25 10:48:51,599 [INFO] IPUIPlugin:80 - create IPUIPlugin
2024-11-25 10:48:51,600 [INFO] PluginManager:220 - loadIPPluginJar : add can
2024-11-25 10:48:51,602 [INFO] IPUIPlugin:80 - create IPUIPlugin
2024-11-25 10:48:51,602 [INFO] PluginManager:220 - loadIPPluginJar : add comp
2024-11-25 10:48:51,604 [INFO] IPUIPlugin:80 - create IPUIPlugin
2024-11-25 10:48:51,604 [INFO] PluginManager:220 - loadIPPluginJar : add cryp
2024-11-25 10:48:51,614 [INFO] IPUIPlugin:80 - create IPUIPlugin
2024-11-25 10:48:51,614 [INFO] PluginManager:220 - loadIPPluginJar : add ddr_ctrl_phy
2024-11-25 10:48:51,616 [INFO] IPUIPlugin:80 - create IPUIPlugin
2024-11-25 10:48:51,616 [INFO] PluginManager:220 - loadIPPluginJar : add dfsdm
2024-11-25 10:48:51,620 [INFO] IPUIPlugin:80 - create IPUIPlugin
2024-11-25 10:48:51,620 [INFO] PluginManager:220 - loadIPPluginJar : add dma
2024-11-25 10:48:51,622 [INFO] IPUIPlugin:80 - create IPUIPlugin
2024-11-25 10:48:51,622 [INFO] PluginManager:220 - loadIPPluginJar : add dma3
2024-11-25 10:48:51,626 [INFO] IPUIPlugin:80 - create IPUIPlugin
2024-11-25 10:48:51,626 [INFO] PluginManager:220 - loadIPPluginJar : add extmemmanager
2024-11-25 10:48:51,628 [INFO] IPUIPlugin:80 - create IPUIPlugin
2024-11-25 10:48:51,628 [INFO] PluginManager:220 - loadIPPluginJar : add fatfs
2024-11-25 10:48:51,641 [INFO] IPUIPlugin:80 - create IPUIPlugin
2024-11-25 10:48:51,641 [INFO] PluginManager:220 - loadIPPluginJar : add fmc
2024-11-25 10:48:51,663 [INFO] IPUIPlugin:80 - create IPUIPlugin
2024-11-25 10:48:51,663 [INFO] PluginManager:220 - loadIPPluginJar : add freertos
2024-11-25 10:48:51,664 [INFO] IPUIPlugin:80 - create IPUIPlugin
2024-11-25 10:48:51,665 [INFO] PluginManager:220 - loadIPPluginJar : add genericplugin
2024-11-25 10:48:51,666 [INFO] IPUIPlugin:80 - create IPUIPlugin
2024-11-25 10:48:51,666 [INFO] PluginManager:220 - loadIPPluginJar : add gfxmmu
2024-11-25 10:48:51,670 [INFO] IPUIPlugin:80 - create IPUIPlugin
2024-11-25 10:48:51,670 [INFO] PluginManager:220 - loadIPPluginJar : add gic
2024-11-25 10:48:51,673 [INFO] IPUIPlugin:80 - create IPUIPlugin
2024-11-25 10:48:51,673 [INFO] PluginManager:220 - loadIPPluginJar : add gpio
2024-11-25 10:48:51,675 [INFO] IPUIPlugin:80 - create IPUIPlugin
2024-11-25 10:48:51,675 [INFO] PluginManager:220 - loadIPPluginJar : add gtzc
2024-11-25 10:48:51,676 [INFO] IPUIPlugin:80 - create IPUIPlugin
2024-11-25 10:48:51,676 [INFO] PluginManager:220 - loadIPPluginJar : add hash
2024-11-25 10:48:51,677 [INFO] IPUIPlugin:80 - create IPUIPlugin
2024-11-25 10:48:51,677 [INFO] PluginManager:220 - loadIPPluginJar : add i2c
2024-11-25 10:48:51,679 [INFO] IPUIPlugin:80 - create IPUIPlugin
2024-11-25 10:48:51,680 [INFO] PluginManager:220 - loadIPPluginJar : add i2s
2024-11-25 10:48:51,681 [INFO] IPUIPlugin:80 - create IPUIPlugin
2024-11-25 10:48:51,681 [INFO] PluginManager:220 - loadIPPluginJar : add i3c
2024-11-25 10:48:51,683 [INFO] IPUIPlugin:80 - create IPUIPlugin
2024-11-25 10:48:51,683 [INFO] PluginManager:220 - loadIPPluginJar : add ipddr
2024-11-25 10:48:51,704 [INFO] IPUIPlugin:80 - create IPUIPlugin
2024-11-25 10:48:51,704 [INFO] PluginManager:220 - loadIPPluginJar : add linkedlist
2024-11-25 10:48:51,706 [INFO] IPUIPlugin:80 - create IPUIPlugin
2024-11-25 10:48:51,706 [INFO] PluginManager:220 - loadIPPluginJar : add lorawan
2024-11-25 10:48:51,707 [INFO] IPUIPlugin:80 - create IPUIPlugin
2024-11-25 10:48:51,707 [INFO] PluginManager:220 - loadIPPluginJar : add ltdc
2024-11-25 10:48:51,710 [INFO] IPUIPlugin:80 - create IPUIPlugin
2024-11-25 10:48:51,710 [INFO] PluginManager:220 - loadIPPluginJar : add mdma
2024-11-25 10:48:51,712 [INFO] IPUIPlugin:80 - create IPUIPlugin
2024-11-25 10:48:51,712 [INFO] PluginManager:220 - loadIPPluginJar : add nvic
2024-11-25 10:48:51,714 [INFO] IPUIPlugin:80 - create IPUIPlugin
2024-11-25 10:48:51,714 [INFO] PluginManager:220 - loadIPPluginJar : add opamp
2024-11-25 10:48:51,716 [INFO] IPUIPlugin:80 - create IPUIPlugin
2024-11-25 10:48:51,716 [INFO] PluginManager:220 - loadIPPluginJar : add openamp
2024-11-25 10:48:51,719 [INFO] IPUIPlugin:80 - create IPUIPlugin
2024-11-25 10:48:51,719 [INFO] PluginManager:220 - loadIPPluginJar : add pdm2pcm
2024-11-25 10:48:51,724 [INFO] IPUIPlugin:80 - create IPUIPlugin
2024-11-25 10:48:51,726 [INFO] PluginManager:220 - loadIPPluginJar : add plateformsettings
2024-11-25 10:48:51,728 [INFO] IPUIPlugin:80 - create IPUIPlugin
2024-11-25 10:48:51,728 [INFO] PluginManager:220 - loadIPPluginJar : add quadspi
2024-11-25 10:48:51,730 [INFO] IPUIPlugin:80 - create IPUIPlugin
2024-11-25 10:48:51,730 [INFO] PluginManager:220 - loadIPPluginJar : add radio
2024-11-25 10:48:51,733 [INFO] IPUIPlugin:80 - create IPUIPlugin
2024-11-25 10:48:51,733 [INFO] PluginManager:220 - loadIPPluginJar : add resmgrutility
2024-11-25 10:48:51,736 [INFO] IPUIPlugin:80 - create IPUIPlugin
2024-11-25 10:48:51,736 [INFO] PluginManager:220 - loadIPPluginJar : add sai
2024-11-25 10:48:51,737 [INFO] IPUIPlugin:80 - create IPUIPlugin
2024-11-25 10:48:51,737 [INFO] PluginManager:220 - loadIPPluginJar : add spi
2024-11-25 10:48:51,741 [INFO] IPUIPlugin:80 - create IPUIPlugin
2024-11-25 10:48:51,741 [INFO] PluginManager:220 - loadIPPluginJar : add stm32_wpan
2024-11-25 10:48:51,742 [INFO] IPUIPlugin:80 - create IPUIPlugin
2024-11-25 10:48:51,742 [INFO] PluginManager:220 - loadIPPluginJar : add tim
2024-11-25 10:48:51,744 [INFO] IPUIPlugin:80 - create IPUIPlugin
2024-11-25 10:48:51,744 [INFO] PluginManager:220 - loadIPPluginJar : add touchsensing
2024-11-25 10:48:51,745 [INFO] IPUIPlugin:80 - create IPUIPlugin
2024-11-25 10:48:51,746 [INFO] PluginManager:220 - loadIPPluginJar : add tracer_emb
2024-11-25 10:48:51,747 [INFO] IPUIPlugin:80 - create IPUIPlugin
2024-11-25 10:48:51,747 [INFO] PluginManager:220 - loadIPPluginJar : add ts
2024-11-25 10:48:51,749 [INFO] IPUIPlugin:80 - create IPUIPlugin
2024-11-25 10:48:51,749 [INFO] PluginManager:220 - loadIPPluginJar : add tsc
2024-11-25 10:48:51,751 [INFO] IPUIPlugin:80 - create IPUIPlugin
2024-11-25 10:48:51,751 [INFO] PluginManager:220 - loadIPPluginJar : add ucpd
2024-11-25 10:48:51,753 [INFO] IPUIPlugin:80 - create IPUIPlugin
2024-11-25 10:48:51,753 [INFO] PluginManager:220 - loadIPPluginJar : add usart
2024-11-25 10:48:51,755 [INFO] IPUIPlugin:80 - create IPUIPlugin
2024-11-25 10:48:51,777 [INFO] PluginManager:220 - loadIPPluginJar : add usbx
2024-11-25 10:48:51,940 [INFO] CADModel:165 - CPN selected for project level
2024-11-25 10:48:51,941 [INFO] CADModel:114 - Register for checkConnection events
2024-11-25 10:48:51,941 [FATAL] Updater:334 - Updater called before beeing initialized
2024-11-25 10:48:51,941 [ERROR] CADModel:125 - Updater not yet initialized, retry later 
2024-11-25 10:48:52,194 [INFO] CADModel:165 - CPN selected for project level
2024-11-25 10:48:52,194 [INFO] CADModel:114 - Register for checkConnection events
2024-11-25 10:48:52,194 [FATAL] Updater:334 - Updater called before beeing initialized
2024-11-25 10:48:52,194 [ERROR] CADModel:125 - Updater not yet initialized, retry later 
2024-11-25 10:48:52,196 [FATAL] Updater:334 - Updater called before beeing initialized
2024-11-25 10:48:52,288 [FATAL] Updater:334 - Updater called before beeing initialized
2024-11-25 10:48:52,296 [INFO] DbMcusAds:53 - JSON generation date=Fri Sep 20 21:04:38 CST 2024 (1726837478367)
2024-11-25 10:48:52,296 [FATAL] Updater:334 - Updater called before beeing initialized
2024-11-25 10:48:52,609 [WARN] DetailPanel:346 - Failed to get advertising image, set to default
2024-11-25 10:48:52,735 [FATAL] Updater:334 - Updater called before beeing initialized
2024-11-25 10:48:52,736 [FATAL] Updater:334 - Updater called before beeing initialized
2024-11-25 10:48:52,736 [FATAL] Updater:334 - Updater called before beeing initialized
2024-11-25 10:48:52,736 [WARN] DetailPanel:346 - Failed to get advertising image, set to default
2024-11-25 10:48:52,737 [FATAL] Updater:334 - Updater called before beeing initialized
2024-11-25 10:48:52,889 [ERROR] Updater:1164 - MainUpdater not yet initialized. External WinMGr cannot be set.
2024-11-25 10:48:52,906 [INFO] Updater:1100 - Updater Version found : 6.12.1
2024-11-25 10:48:52,935 [INFO] ApplicationProperties:184 - Using Application install path: D:\software\STM32CubeIDE_1.16.1\STM32CubeIDE\plugins\com.st.stm32cube.common.mx_6.12.1.202409122256
2024-11-25 10:48:53,312 [INFO] ThirdPartyUpdaterWithRetryManager:70 - Updater plugin not ready yet. [2/15]
2024-11-25 10:48:54,504 [ERROR] LogOutputStream:75 - [STDERR_REDIRECT] Nov 25, 2024 10:48:54 AM java.util.prefs.WindowsPreferences <init>
2024-11-25 10:48:54,506 [ERROR] LogOutputStream:75 - [STDERR_REDIRECT] WARNING: Could not open/create prefs root node Software\JavaSoft\Prefs at root 0xffffffff80000002. Windows RegCreateKeyEx(...) returned error code 5.
2024-11-25 10:48:54,506 [ERROR] LogOutputStream:75 - [STDERR_REDIRECT] 
2024-11-25 10:48:54,888 [INFO] MainUpdater:2873 - connection check result : 10
2024-11-25 10:48:54,888 [INFO] MainUpdater:3567 - Updater definition file requires update
2024-11-25 10:48:54,889 [INFO] MainUpdater:290 - Updater Check For Update Now.
2024-11-25 10:48:54,889 [INFO] MicroXplorer:498 - Change Database Version : DB.6.0.121
2024-11-25 10:48:54,926 [INFO] McuFinderGlobals:63 - Set McuFinder mode to 2 (CubeIDE integrated)
2024-11-25 10:48:54,927 [INFO] UserAuth:417 - Internet connection configuration mode: 1
2024-11-25 10:48:54,934 [INFO] ServerAccessManage:473 - Download File updaters.zip
2024-11-25 10:48:54,986 [INFO] JxBrowserEngine:152 - Initiate JxBrowser Engine with user profile folder
2024-11-25 10:48:54,996 [INFO] FileExtend:240 - Unzip File : updaters.zip
2024-11-25 10:48:54,997 [INFO] FileExtend:255 - Standard Zip Deflate
2024-11-25 10:48:55,431 [INFO] ServerAccessManage:473 - Download File PacksControlFlags.xml
2024-11-25 10:48:55,481 [INFO] ServerAccessManage:473 - Download File cubemx.pidx
2024-11-25 10:48:55,625 [INFO] LoadServerUpdatesThread:375 - End of LoadServerUpdate Thread
2024-11-25 10:48:55,791 [INFO] CheckServerUpdateThread:120 - End of CheckServer Thread
2024-11-25 10:48:56,575 [INFO] WebApp:167 - Instantiating new browser for Auth
2024-11-25 10:48:56,982 [WARN] PackLoader:240 - Cannot read IP mode file for STMicroelectronics.FP-SNS-MOTENVWB1.1.4.0
2024-11-25 10:48:56,991 [WARN] PackLoader:240 - Cannot read IP mode file for STMicroelectronics.FP-ATR-ASTRA1.2.0.1
2024-11-25 10:48:57,000 [WARN] PackLoader:240 - Cannot read IP mode file for STMicroelectronics.X-CUBE-SMBUS.2.1.0
2024-11-25 10:48:57,008 [WARN] PackLoader:240 - Cannot read IP mode file for STMicroelectronics.X-CUBE-WB05N.1.1.0
2024-11-25 10:48:57,032 [WARN] PackLoader:240 - Cannot read IP mode file for STMicroelectronics.X-CUBE-AZRTOS-F7.1.1.0
2024-11-25 10:48:57,041 [WARN] PackLoader:240 - Cannot read IP mode file for STMicroelectronics.FP-SNS-MOTENV1.4.3.2
2024-11-25 10:48:57,077 [WARN] PackLoader:240 - Cannot read IP mode file for STMicroelectronics.X-CUBE-MEMS1.11.0.0
2024-11-25 10:48:57,181 [WARN] PackLoader:240 - Cannot read IP mode file for STMicroelectronics.X-CUBE-BLE1.6.2.4
2024-11-25 10:48:57,197 [WARN] PackLoader:240 - Cannot read IP mode file for STMicroelectronics.FP-SNS-FLIGHT1.5.0.2
2024-11-25 10:48:57,209 [WARN] PackLoader:240 - Cannot read IP mode file for STMicroelectronics.X-CUBE-DISPLAY.3.0.0
2024-11-25 10:48:57,219 [WARN] PackLoader:240 - Cannot read IP mode file for STMicroelectronics.X-CUBE-BLE1.7.0.0
2024-11-25 10:48:57,229 [WARN] PackLoader:240 - Cannot read IP mode file for STMicroelectronics.X-CUBE-NFC10.1.0.0
2024-11-25 10:48:57,238 [WARN] PackLoader:240 - Cannot read IP mode file for STMicroelectronics.X-CUBE-TOUCHGFX.4.22.0
2024-11-25 10:48:57,242 [WARN] PackLoader:240 - Cannot read IP mode file for STMicroelectronics.X-CUBE-TOUCHGFX.4.22.1
2024-11-25 10:48:57,252 [WARN] PackLoader:240 - Cannot read IP mode file for STMicroelectronics.X-CUBE-BLEMGR.3.1.0
2024-11-25 10:48:57,267 [WARN] PackLoader:240 - Cannot read IP mode file for STMicroelectronics.FP-SNS-SMARTAG2.1.2.0
2024-11-25 10:48:57,277 [INFO] LogOutputStream:77 - [STDOUT_REDIRECT] 1 : Invalid condition id : UX_CORESTACK_Condition cause : null
2024-11-25 10:48:57,278 [INFO] LogOutputStream:77 - [STDOUT_REDIRECT] 1 : Invalid condition id : UX_CORESTACK_Condition cause : null
2024-11-25 10:48:57,279 [INFO] LogOutputStream:77 - [STDOUT_REDIRECT] 1 : Invalid condition id : UX_CORESTACK_Condition cause : null
2024-11-25 10:48:57,280 [INFO] LogOutputStream:77 - [STDOUT_REDIRECT] 1 : Invalid condition id : UX_CORESTACK_Condition cause : null
2024-11-25 10:48:57,280 [INFO] LogOutputStream:77 - [STDOUT_REDIRECT] 1 : Invalid condition id : UX_CORESTACK_Condition cause : null
2024-11-25 10:48:57,282 [WARN] PackLoader:240 - Cannot read IP mode file for STMicroelectronics.X-CUBE-AZRTOS-WL.2.0.0
2024-11-25 10:48:57,288 [WARN] PackLoader:240 - Cannot read IP mode file for STMicroelectronics.FP-SNS-MOTENV1.5.0.0
2024-11-25 10:48:57,297 [WARN] PackLoader:240 - Cannot read IP mode file for wolfSSL.I-CUBE-wolfMQTT.1.19.0
2024-11-25 10:48:57,305 [WARN] PackLoader:240 - Cannot read IP mode file for WES.I-CUBE-Cesium.1.3.0
2024-11-25 10:48:57,311 [WARN] PackLoader:240 - Cannot read IP mode file for STMicroelectronics.X-CUBE-BLE2.3.3.0
2024-11-25 10:48:57,320 [WARN] PackLoader:240 - Cannot read IP mode file for STMicroelectronics.X-CUBE-TOF1.3.2.0
2024-11-25 10:48:57,329 [WARN] PackLoader:240 - Cannot read IP mode file for STMicroelectronics.X-CUBE-NFC9.1.0.0
2024-11-25 10:48:57,336 [WARN] PackLoader:240 - Cannot read IP mode file for STMicroelectronics.X-CUBE-TCPP.4.1.0
2024-11-25 10:48:57,340 [WARN] PackLoader:240 - Cannot read IP mode file for STMicroelectronics.X-CUBE-TOUCHGFX.4.21.1
2024-11-25 10:48:57,371 [WARN] PackLoader:240 - Cannot read IP mode file for STMicroelectronics.X-CUBE-MEMS1.9.4.0
2024-11-25 10:48:57,505 [WARN] PackLoader:240 - Cannot read IP mode file for STMicroelectronics.X-CUBE-AI.7.3.0
2024-11-25 10:48:57,516 [WARN] PackLoader:240 - Cannot read IP mode file for STMicroelectronics.X-CUBE-ALGOBUILD.1.3.0
2024-11-25 10:48:57,536 [WARN] PackLoader:240 - Cannot read IP mode file for STMicroelectronics.X-CUBE-AZRTOS-G0.1.1.0
2024-11-25 10:48:57,545 [WARN] PackLoader:240 - Cannot read IP mode file for STMicroelectronics.X-CUBE-SAFEA1.1.2.2
2024-11-25 10:48:57,552 [WARN] PackLoader:240 - Cannot read IP mode file for STMicroelectronics.X-CUBE-NFC4.3.0.0
2024-11-25 10:48:57,565 [WARN] PackLoader:240 - Cannot read IP mode file for EmbeddedOffice.I-CUBE-FS-RTOS.1.0.1
2024-11-25 10:48:57,565 [ERROR] ConditionMgr:805 - Attr not supported : Dmpu
2024-11-25 10:48:57,565 [ERROR] ConditionMgr:805 - Attr not supported : Dmpu
2024-11-25 10:48:57,565 [ERROR] ConditionMgr:805 - Attr not supported : Dmpu
2024-11-25 10:48:57,565 [ERROR] ConditionMgr:805 - Attr not supported : Dmpu
2024-11-25 10:48:57,565 [ERROR] ConditionMgr:805 - Attr not supported : Dmpu
2024-11-25 10:48:57,565 [ERROR] ConditionMgr:805 - Attr not supported : Dmpu
2024-11-25 10:48:57,565 [ERROR] ConditionMgr:805 - Attr not supported : Dmpu
2024-11-25 10:48:57,565 [ERROR] ConditionMgr:805 - Attr not supported : Dmpu
2024-11-25 10:48:57,565 [ERROR] ConditionMgr:805 - Attr not supported : Dmpu
2024-11-25 10:48:57,566 [ERROR] ConditionMgr:805 - Attr not supported : Dmpu
2024-11-25 10:48:57,566 [ERROR] ConditionMgr:805 - Attr not supported : Dmpu
2024-11-25 10:48:57,566 [ERROR] ConditionMgr:805 - Attr not supported : Dmpu
2024-11-25 10:48:57,566 [ERROR] ConditionMgr:805 - Attr not supported : Dmpu
2024-11-25 10:48:57,566 [ERROR] ConditionMgr:805 - Attr not supported : Dmpu
2024-11-25 10:48:57,566 [ERROR] ConditionMgr:805 - Attr not supported : Dmpu
2024-11-25 10:48:57,566 [ERROR] ConditionMgr:805 - Attr not supported : Dmpu
2024-11-25 10:48:57,566 [ERROR] ConditionMgr:805 - Attr not supported : Dmpu
2024-11-25 10:48:57,566 [ERROR] ConditionMgr:805 - Attr not supported : Dmpu
2024-11-25 10:48:57,566 [ERROR] ConditionMgr:805 - Attr not supported : Dmpu
2024-11-25 10:48:57,566 [ERROR] ConditionMgr:805 - Attr not supported : Dmpu
2024-11-25 10:48:57,566 [ERROR] ConditionMgr:805 - Attr not supported : Dmpu
2024-11-25 10:48:57,566 [ERROR] ConditionMgr:805 - Attr not supported : Dmpu
2024-11-25 10:48:57,566 [ERROR] ConditionMgr:805 - Attr not supported : Dmpu
2024-11-25 10:48:57,566 [ERROR] ConditionMgr:805 - Attr not supported : Dmpu
2024-11-25 10:48:57,566 [ERROR] ConditionMgr:805 - Attr not supported : Dmpu
2024-11-25 10:48:57,566 [ERROR] ConditionMgr:805 - Attr not supported : Dmpu
2024-11-25 10:48:57,566 [ERROR] ConditionMgr:805 - Attr not supported : Dmpu
2024-11-25 10:48:57,566 [ERROR] ConditionMgr:805 - Attr not supported : Dmpu
2024-11-25 10:48:57,567 [ERROR] ConditionMgr:805 - Attr not supported : Dmpu
2024-11-25 10:48:57,567 [ERROR] ConditionMgr:805 - Attr not supported : Dmpu
2024-11-25 10:48:57,567 [ERROR] ConditionMgr:805 - Attr not supported : Dmpu
2024-11-25 10:48:57,567 [ERROR] ConditionMgr:805 - Attr not supported : Dmpu
2024-11-25 10:48:57,567 [ERROR] ConditionMgr:805 - Attr not supported : Dmpu
2024-11-25 10:48:57,567 [ERROR] ConditionMgr:805 - Attr not supported : Dmpu
2024-11-25 10:48:57,567 [ERROR] ConditionMgr:805 - Attr not supported : Dmpu
2024-11-25 10:48:57,567 [ERROR] ConditionMgr:805 - Attr not supported : Dmpu
2024-11-25 10:48:57,567 [ERROR] ConditionMgr:805 - Attr not supported : Dmpu
2024-11-25 10:48:57,567 [ERROR] ConditionMgr:805 - Attr not supported : Dmpu
2024-11-25 10:48:57,567 [ERROR] ConditionMgr:805 - Attr not supported : Dmpu
2024-11-25 10:48:57,567 [ERROR] ConditionMgr:805 - Attr not supported : Dmpu
2024-11-25 10:48:57,567 [ERROR] ConditionMgr:805 - Attr not supported : Dmpu
2024-11-25 10:48:57,567 [ERROR] ConditionMgr:805 - Attr not supported : Dmpu
2024-11-25 10:48:57,567 [ERROR] ConditionMgr:805 - Attr not supported : Dmpu
2024-11-25 10:48:57,567 [ERROR] ConditionMgr:805 - Attr not supported : Dmpu
2024-11-25 10:48:57,568 [ERROR] ConditionMgr:805 - Attr not supported : Dmpu
2024-11-25 10:48:57,568 [ERROR] ConditionMgr:805 - Attr not supported : Dmpu
2024-11-25 10:48:57,568 [ERROR] ConditionMgr:805 - Attr not supported : Dmpu
2024-11-25 10:48:57,568 [ERROR] ConditionMgr:805 - Attr not supported : Dmpu
2024-11-25 10:48:57,568 [ERROR] ConditionMgr:805 - Attr not supported : Dmpu
2024-11-25 10:48:57,569 [ERROR] ConditionMgr:805 - Attr not supported : Dmpu
2024-11-25 10:48:57,569 [ERROR] ConditionMgr:805 - Attr not supported : Dmpu
2024-11-25 10:48:57,569 [ERROR] ConditionMgr:805 - Attr not supported : Dmpu
2024-11-25 10:48:57,569 [ERROR] ConditionMgr:805 - Attr not supported : Dmpu
2024-11-25 10:48:57,569 [ERROR] ConditionMgr:805 - Attr not supported : Dmpu
2024-11-25 10:48:57,569 [ERROR] ConditionMgr:805 - Attr not supported : Dmpu
2024-11-25 10:48:57,569 [ERROR] ConditionMgr:805 - Attr not supported : Dmpu
2024-11-25 10:48:57,569 [ERROR] ConditionMgr:805 - Attr not supported : Dmpu
2024-11-25 10:48:57,569 [ERROR] ConditionMgr:805 - Attr not supported : Dmpu
2024-11-25 10:48:57,569 [ERROR] ConditionMgr:805 - Attr not supported : Dmpu
2024-11-25 10:48:57,569 [ERROR] ConditionMgr:805 - Attr not supported : Dmpu
2024-11-25 10:48:57,569 [ERROR] ConditionMgr:805 - Attr not supported : Dmpu
2024-11-25 10:48:57,569 [ERROR] ConditionMgr:805 - Attr not supported : Dmpu
2024-11-25 10:48:57,569 [ERROR] ConditionMgr:805 - Attr not supported : Dmpu
2024-11-25 10:48:57,569 [ERROR] ConditionMgr:805 - Attr not supported : Dmpu
2024-11-25 10:48:57,576 [WARN] PackLoader:240 - Cannot read IP mode file for STMicroelectronics.X-CUBE-BLEMGR.3.0.0
2024-11-25 10:48:57,591 [WARN] PackLoader:240 - Cannot read IP mode file for STMicroelectronics.X-CUBE-BLEMGR.1.3.0
2024-11-25 10:48:57,600 [WARN] PackLoader:240 - Cannot read IP mode file for RealThread.X-CUBE-RT-Thread_Nano.4.1.1
2024-11-25 10:48:57,606 [WARN] PackLoader:240 - Cannot read IP mode file for STMicroelectronics.FP-ATR-SIGFOX1.3.2.0
2024-11-25 10:48:57,615 [WARN] ConditionMgr:438 - getConditionDescription Invalid condition id : Cortex-A Device cause : null
2024-11-25 10:48:57,628 [WARN] ConditionMgr:1039 - genDependencies : Invalid condition id : Cortex-A Device cause : null
2024-11-25 10:48:57,628 [WARN] ConditionMgr:1039 - genDependencies : Invalid condition id : Cortex-A Device cause : null
2024-11-25 10:48:57,628 [WARN] ConditionMgr:1039 - genDependencies : Invalid condition id : Cortex-A Device cause : null
2024-11-25 10:48:57,636 [WARN] PackLoader:240 - Cannot read IP mode file for STMicroelectronics.X-CUBE-EEPRMA1.5.1.0
2024-11-25 10:48:57,668 [WARN] PackLoader:240 - Cannot read IP mode file for STMicroelectronics.X-CUBE-MEMS1.9.5.0
2024-11-25 10:48:57,770 [INFO] WebApp:448 - Apply proxy settings
2024-11-25 10:48:57,770 [INFO] WebApp:533 - Chromium requires no authentication
2024-11-25 10:48:57,794 [INFO] WebApp:476 - Direct internet connection detected
2024-11-25 10:48:57,805 [WARN] PackLoader:240 - Cannot read IP mode file for SEGGER.I-CUBE-embOS.1.3.1
2024-11-25 10:48:57,827 [INFO] WebApp:869 - Register for checkConnection events
2024-11-25 10:48:57,827 [INFO] WebApp:448 - Apply proxy settings
2024-11-25 10:48:57,827 [INFO] WebApp:533 - Chromium requires no authentication
2024-11-25 10:48:57,828 [INFO] WebApp:476 - Direct internet connection detected
2024-11-25 10:48:57,841 [WARN] PackLoader:240 - Cannot read IP mode file for STMicroelectronics.X-CUBE-ALGOBUILD.1.4.0
2024-11-25 10:48:57,844 [WARN] PackLoader:240 - Cannot read IP mode file for STMicroelectronics.X-CUBE-AI.9.1.0
2024-11-25 10:48:57,850 [WARN] PackLoader:240 - Cannot read IP mode file for STMicroelectronics.X-CUBE-GNSS1.6.0.0
2024-11-25 10:48:57,864 [WARN] PackLoader:240 - Cannot read IP mode file for STMicroelectronics.X-CUBE-AZRTOS-F4.1.1.0
2024-11-25 10:48:57,869 [WARN] PackLoader:240 - Cannot read IP mode file for STMicroelectronics.X-CUBE-ISPU.2.1.0
2024-11-25 10:48:57,875 [WARN] PackLoader:240 - Cannot read IP mode file for STMicroelectronics.X-CUBE-FREERTOS.1.2.0
2024-11-25 10:48:57,891 [WARN] PackLoader:240 - Cannot read IP mode file for STMicroelectronics.X-CUBE-AZRTOS-L5.2.0.0
2024-11-25 10:48:57,916 [WARN] PackLoader:240 - Cannot read IP mode file for STMicroelectronics.X-CUBE-MEMS1.9.6.0
2024-11-25 10:48:58,017 [WARN] PackLoader:240 - Cannot read IP mode file for STMicroelectronics.X-CUBE-EEPRMA1.4.2.0
2024-11-25 10:48:58,024 [WARN] PackLoader:240 - Cannot read IP mode file for STMicroelectronics.X-CUBE-NFC6.3.1.0
2024-11-25 10:48:58,037 [WARN] PackLoader:240 - Cannot read IP mode file for ITTIA_DB.I-CUBE-ITTIADB.8.8.0
2024-11-25 10:48:58,046 [WARN] PackLoader:240 - Cannot read IP mode file for emotas.I-CUBE-CANOPEN.1.1.3
2024-11-25 10:48:58,060 [WARN] PackLoader:240 - Cannot read IP mode file for STMicroelectronics.X-CUBE-BLEMGR.2.0.0
2024-11-25 10:48:58,070 [WARN] PackLoader:240 - Cannot read IP mode file for STMicroelectronics.X-CUBE-DPower.1.2.0
2024-11-25 10:48:58,108 [WARN] PackLoader:240 - Cannot read IP mode file for STMicroelectronics.X-CUBE-AI.9.0.0
2024-11-25 10:48:58,125 [WARN] ConditionMgr:438 - getConditionDescription Invalid condition id : UX DEVICE CLASS RTOS Condition cause : null
2024-11-25 10:48:58,125 [WARN] ConditionMgr:438 - getConditionDescription Invalid condition id : UX DEVICE CLASS RTOS Condition cause : null
2024-11-25 10:48:58,127 [WARN] PackLoader:240 - Cannot read IP mode file for STMicroelectronics.X-CUBE-AZRTOS-H7.3.1.0
2024-11-25 10:48:58,128 [WARN] ConditionMgr:1039 - genDependencies : Invalid condition id : UX DEVICE CLASS RTOS Condition cause : null
2024-11-25 10:48:58,128 [WARN] ConditionMgr:1039 - genDependencies : Invalid condition id : UX DEVICE CLASS RTOS Condition cause : null
2024-11-25 10:48:58,129 [WARN] ConditionMgr:1039 - genDependencies : Invalid condition id : UX DEVICE CLASS RTOS Condition cause : null
2024-11-25 10:48:58,129 [WARN] ConditionMgr:1039 - genDependencies : Invalid condition id : UX DEVICE CLASS RTOS Condition cause : null
2024-11-25 10:48:58,129 [WARN] ConditionMgr:1039 - genDependencies : Invalid condition id : UX DEVICE CLASS RTOS Condition cause : null
2024-11-25 10:48:58,130 [INFO] WebApp:220 - Starting web application
2024-11-25 10:48:58,130 [INFO] WebApp:578 - Web application path used D:\software\STM32CubeIDE_1.16.1\STM32CubeIDE\plugins\com.st.stm32cube.common.mx_6.12.1.202409122256\db\plugins\mcufinder\reactClient1\index.html
2024-11-25 10:48:58,136 [WARN] PackLoader:240 - Cannot read IP mode file for wolfSSL.I-CUBE-wolfSSL.5.5.4
2024-11-25 10:48:58,148 [WARN] PackLoader:240 - Cannot read IP mode file for STMicroelectronics.X-CUBE-NFC7.1.0.1
2024-11-25 10:48:58,154 [WARN] PackLoader:240 - Cannot read IP mode file for STMicroelectronics.X-CUBE-NFC7.1.0.0
2024-11-25 10:48:58,175 [WARN] PackLoader:240 - Cannot read IP mode file for wolfSSL.I-CUBE-wolfTPM.3.2.0
2024-11-25 10:48:58,180 [WARN] PackLoader:240 - Cannot read IP mode file for STMicroelectronics.X-CUBE-NFC6.3.0.0
2024-11-25 10:48:58,199 [WARN] PackLoader:240 - Cannot read IP mode file for STMicroelectronics.X-CUBE-EEPRMA1.4.1.0
2024-11-25 10:48:58,202 [WARN] PackLoader:240 - Cannot read IP mode file for STMicroelectronics.X-CUBE-AI.8.1.0
2024-11-25 10:48:58,217 [WARN] ConditionMgr:438 - getConditionDescription Invalid condition id : LAN8742 Phy interface Condition cause : null
2024-11-25 10:48:58,218 [WARN] PackLoader:240 - Cannot read IP mode file for STMicroelectronics.X-CUBE-AZRTOS-L4.2.0.0
2024-11-25 10:48:58,219 [WARN] ConditionMgr:1039 - genDependencies : Invalid condition id : LAN8742 Phy interface Condition cause : null
2024-11-25 10:48:58,219 [WARN] ConditionMgr:1039 - genDependencies : Invalid condition id : LAN8742 Phy interface Condition cause : null
2024-11-25 10:48:58,219 [WARN] ConditionMgr:1039 - genDependencies : Invalid condition id : LAN8742 Phy interface Condition cause : null
2024-11-25 10:48:58,229 [WARN] PackLoader:240 - Cannot read IP mode file for STMicroelectronics.X-CUBE-SFXS2LP1.4.0.0
2024-11-25 10:48:58,246 [WARN] PackLoader:240 - Cannot read IP mode file for STMicroelectronics.X-CUBE-AZRTOS-H7.3.0.0
2024-11-25 10:48:58,251 [WARN] PackLoader:240 - Cannot read IP mode file for STMicroelectronics.X-CUBE-ISPU.1.1.0
2024-11-25 10:48:58,283 [WARN] PackLoader:240 - Cannot read IP mode file for STMicroelectronics.X-CUBE-AZRTOS-H7.3.3.0
2024-11-25 10:48:58,296 [INFO] UserAuth:417 - Internet connection configuration mode: 1
2024-11-25 10:48:58,302 [WARN] PackLoader:240 - Cannot read IP mode file for RoweBots.I-CUBE-UNISONRTOS.5.5.0-4
2024-11-25 10:48:58,311 [WARN] PackLoader:240 - Cannot read IP mode file for STMicroelectronics.X-CUBE-IPS.3.0.0
2024-11-25 10:48:58,327 [WARN] ConditionMgr:438 - getConditionDescription Invalid condition id : UX DEVICE CLASS RTOS Condition cause : null
2024-11-25 10:48:58,327 [WARN] ConditionMgr:438 - getConditionDescription Invalid condition id : UX DEVICE CLASS RTOS Condition cause : null
2024-11-25 10:48:58,330 [WARN] PackLoader:240 - Cannot read IP mode file for STMicroelectronics.X-CUBE-AZRTOS-WB.2.0.0
2024-11-25 10:48:58,330 [WARN] ConditionMgr:1039 - genDependencies : Invalid condition id : UX DEVICE CLASS RTOS Condition cause : null
2024-11-25 10:48:58,331 [WARN] ConditionMgr:1039 - genDependencies : Invalid condition id : UX DEVICE CLASS RTOS Condition cause : null
2024-11-25 10:48:58,331 [WARN] ConditionMgr:1039 - genDependencies : Invalid condition id : UX DEVICE CLASS RTOS Condition cause : null
2024-11-25 10:48:58,331 [WARN] ConditionMgr:1039 - genDependencies : Invalid condition id : UX DEVICE CLASS RTOS Condition cause : null
2024-11-25 10:48:58,331 [WARN] ConditionMgr:1039 - genDependencies : Invalid condition id : UX DEVICE CLASS RTOS Condition cause : null
2024-11-25 10:48:58,336 [WARN] PackLoader:240 - Cannot read IP mode file for STMicroelectronics.X-CUBE-FREERTOS.1.0.1
2024-11-25 10:48:58,340 [WARN] PackLoader:240 - Cannot read IP mode file for STMicroelectronics.X-CUBE-GNSS1.7.0.0
2024-11-25 10:48:58,347 [WARN] PackLoader:240 - Cannot read IP mode file for STMicroelectronics.FP-SNS-STBOX1.2.0.0
2024-11-25 10:48:58,358 [WARN] PackLoader:240 - Cannot read IP mode file for STMicroelectronics.X-CUBE-AZRTOS-L5.1.1.0
2024-11-25 10:48:58,363 [WARN] PackLoader:240 - Cannot read IP mode file for STMicroelectronics.X-CUBE-AI.8.0.1
2024-11-25 10:48:58,369 [WARN] PackLoader:240 - Cannot read IP mode file for STMicroelectronics.X-CUBE-SUBG2.5.0.0
2024-11-25 10:48:58,375 [WARN] PackLoader:240 - Cannot read IP mode file for Cesanta.I-CUBE-Mongoose.7.13.0
2024-11-25 10:48:58,380 [WARN] PackLoader:240 - Cannot read IP mode file for STMicroelectronics.X-CUBE-TOF1.3.3.1
2024-11-25 10:48:58,392 [WARN] PackLoader:240 - Cannot read IP mode file for STMicroelectronics.X-CUBE-AZRTOS-G4.2.0.0
2024-11-25 10:48:58,398 [WARN] PackLoader:240 - Cannot read IP mode file for STMicroelectronics.FP-ATR-ASTRA1.1.1.1
2024-11-25 10:48:58,406 [WARN] PackLoader:240 - Cannot read IP mode file for Infineon.AIROC-Wi-Fi-Bluetooth-STM32.1.5.1
2024-11-25 10:48:58,410 [WARN] PackLoader:240 - Cannot read IP mode file for STMicroelectronics.FP-SNS-MOTENVWB1.1.3.0
2024-11-25 10:48:58,413 [WARN] PackLoader:240 - Cannot read IP mode file for STMicroelectronics.FP-SNS-MOTENVWB1.1.3.1
2024-11-25 10:48:58,421 [WARN] PackLoader:240 - Cannot read IP mode file for STMicroelectronics.X-CUBE-AZRTOS-G4.1.0.0
2024-11-25 10:48:58,437 [WARN] PackLoader:240 - Cannot read IP mode file for STMicroelectronics.X-CUBE-AZRTOS-L4.1.0.0
2024-11-25 10:48:58,442 [WARN] PackLoader:240 - Cannot read IP mode file for STMicroelectronics.X-CUBE-ISPU.2.0.0
2024-11-25 10:48:58,447 [WARN] PackLoader:240 - Cannot read IP mode file for STMicroelectronics.X-CUBE-ALS.1.0.2
2024-11-25 10:48:58,468 [WARN] PackLoader:240 - Cannot read IP mode file for STMicroelectronics.X-CUBE-MEMS1.10.0.0
2024-11-25 10:48:58,590 [WARN] PackLoader:240 - Cannot read IP mode file for STMicroelectronics.X-CUBE-FREERTOS.1.1.0
2024-11-25 10:48:58,596 [WARN] PackLoader:240 - Cannot read IP mode file for STMicroelectronics.X-CUBE-TOUCHGFX.4.24.0
2024-11-25 10:48:58,602 [WARN] PackLoader:240 - Cannot read IP mode file for STMicroelectronics.X-CUBE-AZRTOS-WL.1.0.0
2024-11-25 10:48:58,606 [WARN] PackLoader:240 - Cannot read IP mode file for STMicroelectronics.X-CUBE-TOUCHGFX.4.24.1
2024-11-25 10:48:58,611 [WARN] PackLoader:240 - Cannot read IP mode file for portGmbH.I-Cube-SoM-uGOAL.1.1.0
2024-11-25 10:48:58,614 [WARN] PackLoader:240 - Cannot read IP mode file for STMicroelectronics.X-CUBE-ALS.1.0.1
2024-11-25 10:48:58,622 [WARN] PackLoader:240 - Cannot read IP mode file for STMicroelectronics.X-CUBE-AZRTOS-WB.1.1.0
2024-11-25 10:48:58,638 [WARN] PackLoader:240 - Cannot read IP mode file for STMicroelectronics.X-CUBE-AZRTOS-H7RS.1.0.0
2024-11-25 10:48:58,643 [WARN] PackLoader:240 - Cannot read IP mode file for STMicroelectronics.FP-ATR-ASTRA1.2.0.0
2024-11-25 10:48:58,648 [WARN] PackLoader:240 - Cannot read IP mode file for STMicroelectronics.X-CUBE-TOF1.3.4.2
2024-11-25 10:48:58,658 [WARN] PackLoader:240 - Cannot read IP mode file for STMicroelectronics.X-CUBE-TOF1.3.4.0
2024-11-25 10:48:58,671 [WARN] PackLoader:240 - Cannot read IP mode file for wolfSSL.I-CUBE-wolfSSH.1.4.17
2024-11-25 10:48:58,672 [INFO] ThirdParty:978 - Integrity check success = true
2024-11-25 10:48:58,672 [INFO] IntegrityCheckThread:100 - exiting critical section [integrity check]
2024-11-25 10:48:58,672 [INFO] IntegrityCheckThread:103 - End integrity checks thread
2024-11-25 17:30:12,678 [ERROR] LogOutputStream:75 - [STDERR_REDIRECT] 
2024-11-25 17:30:12,678 [ERROR] LogOutputStream:75 - [STDERR_REDIRECT] 
