2024-11-01 08:49:45,975 [INFO] Activator:176 - 


2024-11-01 08:49:46,010 [INFO] Activator:177 - !SESSION log4j initialized
2024-11-01 08:49:53,848 [INFO] LogOutputStream:77 - [STDOUT_REDIRECT] 
2024-11-01 08:49:58,126 [INFO] ApplicationProperties:184 - Using Application install path: D:\software\STM32CubeIDE_1.16.1\STM32CubeIDE\plugins\com.st.stm32cube.common.mx_6.12.1.202409122256
2024-11-01 08:49:58,154 [INFO] DbMcusXml:78 - Set database path to: D:\software\STM32CubeIDE_1.16.1\STM32CubeIDE\plugins\com.st.stm32cube.common.mx_6.12.1.202409122256\\db\/mcu/
2024-11-01 08:49:58,154 [INFO] ApiDb:274 - Set plugin database path to: D:\software\STM32CubeIDE_1.16.1\STM32CubeIDE\plugins\com.st.stm32cube.common.mx_6.12.1.202409122256\\db\/plugins/boardmanager/
2024-11-01 08:49:58,154 [WARN] ApiDb:259 - Overriding images path with different value:  => D:\software\STM32CubeIDE_1.16.1\STM32CubeIDE\plugins\com.st.stm32cube.common.mx_6.12.1.202409122256\\db\/plugins/mcufinder/images/
2024-11-01 08:49:58,264 [INFO] ApiDb:250 - Set database path to: C:\Users\19948\.stmcufinder\plugins\mcufinder//mcu/
2024-11-01 08:49:58,265 [INFO] DbMcusAds:125 - Set database path to: C:\Users\19948\.stmcufinder\plugins\mcufinder//mcu/
2024-11-01 08:49:58,267 [INFO] CrossReferenceDbSqlite:203 - Set database path to: C:\Users\19948\.stmcufinder\plugins\mcufinder//mcu/cs/
2024-11-01 08:49:58,484 [INFO] RulesReader:64 - Compatibility file has been processed (297 Rules)
2024-11-01 08:49:58,648 [INFO] DbMcusXml:78 - Set database path to: D:\software\STM32CubeIDE_1.16.1\STM32CubeIDE\plugins\com.st.stm32cube.common.mx_6.12.1.202409122256\\db\/mcu/
2024-11-01 08:49:58,648 [INFO] ApiDb:274 - Set plugin database path to: D:\software\STM32CubeIDE_1.16.1\STM32CubeIDE\plugins\com.st.stm32cube.common.mx_6.12.1.202409122256\\db\/plugins/boardmanager/
2024-11-01 08:49:58,648 [INFO] ApiDb:261 - Set plugin images path to: D:\software\STM32CubeIDE_1.16.1\STM32CubeIDE\plugins\com.st.stm32cube.common.mx_6.12.1.202409122256\\db\/plugins/mcufinder/images/
2024-11-01 08:49:58,648 [WARN] DbFile:41 - Overriding database path with different value: C:\Users\19948\.stmcufinder\plugins\mcufinder/ => C:\Users\19948\.stmcufinder\plugins\mcufinder
2024-11-01 08:49:58,649 [INFO] ApiDb:250 - Set database path to: C:\Users\19948\.stmcufinder\plugins\mcufinder//mcu/
2024-11-01 08:49:58,649 [WARN] DbFile:41 - Overriding database path with different value: C:\Users\19948\.stmcufinder\plugins\mcufinder/ => C:\Users\19948\.stmcufinder\plugins\mcufinder
2024-11-01 08:49:58,649 [INFO] DbMcusAds:125 - Set database path to: C:\Users\19948\.stmcufinder\plugins\mcufinder//mcu/
2024-11-01 08:49:58,649 [WARN] DbFile:41 - Overriding database path with different value: C:\Users\19948\.stmcufinder\plugins\mcufinder/ => C:\Users\19948\.stmcufinder\plugins\mcufinder
2024-11-01 08:49:58,649 [WARN] DbFile:41 - Overriding database path with different value: C:\Users\19948\.stmcufinder\plugins\mcufinder/ => C:\Users\19948\.stmcufinder\plugins\mcufinder
2024-11-01 08:49:58,649 [INFO] CrossReferenceDbSqlite:203 - Set database path to: C:\Users\19948\.stmcufinder\plugins\mcufinder//mcu/cs/
2024-11-01 08:49:58,733 [INFO] MainPanel:268 - HeapMemory: 268435456
2024-11-01 08:49:58,877 [INFO] DbMcusXml:78 - Set database path to: D:\software\STM32CubeIDE_1.16.1\STM32CubeIDE\plugins\com.st.stm32cube.common.mx_6.12.1.202409122256\\db\/mcu/
2024-11-01 08:49:58,877 [INFO] ApiDb:274 - Set plugin database path to: D:\software\STM32CubeIDE_1.16.1\STM32CubeIDE\plugins\com.st.stm32cube.common.mx_6.12.1.202409122256\\db\/plugins/boardmanager/
2024-11-01 08:49:58,877 [INFO] ApiDb:261 - Set plugin images path to: D:\software\STM32CubeIDE_1.16.1\STM32CubeIDE\plugins\com.st.stm32cube.common.mx_6.12.1.202409122256\\db\/plugins/mcufinder/images/
2024-11-01 08:49:58,877 [WARN] DbFile:41 - Overriding database path with different value: C:\Users\19948\.stmcufinder\plugins\mcufinder/ => C:\Users\19948\.stmcufinder\plugins\mcufinder
2024-11-01 08:49:58,877 [INFO] ApiDb:250 - Set database path to: C:\Users\19948\.stmcufinder\plugins\mcufinder//mcu/
2024-11-01 08:49:58,877 [WARN] DbFile:41 - Overriding database path with different value: C:\Users\19948\.stmcufinder\plugins\mcufinder/ => C:\Users\19948\.stmcufinder\plugins\mcufinder
2024-11-01 08:49:58,878 [INFO] DbMcusAds:125 - Set database path to: C:\Users\19948\.stmcufinder\plugins\mcufinder//mcu/
2024-11-01 08:49:58,878 [WARN] DbFile:41 - Overriding database path with different value: C:\Users\19948\.stmcufinder\plugins\mcufinder/ => C:\Users\19948\.stmcufinder\plugins\mcufinder
2024-11-01 08:49:58,878 [WARN] DbFile:41 - Overriding database path with different value: C:\Users\19948\.stmcufinder\plugins\mcufinder/ => C:\Users\19948\.stmcufinder\plugins\mcufinder
2024-11-01 08:49:58,878 [INFO] CrossReferenceDbSqlite:203 - Set database path to: C:\Users\19948\.stmcufinder\plugins\mcufinder//mcu/cs/
2024-11-01 08:49:58,900 [INFO] ApplicationProperties:184 - Using Application install path: D:\software\STM32CubeIDE_1.16.1\STM32CubeIDE\plugins\com.st.stm32cube.common.mx_6.12.1.202409122256
2024-11-01 08:49:58,901 [INFO] PluginManage:196 - Search for loadable plugins [exclusion list=, ]
2024-11-01 08:49:58,967 [INFO] PluginManage:310 - Check plugin analytics
2024-11-01 08:49:59,189 [INFO] AnalyticsPlugin:253 - Accepted Software Licenses: 
2024-11-01 08:49:59,189 [INFO] AnalyticsPlugin:255 - Accepted CMSIS Pack Licenses: 
2024-11-01 08:49:59,189 [INFO] AnalyticsPlugin:257 - Accepted Firmware Licenses: 
2024-11-01 08:49:59,191 [INFO] PluginManage:359 - Loaded plugin analytics (category:tool,tabindex:-1)
2024-11-01 08:49:59,192 [INFO] PluginManage:310 - Check plugin cadmodel
2024-11-01 08:49:59,231 [INFO] CADModel:105 - Init CAD model plugin
2024-11-01 08:49:59,231 [INFO] PluginManage:359 - Loaded plugin cadmodel (category:power,tabindex:5)
2024-11-01 08:49:59,231 [INFO] PluginManage:310 - Check plugin clock
2024-11-01 08:49:59,248 [INFO] PluginManage:359 - Loaded plugin clock (category:base,tabindex:2)
2024-11-01 08:49:59,248 [INFO] PluginManage:310 - Check plugin ddr
2024-11-01 08:49:59,265 [INFO] PluginManage:359 - Loaded plugin ddr (category:tool,tabindex:6)
2024-11-01 08:49:59,265 [INFO] PluginManage:310 - Check plugin filemanager
2024-11-01 08:49:59,700 [INFO] PluginManage:359 - Loaded plugin filemanager (category:base,tabindex:10)
2024-11-01 08:49:59,700 [INFO] PluginManage:310 - Check plugin ipmanager
2024-11-01 08:49:59,740 [INFO] PluginManage:359 - Loaded plugin ipmanager (category:base,tabindex:5)
2024-11-01 08:49:59,740 [INFO] PluginManage:310 - Check plugin lpbam
2024-11-01 08:49:59,746 [INFO] PluginManage:359 - Loaded plugin lpbam (category:base,tabindex:0)
2024-11-01 08:49:59,746 [INFO] PluginManage:310 - Check plugin memorymap
2024-11-01 08:49:59,758 [INFO] PluginManage:359 - Loaded plugin memorymap (category:base,tabindex:4)
2024-11-01 08:49:59,758 [INFO] PluginManage:310 - Check plugin pinoutandconfiguration
2024-11-01 08:49:59,765 [INFO] PluginManage:359 - Loaded plugin pinoutandconfiguration (category:base,tabindex:1)
2024-11-01 08:49:59,765 [INFO] PluginManage:310 - Check plugin pinoutconfig
2024-11-01 08:49:59,895 [WARN] SupportedApi:132 - Cannot load RTOS API schema: s4s-elt-must-match.1: The content of 'definitions' must match (annotation?, (simpleType | complexType)?, (unique | key | keyref)*)). A problem was found starting at: attribute.
2024-11-01 08:49:59,999 [INFO] PluginManage:359 - Loaded plugin pinoutconfig (category:base,tabindex:0)
2024-11-01 08:49:59,999 [INFO] PluginManage:310 - Check plugin power
2024-11-01 08:50:00,033 [INFO] PluginManage:359 - Loaded plugin power (category:power,tabindex:4)
2024-11-01 08:50:00,034 [INFO] PluginManage:310 - Check plugin projectmanager
2024-11-01 08:50:00,052 [INFO] PluginManage:359 - Loaded plugin projectmanager (category:projectmanager,tabindex:4)
2024-11-01 08:50:00,053 [INFO] PluginManage:310 - Check plugin rif
2024-11-01 08:50:00,064 [INFO] PluginManage:359 - Loaded plugin rif (category:base,tabindex:3)
2024-11-01 08:50:00,064 [INFO] PluginManage:310 - Check plugin thirdparty
2024-11-01 08:50:00,279 [INFO] PluginManage:359 - Loaded plugin thirdparty (category:base,tabindex:-1)
2024-11-01 08:50:00,279 [WARN] IntegrityCheckThread:84 - waiting for thirdparty lock release [integrity check]
2024-11-01 08:50:00,279 [INFO] PluginManage:310 - Check plugin tools
2024-11-01 08:50:00,279 [INFO] IntegrityCheckThread:86 - entering critical section [integrity check]
2024-11-01 08:50:00,279 [INFO] ThirdPartyUpdaterWithRetryManager:70 - Updater plugin not ready yet. [1/15]
2024-11-01 08:50:00,281 [INFO] PluginManage:359 - Loaded plugin tools (category:base,tabindex:7)
2024-11-01 08:50:00,281 [INFO] PluginManage:310 - Check plugin tutovideos
2024-11-01 08:50:00,426 [INFO] PluginManage:359 - Loaded plugin tutovideos (category:base,tabindex:-1)
2024-11-01 08:50:00,426 [INFO] PluginManage:310 - Check plugin updater
2024-11-01 08:50:00,469 [INFO] PluginManage:359 - Loaded plugin updater (category:base,tabindex:12)
2024-11-01 08:50:00,469 [INFO] PluginManage:310 - Check plugin userauth
2024-11-01 08:50:00,503 [INFO] UserAuth:113 - Init User Auth plugin
2024-11-01 08:50:00,503 [INFO] PluginManage:359 - Loaded plugin userauth (category:base,tabindex:14)
2024-11-01 08:50:00,503 [INFO] PluginManage:283 - PluginManage : Loaded plugins [18]
2024-11-01 08:50:00,861 [INFO] PinOutPanel:1561 - setPackage(No Configuration,No Configuration)
2024-11-01 08:50:00,979 [INFO] CADModel:165 - CPN selected for project level
2024-11-01 08:50:00,980 [INFO] CADModel:114 - Register for checkConnection events
2024-11-01 08:50:01,413 [INFO] IPUIPlugin:80 - create IPUIPlugin
2024-11-01 08:50:01,413 [INFO] PluginManager:220 - loadIPPluginJar : add adc
2024-11-01 08:50:01,415 [INFO] IPUIPlugin:80 - create IPUIPlugin
2024-11-01 08:50:01,415 [INFO] PluginManager:220 - loadIPPluginJar : add aes
2024-11-01 08:50:01,417 [INFO] IPUIPlugin:80 - create IPUIPlugin
2024-11-01 08:50:01,417 [INFO] PluginManager:220 - loadIPPluginJar : add can
2024-11-01 08:50:01,418 [INFO] IPUIPlugin:80 - create IPUIPlugin
2024-11-01 08:50:01,418 [INFO] PluginManager:220 - loadIPPluginJar : add comp
2024-11-01 08:50:01,420 [INFO] IPUIPlugin:80 - create IPUIPlugin
2024-11-01 08:50:01,420 [INFO] PluginManager:220 - loadIPPluginJar : add cryp
2024-11-01 08:50:01,445 [INFO] IPUIPlugin:80 - create IPUIPlugin
2024-11-01 08:50:01,446 [INFO] PluginManager:220 - loadIPPluginJar : add ddr_ctrl_phy
2024-11-01 08:50:01,447 [INFO] IPUIPlugin:80 - create IPUIPlugin
2024-11-01 08:50:01,448 [INFO] PluginManager:220 - loadIPPluginJar : add dfsdm
2024-11-01 08:50:01,451 [INFO] IPUIPlugin:80 - create IPUIPlugin
2024-11-01 08:50:01,451 [INFO] PluginManager:220 - loadIPPluginJar : add dma
2024-11-01 08:50:01,453 [INFO] IPUIPlugin:80 - create IPUIPlugin
2024-11-01 08:50:01,453 [INFO] PluginManager:220 - loadIPPluginJar : add dma3
2024-11-01 08:50:01,455 [INFO] IPUIPlugin:80 - create IPUIPlugin
2024-11-01 08:50:01,455 [INFO] PluginManager:220 - loadIPPluginJar : add extmemmanager
2024-11-01 08:50:01,457 [INFO] IPUIPlugin:80 - create IPUIPlugin
2024-11-01 08:50:01,457 [INFO] PluginManager:220 - loadIPPluginJar : add fatfs
2024-11-01 08:50:01,460 [INFO] IPUIPlugin:80 - create IPUIPlugin
2024-11-01 08:50:01,460 [INFO] PluginManager:220 - loadIPPluginJar : add fmc
2024-11-01 08:50:01,501 [INFO] IPUIPlugin:80 - create IPUIPlugin
2024-11-01 08:50:01,501 [INFO] PluginManager:220 - loadIPPluginJar : add freertos
2024-11-01 08:50:01,502 [INFO] IPUIPlugin:80 - create IPUIPlugin
2024-11-01 08:50:01,502 [INFO] PluginManager:220 - loadIPPluginJar : add genericplugin
2024-11-01 08:50:01,504 [INFO] IPUIPlugin:80 - create IPUIPlugin
2024-11-01 08:50:01,504 [INFO] PluginManager:220 - loadIPPluginJar : add gfxmmu
2024-11-01 08:50:01,507 [INFO] IPUIPlugin:80 - create IPUIPlugin
2024-11-01 08:50:01,507 [INFO] PluginManager:220 - loadIPPluginJar : add gic
2024-11-01 08:50:01,509 [INFO] IPUIPlugin:80 - create IPUIPlugin
2024-11-01 08:50:01,509 [INFO] PluginManager:220 - loadIPPluginJar : add gpio
2024-11-01 08:50:01,511 [INFO] IPUIPlugin:80 - create IPUIPlugin
2024-11-01 08:50:01,511 [INFO] PluginManager:220 - loadIPPluginJar : add gtzc
2024-11-01 08:50:01,512 [INFO] IPUIPlugin:80 - create IPUIPlugin
2024-11-01 08:50:01,512 [INFO] PluginManager:220 - loadIPPluginJar : add hash
2024-11-01 08:50:01,514 [INFO] IPUIPlugin:80 - create IPUIPlugin
2024-11-01 08:50:01,514 [INFO] PluginManager:220 - loadIPPluginJar : add i2c
2024-11-01 08:50:01,516 [INFO] IPUIPlugin:80 - create IPUIPlugin
2024-11-01 08:50:01,516 [INFO] PluginManager:220 - loadIPPluginJar : add i2s
2024-11-01 08:50:01,517 [INFO] IPUIPlugin:80 - create IPUIPlugin
2024-11-01 08:50:01,517 [INFO] PluginManager:220 - loadIPPluginJar : add i3c
2024-11-01 08:50:01,519 [INFO] IPUIPlugin:80 - create IPUIPlugin
2024-11-01 08:50:01,519 [INFO] PluginManager:220 - loadIPPluginJar : add ipddr
2024-11-01 08:50:01,542 [INFO] IPUIPlugin:80 - create IPUIPlugin
2024-11-01 08:50:01,543 [INFO] PluginManager:220 - loadIPPluginJar : add linkedlist
2024-11-01 08:50:01,544 [INFO] IPUIPlugin:80 - create IPUIPlugin
2024-11-01 08:50:01,544 [INFO] PluginManager:220 - loadIPPluginJar : add lorawan
2024-11-01 08:50:01,545 [INFO] IPUIPlugin:80 - create IPUIPlugin
2024-11-01 08:50:01,545 [INFO] PluginManager:220 - loadIPPluginJar : add ltdc
2024-11-01 08:50:01,549 [INFO] IPUIPlugin:80 - create IPUIPlugin
2024-11-01 08:50:01,549 [INFO] PluginManager:220 - loadIPPluginJar : add mdma
2024-11-01 08:50:01,551 [INFO] IPUIPlugin:80 - create IPUIPlugin
2024-11-01 08:50:01,551 [INFO] PluginManager:220 - loadIPPluginJar : add nvic
2024-11-01 08:50:01,553 [INFO] IPUIPlugin:80 - create IPUIPlugin
2024-11-01 08:50:01,553 [INFO] PluginManager:220 - loadIPPluginJar : add opamp
2024-11-01 08:50:01,554 [INFO] IPUIPlugin:80 - create IPUIPlugin
2024-11-01 08:50:01,554 [INFO] PluginManager:220 - loadIPPluginJar : add openamp
2024-11-01 08:50:01,556 [INFO] IPUIPlugin:80 - create IPUIPlugin
2024-11-01 08:50:01,556 [INFO] PluginManager:220 - loadIPPluginJar : add pdm2pcm
2024-11-01 08:50:01,560 [INFO] IPUIPlugin:80 - create IPUIPlugin
2024-11-01 08:50:01,561 [INFO] PluginManager:220 - loadIPPluginJar : add plateformsettings
2024-11-01 08:50:01,562 [INFO] IPUIPlugin:80 - create IPUIPlugin
2024-11-01 08:50:01,562 [INFO] PluginManager:220 - loadIPPluginJar : add quadspi
2024-11-01 08:50:01,563 [INFO] IPUIPlugin:80 - create IPUIPlugin
2024-11-01 08:50:01,564 [INFO] PluginManager:220 - loadIPPluginJar : add radio
2024-11-01 08:50:01,567 [INFO] IPUIPlugin:80 - create IPUIPlugin
2024-11-01 08:50:01,567 [INFO] PluginManager:220 - loadIPPluginJar : add resmgrutility
2024-11-01 08:50:01,569 [INFO] IPUIPlugin:80 - create IPUIPlugin
2024-11-01 08:50:01,569 [INFO] PluginManager:220 - loadIPPluginJar : add sai
2024-11-01 08:50:01,572 [INFO] IPUIPlugin:80 - create IPUIPlugin
2024-11-01 08:50:01,572 [INFO] PluginManager:220 - loadIPPluginJar : add spi
2024-11-01 08:50:01,576 [INFO] IPUIPlugin:80 - create IPUIPlugin
2024-11-01 08:50:01,576 [INFO] PluginManager:220 - loadIPPluginJar : add stm32_wpan
2024-11-01 08:50:01,577 [INFO] IPUIPlugin:80 - create IPUIPlugin
2024-11-01 08:50:01,577 [INFO] PluginManager:220 - loadIPPluginJar : add tim
2024-11-01 08:50:01,579 [INFO] IPUIPlugin:80 - create IPUIPlugin
2024-11-01 08:50:01,579 [INFO] PluginManager:220 - loadIPPluginJar : add touchsensing
2024-11-01 08:50:01,580 [INFO] IPUIPlugin:80 - create IPUIPlugin
2024-11-01 08:50:01,581 [INFO] PluginManager:220 - loadIPPluginJar : add tracer_emb
2024-11-01 08:50:01,582 [INFO] IPUIPlugin:80 - create IPUIPlugin
2024-11-01 08:50:01,583 [INFO] PluginManager:220 - loadIPPluginJar : add ts
2024-11-01 08:50:01,584 [INFO] IPUIPlugin:80 - create IPUIPlugin
2024-11-01 08:50:01,584 [INFO] PluginManager:220 - loadIPPluginJar : add tsc
2024-11-01 08:50:01,585 [INFO] IPUIPlugin:80 - create IPUIPlugin
2024-11-01 08:50:01,585 [INFO] PluginManager:220 - loadIPPluginJar : add ucpd
2024-11-01 08:50:01,588 [INFO] IPUIPlugin:80 - create IPUIPlugin
2024-11-01 08:50:01,588 [INFO] PluginManager:220 - loadIPPluginJar : add usart
2024-11-01 08:50:01,590 [INFO] IPUIPlugin:80 - create IPUIPlugin
2024-11-01 08:50:01,590 [INFO] PluginManager:220 - loadIPPluginJar : add usbx
2024-11-01 08:50:01,735 [INFO] CADModel:165 - CPN selected for project level
2024-11-01 08:50:01,736 [INFO] CADModel:114 - Register for checkConnection events
2024-11-01 08:50:01,736 [FATAL] Updater:334 - Updater called before beeing initialized
2024-11-01 08:50:01,736 [ERROR] CADModel:125 - Updater not yet initialized, retry later 
2024-11-01 08:50:01,949 [INFO] CADModel:165 - CPN selected for project level
2024-11-01 08:50:01,949 [INFO] CADModel:114 - Register for checkConnection events
2024-11-01 08:50:01,949 [FATAL] Updater:334 - Updater called before beeing initialized
2024-11-01 08:50:01,949 [ERROR] CADModel:125 - Updater not yet initialized, retry later 
2024-11-01 08:50:01,951 [FATAL] Updater:334 - Updater called before beeing initialized
2024-11-01 08:50:02,029 [FATAL] Updater:334 - Updater called before beeing initialized
2024-11-01 08:50:02,041 [INFO] DbMcusAds:53 - JSON generation date=Fri Sep 20 21:04:38 CST 2024 (1726837478367)
2024-11-01 08:50:02,041 [FATAL] Updater:334 - Updater called before beeing initialized
2024-11-01 08:50:02,228 [WARN] DetailPanel:346 - Failed to get advertising image, set to default
2024-11-01 08:50:02,339 [FATAL] Updater:334 - Updater called before beeing initialized
2024-11-01 08:50:02,340 [FATAL] Updater:334 - Updater called before beeing initialized
2024-11-01 08:50:02,340 [FATAL] Updater:334 - Updater called before beeing initialized
2024-11-01 08:50:02,340 [WARN] DetailPanel:346 - Failed to get advertising image, set to default
2024-11-01 08:50:02,341 [FATAL] Updater:334 - Updater called before beeing initialized
2024-11-01 08:50:02,437 [ERROR] Updater:1164 - MainUpdater not yet initialized. External WinMGr cannot be set.
2024-11-01 08:50:02,454 [INFO] Updater:1100 - Updater Version found : 6.12.1
2024-11-01 08:50:02,490 [INFO] ApplicationProperties:184 - Using Application install path: D:\software\STM32CubeIDE_1.16.1\STM32CubeIDE\plugins\com.st.stm32cube.common.mx_6.12.1.202409122256
2024-11-01 08:50:03,280 [INFO] ThirdPartyUpdaterWithRetryManager:70 - Updater plugin not ready yet. [2/15]
2024-11-01 08:50:04,068 [ERROR] LogOutputStream:75 - [STDERR_REDIRECT] Nov 01, 2024 8:50:04 AM java.util.prefs.WindowsPreferences <init>
2024-11-01 08:50:04,069 [ERROR] LogOutputStream:75 - [STDERR_REDIRECT] WARNING: Could not open/create prefs root node Software\JavaSoft\Prefs at root 0xffffffff80000002. Windows RegCreateKeyEx(...) returned error code 5.
2024-11-01 08:50:04,069 [ERROR] LogOutputStream:75 - [STDERR_REDIRECT] 
2024-11-01 08:50:04,721 [INFO] MainUpdater:2873 - connection check result : 10
2024-11-01 08:50:04,722 [INFO] MainUpdater:290 - Updater Check For Update Now.
2024-11-01 08:50:04,722 [INFO] MicroXplorer:498 - Change Database Version : DB.6.0.121
2024-11-01 08:50:04,755 [INFO] McuFinderGlobals:63 - Set McuFinder mode to 2 (CubeIDE integrated)
2024-11-01 08:50:04,756 [INFO] UserAuth:417 - Internet connection configuration mode: 1
2024-11-01 08:50:04,817 [INFO] JxBrowserEngine:152 - Initiate JxBrowser Engine with user profile folder
2024-11-01 08:50:04,921 [INFO] CheckServerUpdateThread:120 - End of CheckServer Thread
2024-11-01 08:50:05,665 [INFO] WebApp:167 - Instantiating new browser for Auth
2024-11-01 08:50:06,300 [INFO] WebApp:448 - Apply proxy settings
2024-11-01 08:50:06,301 [INFO] WebApp:533 - Chromium requires no authentication
2024-11-01 08:50:06,312 [INFO] WebApp:476 - Direct internet connection detected
2024-11-01 08:50:06,337 [INFO] WebApp:869 - Register for checkConnection events
2024-11-01 08:50:06,338 [INFO] WebApp:448 - Apply proxy settings
2024-11-01 08:50:06,338 [INFO] WebApp:533 - Chromium requires no authentication
2024-11-01 08:50:06,338 [INFO] WebApp:476 - Direct internet connection detected
2024-11-01 08:50:06,525 [INFO] WebApp:220 - Starting web application
2024-11-01 08:50:06,525 [INFO] WebApp:578 - Web application path used D:\software\STM32CubeIDE_1.16.1\STM32CubeIDE\plugins\com.st.stm32cube.common.mx_6.12.1.202409122256\db\plugins\mcufinder\reactClient1\index.html
2024-11-01 08:50:06,657 [INFO] UserAuth:417 - Internet connection configuration mode: 1
2024-11-01 08:50:06,790 [WARN] PackLoader:240 - Cannot read IP mode file for STMicroelectronics.FP-SNS-MOTENVWB1.1.4.0
2024-11-01 08:50:06,806 [WARN] PackLoader:240 - Cannot read IP mode file for STMicroelectronics.X-CUBE-SMBUS.2.1.0
2024-11-01 08:50:06,815 [WARN] PackLoader:240 - Cannot read IP mode file for STMicroelectronics.X-CUBE-WB05N.1.1.0
2024-11-01 08:50:06,835 [WARN] PackLoader:240 - Cannot read IP mode file for STMicroelectronics.X-CUBE-AZRTOS-F7.1.1.0
2024-11-01 08:50:06,844 [WARN] PackLoader:240 - Cannot read IP mode file for STMicroelectronics.FP-SNS-MOTENV1.4.3.2
2024-11-01 08:50:06,882 [WARN] PackLoader:240 - Cannot read IP mode file for STMicroelectronics.X-CUBE-MEMS1.11.0.0
2024-11-01 08:50:06,982 [WARN] PackLoader:240 - Cannot read IP mode file for STMicroelectronics.X-CUBE-BLE1.6.2.4
2024-11-01 08:50:06,987 [WARN] PackLoader:240 - Cannot read IP mode file for STMicroelectronics.FP-SNS-FLIGHT1.5.0.2
2024-11-01 08:50:06,993 [WARN] PackLoader:240 - Cannot read IP mode file for STMicroelectronics.X-CUBE-DISPLAY.3.0.0
2024-11-01 08:50:06,998 [WARN] PackLoader:240 - Cannot read IP mode file for STMicroelectronics.X-CUBE-BLE1.7.0.0
2024-11-01 08:50:07,003 [WARN] PackLoader:240 - Cannot read IP mode file for STMicroelectronics.X-CUBE-NFC10.1.0.0
2024-11-01 08:50:07,007 [WARN] PackLoader:240 - Cannot read IP mode file for STMicroelectronics.X-CUBE-TOUCHGFX.4.22.0
2024-11-01 08:50:07,011 [WARN] PackLoader:240 - Cannot read IP mode file for STMicroelectronics.X-CUBE-TOUCHGFX.4.22.1
2024-11-01 08:50:07,016 [WARN] PackLoader:240 - Cannot read IP mode file for STMicroelectronics.X-CUBE-BLEMGR.3.1.0
2024-11-01 08:50:07,021 [WARN] PackLoader:240 - Cannot read IP mode file for STMicroelectronics.FP-SNS-SMARTAG2.1.2.0
2024-11-01 08:50:07,029 [INFO] LogOutputStream:77 - [STDOUT_REDIRECT] 1 : Invalid condition id : UX_CORESTACK_Condition cause : null
2024-11-01 08:50:07,029 [INFO] LogOutputStream:77 - [STDOUT_REDIRECT] 1 : Invalid condition id : UX_CORESTACK_Condition cause : null
2024-11-01 08:50:07,030 [INFO] LogOutputStream:77 - [STDOUT_REDIRECT] 1 : Invalid condition id : UX_CORESTACK_Condition cause : null
2024-11-01 08:50:07,031 [INFO] LogOutputStream:77 - [STDOUT_REDIRECT] 1 : Invalid condition id : UX_CORESTACK_Condition cause : null
2024-11-01 08:50:07,032 [INFO] LogOutputStream:77 - [STDOUT_REDIRECT] 1 : Invalid condition id : UX_CORESTACK_Condition cause : null
2024-11-01 08:50:07,034 [WARN] PackLoader:240 - Cannot read IP mode file for STMicroelectronics.X-CUBE-AZRTOS-WL.2.0.0
2024-11-01 08:50:07,038 [WARN] PackLoader:240 - Cannot read IP mode file for STMicroelectronics.FP-SNS-MOTENV1.5.0.0
2024-11-01 08:50:07,043 [WARN] PackLoader:240 - Cannot read IP mode file for wolfSSL.I-CUBE-wolfMQTT.1.19.0
2024-11-01 08:50:07,050 [WARN] PackLoader:240 - Cannot read IP mode file for WES.I-CUBE-Cesium.1.3.0
2024-11-01 08:50:07,054 [WARN] PackLoader:240 - Cannot read IP mode file for STMicroelectronics.X-CUBE-BLE2.3.3.0
2024-11-01 08:50:07,061 [WARN] PackLoader:240 - Cannot read IP mode file for STMicroelectronics.X-CUBE-TOF1.3.2.0
2024-11-01 08:50:07,069 [WARN] PackLoader:240 - Cannot read IP mode file for STMicroelectronics.X-CUBE-NFC9.1.0.0
2024-11-01 08:50:07,075 [WARN] PackLoader:240 - Cannot read IP mode file for STMicroelectronics.X-CUBE-TCPP.4.1.0
2024-11-01 08:50:07,079 [WARN] PackLoader:240 - Cannot read IP mode file for STMicroelectronics.X-CUBE-TOUCHGFX.4.21.1
2024-11-01 08:50:07,108 [WARN] PackLoader:240 - Cannot read IP mode file for STMicroelectronics.X-CUBE-MEMS1.9.4.0
2024-11-01 08:50:07,207 [WARN] PackLoader:240 - Cannot read IP mode file for STMicroelectronics.X-CUBE-AI.7.3.0
2024-11-01 08:50:07,213 [WARN] PackLoader:240 - Cannot read IP mode file for STMicroelectronics.X-CUBE-ALGOBUILD.1.3.0
2024-11-01 08:50:07,234 [WARN] PackLoader:240 - Cannot read IP mode file for STMicroelectronics.X-CUBE-AZRTOS-G0.1.1.0
2024-11-01 08:50:07,240 [WARN] PackLoader:240 - Cannot read IP mode file for STMicroelectronics.X-CUBE-SAFEA1.1.2.2
2024-11-01 08:50:07,245 [WARN] PackLoader:240 - Cannot read IP mode file for STMicroelectronics.X-CUBE-NFC4.3.0.0
2024-11-01 08:50:07,262 [WARN] PackLoader:240 - Cannot read IP mode file for EmbeddedOffice.I-CUBE-FS-RTOS.1.0.1
2024-11-01 08:50:07,262 [ERROR] ConditionMgr:805 - Attr not supported : Dmpu
2024-11-01 08:50:07,262 [ERROR] ConditionMgr:805 - Attr not supported : Dmpu
2024-11-01 08:50:07,262 [ERROR] ConditionMgr:805 - Attr not supported : Dmpu
2024-11-01 08:50:07,262 [ERROR] ConditionMgr:805 - Attr not supported : Dmpu
2024-11-01 08:50:07,262 [ERROR] ConditionMgr:805 - Attr not supported : Dmpu
2024-11-01 08:50:07,262 [ERROR] ConditionMgr:805 - Attr not supported : Dmpu
2024-11-01 08:50:07,262 [ERROR] ConditionMgr:805 - Attr not supported : Dmpu
2024-11-01 08:50:07,262 [ERROR] ConditionMgr:805 - Attr not supported : Dmpu
2024-11-01 08:50:07,262 [ERROR] ConditionMgr:805 - Attr not supported : Dmpu
2024-11-01 08:50:07,262 [ERROR] ConditionMgr:805 - Attr not supported : Dmpu
2024-11-01 08:50:07,262 [ERROR] ConditionMgr:805 - Attr not supported : Dmpu
2024-11-01 08:50:07,262 [ERROR] ConditionMgr:805 - Attr not supported : Dmpu
2024-11-01 08:50:07,262 [ERROR] ConditionMgr:805 - Attr not supported : Dmpu
2024-11-01 08:50:07,262 [ERROR] ConditionMgr:805 - Attr not supported : Dmpu
2024-11-01 08:50:07,262 [ERROR] ConditionMgr:805 - Attr not supported : Dmpu
2024-11-01 08:50:07,262 [ERROR] ConditionMgr:805 - Attr not supported : Dmpu
2024-11-01 08:50:07,263 [ERROR] ConditionMgr:805 - Attr not supported : Dmpu
2024-11-01 08:50:07,263 [ERROR] ConditionMgr:805 - Attr not supported : Dmpu
2024-11-01 08:50:07,263 [ERROR] ConditionMgr:805 - Attr not supported : Dmpu
2024-11-01 08:50:07,263 [ERROR] ConditionMgr:805 - Attr not supported : Dmpu
2024-11-01 08:50:07,263 [ERROR] ConditionMgr:805 - Attr not supported : Dmpu
2024-11-01 08:50:07,263 [ERROR] ConditionMgr:805 - Attr not supported : Dmpu
2024-11-01 08:50:07,263 [ERROR] ConditionMgr:805 - Attr not supported : Dmpu
2024-11-01 08:50:07,263 [ERROR] ConditionMgr:805 - Attr not supported : Dmpu
2024-11-01 08:50:07,263 [ERROR] ConditionMgr:805 - Attr not supported : Dmpu
2024-11-01 08:50:07,263 [ERROR] ConditionMgr:805 - Attr not supported : Dmpu
2024-11-01 08:50:07,263 [ERROR] ConditionMgr:805 - Attr not supported : Dmpu
2024-11-01 08:50:07,263 [ERROR] ConditionMgr:805 - Attr not supported : Dmpu
2024-11-01 08:50:07,263 [ERROR] ConditionMgr:805 - Attr not supported : Dmpu
2024-11-01 08:50:07,263 [ERROR] ConditionMgr:805 - Attr not supported : Dmpu
2024-11-01 08:50:07,263 [ERROR] ConditionMgr:805 - Attr not supported : Dmpu
2024-11-01 08:50:07,263 [ERROR] ConditionMgr:805 - Attr not supported : Dmpu
2024-11-01 08:50:07,263 [ERROR] ConditionMgr:805 - Attr not supported : Dmpu
2024-11-01 08:50:07,263 [ERROR] ConditionMgr:805 - Attr not supported : Dmpu
2024-11-01 08:50:07,263 [ERROR] ConditionMgr:805 - Attr not supported : Dmpu
2024-11-01 08:50:07,263 [ERROR] ConditionMgr:805 - Attr not supported : Dmpu
2024-11-01 08:50:07,263 [ERROR] ConditionMgr:805 - Attr not supported : Dmpu
2024-11-01 08:50:07,263 [ERROR] ConditionMgr:805 - Attr not supported : Dmpu
2024-11-01 08:50:07,263 [ERROR] ConditionMgr:805 - Attr not supported : Dmpu
2024-11-01 08:50:07,263 [ERROR] ConditionMgr:805 - Attr not supported : Dmpu
2024-11-01 08:50:07,263 [ERROR] ConditionMgr:805 - Attr not supported : Dmpu
2024-11-01 08:50:07,263 [ERROR] ConditionMgr:805 - Attr not supported : Dmpu
2024-11-01 08:50:07,263 [ERROR] ConditionMgr:805 - Attr not supported : Dmpu
2024-11-01 08:50:07,263 [ERROR] ConditionMgr:805 - Attr not supported : Dmpu
2024-11-01 08:50:07,263 [ERROR] ConditionMgr:805 - Attr not supported : Dmpu
2024-11-01 08:50:07,263 [ERROR] ConditionMgr:805 - Attr not supported : Dmpu
2024-11-01 08:50:07,263 [ERROR] ConditionMgr:805 - Attr not supported : Dmpu
2024-11-01 08:50:07,264 [ERROR] ConditionMgr:805 - Attr not supported : Dmpu
2024-11-01 08:50:07,264 [ERROR] ConditionMgr:805 - Attr not supported : Dmpu
2024-11-01 08:50:07,264 [ERROR] ConditionMgr:805 - Attr not supported : Dmpu
2024-11-01 08:50:07,264 [ERROR] ConditionMgr:805 - Attr not supported : Dmpu
2024-11-01 08:50:07,264 [ERROR] ConditionMgr:805 - Attr not supported : Dmpu
2024-11-01 08:50:07,264 [ERROR] ConditionMgr:805 - Attr not supported : Dmpu
2024-11-01 08:50:07,264 [ERROR] ConditionMgr:805 - Attr not supported : Dmpu
2024-11-01 08:50:07,264 [ERROR] ConditionMgr:805 - Attr not supported : Dmpu
2024-11-01 08:50:07,264 [ERROR] ConditionMgr:805 - Attr not supported : Dmpu
2024-11-01 08:50:07,264 [ERROR] ConditionMgr:805 - Attr not supported : Dmpu
2024-11-01 08:50:07,264 [ERROR] ConditionMgr:805 - Attr not supported : Dmpu
2024-11-01 08:50:07,264 [ERROR] ConditionMgr:805 - Attr not supported : Dmpu
2024-11-01 08:50:07,264 [ERROR] ConditionMgr:805 - Attr not supported : Dmpu
2024-11-01 08:50:07,264 [ERROR] ConditionMgr:805 - Attr not supported : Dmpu
2024-11-01 08:50:07,264 [ERROR] ConditionMgr:805 - Attr not supported : Dmpu
2024-11-01 08:50:07,264 [ERROR] ConditionMgr:805 - Attr not supported : Dmpu
2024-11-01 08:50:07,264 [ERROR] ConditionMgr:805 - Attr not supported : Dmpu
2024-11-01 08:50:07,268 [WARN] PackLoader:240 - Cannot read IP mode file for STMicroelectronics.X-CUBE-BLEMGR.3.0.0
2024-11-01 08:50:07,274 [WARN] PackLoader:240 - Cannot read IP mode file for STMicroelectronics.X-CUBE-BLEMGR.1.3.0
2024-11-01 08:50:07,280 [WARN] PackLoader:240 - Cannot read IP mode file for RealThread.X-CUBE-RT-Thread_Nano.4.1.1
2024-11-01 08:50:07,284 [WARN] PackLoader:240 - Cannot read IP mode file for STMicroelectronics.FP-ATR-SIGFOX1.3.2.0
2024-11-01 08:50:07,289 [WARN] PackLoader:240 - Cannot read IP mode file for STMicroelectronics.X-CUBE-EEPRMA1.5.1.0
2024-11-01 08:50:07,308 [WARN] PackLoader:240 - Cannot read IP mode file for STMicroelectronics.X-CUBE-MEMS1.9.5.0
2024-11-01 08:50:07,391 [WARN] PackLoader:240 - Cannot read IP mode file for SEGGER.I-CUBE-embOS.1.3.1
2024-11-01 08:50:07,418 [WARN] PackLoader:240 - Cannot read IP mode file for STMicroelectronics.X-CUBE-ALGOBUILD.1.4.0
2024-11-01 08:50:07,425 [WARN] PackLoader:240 - Cannot read IP mode file for STMicroelectronics.X-CUBE-AI.9.1.0
2024-11-01 08:50:07,430 [WARN] PackLoader:240 - Cannot read IP mode file for STMicroelectronics.X-CUBE-GNSS1.6.0.0
2024-11-01 08:50:07,441 [WARN] PackLoader:240 - Cannot read IP mode file for STMicroelectronics.X-CUBE-AZRTOS-F4.1.1.0
2024-11-01 08:50:07,447 [WARN] PackLoader:240 - Cannot read IP mode file for STMicroelectronics.X-CUBE-ISPU.2.1.0
2024-11-01 08:50:07,451 [WARN] PackLoader:240 - Cannot read IP mode file for STMicroelectronics.X-CUBE-FREERTOS.1.2.0
2024-11-01 08:50:07,460 [WARN] PackLoader:240 - Cannot read IP mode file for STMicroelectronics.X-CUBE-AZRTOS-L5.2.0.0
2024-11-01 08:50:07,479 [WARN] PackLoader:240 - Cannot read IP mode file for STMicroelectronics.X-CUBE-MEMS1.9.6.0
2024-11-01 08:50:07,568 [WARN] PackLoader:240 - Cannot read IP mode file for STMicroelectronics.X-CUBE-EEPRMA1.4.2.0
2024-11-01 08:50:07,573 [WARN] PackLoader:240 - Cannot read IP mode file for STMicroelectronics.X-CUBE-NFC6.3.1.0
2024-11-01 08:50:07,578 [WARN] PackLoader:240 - Cannot read IP mode file for ITTIA_DB.I-CUBE-ITTIADB.8.8.0
2024-11-01 08:50:07,584 [WARN] PackLoader:240 - Cannot read IP mode file for emotas.I-CUBE-CANOPEN.1.1.3
2024-11-01 08:50:07,588 [WARN] PackLoader:240 - Cannot read IP mode file for STMicroelectronics.X-CUBE-BLEMGR.2.0.0
2024-11-01 08:50:07,592 [WARN] PackLoader:240 - Cannot read IP mode file for STMicroelectronics.X-CUBE-DPower.1.2.0
2024-11-01 08:50:07,596 [WARN] PackLoader:240 - Cannot read IP mode file for STMicroelectronics.X-CUBE-AI.9.0.0
2024-11-01 08:50:07,606 [WARN] ConditionMgr:438 - getConditionDescription Invalid condition id : UX DEVICE CLASS RTOS Condition cause : null
2024-11-01 08:50:07,606 [WARN] ConditionMgr:438 - getConditionDescription Invalid condition id : UX DEVICE CLASS RTOS Condition cause : null
2024-11-01 08:50:07,607 [WARN] PackLoader:240 - Cannot read IP mode file for STMicroelectronics.X-CUBE-AZRTOS-H7.3.1.0
2024-11-01 08:50:07,608 [WARN] ConditionMgr:1039 - genDependencies : Invalid condition id : UX DEVICE CLASS RTOS Condition cause : null
2024-11-01 08:50:07,608 [WARN] ConditionMgr:1039 - genDependencies : Invalid condition id : UX DEVICE CLASS RTOS Condition cause : null
2024-11-01 08:50:07,608 [WARN] ConditionMgr:1039 - genDependencies : Invalid condition id : UX DEVICE CLASS RTOS Condition cause : null
2024-11-01 08:50:07,608 [WARN] ConditionMgr:1039 - genDependencies : Invalid condition id : UX DEVICE CLASS RTOS Condition cause : null
2024-11-01 08:50:07,609 [WARN] ConditionMgr:1039 - genDependencies : Invalid condition id : UX DEVICE CLASS RTOS Condition cause : null
2024-11-01 08:50:07,613 [WARN] PackLoader:240 - Cannot read IP mode file for wolfSSL.I-CUBE-wolfSSL.5.5.4
2024-11-01 08:50:07,617 [WARN] PackLoader:240 - Cannot read IP mode file for STMicroelectronics.X-CUBE-NFC7.1.0.1
2024-11-01 08:50:07,620 [WARN] PackLoader:240 - Cannot read IP mode file for STMicroelectronics.X-CUBE-NFC7.1.0.0
2024-11-01 08:50:07,623 [WARN] PackLoader:240 - Cannot read IP mode file for wolfSSL.I-CUBE-wolfTPM.3.2.0
2024-11-01 08:50:07,627 [WARN] PackLoader:240 - Cannot read IP mode file for STMicroelectronics.X-CUBE-NFC6.3.0.0
2024-11-01 08:50:07,630 [WARN] PackLoader:240 - Cannot read IP mode file for STMicroelectronics.X-CUBE-EEPRMA1.4.1.0
2024-11-01 08:50:07,633 [WARN] PackLoader:240 - Cannot read IP mode file for STMicroelectronics.X-CUBE-AI.8.1.0
2024-11-01 08:50:07,643 [WARN] ConditionMgr:438 - getConditionDescription Invalid condition id : LAN8742 Phy interface Condition cause : null
2024-11-01 08:50:07,643 [WARN] PackLoader:240 - Cannot read IP mode file for STMicroelectronics.X-CUBE-AZRTOS-L4.2.0.0
2024-11-01 08:50:07,644 [WARN] ConditionMgr:1039 - genDependencies : Invalid condition id : LAN8742 Phy interface Condition cause : null
2024-11-01 08:50:07,644 [WARN] ConditionMgr:1039 - genDependencies : Invalid condition id : LAN8742 Phy interface Condition cause : null
2024-11-01 08:50:07,645 [WARN] ConditionMgr:1039 - genDependencies : Invalid condition id : LAN8742 Phy interface Condition cause : null
2024-11-01 08:50:07,651 [WARN] PackLoader:240 - Cannot read IP mode file for STMicroelectronics.X-CUBE-SFXS2LP1.4.0.0
2024-11-01 08:50:07,666 [WARN] PackLoader:240 - Cannot read IP mode file for STMicroelectronics.X-CUBE-AZRTOS-H7.3.0.0
2024-11-01 08:50:07,672 [WARN] PackLoader:240 - Cannot read IP mode file for STMicroelectronics.X-CUBE-ISPU.1.1.0
2024-11-01 08:50:07,691 [WARN] PackLoader:240 - Cannot read IP mode file for STMicroelectronics.X-CUBE-AZRTOS-H7.3.3.0
2024-11-01 08:50:07,701 [WARN] PackLoader:240 - Cannot read IP mode file for RoweBots.I-CUBE-UNISONRTOS.5.5.0-4
2024-11-01 08:50:07,718 [WARN] PackLoader:240 - Cannot read IP mode file for STMicroelectronics.X-CUBE-IPS.3.0.0
2024-11-01 08:50:07,731 [WARN] ConditionMgr:438 - getConditionDescription Invalid condition id : UX DEVICE CLASS RTOS Condition cause : null
2024-11-01 08:50:07,731 [WARN] ConditionMgr:438 - getConditionDescription Invalid condition id : UX DEVICE CLASS RTOS Condition cause : null
2024-11-01 08:50:07,732 [WARN] PackLoader:240 - Cannot read IP mode file for STMicroelectronics.X-CUBE-AZRTOS-WB.2.0.0
2024-11-01 08:50:07,733 [WARN] ConditionMgr:1039 - genDependencies : Invalid condition id : UX DEVICE CLASS RTOS Condition cause : null
2024-11-01 08:50:07,733 [WARN] ConditionMgr:1039 - genDependencies : Invalid condition id : UX DEVICE CLASS RTOS Condition cause : null
2024-11-01 08:50:07,733 [WARN] ConditionMgr:1039 - genDependencies : Invalid condition id : UX DEVICE CLASS RTOS Condition cause : null
2024-11-01 08:50:07,733 [WARN] ConditionMgr:1039 - genDependencies : Invalid condition id : UX DEVICE CLASS RTOS Condition cause : null
2024-11-01 08:50:07,733 [WARN] ConditionMgr:1039 - genDependencies : Invalid condition id : UX DEVICE CLASS RTOS Condition cause : null
2024-11-01 08:50:07,737 [WARN] PackLoader:240 - Cannot read IP mode file for STMicroelectronics.X-CUBE-FREERTOS.1.0.1
2024-11-01 08:50:07,742 [WARN] PackLoader:240 - Cannot read IP mode file for STMicroelectronics.X-CUBE-GNSS1.7.0.0
2024-11-01 08:50:07,747 [WARN] PackLoader:240 - Cannot read IP mode file for STMicroelectronics.FP-SNS-STBOX1.2.0.0
2024-11-01 08:50:07,758 [WARN] PackLoader:240 - Cannot read IP mode file for STMicroelectronics.X-CUBE-AZRTOS-L5.1.1.0
2024-11-01 08:50:07,762 [WARN] PackLoader:240 - Cannot read IP mode file for STMicroelectronics.X-CUBE-AI.8.0.1
2024-11-01 08:50:07,768 [WARN] PackLoader:240 - Cannot read IP mode file for STMicroelectronics.X-CUBE-SUBG2.5.0.0
2024-11-01 08:50:07,775 [WARN] PackLoader:240 - Cannot read IP mode file for Cesanta.I-CUBE-Mongoose.7.13.0
2024-11-01 08:50:07,782 [WARN] PackLoader:240 - Cannot read IP mode file for STMicroelectronics.X-CUBE-TOF1.3.3.1
2024-11-01 08:50:07,795 [WARN] PackLoader:240 - Cannot read IP mode file for STMicroelectronics.X-CUBE-AZRTOS-G4.2.0.0
2024-11-01 08:50:07,800 [WARN] PackLoader:240 - Cannot read IP mode file for STMicroelectronics.FP-ATR-ASTRA1.1.1.1
2024-11-01 08:50:07,808 [WARN] PackLoader:240 - Cannot read IP mode file for Infineon.AIROC-Wi-Fi-Bluetooth-STM32.1.5.1
2024-11-01 08:50:07,813 [WARN] PackLoader:240 - Cannot read IP mode file for STMicroelectronics.FP-SNS-MOTENVWB1.1.3.0
2024-11-01 08:50:07,816 [WARN] PackLoader:240 - Cannot read IP mode file for STMicroelectronics.FP-SNS-MOTENVWB1.1.3.1
2024-11-01 08:50:07,824 [WARN] PackLoader:240 - Cannot read IP mode file for STMicroelectronics.X-CUBE-AZRTOS-G4.1.0.0
2024-11-01 08:50:07,835 [WARN] PackLoader:240 - Cannot read IP mode file for STMicroelectronics.X-CUBE-AZRTOS-L4.1.0.0
2024-11-01 08:50:07,840 [WARN] PackLoader:240 - Cannot read IP mode file for STMicroelectronics.X-CUBE-ISPU.2.0.0
2024-11-01 08:50:07,845 [WARN] PackLoader:240 - Cannot read IP mode file for STMicroelectronics.X-CUBE-ALS.1.0.2
2024-11-01 08:50:07,871 [WARN] PackLoader:240 - Cannot read IP mode file for STMicroelectronics.X-CUBE-MEMS1.10.0.0
2024-11-01 08:50:07,929 [WARN] PackLoader:240 - Cannot read IP mode file for STMicroelectronics.X-CUBE-FREERTOS.1.1.0
2024-11-01 08:50:07,932 [WARN] PackLoader:240 - Cannot read IP mode file for STMicroelectronics.X-CUBE-TOUCHGFX.4.24.0
2024-11-01 08:50:07,940 [WARN] PackLoader:240 - Cannot read IP mode file for STMicroelectronics.X-CUBE-AZRTOS-WL.1.0.0
2024-11-01 08:50:07,944 [WARN] PackLoader:240 - Cannot read IP mode file for STMicroelectronics.X-CUBE-TOUCHGFX.4.24.1
2024-11-01 08:50:07,949 [WARN] PackLoader:240 - Cannot read IP mode file for portGmbH.I-Cube-SoM-uGOAL.1.1.0
2024-11-01 08:50:07,951 [WARN] PackLoader:240 - Cannot read IP mode file for STMicroelectronics.X-CUBE-ALS.1.0.1
2024-11-01 08:50:07,962 [WARN] PackLoader:240 - Cannot read IP mode file for STMicroelectronics.X-CUBE-AZRTOS-WB.1.1.0
2024-11-01 08:50:07,975 [WARN] PackLoader:240 - Cannot read IP mode file for STMicroelectronics.X-CUBE-AZRTOS-H7RS.1.0.0
2024-11-01 08:50:07,979 [WARN] PackLoader:240 - Cannot read IP mode file for STMicroelectronics.FP-ATR-ASTRA1.2.0.0
2024-11-01 08:50:07,984 [WARN] PackLoader:240 - Cannot read IP mode file for STMicroelectronics.X-CUBE-TOF1.3.4.2
2024-11-01 08:50:07,996 [WARN] PackLoader:240 - Cannot read IP mode file for STMicroelectronics.X-CUBE-TOF1.3.4.0
2024-11-01 08:50:08,004 [WARN] PackLoader:240 - Cannot read IP mode file for wolfSSL.I-CUBE-wolfSSH.1.4.17
2024-11-01 08:50:08,005 [INFO] ThirdParty:978 - Integrity check success = true
2024-11-01 08:50:08,005 [INFO] IntegrityCheckThread:100 - exiting critical section [integrity check]
2024-11-01 08:50:08,005 [INFO] IntegrityCheckThread:103 - End integrity checks thread
2024-11-01 15:37:50,286 [ERROR] LogOutputStream:75 - [STDERR_REDIRECT] 
2024-11-01 15:43:07,844 [INFO] Activator:176 - 


2024-11-01 15:43:07,845 [INFO] Activator:177 - !SESSION log4j initialized
2024-11-01 15:43:14,561 [INFO] LogOutputStream:77 - [STDOUT_REDIRECT] 
2024-11-01 15:43:18,863 [INFO] ApplicationProperties:184 - Using Application install path: D:\software\STM32CubeIDE_1.16.1\STM32CubeIDE\plugins\com.st.stm32cube.common.mx_6.12.1.202409122256
2024-11-01 15:43:18,904 [INFO] DbMcusXml:78 - Set database path to: D:\software\STM32CubeIDE_1.16.1\STM32CubeIDE\plugins\com.st.stm32cube.common.mx_6.12.1.202409122256\\db\/mcu/
2024-11-01 15:43:18,904 [INFO] ApiDb:274 - Set plugin database path to: D:\software\STM32CubeIDE_1.16.1\STM32CubeIDE\plugins\com.st.stm32cube.common.mx_6.12.1.202409122256\\db\/plugins/boardmanager/
2024-11-01 15:43:18,904 [WARN] ApiDb:259 - Overriding images path with different value:  => D:\software\STM32CubeIDE_1.16.1\STM32CubeIDE\plugins\com.st.stm32cube.common.mx_6.12.1.202409122256\\db\/plugins/mcufinder/images/
2024-11-01 15:43:18,969 [INFO] ApiDb:250 - Set database path to: C:\Users\19948\.stmcufinder\plugins\mcufinder//mcu/
2024-11-01 15:43:18,970 [INFO] DbMcusAds:125 - Set database path to: C:\Users\19948\.stmcufinder\plugins\mcufinder//mcu/
2024-11-01 15:43:18,972 [INFO] CrossReferenceDbSqlite:203 - Set database path to: C:\Users\19948\.stmcufinder\plugins\mcufinder//mcu/cs/
2024-11-01 15:43:19,111 [INFO] RulesReader:64 - Compatibility file has been processed (297 Rules)
2024-11-01 15:43:19,230 [INFO] DbMcusXml:78 - Set database path to: D:\software\STM32CubeIDE_1.16.1\STM32CubeIDE\plugins\com.st.stm32cube.common.mx_6.12.1.202409122256\\db\/mcu/
2024-11-01 15:43:19,230 [INFO] ApiDb:274 - Set plugin database path to: D:\software\STM32CubeIDE_1.16.1\STM32CubeIDE\plugins\com.st.stm32cube.common.mx_6.12.1.202409122256\\db\/plugins/boardmanager/
2024-11-01 15:43:19,230 [INFO] ApiDb:261 - Set plugin images path to: D:\software\STM32CubeIDE_1.16.1\STM32CubeIDE\plugins\com.st.stm32cube.common.mx_6.12.1.202409122256\\db\/plugins/mcufinder/images/
2024-11-01 15:43:19,230 [WARN] DbFile:41 - Overriding database path with different value: C:\Users\19948\.stmcufinder\plugins\mcufinder/ => C:\Users\19948\.stmcufinder\plugins\mcufinder
2024-11-01 15:43:19,230 [INFO] ApiDb:250 - Set database path to: C:\Users\19948\.stmcufinder\plugins\mcufinder//mcu/
2024-11-01 15:43:19,230 [WARN] DbFile:41 - Overriding database path with different value: C:\Users\19948\.stmcufinder\plugins\mcufinder/ => C:\Users\19948\.stmcufinder\plugins\mcufinder
2024-11-01 15:43:19,230 [INFO] DbMcusAds:125 - Set database path to: C:\Users\19948\.stmcufinder\plugins\mcufinder//mcu/
2024-11-01 15:43:19,230 [WARN] DbFile:41 - Overriding database path with different value: C:\Users\19948\.stmcufinder\plugins\mcufinder/ => C:\Users\19948\.stmcufinder\plugins\mcufinder
2024-11-01 15:43:19,230 [WARN] DbFile:41 - Overriding database path with different value: C:\Users\19948\.stmcufinder\plugins\mcufinder/ => C:\Users\19948\.stmcufinder\plugins\mcufinder
2024-11-01 15:43:19,231 [INFO] CrossReferenceDbSqlite:203 - Set database path to: C:\Users\19948\.stmcufinder\plugins\mcufinder//mcu/cs/
2024-11-01 15:43:19,357 [INFO] MainPanel:268 - HeapMemory: 268435456
2024-11-01 15:43:19,510 [INFO] DbMcusXml:78 - Set database path to: D:\software\STM32CubeIDE_1.16.1\STM32CubeIDE\plugins\com.st.stm32cube.common.mx_6.12.1.202409122256\\db\/mcu/
2024-11-01 15:43:19,510 [INFO] ApiDb:274 - Set plugin database path to: D:\software\STM32CubeIDE_1.16.1\STM32CubeIDE\plugins\com.st.stm32cube.common.mx_6.12.1.202409122256\\db\/plugins/boardmanager/
2024-11-01 15:43:19,510 [INFO] ApiDb:261 - Set plugin images path to: D:\software\STM32CubeIDE_1.16.1\STM32CubeIDE\plugins\com.st.stm32cube.common.mx_6.12.1.202409122256\\db\/plugins/mcufinder/images/
2024-11-01 15:43:19,510 [WARN] DbFile:41 - Overriding database path with different value: C:\Users\19948\.stmcufinder\plugins\mcufinder/ => C:\Users\19948\.stmcufinder\plugins\mcufinder
2024-11-01 15:43:19,510 [INFO] ApiDb:250 - Set database path to: C:\Users\19948\.stmcufinder\plugins\mcufinder//mcu/
2024-11-01 15:43:19,510 [WARN] DbFile:41 - Overriding database path with different value: C:\Users\19948\.stmcufinder\plugins\mcufinder/ => C:\Users\19948\.stmcufinder\plugins\mcufinder
2024-11-01 15:43:19,510 [INFO] DbMcusAds:125 - Set database path to: C:\Users\19948\.stmcufinder\plugins\mcufinder//mcu/
2024-11-01 15:43:19,511 [WARN] DbFile:41 - Overriding database path with different value: C:\Users\19948\.stmcufinder\plugins\mcufinder/ => C:\Users\19948\.stmcufinder\plugins\mcufinder
2024-11-01 15:43:19,511 [WARN] DbFile:41 - Overriding database path with different value: C:\Users\19948\.stmcufinder\plugins\mcufinder/ => C:\Users\19948\.stmcufinder\plugins\mcufinder
2024-11-01 15:43:19,511 [INFO] CrossReferenceDbSqlite:203 - Set database path to: C:\Users\19948\.stmcufinder\plugins\mcufinder//mcu/cs/
2024-11-01 15:43:19,526 [INFO] ApplicationProperties:184 - Using Application install path: D:\software\STM32CubeIDE_1.16.1\STM32CubeIDE\plugins\com.st.stm32cube.common.mx_6.12.1.202409122256
2024-11-01 15:43:19,528 [INFO] PluginManage:196 - Search for loadable plugins [exclusion list=, ]
2024-11-01 15:43:19,551 [INFO] PluginManage:310 - Check plugin analytics
2024-11-01 15:43:19,725 [INFO] AnalyticsPlugin:253 - Accepted Software Licenses: 
2024-11-01 15:43:19,725 [INFO] AnalyticsPlugin:255 - Accepted CMSIS Pack Licenses: 
2024-11-01 15:43:19,726 [INFO] AnalyticsPlugin:257 - Accepted Firmware Licenses: 
2024-11-01 15:43:19,728 [INFO] PluginManage:359 - Loaded plugin analytics (category:tool,tabindex:-1)
2024-11-01 15:43:19,728 [INFO] PluginManage:310 - Check plugin cadmodel
2024-11-01 15:43:19,750 [INFO] CADModel:105 - Init CAD model plugin
2024-11-01 15:43:19,750 [INFO] PluginManage:359 - Loaded plugin cadmodel (category:power,tabindex:5)
2024-11-01 15:43:19,751 [INFO] PluginManage:310 - Check plugin clock
2024-11-01 15:43:19,758 [INFO] PluginManage:359 - Loaded plugin clock (category:base,tabindex:2)
2024-11-01 15:43:19,758 [INFO] PluginManage:310 - Check plugin ddr
2024-11-01 15:43:19,764 [INFO] PluginManage:359 - Loaded plugin ddr (category:tool,tabindex:6)
2024-11-01 15:43:19,764 [INFO] PluginManage:310 - Check plugin filemanager
2024-11-01 15:43:20,181 [INFO] PluginManage:359 - Loaded plugin filemanager (category:base,tabindex:10)
2024-11-01 15:43:20,181 [INFO] PluginManage:310 - Check plugin ipmanager
2024-11-01 15:43:20,188 [INFO] PluginManage:359 - Loaded plugin ipmanager (category:base,tabindex:5)
2024-11-01 15:43:20,188 [INFO] PluginManage:310 - Check plugin lpbam
2024-11-01 15:43:20,196 [INFO] PluginManage:359 - Loaded plugin lpbam (category:base,tabindex:0)
2024-11-01 15:43:20,196 [INFO] PluginManage:310 - Check plugin memorymap
2024-11-01 15:43:20,232 [INFO] PluginManage:359 - Loaded plugin memorymap (category:base,tabindex:4)
2024-11-01 15:43:20,232 [INFO] PluginManage:310 - Check plugin pinoutandconfiguration
2024-11-01 15:43:20,237 [INFO] PluginManage:359 - Loaded plugin pinoutandconfiguration (category:base,tabindex:1)
2024-11-01 15:43:20,237 [INFO] PluginManage:310 - Check plugin pinoutconfig
2024-11-01 15:43:20,323 [WARN] SupportedApi:132 - Cannot load RTOS API schema: s4s-elt-must-match.1: The content of 'definitions' must match (annotation?, (simpleType | complexType)?, (unique | key | keyref)*)). A problem was found starting at: attribute.
2024-11-01 15:43:20,443 [INFO] PluginManage:359 - Loaded plugin pinoutconfig (category:base,tabindex:0)
2024-11-01 15:43:20,443 [INFO] PluginManage:310 - Check plugin power
2024-11-01 15:43:20,482 [INFO] PluginManage:359 - Loaded plugin power (category:power,tabindex:4)
2024-11-01 15:43:20,482 [INFO] PluginManage:310 - Check plugin projectmanager
2024-11-01 15:43:20,496 [INFO] PluginManage:359 - Loaded plugin projectmanager (category:projectmanager,tabindex:4)
2024-11-01 15:43:20,496 [INFO] PluginManage:310 - Check plugin rif
2024-11-01 15:43:20,502 [INFO] PluginManage:359 - Loaded plugin rif (category:base,tabindex:3)
2024-11-01 15:43:20,502 [INFO] PluginManage:310 - Check plugin thirdparty
2024-11-01 15:43:20,673 [INFO] PluginManage:359 - Loaded plugin thirdparty (category:base,tabindex:-1)
2024-11-01 15:43:20,673 [WARN] IntegrityCheckThread:84 - waiting for thirdparty lock release [integrity check]
2024-11-01 15:43:20,673 [INFO] PluginManage:310 - Check plugin tools
2024-11-01 15:43:20,673 [INFO] IntegrityCheckThread:86 - entering critical section [integrity check]
2024-11-01 15:43:20,673 [INFO] ThirdPartyUpdaterWithRetryManager:70 - Updater plugin not ready yet. [1/15]
2024-11-01 15:43:20,676 [INFO] PluginManage:359 - Loaded plugin tools (category:base,tabindex:7)
2024-11-01 15:43:20,676 [INFO] PluginManage:310 - Check plugin tutovideos
2024-11-01 15:43:20,862 [INFO] PluginManage:359 - Loaded plugin tutovideos (category:base,tabindex:-1)
2024-11-01 15:43:20,862 [INFO] PluginManage:310 - Check plugin updater
2024-11-01 15:43:20,899 [INFO] PluginManage:359 - Loaded plugin updater (category:base,tabindex:12)
2024-11-01 15:43:20,900 [INFO] PluginManage:310 - Check plugin userauth
2024-11-01 15:43:20,904 [INFO] UserAuth:113 - Init User Auth plugin
2024-11-01 15:43:20,904 [INFO] PluginManage:359 - Loaded plugin userauth (category:base,tabindex:14)
2024-11-01 15:43:20,905 [INFO] PluginManage:283 - PluginManage : Loaded plugins [18]
2024-11-01 15:43:21,252 [INFO] PinOutPanel:1561 - setPackage(No Configuration,No Configuration)
2024-11-01 15:43:21,349 [INFO] CADModel:165 - CPN selected for project level
2024-11-01 15:43:21,349 [INFO] CADModel:114 - Register for checkConnection events
2024-11-01 15:43:21,394 [INFO] IPUIPlugin:80 - create IPUIPlugin
2024-11-01 15:43:21,395 [INFO] PluginManager:220 - loadIPPluginJar : add adc
2024-11-01 15:43:21,396 [INFO] IPUIPlugin:80 - create IPUIPlugin
2024-11-01 15:43:21,397 [INFO] PluginManager:220 - loadIPPluginJar : add aes
2024-11-01 15:43:21,399 [INFO] IPUIPlugin:80 - create IPUIPlugin
2024-11-01 15:43:21,399 [INFO] PluginManager:220 - loadIPPluginJar : add can
2024-11-01 15:43:21,401 [INFO] IPUIPlugin:80 - create IPUIPlugin
2024-11-01 15:43:21,401 [INFO] PluginManager:220 - loadIPPluginJar : add comp
2024-11-01 15:43:21,403 [INFO] IPUIPlugin:80 - create IPUIPlugin
2024-11-01 15:43:21,403 [INFO] PluginManager:220 - loadIPPluginJar : add cryp
2024-11-01 15:43:21,433 [INFO] IPUIPlugin:80 - create IPUIPlugin
2024-11-01 15:43:21,433 [INFO] PluginManager:220 - loadIPPluginJar : add ddr_ctrl_phy
2024-11-01 15:43:21,435 [INFO] IPUIPlugin:80 - create IPUIPlugin
2024-11-01 15:43:21,435 [INFO] PluginManager:220 - loadIPPluginJar : add dfsdm
2024-11-01 15:43:21,440 [INFO] IPUIPlugin:80 - create IPUIPlugin
2024-11-01 15:43:21,440 [INFO] PluginManager:220 - loadIPPluginJar : add dma
2024-11-01 15:43:21,442 [INFO] IPUIPlugin:80 - create IPUIPlugin
2024-11-01 15:43:21,442 [INFO] PluginManager:220 - loadIPPluginJar : add dma3
2024-11-01 15:43:21,444 [INFO] IPUIPlugin:80 - create IPUIPlugin
2024-11-01 15:43:21,444 [INFO] PluginManager:220 - loadIPPluginJar : add extmemmanager
2024-11-01 15:43:21,445 [INFO] IPUIPlugin:80 - create IPUIPlugin
2024-11-01 15:43:21,445 [INFO] PluginManager:220 - loadIPPluginJar : add fatfs
2024-11-01 15:43:21,449 [INFO] IPUIPlugin:80 - create IPUIPlugin
2024-11-01 15:43:21,449 [INFO] PluginManager:220 - loadIPPluginJar : add fmc
2024-11-01 15:43:21,454 [INFO] IPUIPlugin:80 - create IPUIPlugin
2024-11-01 15:43:21,454 [INFO] PluginManager:220 - loadIPPluginJar : add freertos
2024-11-01 15:43:21,455 [INFO] IPUIPlugin:80 - create IPUIPlugin
2024-11-01 15:43:21,455 [INFO] PluginManager:220 - loadIPPluginJar : add genericplugin
2024-11-01 15:43:21,457 [INFO] IPUIPlugin:80 - create IPUIPlugin
2024-11-01 15:43:21,457 [INFO] PluginManager:220 - loadIPPluginJar : add gfxmmu
2024-11-01 15:43:21,460 [INFO] IPUIPlugin:80 - create IPUIPlugin
2024-11-01 15:43:21,460 [INFO] PluginManager:220 - loadIPPluginJar : add gic
2024-11-01 15:43:21,463 [INFO] IPUIPlugin:80 - create IPUIPlugin
2024-11-01 15:43:21,464 [INFO] PluginManager:220 - loadIPPluginJar : add gpio
2024-11-01 15:43:21,466 [INFO] IPUIPlugin:80 - create IPUIPlugin
2024-11-01 15:43:21,466 [INFO] PluginManager:220 - loadIPPluginJar : add gtzc
2024-11-01 15:43:21,468 [INFO] IPUIPlugin:80 - create IPUIPlugin
2024-11-01 15:43:21,468 [INFO] PluginManager:220 - loadIPPluginJar : add hash
2024-11-01 15:43:21,471 [INFO] IPUIPlugin:80 - create IPUIPlugin
2024-11-01 15:43:21,471 [INFO] PluginManager:220 - loadIPPluginJar : add i2c
2024-11-01 15:43:21,473 [INFO] IPUIPlugin:80 - create IPUIPlugin
2024-11-01 15:43:21,473 [INFO] PluginManager:220 - loadIPPluginJar : add i2s
2024-11-01 15:43:21,475 [INFO] IPUIPlugin:80 - create IPUIPlugin
2024-11-01 15:43:21,475 [INFO] PluginManager:220 - loadIPPluginJar : add i3c
2024-11-01 15:43:21,478 [INFO] IPUIPlugin:80 - create IPUIPlugin
2024-11-01 15:43:21,478 [INFO] PluginManager:220 - loadIPPluginJar : add ipddr
2024-11-01 15:43:21,486 [INFO] IPUIPlugin:80 - create IPUIPlugin
2024-11-01 15:43:21,486 [INFO] PluginManager:220 - loadIPPluginJar : add linkedlist
2024-11-01 15:43:21,489 [INFO] IPUIPlugin:80 - create IPUIPlugin
2024-11-01 15:43:21,489 [INFO] PluginManager:220 - loadIPPluginJar : add lorawan
2024-11-01 15:43:21,490 [INFO] IPUIPlugin:80 - create IPUIPlugin
2024-11-01 15:43:21,490 [INFO] PluginManager:220 - loadIPPluginJar : add ltdc
2024-11-01 15:43:21,495 [INFO] IPUIPlugin:80 - create IPUIPlugin
2024-11-01 15:43:21,495 [INFO] PluginManager:220 - loadIPPluginJar : add mdma
2024-11-01 15:43:21,497 [INFO] IPUIPlugin:80 - create IPUIPlugin
2024-11-01 15:43:21,498 [INFO] PluginManager:220 - loadIPPluginJar : add nvic
2024-11-01 15:43:21,500 [INFO] IPUIPlugin:80 - create IPUIPlugin
2024-11-01 15:43:21,500 [INFO] PluginManager:220 - loadIPPluginJar : add opamp
2024-11-01 15:43:21,503 [INFO] IPUIPlugin:80 - create IPUIPlugin
2024-11-01 15:43:21,503 [INFO] PluginManager:220 - loadIPPluginJar : add openamp
2024-11-01 15:43:21,505 [INFO] IPUIPlugin:80 - create IPUIPlugin
2024-11-01 15:43:21,505 [INFO] PluginManager:220 - loadIPPluginJar : add pdm2pcm
2024-11-01 15:43:21,510 [INFO] IPUIPlugin:80 - create IPUIPlugin
2024-11-01 15:43:21,512 [INFO] PluginManager:220 - loadIPPluginJar : add plateformsettings
2024-11-01 15:43:21,514 [INFO] IPUIPlugin:80 - create IPUIPlugin
2024-11-01 15:43:21,514 [INFO] PluginManager:220 - loadIPPluginJar : add quadspi
2024-11-01 15:43:21,515 [INFO] IPUIPlugin:80 - create IPUIPlugin
2024-11-01 15:43:21,516 [INFO] PluginManager:220 - loadIPPluginJar : add radio
2024-11-01 15:43:21,519 [INFO] IPUIPlugin:80 - create IPUIPlugin
2024-11-01 15:43:21,519 [INFO] PluginManager:220 - loadIPPluginJar : add resmgrutility
2024-11-01 15:43:21,522 [INFO] IPUIPlugin:80 - create IPUIPlugin
2024-11-01 15:43:21,522 [INFO] PluginManager:220 - loadIPPluginJar : add sai
2024-11-01 15:43:21,524 [INFO] IPUIPlugin:80 - create IPUIPlugin
2024-11-01 15:43:21,524 [INFO] PluginManager:220 - loadIPPluginJar : add spi
2024-11-01 15:43:21,528 [INFO] IPUIPlugin:80 - create IPUIPlugin
2024-11-01 15:43:21,528 [INFO] PluginManager:220 - loadIPPluginJar : add stm32_wpan
2024-11-01 15:43:21,530 [INFO] IPUIPlugin:80 - create IPUIPlugin
2024-11-01 15:43:21,530 [INFO] PluginManager:220 - loadIPPluginJar : add tim
2024-11-01 15:43:21,533 [INFO] IPUIPlugin:80 - create IPUIPlugin
2024-11-01 15:43:21,533 [INFO] PluginManager:220 - loadIPPluginJar : add touchsensing
2024-11-01 15:43:21,534 [INFO] IPUIPlugin:80 - create IPUIPlugin
2024-11-01 15:43:21,535 [INFO] PluginManager:220 - loadIPPluginJar : add tracer_emb
2024-11-01 15:43:21,536 [INFO] IPUIPlugin:80 - create IPUIPlugin
2024-11-01 15:43:21,536 [INFO] PluginManager:220 - loadIPPluginJar : add ts
2024-11-01 15:43:21,538 [INFO] IPUIPlugin:80 - create IPUIPlugin
2024-11-01 15:43:21,538 [INFO] PluginManager:220 - loadIPPluginJar : add tsc
2024-11-01 15:43:21,539 [INFO] IPUIPlugin:80 - create IPUIPlugin
2024-11-01 15:43:21,539 [INFO] PluginManager:220 - loadIPPluginJar : add ucpd
2024-11-01 15:43:21,541 [INFO] IPUIPlugin:80 - create IPUIPlugin
2024-11-01 15:43:21,541 [INFO] PluginManager:220 - loadIPPluginJar : add usart
2024-11-01 15:43:21,543 [INFO] IPUIPlugin:80 - create IPUIPlugin
2024-11-01 15:43:21,543 [INFO] PluginManager:220 - loadIPPluginJar : add usbx
2024-11-01 15:43:21,660 [INFO] CADModel:165 - CPN selected for project level
2024-11-01 15:43:21,661 [INFO] CADModel:114 - Register for checkConnection events
2024-11-01 15:43:21,661 [FATAL] Updater:334 - Updater called before beeing initialized
2024-11-01 15:43:21,661 [ERROR] CADModel:125 - Updater not yet initialized, retry later 
2024-11-01 15:43:21,800 [INFO] CADModel:165 - CPN selected for project level
2024-11-01 15:43:21,800 [INFO] CADModel:114 - Register for checkConnection events
2024-11-01 15:43:21,800 [FATAL] Updater:334 - Updater called before beeing initialized
2024-11-01 15:43:21,800 [ERROR] CADModel:125 - Updater not yet initialized, retry later 
2024-11-01 15:43:21,802 [FATAL] Updater:334 - Updater called before beeing initialized
2024-11-01 15:43:21,894 [FATAL] Updater:334 - Updater called before beeing initialized
2024-11-01 15:43:21,906 [INFO] DbMcusAds:53 - JSON generation date=Fri Sep 20 21:04:38 CST 2024 (1726837478367)
2024-11-01 15:43:21,907 [FATAL] Updater:334 - Updater called before beeing initialized
2024-11-01 15:43:22,006 [WARN] DetailPanel:346 - Failed to get advertising image, set to default
2024-11-01 15:43:22,114 [FATAL] Updater:334 - Updater called before beeing initialized
2024-11-01 15:43:22,115 [FATAL] Updater:334 - Updater called before beeing initialized
2024-11-01 15:43:22,116 [FATAL] Updater:334 - Updater called before beeing initialized
2024-11-01 15:43:22,116 [WARN] DetailPanel:346 - Failed to get advertising image, set to default
2024-11-01 15:43:22,116 [FATAL] Updater:334 - Updater called before beeing initialized
2024-11-01 15:43:22,227 [ERROR] Updater:1164 - MainUpdater not yet initialized. External WinMGr cannot be set.
2024-11-01 15:43:22,244 [INFO] Updater:1100 - Updater Version found : 6.12.1
2024-11-01 15:43:22,275 [INFO] ApplicationProperties:184 - Using Application install path: D:\software\STM32CubeIDE_1.16.1\STM32CubeIDE\plugins\com.st.stm32cube.common.mx_6.12.1.202409122256
2024-11-01 15:43:23,676 [INFO] ThirdPartyUpdaterWithRetryManager:70 - Updater plugin not ready yet. [2/15]
2024-11-01 15:43:23,850 [ERROR] LogOutputStream:75 - [STDERR_REDIRECT] Nov 01, 2024 3:43:23 PM java.util.prefs.WindowsPreferences <init>
2024-11-01 15:43:23,852 [ERROR] LogOutputStream:75 - [STDERR_REDIRECT] WARNING: Could not open/create prefs root node Software\JavaSoft\Prefs at root 0xffffffff80000002. Windows RegCreateKeyEx(...) returned error code 5.
2024-11-01 15:43:23,852 [ERROR] LogOutputStream:75 - [STDERR_REDIRECT] 
2024-11-01 15:43:24,308 [INFO] MainUpdater:2873 - connection check result : 10
2024-11-01 15:43:24,309 [INFO] MainUpdater:290 - Updater Check For Update Now.
2024-11-01 15:43:24,309 [INFO] MicroXplorer:498 - Change Database Version : DB.6.0.121
2024-11-01 15:43:24,337 [INFO] McuFinderGlobals:63 - Set McuFinder mode to 2 (CubeIDE integrated)
2024-11-01 15:43:24,339 [INFO] UserAuth:417 - Internet connection configuration mode: 1
2024-11-01 15:43:24,402 [INFO] JxBrowserEngine:152 - Initiate JxBrowser Engine with user profile folder
2024-11-01 15:43:24,511 [INFO] CheckServerUpdateThread:120 - End of CheckServer Thread
2024-11-01 15:43:25,260 [INFO] WebApp:167 - Instantiating new browser for Auth
2024-11-01 15:43:26,070 [INFO] WebApp:448 - Apply proxy settings
2024-11-01 15:43:26,070 [INFO] WebApp:533 - Chromium requires no authentication
2024-11-01 15:43:26,082 [INFO] WebApp:476 - Direct internet connection detected
2024-11-01 15:43:26,111 [INFO] WebApp:869 - Register for checkConnection events
2024-11-01 15:43:26,111 [INFO] WebApp:448 - Apply proxy settings
2024-11-01 15:43:26,111 [INFO] WebApp:533 - Chromium requires no authentication
2024-11-01 15:43:26,111 [INFO] WebApp:476 - Direct internet connection detected
2024-11-01 15:43:26,250 [INFO] WebApp:220 - Starting web application
2024-11-01 15:43:26,250 [INFO] WebApp:578 - Web application path used D:\software\STM32CubeIDE_1.16.1\STM32CubeIDE\plugins\com.st.stm32cube.common.mx_6.12.1.202409122256\db\plugins\mcufinder\reactClient1\index.html
2024-11-01 15:43:26,364 [INFO] UserAuth:417 - Internet connection configuration mode: 1
2024-11-01 15:43:27,169 [WARN] PackLoader:240 - Cannot read IP mode file for STMicroelectronics.FP-SNS-MOTENVWB1.1.4.0
2024-11-01 15:43:27,179 [WARN] PackLoader:240 - Cannot read IP mode file for STMicroelectronics.X-CUBE-SMBUS.2.1.0
2024-11-01 15:43:27,190 [WARN] PackLoader:240 - Cannot read IP mode file for STMicroelectronics.X-CUBE-WB05N.1.1.0
2024-11-01 15:43:27,218 [WARN] PackLoader:240 - Cannot read IP mode file for STMicroelectronics.X-CUBE-AZRTOS-F7.1.1.0
2024-11-01 15:43:27,228 [WARN] PackLoader:240 - Cannot read IP mode file for STMicroelectronics.FP-SNS-MOTENV1.4.3.2
2024-11-01 15:43:27,264 [WARN] PackLoader:240 - Cannot read IP mode file for STMicroelectronics.X-CUBE-MEMS1.11.0.0
2024-11-01 15:43:27,348 [WARN] PackLoader:240 - Cannot read IP mode file for STMicroelectronics.X-CUBE-BLE1.6.2.4
2024-11-01 15:43:27,355 [WARN] PackLoader:240 - Cannot read IP mode file for STMicroelectronics.FP-SNS-FLIGHT1.5.0.2
2024-11-01 15:43:27,363 [WARN] PackLoader:240 - Cannot read IP mode file for STMicroelectronics.X-CUBE-DISPLAY.3.0.0
2024-11-01 15:43:27,386 [WARN] PackLoader:240 - Cannot read IP mode file for STMicroelectronics.X-CUBE-BLE1.7.0.0
2024-11-01 15:43:27,395 [WARN] PackLoader:240 - Cannot read IP mode file for STMicroelectronics.X-CUBE-NFC10.1.0.0
2024-11-01 15:43:27,409 [WARN] PackLoader:240 - Cannot read IP mode file for STMicroelectronics.X-CUBE-TOUCHGFX.4.22.0
2024-11-01 15:43:27,412 [WARN] PackLoader:240 - Cannot read IP mode file for STMicroelectronics.X-CUBE-TOUCHGFX.4.22.1
2024-11-01 15:43:27,420 [WARN] PackLoader:240 - Cannot read IP mode file for STMicroelectronics.X-CUBE-BLEMGR.3.1.0
2024-11-01 15:43:27,428 [WARN] PackLoader:240 - Cannot read IP mode file for STMicroelectronics.FP-SNS-SMARTAG2.1.2.0
2024-11-01 15:43:27,436 [INFO] LogOutputStream:77 - [STDOUT_REDIRECT] 1 : Invalid condition id : UX_CORESTACK_Condition cause : null
2024-11-01 15:43:27,437 [INFO] LogOutputStream:77 - [STDOUT_REDIRECT] 1 : Invalid condition id : UX_CORESTACK_Condition cause : null
2024-11-01 15:43:27,437 [INFO] LogOutputStream:77 - [STDOUT_REDIRECT] 1 : Invalid condition id : UX_CORESTACK_Condition cause : null
2024-11-01 15:43:27,438 [INFO] LogOutputStream:77 - [STDOUT_REDIRECT] 1 : Invalid condition id : UX_CORESTACK_Condition cause : null
2024-11-01 15:43:27,439 [INFO] LogOutputStream:77 - [STDOUT_REDIRECT] 1 : Invalid condition id : UX_CORESTACK_Condition cause : null
2024-11-01 15:43:27,442 [WARN] PackLoader:240 - Cannot read IP mode file for STMicroelectronics.X-CUBE-AZRTOS-WL.2.0.0
2024-11-01 15:43:27,448 [WARN] PackLoader:240 - Cannot read IP mode file for STMicroelectronics.FP-SNS-MOTENV1.5.0.0
2024-11-01 15:43:27,455 [WARN] PackLoader:240 - Cannot read IP mode file for wolfSSL.I-CUBE-wolfMQTT.1.19.0
2024-11-01 15:43:27,464 [WARN] PackLoader:240 - Cannot read IP mode file for WES.I-CUBE-Cesium.1.3.0
2024-11-01 15:43:27,471 [WARN] PackLoader:240 - Cannot read IP mode file for STMicroelectronics.X-CUBE-BLE2.3.3.0
2024-11-01 15:43:27,479 [WARN] PackLoader:240 - Cannot read IP mode file for STMicroelectronics.X-CUBE-TOF1.3.2.0
2024-11-01 15:43:27,489 [WARN] PackLoader:240 - Cannot read IP mode file for STMicroelectronics.X-CUBE-NFC9.1.0.0
2024-11-01 15:43:27,499 [WARN] PackLoader:240 - Cannot read IP mode file for STMicroelectronics.X-CUBE-TCPP.4.1.0
2024-11-01 15:43:27,503 [WARN] PackLoader:240 - Cannot read IP mode file for STMicroelectronics.X-CUBE-TOUCHGFX.4.21.1
2024-11-01 15:43:27,524 [WARN] PackLoader:240 - Cannot read IP mode file for STMicroelectronics.X-CUBE-MEMS1.9.4.0
2024-11-01 15:43:27,576 [WARN] PackLoader:240 - Cannot read IP mode file for STMicroelectronics.X-CUBE-AI.7.3.0
2024-11-01 15:43:27,582 [WARN] PackLoader:240 - Cannot read IP mode file for STMicroelectronics.X-CUBE-ALGOBUILD.1.3.0
2024-11-01 15:43:27,594 [WARN] PackLoader:240 - Cannot read IP mode file for STMicroelectronics.X-CUBE-AZRTOS-G0.1.1.0
2024-11-01 15:43:27,601 [WARN] PackLoader:240 - Cannot read IP mode file for STMicroelectronics.X-CUBE-SAFEA1.1.2.2
2024-11-01 15:43:27,608 [WARN] PackLoader:240 - Cannot read IP mode file for STMicroelectronics.X-CUBE-NFC4.3.0.0
2024-11-01 15:43:27,618 [WARN] PackLoader:240 - Cannot read IP mode file for EmbeddedOffice.I-CUBE-FS-RTOS.1.0.1
2024-11-01 15:43:27,618 [ERROR] ConditionMgr:805 - Attr not supported : Dmpu
2024-11-01 15:43:27,619 [ERROR] ConditionMgr:805 - Attr not supported : Dmpu
2024-11-01 15:43:27,619 [ERROR] ConditionMgr:805 - Attr not supported : Dmpu
2024-11-01 15:43:27,619 [ERROR] ConditionMgr:805 - Attr not supported : Dmpu
2024-11-01 15:43:27,619 [ERROR] ConditionMgr:805 - Attr not supported : Dmpu
2024-11-01 15:43:27,619 [ERROR] ConditionMgr:805 - Attr not supported : Dmpu
2024-11-01 15:43:27,619 [ERROR] ConditionMgr:805 - Attr not supported : Dmpu
2024-11-01 15:43:27,619 [ERROR] ConditionMgr:805 - Attr not supported : Dmpu
2024-11-01 15:43:27,619 [ERROR] ConditionMgr:805 - Attr not supported : Dmpu
2024-11-01 15:43:27,619 [ERROR] ConditionMgr:805 - Attr not supported : Dmpu
2024-11-01 15:43:27,619 [ERROR] ConditionMgr:805 - Attr not supported : Dmpu
2024-11-01 15:43:27,619 [ERROR] ConditionMgr:805 - Attr not supported : Dmpu
2024-11-01 15:43:27,619 [ERROR] ConditionMgr:805 - Attr not supported : Dmpu
2024-11-01 15:43:27,619 [ERROR] ConditionMgr:805 - Attr not supported : Dmpu
2024-11-01 15:43:27,619 [ERROR] ConditionMgr:805 - Attr not supported : Dmpu
2024-11-01 15:43:27,619 [ERROR] ConditionMgr:805 - Attr not supported : Dmpu
2024-11-01 15:43:27,619 [ERROR] ConditionMgr:805 - Attr not supported : Dmpu
2024-11-01 15:43:27,619 [ERROR] ConditionMgr:805 - Attr not supported : Dmpu
2024-11-01 15:43:27,619 [ERROR] ConditionMgr:805 - Attr not supported : Dmpu
2024-11-01 15:43:27,619 [ERROR] ConditionMgr:805 - Attr not supported : Dmpu
2024-11-01 15:43:27,619 [ERROR] ConditionMgr:805 - Attr not supported : Dmpu
2024-11-01 15:43:27,619 [ERROR] ConditionMgr:805 - Attr not supported : Dmpu
2024-11-01 15:43:27,620 [ERROR] ConditionMgr:805 - Attr not supported : Dmpu
2024-11-01 15:43:27,620 [ERROR] ConditionMgr:805 - Attr not supported : Dmpu
2024-11-01 15:43:27,620 [ERROR] ConditionMgr:805 - Attr not supported : Dmpu
2024-11-01 15:43:27,620 [ERROR] ConditionMgr:805 - Attr not supported : Dmpu
2024-11-01 15:43:27,620 [ERROR] ConditionMgr:805 - Attr not supported : Dmpu
2024-11-01 15:43:27,620 [ERROR] ConditionMgr:805 - Attr not supported : Dmpu
2024-11-01 15:43:27,620 [ERROR] ConditionMgr:805 - Attr not supported : Dmpu
2024-11-01 15:43:27,620 [ERROR] ConditionMgr:805 - Attr not supported : Dmpu
2024-11-01 15:43:27,620 [ERROR] ConditionMgr:805 - Attr not supported : Dmpu
2024-11-01 15:43:27,620 [ERROR] ConditionMgr:805 - Attr not supported : Dmpu
2024-11-01 15:43:27,620 [ERROR] ConditionMgr:805 - Attr not supported : Dmpu
2024-11-01 15:43:27,620 [ERROR] ConditionMgr:805 - Attr not supported : Dmpu
2024-11-01 15:43:27,620 [ERROR] ConditionMgr:805 - Attr not supported : Dmpu
2024-11-01 15:43:27,620 [ERROR] ConditionMgr:805 - Attr not supported : Dmpu
2024-11-01 15:43:27,620 [ERROR] ConditionMgr:805 - Attr not supported : Dmpu
2024-11-01 15:43:27,620 [ERROR] ConditionMgr:805 - Attr not supported : Dmpu
2024-11-01 15:43:27,620 [ERROR] ConditionMgr:805 - Attr not supported : Dmpu
2024-11-01 15:43:27,621 [ERROR] ConditionMgr:805 - Attr not supported : Dmpu
2024-11-01 15:43:27,621 [ERROR] ConditionMgr:805 - Attr not supported : Dmpu
2024-11-01 15:43:27,621 [ERROR] ConditionMgr:805 - Attr not supported : Dmpu
2024-11-01 15:43:27,621 [ERROR] ConditionMgr:805 - Attr not supported : Dmpu
2024-11-01 15:43:27,621 [ERROR] ConditionMgr:805 - Attr not supported : Dmpu
2024-11-01 15:43:27,621 [ERROR] ConditionMgr:805 - Attr not supported : Dmpu
2024-11-01 15:43:27,621 [ERROR] ConditionMgr:805 - Attr not supported : Dmpu
2024-11-01 15:43:27,621 [ERROR] ConditionMgr:805 - Attr not supported : Dmpu
2024-11-01 15:43:27,621 [ERROR] ConditionMgr:805 - Attr not supported : Dmpu
2024-11-01 15:43:27,621 [ERROR] ConditionMgr:805 - Attr not supported : Dmpu
2024-11-01 15:43:27,621 [ERROR] ConditionMgr:805 - Attr not supported : Dmpu
2024-11-01 15:43:27,621 [ERROR] ConditionMgr:805 - Attr not supported : Dmpu
2024-11-01 15:43:27,621 [ERROR] ConditionMgr:805 - Attr not supported : Dmpu
2024-11-01 15:43:27,621 [ERROR] ConditionMgr:805 - Attr not supported : Dmpu
2024-11-01 15:43:27,621 [ERROR] ConditionMgr:805 - Attr not supported : Dmpu
2024-11-01 15:43:27,621 [ERROR] ConditionMgr:805 - Attr not supported : Dmpu
2024-11-01 15:43:27,621 [ERROR] ConditionMgr:805 - Attr not supported : Dmpu
2024-11-01 15:43:27,622 [ERROR] ConditionMgr:805 - Attr not supported : Dmpu
2024-11-01 15:43:27,622 [ERROR] ConditionMgr:805 - Attr not supported : Dmpu
2024-11-01 15:43:27,622 [ERROR] ConditionMgr:805 - Attr not supported : Dmpu
2024-11-01 15:43:27,622 [ERROR] ConditionMgr:805 - Attr not supported : Dmpu
2024-11-01 15:43:27,622 [ERROR] ConditionMgr:805 - Attr not supported : Dmpu
2024-11-01 15:43:27,622 [ERROR] ConditionMgr:805 - Attr not supported : Dmpu
2024-11-01 15:43:27,622 [ERROR] ConditionMgr:805 - Attr not supported : Dmpu
2024-11-01 15:43:27,622 [ERROR] ConditionMgr:805 - Attr not supported : Dmpu
2024-11-01 15:43:27,629 [WARN] PackLoader:240 - Cannot read IP mode file for STMicroelectronics.X-CUBE-BLEMGR.3.0.0
2024-11-01 15:43:27,636 [WARN] PackLoader:240 - Cannot read IP mode file for STMicroelectronics.X-CUBE-BLEMGR.1.3.0
2024-11-01 15:43:27,643 [WARN] PackLoader:240 - Cannot read IP mode file for RealThread.X-CUBE-RT-Thread_Nano.4.1.1
2024-11-01 15:43:27,649 [WARN] PackLoader:240 - Cannot read IP mode file for STMicroelectronics.FP-ATR-SIGFOX1.3.2.0
2024-11-01 15:43:27,655 [WARN] PackLoader:240 - Cannot read IP mode file for STMicroelectronics.X-CUBE-EEPRMA1.5.1.0
2024-11-01 15:43:27,681 [WARN] PackLoader:240 - Cannot read IP mode file for STMicroelectronics.X-CUBE-MEMS1.9.5.0
2024-11-01 15:43:27,785 [WARN] PackLoader:240 - Cannot read IP mode file for SEGGER.I-CUBE-embOS.1.3.1
2024-11-01 15:43:27,812 [WARN] PackLoader:240 - Cannot read IP mode file for STMicroelectronics.X-CUBE-ALGOBUILD.1.4.0
2024-11-01 15:43:27,816 [WARN] PackLoader:240 - Cannot read IP mode file for STMicroelectronics.X-CUBE-AI.9.1.0
2024-11-01 15:43:27,821 [WARN] PackLoader:240 - Cannot read IP mode file for STMicroelectronics.X-CUBE-GNSS1.6.0.0
2024-11-01 15:43:27,831 [WARN] PackLoader:240 - Cannot read IP mode file for STMicroelectronics.X-CUBE-AZRTOS-F4.1.1.0
2024-11-01 15:43:27,836 [WARN] PackLoader:240 - Cannot read IP mode file for STMicroelectronics.X-CUBE-ISPU.2.1.0
2024-11-01 15:43:27,841 [WARN] PackLoader:240 - Cannot read IP mode file for STMicroelectronics.X-CUBE-FREERTOS.1.2.0
2024-11-01 15:43:27,851 [WARN] PackLoader:240 - Cannot read IP mode file for STMicroelectronics.X-CUBE-AZRTOS-L5.2.0.0
2024-11-01 15:43:27,870 [WARN] PackLoader:240 - Cannot read IP mode file for STMicroelectronics.X-CUBE-MEMS1.9.6.0
2024-11-01 15:43:27,938 [WARN] PackLoader:240 - Cannot read IP mode file for STMicroelectronics.X-CUBE-EEPRMA1.4.2.0
2024-11-01 15:43:27,948 [WARN] PackLoader:240 - Cannot read IP mode file for STMicroelectronics.X-CUBE-NFC6.3.1.0
2024-11-01 15:43:27,956 [WARN] PackLoader:240 - Cannot read IP mode file for ITTIA_DB.I-CUBE-ITTIADB.8.8.0
2024-11-01 15:43:27,969 [WARN] PackLoader:240 - Cannot read IP mode file for emotas.I-CUBE-CANOPEN.1.1.3
2024-11-01 15:43:27,977 [WARN] PackLoader:240 - Cannot read IP mode file for STMicroelectronics.X-CUBE-BLEMGR.2.0.0
2024-11-01 15:43:27,984 [WARN] PackLoader:240 - Cannot read IP mode file for STMicroelectronics.X-CUBE-DPower.1.2.0
2024-11-01 15:43:27,990 [WARN] PackLoader:240 - Cannot read IP mode file for STMicroelectronics.X-CUBE-AI.9.0.0
2024-11-01 15:43:28,004 [WARN] ConditionMgr:438 - getConditionDescription Invalid condition id : UX DEVICE CLASS RTOS Condition cause : null
2024-11-01 15:43:28,004 [WARN] ConditionMgr:438 - getConditionDescription Invalid condition id : UX DEVICE CLASS RTOS Condition cause : null
2024-11-01 15:43:28,007 [WARN] PackLoader:240 - Cannot read IP mode file for STMicroelectronics.X-CUBE-AZRTOS-H7.3.1.0
2024-11-01 15:43:28,008 [WARN] ConditionMgr:1039 - genDependencies : Invalid condition id : UX DEVICE CLASS RTOS Condition cause : null
2024-11-01 15:43:28,008 [WARN] ConditionMgr:1039 - genDependencies : Invalid condition id : UX DEVICE CLASS RTOS Condition cause : null
2024-11-01 15:43:28,009 [WARN] ConditionMgr:1039 - genDependencies : Invalid condition id : UX DEVICE CLASS RTOS Condition cause : null
2024-11-01 15:43:28,009 [WARN] ConditionMgr:1039 - genDependencies : Invalid condition id : UX DEVICE CLASS RTOS Condition cause : null
2024-11-01 15:43:28,009 [WARN] ConditionMgr:1039 - genDependencies : Invalid condition id : UX DEVICE CLASS RTOS Condition cause : null
2024-11-01 15:43:28,016 [WARN] PackLoader:240 - Cannot read IP mode file for wolfSSL.I-CUBE-wolfSSL.5.5.4
2024-11-01 15:43:28,023 [WARN] PackLoader:240 - Cannot read IP mode file for STMicroelectronics.X-CUBE-NFC7.1.0.1
2024-11-01 15:43:28,027 [WARN] PackLoader:240 - Cannot read IP mode file for STMicroelectronics.X-CUBE-NFC7.1.0.0
2024-11-01 15:43:28,032 [WARN] PackLoader:240 - Cannot read IP mode file for wolfSSL.I-CUBE-wolfTPM.3.2.0
2024-11-01 15:43:28,037 [WARN] PackLoader:240 - Cannot read IP mode file for STMicroelectronics.X-CUBE-NFC6.3.0.0
2024-11-01 15:43:28,043 [WARN] PackLoader:240 - Cannot read IP mode file for STMicroelectronics.X-CUBE-EEPRMA1.4.1.0
2024-11-01 15:43:28,047 [WARN] PackLoader:240 - Cannot read IP mode file for STMicroelectronics.X-CUBE-AI.8.1.0
2024-11-01 15:43:28,063 [WARN] ConditionMgr:438 - getConditionDescription Invalid condition id : LAN8742 Phy interface Condition cause : null
2024-11-01 15:43:28,064 [WARN] PackLoader:240 - Cannot read IP mode file for STMicroelectronics.X-CUBE-AZRTOS-L4.2.0.0
2024-11-01 15:43:28,065 [WARN] ConditionMgr:1039 - genDependencies : Invalid condition id : LAN8742 Phy interface Condition cause : null
2024-11-01 15:43:28,065 [WARN] ConditionMgr:1039 - genDependencies : Invalid condition id : LAN8742 Phy interface Condition cause : null
2024-11-01 15:43:28,066 [WARN] ConditionMgr:1039 - genDependencies : Invalid condition id : LAN8742 Phy interface Condition cause : null
2024-11-01 15:43:28,075 [WARN] PackLoader:240 - Cannot read IP mode file for STMicroelectronics.X-CUBE-SFXS2LP1.4.0.0
2024-11-01 15:43:28,090 [WARN] PackLoader:240 - Cannot read IP mode file for STMicroelectronics.X-CUBE-AZRTOS-H7.3.0.0
2024-11-01 15:43:28,097 [WARN] PackLoader:240 - Cannot read IP mode file for STMicroelectronics.X-CUBE-ISPU.1.1.0
2024-11-01 15:43:28,115 [WARN] PackLoader:240 - Cannot read IP mode file for STMicroelectronics.X-CUBE-AZRTOS-H7.3.3.0
2024-11-01 15:43:28,123 [WARN] PackLoader:240 - Cannot read IP mode file for RoweBots.I-CUBE-UNISONRTOS.5.5.0-4
2024-11-01 15:43:28,133 [WARN] PackLoader:240 - Cannot read IP mode file for STMicroelectronics.X-CUBE-IPS.3.0.0
2024-11-01 15:43:28,145 [WARN] ConditionMgr:438 - getConditionDescription Invalid condition id : UX DEVICE CLASS RTOS Condition cause : null
2024-11-01 15:43:28,146 [WARN] ConditionMgr:438 - getConditionDescription Invalid condition id : UX DEVICE CLASS RTOS Condition cause : null
2024-11-01 15:43:28,147 [WARN] PackLoader:240 - Cannot read IP mode file for STMicroelectronics.X-CUBE-AZRTOS-WB.2.0.0
2024-11-01 15:43:28,148 [WARN] ConditionMgr:1039 - genDependencies : Invalid condition id : UX DEVICE CLASS RTOS Condition cause : null
2024-11-01 15:43:28,148 [WARN] ConditionMgr:1039 - genDependencies : Invalid condition id : UX DEVICE CLASS RTOS Condition cause : null
2024-11-01 15:43:28,148 [WARN] ConditionMgr:1039 - genDependencies : Invalid condition id : UX DEVICE CLASS RTOS Condition cause : null
2024-11-01 15:43:28,148 [WARN] ConditionMgr:1039 - genDependencies : Invalid condition id : UX DEVICE CLASS RTOS Condition cause : null
2024-11-01 15:43:28,148 [WARN] ConditionMgr:1039 - genDependencies : Invalid condition id : UX DEVICE CLASS RTOS Condition cause : null
2024-11-01 15:43:28,152 [WARN] PackLoader:240 - Cannot read IP mode file for STMicroelectronics.X-CUBE-FREERTOS.1.0.1
2024-11-01 15:43:28,155 [WARN] PackLoader:240 - Cannot read IP mode file for STMicroelectronics.X-CUBE-GNSS1.7.0.0
2024-11-01 15:43:28,162 [WARN] PackLoader:240 - Cannot read IP mode file for STMicroelectronics.FP-SNS-STBOX1.2.0.0
2024-11-01 15:43:28,171 [WARN] PackLoader:240 - Cannot read IP mode file for STMicroelectronics.X-CUBE-AZRTOS-L5.1.1.0
2024-11-01 15:43:28,174 [WARN] PackLoader:240 - Cannot read IP mode file for STMicroelectronics.X-CUBE-AI.8.0.1
2024-11-01 15:43:28,183 [WARN] PackLoader:240 - Cannot read IP mode file for STMicroelectronics.X-CUBE-SUBG2.5.0.0
2024-11-01 15:43:28,190 [WARN] PackLoader:240 - Cannot read IP mode file for Cesanta.I-CUBE-Mongoose.7.13.0
2024-11-01 15:43:28,195 [WARN] PackLoader:240 - Cannot read IP mode file for STMicroelectronics.X-CUBE-TOF1.3.3.1
2024-11-01 15:43:28,210 [WARN] PackLoader:240 - Cannot read IP mode file for STMicroelectronics.X-CUBE-AZRTOS-G4.2.0.0
2024-11-01 15:43:28,218 [WARN] PackLoader:240 - Cannot read IP mode file for STMicroelectronics.FP-ATR-ASTRA1.1.1.1
2024-11-01 15:43:28,226 [WARN] PackLoader:240 - Cannot read IP mode file for Infineon.AIROC-Wi-Fi-Bluetooth-STM32.1.5.1
2024-11-01 15:43:28,231 [WARN] PackLoader:240 - Cannot read IP mode file for STMicroelectronics.FP-SNS-MOTENVWB1.1.3.0
2024-11-01 15:43:28,234 [WARN] PackLoader:240 - Cannot read IP mode file for STMicroelectronics.FP-SNS-MOTENVWB1.1.3.1
2024-11-01 15:43:28,242 [WARN] PackLoader:240 - Cannot read IP mode file for STMicroelectronics.X-CUBE-AZRTOS-G4.1.0.0
2024-11-01 15:43:28,256 [WARN] PackLoader:240 - Cannot read IP mode file for STMicroelectronics.X-CUBE-AZRTOS-L4.1.0.0
2024-11-01 15:43:28,271 [WARN] PackLoader:240 - Cannot read IP mode file for STMicroelectronics.X-CUBE-ISPU.2.0.0
2024-11-01 15:43:28,276 [WARN] PackLoader:240 - Cannot read IP mode file for STMicroelectronics.X-CUBE-ALS.1.0.2
2024-11-01 15:43:28,296 [WARN] PackLoader:240 - Cannot read IP mode file for STMicroelectronics.X-CUBE-MEMS1.10.0.0
2024-11-01 15:43:28,361 [WARN] PackLoader:240 - Cannot read IP mode file for STMicroelectronics.X-CUBE-FREERTOS.1.1.0
2024-11-01 15:43:28,364 [WARN] PackLoader:240 - Cannot read IP mode file for STMicroelectronics.X-CUBE-TOUCHGFX.4.24.0
2024-11-01 15:43:28,370 [WARN] PackLoader:240 - Cannot read IP mode file for STMicroelectronics.X-CUBE-AZRTOS-WL.1.0.0
2024-11-01 15:43:28,374 [WARN] PackLoader:240 - Cannot read IP mode file for STMicroelectronics.X-CUBE-TOUCHGFX.4.24.1
2024-11-01 15:43:28,382 [WARN] PackLoader:240 - Cannot read IP mode file for portGmbH.I-Cube-SoM-uGOAL.1.1.0
2024-11-01 15:43:28,385 [WARN] PackLoader:240 - Cannot read IP mode file for STMicroelectronics.X-CUBE-ALS.1.0.1
2024-11-01 15:43:28,393 [WARN] PackLoader:240 - Cannot read IP mode file for STMicroelectronics.X-CUBE-AZRTOS-WB.1.1.0
2024-11-01 15:43:28,405 [WARN] PackLoader:240 - Cannot read IP mode file for STMicroelectronics.X-CUBE-AZRTOS-H7RS.1.0.0
2024-11-01 15:43:28,409 [WARN] PackLoader:240 - Cannot read IP mode file for STMicroelectronics.FP-ATR-ASTRA1.2.0.0
2024-11-01 15:43:28,416 [WARN] PackLoader:240 - Cannot read IP mode file for STMicroelectronics.X-CUBE-TOF1.3.4.2
2024-11-01 15:43:28,428 [WARN] PackLoader:240 - Cannot read IP mode file for STMicroelectronics.X-CUBE-TOF1.3.4.0
2024-11-01 15:43:28,437 [WARN] PackLoader:240 - Cannot read IP mode file for wolfSSL.I-CUBE-wolfSSH.1.4.17
2024-11-01 15:43:28,437 [INFO] ThirdParty:978 - Integrity check success = true
2024-11-01 15:43:28,438 [INFO] IntegrityCheckThread:100 - exiting critical section [integrity check]
2024-11-01 15:43:28,438 [INFO] IntegrityCheckThread:103 - End integrity checks thread
2024-11-01 17:22:10,561 [ERROR] LogOutputStream:75 - [STDERR_REDIRECT] 
2024-11-01 17:22:10,562 [ERROR] LogOutputStream:75 - [STDERR_REDIRECT] 
