../Core/Src/main.c:106:5:main	8	static
../Core/Src/main.c:197:6:SystemClock_Config	96	static
../Core/Src/main.c:244:13:MX_TIM2_Init	32	static
../Core/Src/main.c:289:13:MX_USART1_UART_Init	8	static
../Core/Src/main.c:322:13:MX_USART2_UART_Init	8	static
../Core/Src/main.c:355:13:MX_GPIO_Init	40	static
../Core/Src/main.c:418:6:StartDefaultTask	16	static
../Core/Src/main.c:448:6:StartLEDTask	16	static
../Core/Src/main.c:475:6:StartUsart2Task	16	static
../Core/Src/main.c:500:6:HAL_TIM_PeriodElapsedCallback	16	static
../Core/Src/main.c:517:6:Error_Handler	4	static,ignoring_inline_asm
