../Core/Src/main.c:117:5:main	8	static
../Core/Src/main.c:211:6:SystemClock_Config	96	static
../Core/Src/main.c:258:13:MX_TIM2_Init	32	static
../Core/Src/main.c:303:13:MX_USART1_UART_Init	8	static
../Core/Src/main.c:336:13:MX_USART2_UART_Init	8	static
../Core/Src/main.c:369:13:MX_GPIO_Init	40	static
../Core/Src/main.c:432:6:StartDefaultTask	16	static
../Core/Src/main.c:462:6:StartLEDTask	16	static
../Core/Src/main.c:487:6:StartUsart2Task	16	static
../Core/Src/main.c:511:6:StartUSBTask	16	static
../Core/Src/main.c:536:6:HAL_TIM_PeriodElapsedCallback	16	static
../Core/Src/main.c:553:6:Error_Handler	4	static,ignoring_inline_asm
