../Core/Src/main.c:117:5:main	1
../Core/Src/main.c:211:6:SystemClock_Config	4
../Core/Src/main.c:258:13:MX_TIM2_Init	4
../Core/Src/main.c:303:13:MX_USART1_UART_Init	2
../Core/Src/main.c:336:13:MX_USART2_UART_Init	2
../Core/Src/main.c:369:13:MX_GPIO_Init	1
../Core/Src/main.c:432:6:StartDefaultTask	1
../Core/Src/main.c:462:6:StartLEDTask	1
../Core/Src/main.c:487:6:StartUsart2Task	2
../Core/Src/main.c:511:6:StartUSBTask	2
../Core/Src/main.c:536:6:HAL_TIM_PeriodElapsedCallback	2
../Core/Src/main.c:553:6:Error_Handler	1
