Archive member included to satisfy reference by file (symbol)

D:/software/STM32CubeIDE_1.16.1/STM32CubeIDE/plugins/com.st.stm32cube.ide.mcu.externaltools.gnu-tools-for-stm32.12.3.rel1.win32_1.0.200.202406191623/tools/bin/../lib/gcc/arm-none-eabi/12.3.1/../../../../arm-none-eabi/lib/thumb/v7-m/nofp\libc_nano.a(libc_a-exit.o)
                              D:/software/STM32CubeIDE_1.16.1/STM32CubeIDE/plugins/com.st.stm32cube.ide.mcu.externaltools.gnu-tools-for-stm32.12.3.rel1.win32_1.0.200.202406191623/tools/bin/../lib/gcc/arm-none-eabi/12.3.1/../../../../arm-none-eabi/lib/thumb/v7-m/nofp/crt0.o (exit)
D:/software/STM32CubeIDE_1.16.1/STM32CubeIDE/plugins/com.st.stm32cube.ide.mcu.externaltools.gnu-tools-for-stm32.12.3.rel1.win32_1.0.200.202406191623/tools/bin/../lib/gcc/arm-none-eabi/12.3.1/../../../../arm-none-eabi/lib/thumb/v7-m/nofp\libc_nano.a(libc_a-findfp.o)
                              ./Middlewares/Third_Party/FreeRTOS/Source/tasks.o (__sf)
D:/software/STM32CubeIDE_1.16.1/STM32CubeIDE/plugins/com.st.stm32cube.ide.mcu.externaltools.gnu-tools-for-stm32.12.3.rel1.win32_1.0.200.202406191623/tools/bin/../lib/gcc/arm-none-eabi/12.3.1/../../../../arm-none-eabi/lib/thumb/v7-m/nofp\libc_nano.a(libc_a-fwalk.o)
                              D:/software/STM32CubeIDE_1.16.1/STM32CubeIDE/plugins/com.st.stm32cube.ide.mcu.externaltools.gnu-tools-for-stm32.12.3.rel1.win32_1.0.200.202406191623/tools/bin/../lib/gcc/arm-none-eabi/12.3.1/../../../../arm-none-eabi/lib/thumb/v7-m/nofp\libc_nano.a(libc_a-findfp.o) (_fwalk_sglue)
D:/software/STM32CubeIDE_1.16.1/STM32CubeIDE/plugins/com.st.stm32cube.ide.mcu.externaltools.gnu-tools-for-stm32.12.3.rel1.win32_1.0.200.202406191623/tools/bin/../lib/gcc/arm-none-eabi/12.3.1/../../../../arm-none-eabi/lib/thumb/v7-m/nofp\libc_nano.a(libc_a-printf.o)
                              ./user/user_debug.o (printf)
D:/software/STM32CubeIDE_1.16.1/STM32CubeIDE/plugins/com.st.stm32cube.ide.mcu.externaltools.gnu-tools-for-stm32.12.3.rel1.win32_1.0.200.202406191623/tools/bin/../lib/gcc/arm-none-eabi/12.3.1/../../../../arm-none-eabi/lib/thumb/v7-m/nofp\libc_nano.a(libc_a-puts.o)
                              ./user/user_gpio.o (puts)
D:/software/STM32CubeIDE_1.16.1/STM32CubeIDE/plugins/com.st.stm32cube.ide.mcu.externaltools.gnu-tools-for-stm32.12.3.rel1.win32_1.0.200.202406191623/tools/bin/../lib/gcc/arm-none-eabi/12.3.1/../../../../arm-none-eabi/lib/thumb/v7-m/nofp\libc_nano.a(libc_a-stdio.o)
                              D:/software/STM32CubeIDE_1.16.1/STM32CubeIDE/plugins/com.st.stm32cube.ide.mcu.externaltools.gnu-tools-for-stm32.12.3.rel1.win32_1.0.200.202406191623/tools/bin/../lib/gcc/arm-none-eabi/12.3.1/../../../../arm-none-eabi/lib/thumb/v7-m/nofp\libc_nano.a(libc_a-findfp.o) (__sread)
D:/software/STM32CubeIDE_1.16.1/STM32CubeIDE/plugins/com.st.stm32cube.ide.mcu.externaltools.gnu-tools-for-stm32.12.3.rel1.win32_1.0.200.202406191623/tools/bin/../lib/gcc/arm-none-eabi/12.3.1/../../../../arm-none-eabi/lib/thumb/v7-m/nofp\libc_nano.a(libc_a-wbuf.o)
                              D:/software/STM32CubeIDE_1.16.1/STM32CubeIDE/plugins/com.st.stm32cube.ide.mcu.externaltools.gnu-tools-for-stm32.12.3.rel1.win32_1.0.200.202406191623/tools/bin/../lib/gcc/arm-none-eabi/12.3.1/../../../../arm-none-eabi/lib/thumb/v7-m/nofp\libc_nano.a(libc_a-puts.o) (__swbuf_r)
D:/software/STM32CubeIDE_1.16.1/STM32CubeIDE/plugins/com.st.stm32cube.ide.mcu.externaltools.gnu-tools-for-stm32.12.3.rel1.win32_1.0.200.202406191623/tools/bin/../lib/gcc/arm-none-eabi/12.3.1/../../../../arm-none-eabi/lib/thumb/v7-m/nofp\libc_nano.a(libc_a-wsetup.o)
                              D:/software/STM32CubeIDE_1.16.1/STM32CubeIDE/plugins/com.st.stm32cube.ide.mcu.externaltools.gnu-tools-for-stm32.12.3.rel1.win32_1.0.200.202406191623/tools/bin/../lib/gcc/arm-none-eabi/12.3.1/../../../../arm-none-eabi/lib/thumb/v7-m/nofp\libc_nano.a(libc_a-puts.o) (__swsetup_r)
D:/software/STM32CubeIDE_1.16.1/STM32CubeIDE/plugins/com.st.stm32cube.ide.mcu.externaltools.gnu-tools-for-stm32.12.3.rel1.win32_1.0.200.202406191623/tools/bin/../lib/gcc/arm-none-eabi/12.3.1/../../../../arm-none-eabi/lib/thumb/v7-m/nofp\libc_nano.a(libc_a-memset.o)
                              D:/software/STM32CubeIDE_1.16.1/STM32CubeIDE/plugins/com.st.stm32cube.ide.mcu.externaltools.gnu-tools-for-stm32.12.3.rel1.win32_1.0.200.202406191623/tools/bin/../lib/gcc/arm-none-eabi/12.3.1/../../../../arm-none-eabi/lib/thumb/v7-m/nofp/crt0.o (memset)
D:/software/STM32CubeIDE_1.16.1/STM32CubeIDE/plugins/com.st.stm32cube.ide.mcu.externaltools.gnu-tools-for-stm32.12.3.rel1.win32_1.0.200.202406191623/tools/bin/../lib/gcc/arm-none-eabi/12.3.1/../../../../arm-none-eabi/lib/thumb/v7-m/nofp\libc_nano.a(libc_a-closer.o)
[...]
Memory Configuration

Name             Origin             Length             Attributes
RAM              0x20000000         0x00010000         xrw
FLASH            0x08000000         0x00080000         xr
*default*        0x00000000         0xffffffff

Linker script and memory map

LOAD D:/software/STM32CubeIDE_1.16.1/STM32CubeIDE/plugins/com.st.stm32cube.ide.mcu.externaltools.gnu-tools-for-stm32.12.3.rel1.win32_1.0.200.202406191623/tools/bin/../lib/gcc/arm-none-eabi/12.3.1/thumb/v7-m/nofp/crti.o
LOAD D:/software/STM32CubeIDE_1.16.1/STM32CubeIDE/plugins/com.st.stm32cube.ide.mcu.externaltools.gnu-tools-for-stm32.12.3.rel1.win32_1.0.200.202406191623/tools/bin/../lib/gcc/arm-none-eabi/12.3.1/thumb/v7-m/nofp/crtbegin.o
LOAD D:/software/STM32CubeIDE_1.16.1/STM32CubeIDE/plugins/com.st.stm32cube.ide.mcu.externaltools.gnu-tools-for-stm32.12.3.rel1.win32_1.0.200.202406191623/tools/bin/../lib/gcc/arm-none-eabi/12.3.1/../../../../arm-none-eabi/lib/thumb/v7-m/nofp/crt0.o
LOAD ./Core/Src/freertos.o
LOAD ./Core/Src/main.o
LOAD ./Core/Src/stm32f1xx_hal_msp.o
LOAD ./Core/Src/stm32f1xx_hal_timebase_tim.o
LOAD ./Core/Src/stm32f1xx_it.o
LOAD ./Core/Src/syscalls.o
LOAD ./Core/Src/sysmem.o
LOAD ./Core/Src/system_stm32f1xx.o
LOAD ./Core/Startup/startup_stm32f103zetx.o
LOAD ./Drivers/STM32F1xx_HAL_Driver/Src/stm32f1xx_hal.o
LOAD ./Drivers/STM32F1xx_HAL_Driver/Src/stm32f1xx_hal_cortex.o
LOAD ./Drivers/STM32F1xx_HAL_Driver/Src/stm32f1xx_hal_dma.o
LOAD ./Drivers/STM32F1xx_HAL_Driver/Src/stm32f1xx_hal_exti.o
LOAD ./Drivers/STM32F1xx_HAL_Driver/Src/stm32f1xx_hal_flash.o
LOAD ./Drivers/STM32F1xx_HAL_Driver/Src/stm32f1xx_hal_flash_ex.o
LOAD ./Drivers/STM32F1xx_HAL_Driver/Src/stm32f1xx_hal_gpio.o
LOAD ./Drivers/STM32F1xx_HAL_Driver/Src/stm32f1xx_hal_gpio_ex.o
LOAD ./Drivers/STM32F1xx_HAL_Driver/Src/stm32f1xx_hal_pcd.o
LOAD ./Drivers/STM32F1xx_HAL_Driver/Src/stm32f1xx_hal_pcd_ex.o
LOAD ./Drivers/STM32F1xx_HAL_Driver/Src/stm32f1xx_hal_pwr.o
LOAD ./Drivers/STM32F1xx_HAL_Driver/Src/stm32f1xx_hal_rcc.o
LOAD ./Drivers/STM32F1xx_HAL_Driver/Src/stm32f1xx_hal_rcc_ex.o
LOAD ./Drivers/STM32F1xx_HAL_Driver/Src/stm32f1xx_hal_tim.o
LOAD ./Drivers/STM32F1xx_HAL_Driver/Src/stm32f1xx_hal_tim_ex.o
LOAD ./Drivers/STM32F1xx_HAL_Driver/Src/stm32f1xx_hal_uart.o
LOAD ./Drivers/STM32F1xx_HAL_Driver/Src/stm32f1xx_ll_usb.o
LOAD ./Middlewares/ST/STM32_USB_Device_Library/Class/CDC/Src/usbd_cdc.o
LOAD ./Middlewares/ST/STM32_USB_Device_Library/Core/Src/usbd_core.o
LOAD ./Middlewares/ST/STM32_USB_Device_Library/Core/Src/usbd_ctlreq.o
LOAD ./Middlewares/ST/STM32_USB_Device_Library/Core/Src/usbd_ioreq.o
LOAD ./Middlewares/Third_Party/FreeRTOS/Source/CMSIS_RTOS_V2/cmsis_os2.o
LOAD ./Middlewares/Third_Party/FreeRTOS/Source/croutine.o
LOAD ./Middlewares/Third_Party/FreeRTOS/Source/event_groups.o
LOAD ./Middlewares/Third_Party/FreeRTOS/Source/list.o
LOAD ./Middlewares/Third_Party/FreeRTOS/Source/queue.o
LOAD ./Middlewares/Third_Party/FreeRTOS/Source/stream_buffer.o
LOAD ./Middlewares/Third_Party/FreeRTOS/Source/tasks.o
LOAD ./Middlewares/Third_Party/FreeRTOS/Source/timers.o
LOAD ./Middlewares/Third_Party/FreeRTOS/Source/portable/GCC/ARM_CM3/port.o
LOAD ./Middlewares/Third_Party/FreeRTOS/Source/portable/MemMang/heap_4.o
LOAD ./USB_DEVICE/App/usb_device.o
LOAD ./USB_DEVICE/App/usbd_cdc_if.o
LOAD ./USB_DEVICE/App/usbd_desc.o
LOAD ./USB_DEVICE/Target/usbd_conf.o
LOAD ./user/user_data.o
LOAD ./user/user_debug.o
LOAD ./user/user_gpio.o
LOAD ./user/user_task.o
LOAD ./user/user_usart.o
LOAD ./user/user_usb.o
START GROUP
LOAD D:/software/STM32CubeIDE_1.16.1/STM32CubeIDE/plugins/com.st.stm32cube.ide.mcu.externaltools.gnu-tools-for-stm32.12.3.rel1.win32_1.0.200.202406191623/tools/bin/../lib/gcc/arm-none-eabi/12.3.1/../../../../arm-none-eabi/lib/thumb/v7-m/nofp\libc_nano.a
LOAD D:/software/STM32CubeIDE_1.16.1/STM32CubeIDE/plugins/com.st.stm32cube.ide.mcu.externaltools.gnu-tools-for-stm32.12.3.rel1.win32_1.0.200.202406191623/tools/bin/../lib/gcc/arm-none-eabi/12.3.1/../../../../arm-none-eabi/lib/thumb/v7-m/nofp\libm.a
END GROUP
START GROUP
LOAD D:/software/STM32CubeIDE_1.16.1/STM32CubeIDE/plugins/com.st.stm32cube.ide.mcu.externaltools.gnu-tools-for-stm32.12.3.rel1.win32_1.0.200.202406191623/tools/bin/../lib/gcc/arm-none-eabi/12.3.1/thumb/v7-m/nofp\libgcc.a
LOAD D:/software/STM32CubeIDE_1.16.1/STM32CubeIDE/plugins/com.st.stm32cube.ide.mcu.externaltools.gnu-tools-for-stm32.12.3.rel1.win32_1.0.200.202406191623/tools/bin/../lib/gcc/arm-none-eabi/12.3.1/../../../../arm-none-eabi/lib/thumb/v7-m/nofp\libc_nano.a
END GROUP
START GROUP
LOAD D:/software/STM32CubeIDE_1.16.1/STM32CubeIDE/plugins/com.st.stm32cube.ide.mcu.externaltools.gnu-tools-for-stm32.12.3.rel1.win32_1.0.200.202406191623/tools/bin/../lib/gcc/arm-none-eabi/12.3.1/thumb/v7-m/nofp\libgcc.a
LOAD D:/software/STM32CubeIDE_1.16.1/STM32CubeIDE/plugins/com.st.stm32cube.ide.mcu.externaltools.gnu-tools-for-stm32.12.3.rel1.win32_1.0.200.202406191623/tools/bin/../lib/gcc/arm-none-eabi/12.3.1/../../../../arm-none-eabi/lib/thumb/v7-m/nofp\libc_nano.a
LOAD D:/software/STM32CubeIDE_1.16.1/STM32CubeIDE/plugins/com.st.stm32cube.ide.mcu.externaltools.gnu-tools-for-stm32.12.3.rel1.win32_1.0.200.202406191623/tools/bin/../lib/gcc/arm-none-eabi/12.3.1/../../../../arm-none-eabi/lib/thumb/v7-m/nofp\libnosys.a
END GROUP
START GROUP
LOAD D:/software/STM32CubeIDE_1.16.1/STM32CubeIDE/plugins/com.st.stm32cube.ide.mcu.externaltools.gnu-tools-for-stm32.12.3.rel1.win32_1.0.200.202406191623/tools/bin/../lib/gcc/arm-none-eabi/12.3.1/thumb/v7-m/nofp\libgcc.a
LOAD D:/software/STM32CubeIDE_1.16.1/STM32CubeIDE/plugins/com.st.stm32cube.ide.mcu.externaltools.gnu-tools-for-stm32.12.3.rel1.win32_1.0.200.202406191623/tools/bin/../lib/gcc/arm-none-eabi/12.3.1/../../../../arm-none-eabi/lib/thumb/v7-m/nofp\libc_nano.a
LOAD D:/software/STM32CubeIDE_1.16.1/STM32CubeIDE/plugins/com.st.stm32cube.ide.mcu.externaltools.gnu-tools-for-stm32.12.3.rel1.win32_1.0.200.202406191623/tools/bin/../lib/gcc/arm-none-eabi/12.3.1/../../../../arm-none-eabi/lib/thumb/v7-m/nofp\libnosys.a
END GROUP
LOAD D:/software/STM32CubeIDE_1.16.1/STM32CubeIDE/plugins/com.st.stm32cube.ide.mcu.externaltools.gnu-tools-for-stm32.12.3.rel1.win32_1.0.200.202406191623/tools/bin/../lib/gcc/arm-none-eabi/12.3.1/thumb/v7-m/nofp/crtend.o
LOAD D:/software/STM32CubeIDE_1.16.1/STM32CubeIDE/plugins/com.st.stm32cube.ide.mcu.externaltools.gnu-tools-for-stm32.12.3.rel1.win32_1.0.200.202406191623/tools/bin/../lib/gcc/arm-none-eabi/12.3.1/thumb/v7-m/nofp/crtn.o
                0x20010000                        _estack = (ORIGIN (RAM) + LENGTH (RAM))
                0x00000200                        _Min_Heap_Size = 0x200
                0x00000400                        _Min_Stack_Size = 0x400

.isr_vector     0x08000000      0x1e4
                0x08000000                        . = ALIGN (0x4)
 *(.isr_vector)
 .isr_vector    0x08000000      0x1e4 ./Core/Startup/startup_stm32f103zetx.o
                0x08000000                g_pfnVectors
                0x080001e4                        . = ALIGN (0x4)

.text           0x080001f0     0xd2fc
                0x080001f0                        . = ALIGN (0x4)
 *(.text)
 .text          0x080001f0       0x40 D:/software/STM32CubeIDE_1.16.1/STM32CubeIDE/plugins/com.st.stm32cube.ide.mcu.externaltools.gnu-tools-for-stm32.12.3.rel1.win32_1.0.200.202406191623/tools/bin/../lib/gcc/arm-none-eabi/12.3.1/thumb/v7-m/nofp/crtbegin.o
 .text          0x08000230      0x168 D:/software/STM32CubeIDE_1.16.1/STM32CubeIDE/plugins/com.st.stm32cube.ide.mcu.externaltools.gnu-tools-for-stm32.12.3.rel1.win32_1.0.200.202406191623/tools/bin/../lib/gcc/arm-none-eabi/12.3.1/thumb/v7-m/nofp\libgcc.a(_arm_mulsf3.o)
                0x08000230                __aeabi_fmul
                0x08000230                __mulsf3
 .text          0x08000398      0x378 D:/software/STM32CubeIDE_1.16.1/STM32CubeIDE/plugins/com.st.stm32cube.ide.mcu.externaltools.gnu-tools-for-stm32.12.3.rel1.win32_1.0.200.202406191623/tools/bin/../lib/gcc/arm-none-eabi/12.3.1/thumb/v7-m/nofp\libgcc.a(_arm_addsubdf3.o)
                0x08000398                __aeabi_drsub
                0x080003a0                __aeabi_dsub
                0x080003a0                __subdf3
                0x080003a4                __aeabi_dadd
                0x080003a4                __adddf3
                0x0800061c                __floatunsidf
                0x0800061c                __aeabi_ui2d
                0x0800063c                __floatsidf
                0x0800063c                __aeabi_i2d
                0x08000660                __aeabi_f2d
                0x08000660                __extendsfdf2
                0x080006a4                __floatundidf
                0x080006a4                __aeabi_ul2d
                0x080006b4                __floatdidf
                0x080006b4                __aeabi_l2d
 .text          0x08000710      0x424 D:/software/STM32CubeIDE_1.16.1/STM32CubeIDE/plugins/com.st.stm32cube.ide.mcu.externaltools.gnu-tools-for-stm32.12.3.rel1.win32_1.0.200.202406191623/tools/bin/../lib/gcc/arm-none-eabi/12.3.1/thumb/v7-m/nofp\libgcc.a(_arm_muldivdf3.o)
                0x08000710                __aeabi_dmul
                0x08000710                __muldf3
                0x08000964                __divdf3
                0x08000964                __aeabi_ddiv
 .text          0x08000b34       0x40 D:/software/STM32CubeIDE_1.16.1/STM32CubeIDE/plugins/com.st.stm32cube.ide.mcu.externaltools.gnu-tools-for-stm32.12.3.rel1.win32_1.0.200.202406191623/tools/bin/../lib/gcc/arm-none-eabi/12.3.1/thumb/v7-m/nofp\libgcc.a(_arm_fixunsdfsi.o)
                0x08000b34                __aeabi_d2uiz
                0x08000b34                __fixunsdfsi
 .text          0x08000b74       0xa0 D:/software/STM32CubeIDE_1.16.1/STM32CubeIDE/plugins/com.st.stm32cube.ide.mcu.externaltools.gnu-tools-for-stm32.12.3.rel1.win32_1.0.200.202406191623/tools/bin/../lib/gcc/arm-none-eabi/12.3.1/thumb/v7-m/nofp\libgcc.a(_arm_truncdfsf2.o)
                0x08000b74                __truncdfsf2
                0x08000b74                __aeabi_d2f
 .text          0x08000c14      0x21c D:/software/STM32CubeIDE_1.16.1/STM32CubeIDE/plugins/com.st.stm32cube.ide.mcu.externaltools.gnu-tools-for-stm32.12.3.rel1.win32_1.0.200.202406191623/tools/bin/../lib/gcc/arm-none-eabi/12.3.1/thumb/v7-m/nofp\libgcc.a(_arm_addsubsf3.o)
                0x08000c14                __aeabi_frsub
                0x08000c1c                __subsf3
                0x08000c1c                __aeabi_fsub
                0x08000c20                __aeabi_fadd
                0x08000c20                __addsf3
                0x08000d80                __aeabi_ui2f
                0x08000d80                __floatunsisf
                0x08000d88                __aeabi_i2f
                0x08000d88                __floatsisf
                0x08000da4                __aeabi_ul2f
                0x08000da4                __floatundisf
                0x08000db4                __aeabi_l2f
                0x08000db4                __floatdisf
 .text          0x08000e30       0xec D:/software/STM32CubeIDE_1.16.1/STM32CubeIDE/plugins/com.st.stm32cube.ide.mcu.externaltools.gnu-tools-for-stm32.12.3.rel1.win32_1.0.200.202406191623/tools/bin/../lib/gcc/arm-none-eabi/12.3.1/thumb/v7-m/nofp\libgcc.a(_arm_cmpsf2.o)
                0x08000e30                __gesf2
                0x08000e30                __gtsf2
                0x08000e38                __lesf2
                0x08000e38                __ltsf2
                0x08000e40                __nesf2
                0x08000e40                __eqsf2
                0x08000e40                __cmpsf2
                0x08000ea0                __aeabi_cfrcmple
                0x08000ea8                __aeabi_cfcmpeq
                0x08000ea8                __aeabi_cfcmple
                0x08000eb8                __aeabi_fcmpeq
                0x08000ecc                __aeabi_fcmplt
                0x08000ee0                __aeabi_fcmple
                0x08000ef4                __aeabi_fcmpge
                0x08000f08                __aeabi_fcmpgt
 .text          0x08000f1c       0x4c D:/software/STM32CubeIDE_1.16.1/STM32CubeIDE/plugins/com.st.stm32cube.ide.mcu.externaltools.gnu-tools-for-stm32.12.3.rel1.win32_1.0.200.202406191623/tools/bin/../lib/gcc/arm-none-eabi/12.3.1/thumb/v7-m/nofp\libgcc.a(_arm_fixsfsi.o)
                0x08000f1c                __aeabi_f2iz
                0x08000f1c                __fixsfsi
 *(.text*)
 .text.main     0x08000f68       0xcc ./Core/Src/main.o
                0x08000f68                main
 .text.SystemClock_Config
                0x08001034       0xb8 ./Core/Src/main.o
                0x08001034                SystemClock_Config
 .text.MX_TIM2_Init
                0x080010ec       0x98 ./Core/Src/main.o
 .text.MX_USART1_UART_Init
                0x08001184       0x54 ./Core/Src/main.o
 .text.MX_USART2_UART_Init
                0x080011d8       0x54 ./Core/Src/main.o
 .text.MX_GPIO_Init
                0x0800122c      0x118 ./Core/Src/main.o
 .text.StartDefaultTask
                0x08001344       0x1a ./Core/Src/main.o
                0x08001344                StartDefaultTask
 .text.StartLEDTask
                0x0800135e       0x24 ./Core/Src/main.o
                0x0800135e                StartLEDTask
 *fill*         0x08001382        0x2 
 .text.StartUsart2Task
                0x08001384       0x3c ./Core/Src/main.o
                0x08001384                StartUsart2Task
 .text.StartUSBTask
                0x080013c0       0x34 ./Core/Src/main.o
                0x080013c0                StartUSBTask
 .text.HAL_TIM_PeriodElapsedCallback
                0x080013f4       0x24 ./Core/Src/main.o
                0x080013f4                HAL_TIM_PeriodElapsedCallback
 .text.Error_Handler
                0x08001418        0xc ./Core/Src/main.o
                0x08001418                Error_Handler
 .text.HAL_MspInit
                0x08001424       0x70 ./Core/Src/stm32f1xx_hal_msp.o
                0x08001424                HAL_MspInit
 .text.HAL_TIM_Base_MspInit
                0x08001494       0x48 ./Core/Src/stm32f1xx_hal_msp.o
                0x08001494                HAL_TIM_Base_MspInit
 .text.HAL_UART_MspInit
                0x080014dc      0x118 ./Core/Src/stm32f1xx_hal_msp.o
                0x080014dc                HAL_UART_MspInit
 .text.HAL_InitTick
                0x080015f4       0xfc ./Core/Src/stm32f1xx_hal_timebase_tim.o
                0x080015f4                HAL_InitTick
 .text.NMI_Handler
                0x080016f0        0x8 ./Core/Src/stm32f1xx_it.o
                0x080016f0                NMI_Handler
 .text.HardFault_Handler
                0x080016f8        0x8 ./Core/Src/stm32f1xx_it.o
                0x080016f8                HardFault_Handler
 .text.MemManage_Handler
                0x08001700        0x8 ./Core/Src/stm32f1xx_it.o
                0x08001700                MemManage_Handler
 .text.BusFault_Handler
                0x08001708        0x8 ./Core/Src/stm32f1xx_it.o
                0x08001708                BusFault_Handler
 .text.UsageFault_Handler
                0x08001710        0x8 ./Core/Src/stm32f1xx_it.o
                0x08001710                UsageFault_Handler
 .text.DebugMon_Handler
                0x08001718        0xc ./Core/Src/stm32f1xx_it.o
                0x08001718                DebugMon_Handler
 .text.USB_LP_CAN1_RX0_IRQHandler
                0x08001724       0x14 ./Core/Src/stm32f1xx_it.o
                0x08001724                USB_LP_CAN1_RX0_IRQHandler
 .text.TIM2_IRQHandler
                0x08001738       0x68 ./Core/Src/stm32f1xx_it.o
                0x08001738                TIM2_IRQHandler
 .text.USART2_IRQHandler
                0x080017a0       0x14 ./Core/Src/stm32f1xx_it.o
                0x080017a0                USART2_IRQHandler
 .text.TIM7_IRQHandler
                0x080017b4       0x14 ./Core/Src/stm32f1xx_it.o
                0x080017b4                TIM7_IRQHandler
 .text._read    0x080017c8       0x3a ./Core/Src/syscalls.o
                0x080017c8                _read
 .text._write   0x08001802       0x38 ./Core/Src/syscalls.o
                0x08001802                _write
 .text._close   0x0800183a       0x16 ./Core/Src/syscalls.o
                0x0800183a                _close
 .text._fstat   0x08001850       0x1e ./Core/Src/syscalls.o
                0x08001850                _fstat
 .text._isatty  0x0800186e       0x14 ./Core/Src/syscalls.o
                0x0800186e                _isatty
 .text._lseek   0x08001882       0x18 ./Core/Src/syscalls.o
                0x08001882                _lseek
 *fill*         0x0800189a        0x2 
 .text._sbrk    0x0800189c       0x6c ./Core/Src/sysmem.o
                0x0800189c                _sbrk
 .text.SystemInit
                0x08001908       0x68 ./Core/Src/system_stm32f1xx.o
                0x08001908                SystemInit
 .text.Reset_Handler
                0x08001970       0x48 ./Core/Startup/startup_stm32f103zetx.o
                0x08001970                Reset_Handler
 .text.Default_Handler
                0x080019b8        0x2 ./Core/Startup/startup_stm32f103zetx.o
                0x080019b8                RTC_Alarm_IRQHandler
                0x080019b8                EXTI2_IRQHandler
                0x080019b8                TIM8_TRG_COM_IRQHandler
                0x080019b8                TIM8_CC_IRQHandler
                0x080019b8                TIM1_CC_IRQHandler
                0x080019b8                TIM6_IRQHandler
                0x080019b8                PVD_IRQHandler
                0x080019b8                SDIO_IRQHandler
                0x080019b8                EXTI3_IRQHandler
                0x080019b8                EXTI0_IRQHandler
                0x080019b8                I2C2_EV_IRQHandler
                0x080019b8                ADC1_2_IRQHandler
                0x080019b8                SPI1_IRQHandler
                0x080019b8                TAMPER_IRQHandler
                0x080019b8                TIM8_UP_IRQHandler
                0x080019b8                DMA2_Channel2_IRQHandler
                0x080019b8                DMA1_Channel4_IRQHandler
                0x080019b8                USART3_IRQHandler
                0x080019b8                RTC_IRQHandler
                0x080019b8                DMA1_Channel7_IRQHandler
                0x080019b8                CAN1_RX1_IRQHandler
                0x080019b8                UART5_IRQHandler
                0x080019b8                ADC3_IRQHandler
                0x080019b8                TIM4_IRQHandler
                0x080019b8                DMA2_Channel1_IRQHandler
                0x080019b8                I2C1_EV_IRQHandler
                0x080019b8                DMA1_Channel6_IRQHandler
                0x080019b8                UART4_IRQHandler
                0x080019b8                TIM3_IRQHandler
                0x080019b8                RCC_IRQHandler
                0x080019b8                TIM1_TRG_COM_IRQHandler
                0x080019b8                DMA1_Channel1_IRQHandler
                0x080019b8                Default_Handler
                0x080019b8                EXTI15_10_IRQHandler
                0x080019b8                TIM5_IRQHandler
                0x080019b8                EXTI9_5_IRQHandler
                0x080019b8                SPI2_IRQHandler
                0x080019b8                DMA1_Channel5_IRQHandler
                0x080019b8                EXTI4_IRQHandler
                0x080019b8                USB_HP_CAN1_TX_IRQHandler
                0x080019b8                DMA1_Channel3_IRQHandler
                0x080019b8                FSMC_IRQHandler
                0x080019b8                TIM1_UP_IRQHandler
                0x080019b8                WWDG_IRQHandler
                0x080019b8                TIM1_BRK_IRQHandler
                0x080019b8                EXTI1_IRQHandler
                0x080019b8                DMA2_Channel4_5_IRQHandler
                0x080019b8                I2C2_ER_IRQHandler
                0x080019b8                DMA1_Channel2_IRQHandler
                0x080019b8                TIM8_BRK_IRQHandler
                0x080019b8                CAN1_SCE_IRQHandler
                0x080019b8                FLASH_IRQHandler
                0x080019b8                USART1_IRQHandler
                0x080019b8                SPI3_IRQHandler
                0x080019b8                I2C1_ER_IRQHandler
                0x080019b8                USBWakeUp_IRQHandler
                0x080019b8                DMA2_Channel3_IRQHandler
 *fill*         0x080019ba        0x2 
 .text.HAL_Init
                0x080019bc       0x2c ./Drivers/STM32F1xx_HAL_Driver/Src/stm32f1xx_hal.o
                0x080019bc                HAL_Init
 .text.HAL_IncTick
                0x080019e8       0x24 ./Drivers/STM32F1xx_HAL_Driver/Src/stm32f1xx_hal.o
                0x080019e8                HAL_IncTick
 .text.HAL_GetTick
                0x08001a0c       0x14 ./Drivers/STM32F1xx_HAL_Driver/Src/stm32f1xx_hal.o
                0x08001a0c                HAL_GetTick
 .text.__NVIC_SetPriorityGrouping
                0x08001a20       0x48 ./Drivers/STM32F1xx_HAL_Driver/Src/stm32f1xx_hal_cortex.o
 .text.__NVIC_GetPriorityGrouping
                0x08001a68       0x1c ./Drivers/STM32F1xx_HAL_Driver/Src/stm32f1xx_hal_cortex.o
 .text.__NVIC_EnableIRQ
                0x08001a84       0x38 ./Drivers/STM32F1xx_HAL_Driver/Src/stm32f1xx_hal_cortex.o
 .text.__NVIC_SetPriority
                0x08001abc       0x54 ./Drivers/STM32F1xx_HAL_Driver/Src/stm32f1xx_hal_cortex.o
 .text.NVIC_EncodePriority
                0x08001b10       0x64 ./Drivers/STM32F1xx_HAL_Driver/Src/stm32f1xx_hal_cortex.o
 .text.HAL_NVIC_SetPriorityGrouping
                0x08001b74       0x16 ./Drivers/STM32F1xx_HAL_Driver/Src/stm32f1xx_hal_cortex.o
                0x08001b74                HAL_NVIC_SetPriorityGrouping
 .text.HAL_NVIC_SetPriority
                0x08001b8a       0x38 ./Drivers/STM32F1xx_HAL_Driver/Src/stm32f1xx_hal_cortex.o
                0x08001b8a                HAL_NVIC_SetPriority
 .text.HAL_NVIC_EnableIRQ
                0x08001bc2       0x1c ./Drivers/STM32F1xx_HAL_Driver/Src/stm32f1xx_hal_cortex.o
                0x08001bc2                HAL_NVIC_EnableIRQ
 *fill*         0x08001bde        0x2 
 .text.HAL_DMA_Abort_IT
                0x08001be0      0x210 ./Drivers/STM32F1xx_HAL_Driver/Src/stm32f1xx_hal_dma.o
                0x08001be0                HAL_DMA_Abort_IT
 .text.HAL_GPIO_Init
                0x08001df0      0x328 ./Drivers/STM32F1xx_HAL_Driver/Src/stm32f1xx_hal_gpio.o
                0x08001df0                HAL_GPIO_Init
 .text.HAL_GPIO_ReadPin
                0x08002118       0x2e ./Drivers/STM32F1xx_HAL_Driver/Src/stm32f1xx_hal_gpio.o
                0x08002118                HAL_GPIO_ReadPin
 .text.HAL_GPIO_WritePin
                0x08002146       0x30 ./Drivers/STM32F1xx_HAL_Driver/Src/stm32f1xx_hal_gpio.o
                0x08002146                HAL_GPIO_WritePin
 .text.HAL_GPIO_TogglePin
                0x08002176       0x30 ./Drivers/STM32F1xx_HAL_Driver/Src/stm32f1xx_hal_gpio.o
                0x08002176                HAL_GPIO_TogglePin
 .text.HAL_PCD_Init
                0x080021a6      0x1c2 ./Drivers/STM32F1xx_HAL_Driver/Src/stm32f1xx_hal_pcd.o
                0x080021a6                HAL_PCD_Init
 .text.HAL_PCD_Start
                0x08002368       0x4c ./Drivers/STM32F1xx_HAL_Driver/Src/stm32f1xx_hal_pcd.o
                0x08002368                HAL_PCD_Start
 .text.HAL_PCD_IRQHandler
                0x080023b4      0x21c ./Drivers/STM32F1xx_HAL_Driver/Src/stm32f1xx_hal_pcd.o
                0x080023b4                HAL_PCD_IRQHandler
 .text.HAL_PCD_SetAddress
                0x080025d0       0x4a ./Drivers/STM32F1xx_HAL_Driver/Src/stm32f1xx_hal_pcd.o
                0x080025d0                HAL_PCD_SetAddress
 .text.HAL_PCD_EP_Open
                0x0800261a       0xc0 ./Drivers/STM32F1xx_HAL_Driver/Src/stm32f1xx_hal_pcd.o
                0x0800261a                HAL_PCD_EP_Open
 .text.HAL_PCD_EP_Close
                0x080026da       0x84 ./Drivers/STM32F1xx_HAL_Driver/Src/stm32f1xx_hal_pcd.o
                0x080026da                HAL_PCD_EP_Close
 .text.HAL_PCD_EP_Receive
                0x0800275e       0x74 ./Drivers/STM32F1xx_HAL_Driver/Src/stm32f1xx_hal_pcd.o
                0x0800275e                HAL_PCD_EP_Receive
 .text.HAL_PCD_EP_GetRxCount
                0x080027d2       0x28 ./Drivers/STM32F1xx_HAL_Driver/Src/stm32f1xx_hal_pcd.o
                0x080027d2                HAL_PCD_EP_GetRxCount
 .text.HAL_PCD_EP_Transmit
                0x080027fa       0x72 ./Drivers/STM32F1xx_HAL_Driver/Src/stm32f1xx_hal_pcd.o
                0x080027fa                HAL_PCD_EP_Transmit
 .text.HAL_PCD_EP_SetStall
                0x0800286c       0xb4 ./Drivers/STM32F1xx_HAL_Driver/Src/stm32f1xx_hal_pcd.o
                0x0800286c                HAL_PCD_EP_SetStall
 .text.HAL_PCD_EP_ClrStall
                0x08002920       0x9c ./Drivers/STM32F1xx_HAL_Driver/Src/stm32f1xx_hal_pcd.o
                0x08002920                HAL_PCD_EP_ClrStall
 .text.PCD_EP_ISR_Handler
                0x080029bc      0x534 ./Drivers/STM32F1xx_HAL_Driver/Src/stm32f1xx_hal_pcd.o
 .text.HAL_PCDEx_PMAConfig
                0x08002ef0       0x78 ./Drivers/STM32F1xx_HAL_Driver/Src/stm32f1xx_hal_pcd_ex.o
                0x08002ef0                HAL_PCDEx_PMAConfig
 .text.HAL_RCC_OscConfig
                0x08002f68      0x504 ./Drivers/STM32F1xx_HAL_Driver/Src/stm32f1xx_hal_rcc.o
                0x08002f68                HAL_RCC_OscConfig
 .text.HAL_RCC_ClockConfig
                0x0800346c      0x1d4 ./Drivers/STM32F1xx_HAL_Driver/Src/stm32f1xx_hal_rcc.o
                0x0800346c                HAL_RCC_ClockConfig
 .text.HAL_RCC_GetSysClockFreq
                0x08003640       0xbc ./Drivers/STM32F1xx_HAL_Driver/Src/stm32f1xx_hal_rcc.o
                0x08003640                HAL_RCC_GetSysClockFreq
 .text.HAL_RCC_GetHCLKFreq
                0x080036fc       0x14 ./Drivers/STM32F1xx_HAL_Driver/Src/stm32f1xx_hal_rcc.o
                0x080036fc                HAL_RCC_GetHCLKFreq
 .text.HAL_RCC_GetPCLK1Freq
                0x08003710       0x28 ./Drivers/STM32F1xx_HAL_Driver/Src/stm32f1xx_hal_rcc.o
                0x08003710                HAL_RCC_GetPCLK1Freq
 .text.HAL_RCC_GetPCLK2Freq
                0x08003738       0x28 ./Drivers/STM32F1xx_HAL_Driver/Src/stm32f1xx_hal_rcc.o
                0x08003738                HAL_RCC_GetPCLK2Freq
 .text.HAL_RCC_GetClockConfig
                0x08003760       0x60 ./Drivers/STM32F1xx_HAL_Driver/Src/stm32f1xx_hal_rcc.o
                0x08003760                HAL_RCC_GetClockConfig
 .text.RCC_Delay
                0x080037c0       0x3c ./Drivers/STM32F1xx_HAL_Driver/Src/stm32f1xx_hal_rcc.o
 .text.HAL_RCCEx_PeriphCLKConfig
                0x080037fc      0x16c ./Drivers/STM32F1xx_HAL_Driver/Src/stm32f1xx_hal_rcc_ex.o
                0x080037fc                HAL_RCCEx_PeriphCLKConfig
 .text.HAL_TIM_Base_Init
                0x08003968       0x56 ./Drivers/STM32F1xx_HAL_Driver/Src/stm32f1xx_hal_tim.o
                0x08003968                HAL_TIM_Base_Init
 .text.HAL_TIM_Base_Start_IT
                0x080039be       0x46 ./Drivers/STM32F1xx_HAL_Driver/Src/stm32f1xx_hal_tim.o
                0x080039be                HAL_TIM_Base_Start_IT
 .text.HAL_TIM_IRQHandler
                0x08003a04      0x210 ./Drivers/STM32F1xx_HAL_Driver/Src/stm32f1xx_hal_tim.o
                0x08003a04                HAL_TIM_IRQHandler
 .text.HAL_TIM_ConfigClockSource
                0x08003c14      0x188 ./Drivers/STM32F1xx_HAL_Driver/Src/stm32f1xx_hal_tim.o
                0x08003c14                HAL_TIM_ConfigClockSource
 .text.HAL_TIM_OC_DelayElapsedCallback
                0x08003d9c       0x12 ./Drivers/STM32F1xx_HAL_Driver/Src/stm32f1xx_hal_tim.o
                0x08003d9c                HAL_TIM_OC_DelayElapsedCallback
 .text.HAL_TIM_IC_CaptureCallback
                0x08003dae       0x12 ./Drivers/STM32F1xx_HAL_Driver/Src/stm32f1xx_hal_tim.o
                0x08003dae                HAL_TIM_IC_CaptureCallback
 .text.HAL_TIM_PWM_PulseFinishedCallback
                0x08003dc0       0x12 ./Drivers/STM32F1xx_HAL_Driver/Src/stm32f1xx_hal_tim.o
                0x08003dc0                HAL_TIM_PWM_PulseFinishedCallback
 .text.HAL_TIM_TriggerCallback
                0x08003dd2       0x12 ./Drivers/STM32F1xx_HAL_Driver/Src/stm32f1xx_hal_tim.o
                0x08003dd2                HAL_TIM_TriggerCallback
 .text.TIM_Base_SetConfig
                0x08003de4       0xf4 ./Drivers/STM32F1xx_HAL_Driver/Src/stm32f1xx_hal_tim.o
                0x08003de4                TIM_Base_SetConfig
 .text.TIM_TI1_ConfigInputStage
                0x08003ed8       0x5c ./Drivers/STM32F1xx_HAL_Driver/Src/stm32f1xx_hal_tim.o
 .text.TIM_TI2_ConfigInputStage
                0x08003f34       0x5e ./Drivers/STM32F1xx_HAL_Driver/Src/stm32f1xx_hal_tim.o
 .text.TIM_ITRx_SetConfig
                0x08003f92       0x34 ./Drivers/STM32F1xx_HAL_Driver/Src/stm32f1xx_hal_tim.o
 .text.TIM_ETR_SetConfig
                0x08003fc6       0x3e ./Drivers/STM32F1xx_HAL_Driver/Src/stm32f1xx_hal_tim.o
                0x08003fc6                TIM_ETR_SetConfig
 .text.HAL_TIMEx_MasterConfigSynchronization
                0x08004004       0x88 ./Drivers/STM32F1xx_HAL_Driver/Src/stm32f1xx_hal_tim_ex.o
                0x08004004                HAL_TIMEx_MasterConfigSynchronization
 .text.HAL_TIMEx_CommutCallback
                0x0800408c       0x12 ./Drivers/STM32F1xx_HAL_Driver/Src/stm32f1xx_hal_tim_ex.o
                0x0800408c                HAL_TIMEx_CommutCallback
 .text.HAL_TIMEx_BreakCallback
                0x0800409e       0x12 ./Drivers/STM32F1xx_HAL_Driver/Src/stm32f1xx_hal_tim_ex.o
                0x0800409e                HAL_TIMEx_BreakCallback
 .text.HAL_UART_Init
                0x080040b0       0x9a ./Drivers/STM32F1xx_HAL_Driver/Src/stm32f1xx_hal_uart.o
                0x080040b0                HAL_UART_Init
 .text.HAL_UART_Transmit
                0x0800414a      0x132 ./Drivers/STM32F1xx_HAL_Driver/Src/stm32f1xx_hal_uart.o
                0x0800414a                HAL_UART_Transmit
 .text.HAL_UART_Receive_IT
                0x0800427c       0xa8 ./Drivers/STM32F1xx_HAL_Driver/Src/stm32f1xx_hal_uart.o
                0x0800427c                HAL_UART_Receive_IT
 .text.HAL_UART_IRQHandler
                0x08004324      0x1f4 ./Drivers/STM32F1xx_HAL_Driver/Src/stm32f1xx_hal_uart.o
                0x08004324                HAL_UART_IRQHandler
 .text.HAL_UART_TxCpltCallback
                0x08004518       0x12 ./Drivers/STM32F1xx_HAL_Driver/Src/stm32f1xx_hal_uart.o
                0x08004518                HAL_UART_TxCpltCallback
 .text.HAL_UART_ErrorCallback
                0x0800452a       0x12 ./Drivers/STM32F1xx_HAL_Driver/Src/stm32f1xx_hal_uart.o
                0x0800452a                HAL_UART_ErrorCallback
 .text.UART_WaitOnFlagUntilTimeout
                0x0800453c       0x94 ./Drivers/STM32F1xx_HAL_Driver/Src/stm32f1xx_hal_uart.o
 .text.UART_EndRxTransfer
                0x080045d0       0x3a ./Drivers/STM32F1xx_HAL_Driver/Src/stm32f1xx_hal_uart.o
 .text.UART_DMAAbortOnError
                0x0800460a       0x28 ./Drivers/STM32F1xx_HAL_Driver/Src/stm32f1xx_hal_uart.o
 .text.UART_Transmit_IT
                0x08004632       0xaa ./Drivers/STM32F1xx_HAL_Driver/Src/stm32f1xx_hal_uart.o
 .text.UART_EndTransmit_IT
                0x080046dc       0x30 ./Drivers/STM32F1xx_HAL_Driver/Src/stm32f1xx_hal_uart.o
 .text.UART_Receive_IT
                0x0800470c      0x102 ./Drivers/STM32F1xx_HAL_Driver/Src/stm32f1xx_hal_uart.o
 *fill*         0x0800480e        0x2 
 .text.UART_SetConfig
                0x08004810      0x1b4 ./Drivers/STM32F1xx_HAL_Driver/Src/stm32f1xx_hal_uart.o
 .text.USB_CoreInit
                0x080049c4       0x20 ./Drivers/STM32F1xx_HAL_Driver/Src/stm32f1xx_ll_usb.o
                0x080049c4                USB_CoreInit
 .text.USB_EnableGlobalInt
                0x080049e4       0x2e ./Drivers/STM32F1xx_HAL_Driver/Src/stm32f1xx_ll_usb.o
                0x080049e4                USB_EnableGlobalInt
 .text.USB_DisableGlobalInt
                0x08004a12       0x38 ./Drivers/STM32F1xx_HAL_Driver/Src/stm32f1xx_ll_usb.o
                0x08004a12                USB_DisableGlobalInt
 .text.USB_SetCurrentMode
                0x08004a4a       0x18 ./Drivers/STM32F1xx_HAL_Driver/Src/stm32f1xx_ll_usb.o
                0x08004a4a                USB_SetCurrentMode
 .text.USB_DevInit
                0x08004a62       0x48 ./Drivers/STM32F1xx_HAL_Driver/Src/stm32f1xx_ll_usb.o
                0x08004a62                USB_DevInit
 *fill*         0x08004aaa        0x2 
 .text.USB_ActivateEndpoint
                0x08004aac      0x5d8 ./Drivers/STM32F1xx_HAL_Driver/Src/stm32f1xx_ll_usb.o
                0x08004aac                USB_ActivateEndpoint
 .text.USB_DeactivateEndpoint
                0x08005084      0x32c ./Drivers/STM32F1xx_HAL_Driver/Src/stm32f1xx_ll_usb.o
                0x08005084                USB_DeactivateEndpoint
 .text.USB_EPStartXfer
                0x080053b0      0x570 ./Drivers/STM32F1xx_HAL_Driver/Src/stm32f1xx_ll_usb.o
                0x080053b0                USB_EPStartXfer
 .text.USB_EPSetStall
                0x08005920       0x84 ./Drivers/STM32F1xx_HAL_Driver/Src/stm32f1xx_ll_usb.o
                0x08005920                USB_EPSetStall
 .text.USB_EPClearStall
                0x080059a4      0x128 ./Drivers/STM32F1xx_HAL_Driver/Src/stm32f1xx_ll_usb.o
                0x080059a4                USB_EPClearStall
 .text.USB_SetDevAddress
                0x08005acc       0x26 ./Drivers/STM32F1xx_HAL_Driver/Src/stm32f1xx_ll_usb.o
                0x08005acc                USB_SetDevAddress
 .text.USB_DevConnect
                0x08005af2       0x14 ./Drivers/STM32F1xx_HAL_Driver/Src/stm32f1xx_ll_usb.o
                0x08005af2                USB_DevConnect
 .text.USB_DevDisconnect
                0x08005b06       0x14 ./Drivers/STM32F1xx_HAL_Driver/Src/stm32f1xx_ll_usb.o
                0x08005b06                USB_DevDisconnect
 .text.USB_ReadInterrupts
                0x08005b1a       0x1e ./Drivers/STM32F1xx_HAL_Driver/Src/stm32f1xx_ll_usb.o
                0x08005b1a                USB_ReadInterrupts
 .text.USB_EP0_OutStart
                0x08005b38       0x16 ./Drivers/STM32F1xx_HAL_Driver/Src/stm32f1xx_ll_usb.o
                0x08005b38                USB_EP0_OutStart
 .text.USB_WritePMA
                0x08005b4e       0x88 ./Drivers/STM32F1xx_HAL_Driver/Src/stm32f1xx_ll_usb.o
                0x08005b4e                USB_WritePMA
 .text.USB_ReadPMA
                0x08005bd6       0x9e ./Drivers/STM32F1xx_HAL_Driver/Src/stm32f1xx_ll_usb.o
                0x08005bd6                USB_ReadPMA
 .text.USBD_CDC_Init
                0x08005c74       0xf4 ./Middlewares/ST/STM32_USB_Device_Library/Class/CDC/Src/usbd_cdc.o
 .text.USBD_CDC_DeInit
                0x08005d68       0x6e ./Middlewares/ST/STM32_USB_Device_Library/Class/CDC/Src/usbd_cdc.o
 .text.USBD_CDC_Setup
                0x08005dd6      0x146 ./Middlewares/ST/STM32_USB_Device_Library/Class/CDC/Src/usbd_cdc.o
 .text.USBD_CDC_DataIn
                0x08005f1c       0xa0 ./Middlewares/ST/STM32_USB_Device_Library/Class/CDC/Src/usbd_cdc.o
 .text.USBD_CDC_DataOut
                0x08005fbc       0x56 ./Middlewares/ST/STM32_USB_Device_Library/Class/CDC/Src/usbd_cdc.o
 .text.USBD_CDC_EP0_RxReady
                0x08006012       0x4e ./Middlewares/ST/STM32_USB_Device_Library/Class/CDC/Src/usbd_cdc.o
 .text.USBD_CDC_GetFSCfgDesc
                0x08006060       0x20 ./Middlewares/ST/STM32_USB_Device_Library/Class/CDC/Src/usbd_cdc.o
 .text.USBD_CDC_GetHSCfgDesc
                0x08006080       0x20 ./Middlewares/ST/STM32_USB_Device_Library/Class/CDC/Src/usbd_cdc.o
 .text.USBD_CDC_GetOtherSpeedCfgDesc
                0x080060a0       0x20 ./Middlewares/ST/STM32_USB_Device_Library/Class/CDC/Src/usbd_cdc.o
 .text.USBD_CDC_GetDeviceQualifierDescriptor
                0x080060c0       0x20 ./Middlewares/ST/STM32_USB_Device_Library/Class/CDC/Src/usbd_cdc.o
                0x080060c0                USBD_CDC_GetDeviceQualifierDescriptor
 .text.USBD_CDC_RegisterInterface
                0x080060e0       0x2c ./Middlewares/ST/STM32_USB_Device_Library/Class/CDC/Src/usbd_cdc.o
                0x080060e0                USBD_CDC_RegisterInterface
 .text.USBD_CDC_SetTxBuffer
                0x0800610c       0x32 ./Middlewares/ST/STM32_USB_Device_Library/Class/CDC/Src/usbd_cdc.o
                0x0800610c                USBD_CDC_SetTxBuffer
 .text.USBD_CDC_SetRxBuffer
                0x0800613e       0x26 ./Middlewares/ST/STM32_USB_Device_Library/Class/CDC/Src/usbd_cdc.o
                0x0800613e                USBD_CDC_SetRxBuffer
 .text.USBD_CDC_TransmitPacket
                0x08006164       0x5e ./Middlewares/ST/STM32_USB_Device_Library/Class/CDC/Src/usbd_cdc.o
                0x08006164                USBD_CDC_TransmitPacket
 .text.USBD_CDC_ReceivePacket
                0x080061c2       0x54 ./Middlewares/ST/STM32_USB_Device_Library/Class/CDC/Src/usbd_cdc.o
                0x080061c2                USBD_CDC_ReceivePacket
 .text.USBD_Init
                0x08006216       0x56 ./Middlewares/ST/STM32_USB_Device_Library/Core/Src/usbd_core.o
                0x08006216                USBD_Init
 .text.USBD_RegisterClass
                0x0800626c       0x32 ./Middlewares/ST/STM32_USB_Device_Library/Core/Src/usbd_core.o
                0x0800626c                USBD_RegisterClass
 .text.USBD_Start
                0x0800629e       0x18 ./Middlewares/ST/STM32_USB_Device_Library/Core/Src/usbd_core.o
                0x0800629e                USBD_Start
 .text.USBD_RunTestMode
                0x080062b6       0x14 ./Middlewares/ST/STM32_USB_Device_Library/Core/Src/usbd_core.o
                0x080062b6                USBD_RunTestMode
 .text.USBD_SetClassConfig
                0x080062ca       0x3e ./Middlewares/ST/STM32_USB_Device_Library/Core/Src/usbd_core.o
                0x080062ca                USBD_SetClassConfig
 .text.USBD_ClrClassConfig
                0x08006308       0x26 ./Middlewares/ST/STM32_USB_Device_Library/Core/Src/usbd_core.o
                0x08006308                USBD_ClrClassConfig
 .text.USBD_LL_SetupStage
                0x0800632e       0x9a ./Middlewares/ST/STM32_USB_Device_Library/Core/Src/usbd_core.o
                0x0800632e                USBD_LL_SetupStage
 .text.USBD_LL_DataOutStage
                0x080063c8       0xe2 ./Middlewares/ST/STM32_USB_Device_Library/Core/Src/usbd_core.o
                0x080063c8                USBD_LL_DataOutStage
 .text.USBD_LL_DataInStage
                0x080064aa      0x14a ./Middlewares/ST/STM32_USB_Device_Library/Core/Src/usbd_core.o
                0x080064aa                USBD_LL_DataInStage
 .text.USBD_LL_Reset
                0x080065f4       0x82 ./Middlewares/ST/STM32_USB_Device_Library/Core/Src/usbd_core.o
                0x080065f4                USBD_LL_Reset
 .text.USBD_LL_SetSpeed
                0x08006676       0x1e ./Middlewares/ST/STM32_USB_Device_Library/Core/Src/usbd_core.o
                0x08006676                USBD_LL_SetSpeed
 .text.USBD_LL_Suspend
                0x08006694       0x28 ./Middlewares/ST/STM32_USB_Device_Library/Core/Src/usbd_core.o
                0x08006694                USBD_LL_Suspend
 .text.USBD_LL_Resume
                0x080066bc       0x2a ./Middlewares/ST/STM32_USB_Device_Library/Core/Src/usbd_core.o
                0x080066bc                USBD_LL_Resume
 .text.USBD_LL_SOF
                0x080066e6       0x34 ./Middlewares/ST/STM32_USB_Device_Library/Core/Src/usbd_core.o
                0x080066e6                USBD_LL_SOF
 *fill*         0x0800671a        0x2 
 .text.USBD_StdDevReq
                0x0800671c       0xd4 ./Middlewares/ST/STM32_USB_Device_Library/Core/Src/usbd_ctlreq.o
                0x0800671c                USBD_StdDevReq
 .text.USBD_StdItfReq
                0x080067f0       0x90 ./Middlewares/ST/STM32_USB_Device_Library/Core/Src/usbd_ctlreq.o
                0x080067f0                USBD_StdItfReq
 .text.USBD_StdEPReq
                0x08006880      0x2c6 ./Middlewares/ST/STM32_USB_Device_Library/Core/Src/usbd_ctlreq.o
                0x08006880                USBD_StdEPReq
 *fill*         0x08006b46        0x2 
 .text.USBD_GetDescriptor
                0x08006b48      0x2d0 ./Middlewares/ST/STM32_USB_Device_Library/Core/Src/usbd_ctlreq.o
 .text.USBD_SetAddress
                0x08006e18       0x86 ./Middlewares/ST/STM32_USB_Device_Library/Core/Src/usbd_ctlreq.o
 *fill*         0x08006e9e        0x2 
 .text.USBD_SetConfig
                0x08006ea0      0x11c ./Middlewares/ST/STM32_USB_Device_Library/Core/Src/usbd_ctlreq.o
 .text.USBD_GetConfig
                0x08006fbc       0x6a ./Middlewares/ST/STM32_USB_Device_Library/Core/Src/usbd_ctlreq.o
 .text.USBD_GetStatus
                0x08007026       0x66 ./Middlewares/ST/STM32_USB_Device_Library/Core/Src/usbd_ctlreq.o
 .text.USBD_SetFeature
                0x0800708c       0x28 ./Middlewares/ST/STM32_USB_Device_Library/Core/Src/usbd_ctlreq.o
 .text.USBD_ClrFeature
                0x080070b4       0x42 ./Middlewares/ST/STM32_USB_Device_Library/Core/Src/usbd_ctlreq.o
 .text.USBD_ParseSetupRequest
                0x080070f6       0x72 ./Middlewares/ST/STM32_USB_Device_Library/Core/Src/usbd_ctlreq.o
                0x080070f6                USBD_ParseSetupRequest
 .text.USBD_CtlError
                0x08007168       0x22 ./Middlewares/ST/STM32_USB_Device_Library/Core/Src/usbd_ctlreq.o
                0x08007168                USBD_CtlError
 .text.USBD_GetString
                0x0800718a       0x84 ./Middlewares/ST/STM32_USB_Device_Library/Core/Src/usbd_ctlreq.o
                0x0800718a                USBD_GetString
 .text.USBD_GetLen
                0x0800720e       0x2e ./Middlewares/ST/STM32_USB_Device_Library/Core/Src/usbd_ctlreq.o
 .text.USBD_CtlSendData
                0x0800723c       0x38 ./Middlewares/ST/STM32_USB_Device_Library/Core/Src/usbd_ioreq.o
                0x0800723c                USBD_CtlSendData
 .text.USBD_CtlContinueSendData
                0x08007274       0x24 ./Middlewares/ST/STM32_USB_Device_Library/Core/Src/usbd_ioreq.o
                0x08007274                USBD_CtlContinueSendData
 .text.USBD_CtlPrepareRx
                0x08007298       0x3c ./Middlewares/ST/STM32_USB_Device_Library/Core/Src/usbd_ioreq.o
                0x08007298                USBD_CtlPrepareRx
 .text.USBD_CtlContinueRx
                0x080072d4       0x24 ./Middlewares/ST/STM32_USB_Device_Library/Core/Src/usbd_ioreq.o
                0x080072d4                USBD_CtlContinueRx
 .text.USBD_CtlSendStatus
                0x080072f8       0x26 ./Middlewares/ST/STM32_USB_Device_Library/Core/Src/usbd_ioreq.o
                0x080072f8                USBD_CtlSendStatus
 .text.USBD_CtlReceiveStatus
                0x0800731e       0x26 ./Middlewares/ST/STM32_USB_Device_Library/Core/Src/usbd_ioreq.o
                0x0800731e                USBD_CtlReceiveStatus
 .text.osKernelInitialize
                0x08007344       0x64 ./Middlewares/Third_Party/FreeRTOS/Source/CMSIS_RTOS_V2/cmsis_os2.o
                0x08007344                osKernelInitialize
 .text.osKernelStart
                0x080073a8       0x68 ./Middlewares/Third_Party/FreeRTOS/Source/CMSIS_RTOS_V2/cmsis_os2.o
                0x080073a8                osKernelStart
 .text.osThreadNew
                0x08007410      0x154 ./Middlewares/Third_Party/FreeRTOS/Source/CMSIS_RTOS_V2/cmsis_os2.o
                0x08007410                osThreadNew
 .text.osDelay  0x08007564       0x5c ./Middlewares/Third_Party/FreeRTOS/Source/CMSIS_RTOS_V2/cmsis_os2.o
                0x08007564                osDelay
 .text.vApplicationGetIdleTaskMemory
                0x080075c0       0x30 ./Middlewares/Third_Party/FreeRTOS/Source/CMSIS_RTOS_V2/cmsis_os2.o
                0x080075c0                vApplicationGetIdleTaskMemory
 .text.vApplicationGetTimerTaskMemory
                0x080075f0       0x34 ./Middlewares/Third_Party/FreeRTOS/Source/CMSIS_RTOS_V2/cmsis_os2.o
                0x080075f0                vApplicationGetTimerTaskMemory
 .text.vListInitialise
                0x08007624       0x3e ./Middlewares/Third_Party/FreeRTOS/Source/list.o
                0x08007624                vListInitialise
 .text.vListInitialiseItem
                0x08007662       0x18 ./Middlewares/Third_Party/FreeRTOS/Source/list.o
                0x08007662                vListInitialiseItem
 .text.vListInsertEnd
                0x0800767a       0x46 ./Middlewares/Third_Party/FreeRTOS/Source/list.o
                0x0800767a                vListInsertEnd
 .text.vListInsert
                0x080076c0       0x70 ./Middlewares/Third_Party/FreeRTOS/Source/list.o
                0x080076c0                vListInsert
 .text.uxListRemove
                0x08007730       0x52 ./Middlewares/Third_Party/FreeRTOS/Source/list.o
                0x08007730                uxListRemove
 *fill*         0x08007782        0x2 
 .text.xQueueGenericReset
                0x08007784       0xd4 ./Middlewares/Third_Party/FreeRTOS/Source/queue.o
                0x08007784                xQueueGenericReset
 .text.xQueueGenericCreateStatic
                0x08007858       0xf8 ./Middlewares/Third_Party/FreeRTOS/Source/queue.o
                0x08007858                xQueueGenericCreateStatic
 .text.xQueueGenericCreate
                0x08007950       0x7e ./Middlewares/Third_Party/FreeRTOS/Source/queue.o
                0x08007950                xQueueGenericCreate
 .text.prvInitialiseNewQueue
                0x080079ce       0x46 ./Middlewares/Third_Party/FreeRTOS/Source/queue.o
 .text.prvInitialiseMutex
                0x08007a14       0x34 ./Middlewares/Third_Party/FreeRTOS/Source/queue.o
 .text.xQueueCreateMutex
                0x08007a48       0x30 ./Middlewares/Third_Party/FreeRTOS/Source/queue.o
                0x08007a48                xQueueCreateMutex
 .text.xQueueGenericSend
                0x08007a78      0x204 ./Middlewares/Third_Party/FreeRTOS/Source/queue.o
                0x08007a78                xQueueGenericSend
 .text.xQueueGenericSendFromISR
                0x08007c7c      0x136 ./Middlewares/Third_Party/FreeRTOS/Source/queue.o
                0x08007c7c                xQueueGenericSendFromISR
 *fill*         0x08007db2        0x2 
 .text.xQueueReceive
                0x08007db4      0x1c4 ./Middlewares/Third_Party/FreeRTOS/Source/queue.o
                0x08007db4                xQueueReceive
 .text.xQueueSemaphoreTake
                0x08007f78      0x220 ./Middlewares/Third_Party/FreeRTOS/Source/queue.o
                0x08007f78                xQueueSemaphoreTake
 .text.prvGetDisinheritPriorityAfterTimeout
                0x08008198       0x2e ./Middlewares/Third_Party/FreeRTOS/Source/queue.o
 .text.prvCopyDataToQueue
                0x080081c6       0xd4 ./Middlewares/Third_Party/FreeRTOS/Source/queue.o
 .text.prvCopyDataFromQueue
                0x0800829a       0x4c ./Middlewares/Third_Party/FreeRTOS/Source/queue.o
 .text.prvUnlockQueue
                0x080082e6       0xa4 ./Middlewares/Third_Party/FreeRTOS/Source/queue.o
 .text.prvIsQueueEmpty
                0x0800838a       0x2c ./Middlewares/Third_Party/FreeRTOS/Source/queue.o
 .text.prvIsQueueFull
                0x080083b6       0x30 ./Middlewares/Third_Party/FreeRTOS/Source/queue.o
 *fill*         0x080083e6        0x2 
 .text.vQueueAddToRegistry
                0x080083e8       0x50 ./Middlewares/Third_Party/FreeRTOS/Source/queue.o
                0x080083e8                vQueueAddToRegistry
 .text.vQueueWaitForMessageRestricted
                0x08008438       0x68 ./Middlewares/Third_Party/FreeRTOS/Source/queue.o
                0x08008438                vQueueWaitForMessageRestricted
 .text.xTaskCreateStatic
                0x080084a0       0xbe ./Middlewares/Third_Party/FreeRTOS/Source/tasks.o
                0x080084a0                xTaskCreateStatic
 .text.xTaskCreate
                0x0800855e       0x8a ./Middlewares/Third_Party/FreeRTOS/Source/tasks.o
                0x0800855e                xTaskCreate
 .text.prvInitialiseNewTask
                0x080085e8      0x140 ./Middlewares/Third_Party/FreeRTOS/Source/tasks.o
 .text.prvAddNewTaskToReadyList
                0x08008728       0xe0 ./Middlewares/Third_Party/FreeRTOS/Source/tasks.o
 .text.vTaskDelay
                0x08008808       0x6c ./Middlewares/Third_Party/FreeRTOS/Source/tasks.o
                0x08008808                vTaskDelay
 .text.vTaskStartScheduler
                0x08008874       0xe0 ./Middlewares/Third_Party/FreeRTOS/Source/tasks.o
                0x08008874                vTaskStartScheduler
 .text.vTaskSuspendAll
                0x08008954       0x1c ./Middlewares/Third_Party/FreeRTOS/Source/tasks.o
                0x08008954                vTaskSuspendAll
 .text.xTaskResumeAll
                0x08008970      0x13c ./Middlewares/Third_Party/FreeRTOS/Source/tasks.o
                0x08008970                xTaskResumeAll
 .text.xTaskGetTickCount
                0x08008aac       0x1c ./Middlewares/Third_Party/FreeRTOS/Source/tasks.o
                0x08008aac                xTaskGetTickCount
 .text.xTaskIncrementTick
                0x08008ac8      0x180 ./Middlewares/Third_Party/FreeRTOS/Source/tasks.o
                0x08008ac8                xTaskIncrementTick
 .text.vTaskSwitchContext
                0x08008c48       0xc8 ./Middlewares/Third_Party/FreeRTOS/Source/tasks.o
                0x08008c48                vTaskSwitchContext
 .text.vTaskPlaceOnEventList
                0x08008d10       0x4c ./Middlewares/Third_Party/FreeRTOS/Source/tasks.o
                0x08008d10                vTaskPlaceOnEventList
 .text.vTaskPlaceOnEventListRestricted
                0x08008d5c       0x58 ./Middlewares/Third_Party/FreeRTOS/Source/tasks.o
                0x08008d5c                vTaskPlaceOnEventListRestricted
 .text.xTaskRemoveFromEventList
                0x08008db4       0xc8 ./Middlewares/Third_Party/FreeRTOS/Source/tasks.o
                0x08008db4                xTaskRemoveFromEventList
 .text.vTaskInternalSetTimeOutState
                0x08008e7c       0x2c ./Middlewares/Third_Party/FreeRTOS/Source/tasks.o
                0x08008e7c                vTaskInternalSetTimeOutState
 .text.xTaskCheckForTimeOut
                0x08008ea8       0xc8 ./Middlewares/Third_Party/FreeRTOS/Source/tasks.o
                0x08008ea8                xTaskCheckForTimeOut
 .text.vTaskMissedYield
                0x08008f70       0x18 ./Middlewares/Third_Party/FreeRTOS/Source/tasks.o
                0x08008f70                vTaskMissedYield
 .text.prvIdleTask
                0x08008f88       0x30 ./Middlewares/Third_Party/FreeRTOS/Source/tasks.o
 .text.prvInitialiseTaskLists
                0x08008fb8       0x80 ./Middlewares/Third_Party/FreeRTOS/Source/tasks.o
 .text.prvCheckTasksWaitingTermination
                0x08009038       0x5c ./Middlewares/Third_Party/FreeRTOS/Source/tasks.o
 .text.prvDeleteTCB
                0x08009094       0x6a ./Middlewares/Third_Party/FreeRTOS/Source/tasks.o
 *fill*         0x080090fe        0x2 
 .text.prvResetNextTaskUnblockTime
                0x08009100       0x48 ./Middlewares/Third_Party/FreeRTOS/Source/tasks.o
 .text.xTaskGetSchedulerState
                0x08009148       0x3c ./Middlewares/Third_Party/FreeRTOS/Source/tasks.o
                0x08009148                xTaskGetSchedulerState
 .text.xTaskPriorityInherit
                0x08009184       0xdc ./Middlewares/Third_Party/FreeRTOS/Source/tasks.o
                0x08009184                xTaskPriorityInherit
 .text.xTaskPriorityDisinherit
                0x08009260       0xe0 ./Middlewares/Third_Party/FreeRTOS/Source/tasks.o
                0x08009260                xTaskPriorityDisinherit
 .text.vTaskPriorityDisinheritAfterTimeout
                0x08009340      0x110 ./Middlewares/Third_Party/FreeRTOS/Source/tasks.o
                0x08009340                vTaskPriorityDisinheritAfterTimeout
 .text.pvTaskIncrementMutexHeldCount
                0x08009450       0x28 ./Middlewares/Third_Party/FreeRTOS/Source/tasks.o
                0x08009450                pvTaskIncrementMutexHeldCount
 .text.prvAddCurrentTaskToDelayedList
                0x08009478       0xa8 ./Middlewares/Third_Party/FreeRTOS/Source/tasks.o
 .text.xTimerCreateTimerTask
                0x08009520       0x94 ./Middlewares/Third_Party/FreeRTOS/Source/timers.o
                0x08009520                xTimerCreateTimerTask
 .text.xTimerGenericCommand
                0x080095b4       0x9c ./Middlewares/Third_Party/FreeRTOS/Source/timers.o
                0x080095b4                xTimerGenericCommand
 .text.prvProcessExpiredTimer
                0x08009650       0x84 ./Middlewares/Third_Party/FreeRTOS/Source/timers.o
 .text.prvTimerTask
                0x080096d4       0x26 ./Middlewares/Third_Party/FreeRTOS/Source/timers.o
 *fill*         0x080096fa        0x2 
 .text.prvProcessTimerOrBlockTask
                0x080096fc       0x9c ./Middlewares/Third_Party/FreeRTOS/Source/timers.o
 .text.prvGetNextExpireTime
                0x08009798       0x48 ./Middlewares/Third_Party/FreeRTOS/Source/timers.o
 .text.prvSampleTimeNow
                0x080097e0       0x40 ./Middlewares/Third_Party/FreeRTOS/Source/timers.o
 .text.prvInsertTimerInActiveList
                0x08009820       0x84 ./Middlewares/Third_Party/FreeRTOS/Source/timers.o
 .text.prvProcessReceivedCommands
                0x080098a4      0x178 ./Middlewares/Third_Party/FreeRTOS/Source/timers.o
 .text.prvSwitchTimerLists
                0x08009a1c       0xc4 ./Middlewares/Third_Party/FreeRTOS/Source/timers.o
 .text.prvCheckForValidListAndQueue
                0x08009ae0       0x80 ./Middlewares/Third_Party/FreeRTOS/Source/timers.o
 .text.pxPortInitialiseStack
                0x08009b60       0x58 ./Middlewares/Third_Party/FreeRTOS/Source/portable/GCC/ARM_CM3/port.o
                0x08009b60                pxPortInitialiseStack
 .text.prvTaskExitError
                0x08009bb8       0x58 ./Middlewares/Third_Party/FreeRTOS/Source/portable/GCC/ARM_CM3/port.o
 .text.SVC_Handler
                0x08009c10       0x28 ./Middlewares/Third_Party/FreeRTOS/Source/portable/GCC/ARM_CM3/port.o
                0x08009c10                SVC_Handler
 .text.prvPortStartFirstTask
                0x08009c38       0x20 ./Middlewares/Third_Party/FreeRTOS/Source/portable/GCC/ARM_CM3/port.o
 .text.xPortStartScheduler
                0x08009c58       0xe4 ./Middlewares/Third_Party/FreeRTOS/Source/portable/GCC/ARM_CM3/port.o
                0x08009c58                xPortStartScheduler
 .text.vPortEnterCritical
                0x08009d3c       0x60 ./Middlewares/Third_Party/FreeRTOS/Source/portable/GCC/ARM_CM3/port.o
                0x08009d3c                vPortEnterCritical
 .text.vPortExitCritical
                0x08009d9c       0x54 ./Middlewares/Third_Party/FreeRTOS/Source/portable/GCC/ARM_CM3/port.o
                0x08009d9c                vPortExitCritical
 .text.PendSV_Handler
                0x08009df0       0x48 ./Middlewares/Third_Party/FreeRTOS/Source/portable/GCC/ARM_CM3/port.o
                0x08009df0                PendSV_Handler
 .text.SysTick_Handler
                0x08009e38       0x44 ./Middlewares/Third_Party/FreeRTOS/Source/portable/GCC/ARM_CM3/port.o
                0x08009e38                SysTick_Handler
 .text.vPortSetupTimerInterrupt
                0x08009e7c       0x44 ./Middlewares/Third_Party/FreeRTOS/Source/portable/GCC/ARM_CM3/port.o
                0x08009e7c                vPortSetupTimerInterrupt
 .text.vPortValidateInterruptPriority
                0x08009ec0       0x80 ./Middlewares/Third_Party/FreeRTOS/Source/portable/GCC/ARM_CM3/port.o
                0x08009ec0                vPortValidateInterruptPriority
 .text.pvPortMalloc
                0x08009f40      0x190 ./Middlewares/Third_Party/FreeRTOS/Source/portable/MemMang/heap_4.o
                0x08009f40                pvPortMalloc
 .text.vPortFree
                0x0800a0d0       0xb8 ./Middlewares/Third_Party/FreeRTOS/Source/portable/MemMang/heap_4.o
                0x0800a0d0                vPortFree
 .text.prvHeapInit
                0x0800a188       0xc4 ./Middlewares/Third_Party/FreeRTOS/Source/portable/MemMang/heap_4.o
 .text.prvInsertBlockIntoFreeList
                0x0800a24c       0xb0 ./Middlewares/Third_Party/FreeRTOS/Source/portable/MemMang/heap_4.o
 .text.MX_USB_DEVICE_Init
                0x0800a2fc       0x60 ./USB_DEVICE/App/usb_device.o
                0x0800a2fc                MX_USB_DEVICE_Init
 .text.CDC_Init_FS
                0x0800a35c       0x28 ./USB_DEVICE/App/usbd_cdc_if.o
 .text.CDC_DeInit_FS
                0x0800a384        0xe ./USB_DEVICE/App/usbd_cdc_if.o
 *fill*         0x0800a392        0x2 
 .text.CDC_Control_FS
                0x0800a394       0xbc ./USB_DEVICE/App/usbd_cdc_if.o
 .text.CDC_Receive_FS
                0x0800a450       0xa0 ./USB_DEVICE/App/usbd_cdc_if.o
 .text.CDC_Transmit_FS
                0x0800a4f0       0x94 ./USB_DEVICE/App/usbd_cdc_if.o
                0x0800a4f0                CDC_Transmit_FS
 .text.USBD_FS_DeviceDescriptor
                0x0800a584       0x24 ./USB_DEVICE/App/usbd_desc.o
                0x0800a584                USBD_FS_DeviceDescriptor
 .text.USBD_FS_LangIDStrDescriptor
                0x0800a5a8       0x24 ./USB_DEVICE/App/usbd_desc.o
                0x0800a5a8                USBD_FS_LangIDStrDescriptor
 .text.USBD_FS_ProductStrDescriptor
                0x0800a5cc       0x3c ./USB_DEVICE/App/usbd_desc.o
                0x0800a5cc                USBD_FS_ProductStrDescriptor
 .text.USBD_FS_ManufacturerStrDescriptor
                0x0800a608       0x28 ./USB_DEVICE/App/usbd_desc.o
                0x0800a608                USBD_FS_ManufacturerStrDescriptor
 .text.USBD_FS_SerialStrDescriptor
                0x0800a630       0x24 ./USB_DEVICE/App/usbd_desc.o
                0x0800a630                USBD_FS_SerialStrDescriptor
 .text.USBD_FS_ConfigStrDescriptor
                0x0800a654       0x3c ./USB_DEVICE/App/usbd_desc.o
                0x0800a654                USBD_FS_ConfigStrDescriptor
 .text.USBD_FS_InterfaceStrDescriptor
                0x0800a690       0x3c ./USB_DEVICE/App/usbd_desc.o
                0x0800a690                USBD_FS_InterfaceStrDescriptor
 .text.Get_SerialNum
                0x0800a6cc       0x58 ./USB_DEVICE/App/usbd_desc.o
 .text.IntToUnicode
                0x0800a724       0x7c ./USB_DEVICE/App/usbd_desc.o
 .text.HAL_PCD_MspInit
                0x0800a7a0       0x4c ./USB_DEVICE/Target/usbd_conf.o
                0x0800a7a0                HAL_PCD_MspInit
 .text.HAL_PCD_SetupStageCallback
                0x0800a7ec       0x24 ./USB_DEVICE/Target/usbd_conf.o
                0x0800a7ec                HAL_PCD_SetupStageCallback
 .text.HAL_PCD_DataOutStageCallback
                0x0800a810       0x30 ./USB_DEVICE/Target/usbd_conf.o
                0x0800a810                HAL_PCD_DataOutStageCallback
 .text.HAL_PCD_DataInStageCallback
                0x0800a840       0x2e ./USB_DEVICE/Target/usbd_conf.o
                0x0800a840                HAL_PCD_DataInStageCallback
 .text.HAL_PCD_SOFCallback
                0x0800a86e       0x1c ./USB_DEVICE/Target/usbd_conf.o
                0x0800a86e                HAL_PCD_SOFCallback
 .text.HAL_PCD_ResetCallback
                0x0800a88a       0x3c ./USB_DEVICE/Target/usbd_conf.o
                0x0800a88a                HAL_PCD_ResetCallback
 *fill*         0x0800a8c6        0x2 
 .text.HAL_PCD_SuspendCallback
                0x0800a8c8       0x34 ./USB_DEVICE/Target/usbd_conf.o
                0x0800a8c8                HAL_PCD_SuspendCallback
 .text.HAL_PCD_ResumeCallback
                0x0800a8fc       0x1c ./USB_DEVICE/Target/usbd_conf.o
                0x0800a8fc                HAL_PCD_ResumeCallback
 .text.USBD_LL_Init
                0x0800a918       0xb4 ./USB_DEVICE/Target/usbd_conf.o
                0x0800a918                USBD_LL_Init
 .text.USBD_LL_Start
                0x0800a9cc       0x36 ./USB_DEVICE/Target/usbd_conf.o
                0x0800a9cc                USBD_LL_Start
 .text.USBD_LL_OpenEP
                0x0800aa02       0x4c ./USB_DEVICE/Target/usbd_conf.o
                0x0800aa02                USBD_LL_OpenEP
 .text.USBD_LL_CloseEP
                0x0800aa4e       0x3e ./USB_DEVICE/Target/usbd_conf.o
                0x0800aa4e                USBD_LL_CloseEP
 .text.USBD_LL_StallEP
                0x0800aa8c       0x3e ./USB_DEVICE/Target/usbd_conf.o
                0x0800aa8c                USBD_LL_StallEP
 .text.USBD_LL_ClearStallEP
                0x0800aaca       0x3e ./USB_DEVICE/Target/usbd_conf.o
                0x0800aaca                USBD_LL_ClearStallEP
 .text.USBD_LL_IsStallEP
                0x0800ab08       0x4a ./USB_DEVICE/Target/usbd_conf.o
                0x0800ab08                USBD_LL_IsStallEP
 .text.USBD_LL_SetUSBAddress
                0x0800ab52       0x3e ./USB_DEVICE/Target/usbd_conf.o
                0x0800ab52                USBD_LL_SetUSBAddress
 .text.USBD_LL_Transmit
                0x0800ab90       0x46 ./USB_DEVICE/Target/usbd_conf.o
                0x0800ab90                USBD_LL_Transmit
 .text.USBD_LL_PrepareReceive
                0x0800abd6       0x46 ./USB_DEVICE/Target/usbd_conf.o
                0x0800abd6                USBD_LL_PrepareReceive
 .text.USBD_LL_GetRxDataSize
                0x0800ac1c       0x26 ./USB_DEVICE/Target/usbd_conf.o
                0x0800ac1c                USBD_LL_GetRxDataSize
 *fill*         0x0800ac42        0x2 
 .text.USBD_static_malloc
                0x0800ac44       0x18 ./USB_DEVICE/Target/usbd_conf.o
                0x0800ac44                USBD_static_malloc
 .text.USBD_static_free
                0x0800ac5c       0x12 ./USB_DEVICE/Target/usbd_conf.o
                0x0800ac5c                USBD_static_free
 .text.HAL_PCDEx_SetConnectionState
                0x0800ac6e       0x16 ./USB_DEVICE/Target/usbd_conf.o
                0x0800ac6e                HAL_PCDEx_SetConnectionState
 .text.USBD_Get_USB_Status
                0x0800ac84       0x58 ./USB_DEVICE/Target/usbd_conf.o
 *fill*         0x0800acdc        0x4 
 .text.Init_USB_Data
                0x0800ace0      0x144 ./user/user_data.o
                0x0800ace0                Init_USB_Data
 .text.__io_putchar
                0x0800ae24       0x24 ./user/user_debug.o
                0x0800ae24                __io_putchar
 .text.led_0_on
                0x0800ae48       0x18 ./user/user_gpio.o
                0x0800ae48                led_0_on
 .text.led_0_off
                0x0800ae60       0x18 ./user/user_gpio.o
                0x0800ae60                led_0_off
 .text.led_1_on
                0x0800ae78       0x18 ./user/user_gpio.o
                0x0800ae78                led_1_on
 .text.led_1_off
                0x0800ae90       0x18 ./user/user_gpio.o
                0x0800ae90                led_1_off
 .text.get_key_0_states
                0x0800aea8       0x20 ./user/user_gpio.o
                0x0800aea8                get_key_0_states
 .text.led_1_Reversal
                0x0800aec8       0x14 ./user/user_gpio.o
                0x0800aec8                led_1_Reversal
 .text.stateTask
                0x0800aedc       0x68 ./user/user_task.o
                0x0800aedc                stateTask
 .text.initTask
                0x0800af44        0xc ./user/user_task.o
                0x0800af44                initTask
 .text.stopTask
                0x0800af50       0x28 ./user/user_task.o
                0x0800af50                stopTask
 .text.readyTask
                0x0800af78       0x44 ./user/user_task.o
                0x0800af78                readyTask
 .text.pauseTask
                0x0800afbc       0x48 ./user/user_task.o
                0x0800afbc                pauseTask
 .text.workTask
                0x0800b004        0xc ./user/user_task.o
                0x0800b004                workTask
 .text.errorTask
                0x0800b010       0x34 ./user/user_task.o
                0x0800b010                errorTask
 .text.defaultTask
                0x0800b044       0x34 ./user/user_task.o
                0x0800b044                defaultTask
 .text.Usart2_Transmit_Data
                0x0800b078       0x68 ./user/user_usart.o
                0x0800b078                Usart2_Transmit_Data
 .text.HAL_UART_RxCpltCallback
                0x0800b0e0       0x80 ./user/user_usart.o
                0x0800b0e0                HAL_UART_RxCpltCallback
 .text.Init_Usart2
                0x0800b160       0x2c ./user/user_usart.o
                0x0800b160                Init_Usart2
 .text.Usart2_Parse_Data
                0x0800b18c      0x168 ./user/user_usart.o
                0x0800b18c                Usart2_Parse_Data
 .text.Set_State
                0x0800b2f4       0x78 ./user/user_usart.o
                0x0800b2f4                Set_State
 .text.Usart2_Screen_Check_Data
                0x0800b36c       0x66 ./user/user_usart.o
                0x0800b36c                Usart2_Screen_Check_Data
 *fill*         0x0800b3d2        0x2 
 .text.Change_Screen_ID
                0x0800b3d4       0x80 ./user/user_usart.o
                0x0800b3d4                Change_Screen_ID
 .text.USB_Send_Data
                0x0800b454       0x54 ./user/user_usb.o
                0x0800b454                USB_Send_Data
 .text.Parse_USB_Data
                0x0800b4a8      0x3ac ./user/user_usb.o
                0x0800b4a8                Parse_USB_Data
 .text.Check_Data_Sum
                0x0800b854       0x5a ./user/user_usb.o
                0x0800b854                Check_Data_Sum
 *fill*         0x0800b8ae        0x2 
 .text.Show_Data_Hex
                0x0800b8b0       0x54 ./user/user_usb.o
                0x0800b8b0                Show_Data_Hex
 .text.Get_Data_Sum
                0x0800b904       0x46 ./user/user_usb.o
                0x0800b904                Get_Data_Sum
 *fill*         0x0800b94a        0x2 
 .text.std      0x0800b94c       0x6c D:/software/STM32CubeIDE_1.16.1/STM32CubeIDE/plugins/com.st.stm32cube.ide.mcu.externaltools.gnu-tools-for-stm32.12.3.rel1.win32_1.0.200.202406191623/tools/bin/../lib/gcc/arm-none-eabi/12.3.1/../../../../arm-none-eabi/lib/thumb/v7-m/nofp\libc_nano.a(libc_a-findfp.o)
 .text.stdio_exit_handler
                0x0800b9b8       0x18 D:/software/STM32CubeIDE_1.16.1/STM32CubeIDE/plugins/com.st.stm32cube.ide.mcu.externaltools.gnu-tools-for-stm32.12.3.rel1.win32_1.0.200.202406191623/tools/bin/../lib/gcc/arm-none-eabi/12.3.1/../../../../arm-none-eabi/lib/thumb/v7-m/nofp\libc_nano.a(libc_a-findfp.o)
 .text.cleanup_stdio
                0x0800b9d0       0x40 D:/software/STM32CubeIDE_1.16.1/STM32CubeIDE/plugins/com.st.stm32cube.ide.mcu.externaltools.gnu-tools-for-stm32.12.3.rel1.win32_1.0.200.202406191623/tools/bin/../lib/gcc/arm-none-eabi/12.3.1/../../../../arm-none-eabi/lib/thumb/v7-m/nofp\libc_nano.a(libc_a-findfp.o)
 .text.global_stdio_init.part.0
                0x0800ba10       0x3c D:/software/STM32CubeIDE_1.16.1/STM32CubeIDE/plugins/com.st.stm32cube.ide.mcu.externaltools.gnu-tools-for-stm32.12.3.rel1.win32_1.0.200.202406191623/tools/bin/../lib/gcc/arm-none-eabi/12.3.1/../../../../arm-none-eabi/lib/thumb/v7-m/nofp\libc_nano.a(libc_a-findfp.o)
 .text.__sfp_lock_acquire
                0x0800ba4c        0xc D:/software/STM32CubeIDE_1.16.1/STM32CubeIDE/plugins/com.st.stm32cube.ide.mcu.externaltools.gnu-tools-for-stm32.12.3.rel1.win32_1.0.200.202406191623/tools/bin/../lib/gcc/arm-none-eabi/12.3.1/../../../../arm-none-eabi/lib/thumb/v7-m/nofp\libc_nano.a(libc_a-findfp.o)
                0x0800ba4c                __sfp_lock_acquire
 .text.__sfp_lock_release
                0x0800ba58        0xc D:/software/STM32CubeIDE_1.16.1/STM32CubeIDE/plugins/com.st.stm32cube.ide.mcu.externaltools.gnu-tools-for-stm32.12.3.rel1.win32_1.0.200.202406191623/tools/bin/../lib/gcc/arm-none-eabi/12.3.1/../../../../arm-none-eabi/lib/thumb/v7-m/nofp\libc_nano.a(libc_a-findfp.o)
                0x0800ba58                __sfp_lock_release
 .text.__sinit  0x0800ba64       0x30 D:/software/STM32CubeIDE_1.16.1/STM32CubeIDE/plugins/com.st.stm32cube.ide.mcu.externaltools.gnu-tools-for-stm32.12.3.rel1.win32_1.0.200.202406191623/tools/bin/../lib/gcc/arm-none-eabi/12.3.1/../../../../arm-none-eabi/lib/thumb/v7-m/nofp\libc_nano.a(libc_a-findfp.o)
                0x0800ba64                __sinit
 .text._fwalk_sglue
                0x0800ba94       0x3c D:/software/STM32CubeIDE_1.16.1/STM32CubeIDE/plugins/com.st.stm32cube.ide.mcu.externaltools.gnu-tools-for-stm32.12.3.rel1.win32_1.0.200.202406191623/tools/bin/../lib/gcc/arm-none-eabi/12.3.1/../../../../arm-none-eabi/lib/thumb/v7-m/nofp\libc_nano.a(libc_a-fwalk.o)
                0x0800ba94                _fwalk_sglue
 .text.printf   0x0800bad0       0x24 D:/software/STM32CubeIDE_1.16.1/STM32CubeIDE/plugins/com.st.stm32cube.ide.mcu.externaltools.gnu-tools-for-stm32.12.3.rel1.win32_1.0.200.202406191623/tools/bin/../lib/gcc/arm-none-eabi/12.3.1/../../../../arm-none-eabi/lib/thumb/v7-m/nofp\libc_nano.a(libc_a-printf.o)
                0x0800bad0                iprintf
                0x0800bad0                printf
 .text._puts_r  0x0800baf4       0xaa D:/software/STM32CubeIDE_1.16.1/STM32CubeIDE/plugins/com.st.stm32cube.ide.mcu.externaltools.gnu-tools-for-stm32.12.3.rel1.win32_1.0.200.202406191623/tools/bin/../lib/gcc/arm-none-eabi/12.3.1/../../../../arm-none-eabi/lib/thumb/v7-m/nofp\libc_nano.a(libc_a-puts.o)
                0x0800baf4                _puts_r
 *fill*         0x0800bb9e        0x2 
 .text.puts     0x0800bba0       0x10 D:/software/STM32CubeIDE_1.16.1/STM32CubeIDE/plugins/com.st.stm32cube.ide.mcu.externaltools.gnu-tools-for-stm32.12.3.rel1.win32_1.0.200.202406191623/tools/bin/../lib/gcc/arm-none-eabi/12.3.1/../../../../arm-none-eabi/lib/thumb/v7-m/nofp\libc_nano.a(libc_a-puts.o)
                0x0800bba0                puts
 .text.__sread  0x0800bbb0       0x22 D:/software/STM32CubeIDE_1.16.1/STM32CubeIDE/plugins/com.st.stm32cube.ide.mcu.externaltools.gnu-tools-for-stm32.12.3.rel1.win32_1.0.200.202406191623/tools/bin/../lib/gcc/arm-none-eabi/12.3.1/../../../../arm-none-eabi/lib/thumb/v7-m/nofp\libc_nano.a(libc_a-stdio.o)
                0x0800bbb0                __sread
 .text.__swrite
                0x0800bbd2       0x38 D:/software/STM32CubeIDE_1.16.1/STM32CubeIDE/plugins/com.st.stm32cube.ide.mcu.externaltools.gnu-tools-for-stm32.12.3.rel1.win32_1.0.200.202406191623/tools/bin/../lib/gcc/arm-none-eabi/12.3.1/../../../../arm-none-eabi/lib/thumb/v7-m/nofp\libc_nano.a(libc_a-stdio.o)
                0x0800bbd2                __swrite
 .text.__sseek  0x0800bc0a       0x24 D:/software/STM32CubeIDE_1.16.1/STM32CubeIDE/plugins/com.st.stm32cube.ide.mcu.externaltools.gnu-tools-for-stm32.12.3.rel1.win32_1.0.200.202406191623/tools/bin/../lib/gcc/arm-none-eabi/12.3.1/../../../../arm-none-eabi/lib/thumb/v7-m/nofp\libc_nano.a(libc_a-stdio.o)
                0x0800bc0a                __sseek
 .text.__sclose
                0x0800bc2e        0x8 D:/software/STM32CubeIDE_1.16.1/STM32CubeIDE/plugins/com.st.stm32cube.ide.mcu.externaltools.gnu-tools-for-stm32.12.3.rel1.win32_1.0.200.202406191623/tools/bin/../lib/gcc/arm-none-eabi/12.3.1/../../../../arm-none-eabi/lib/thumb/v7-m/nofp\libc_nano.a(libc_a-stdio.o)
                0x0800bc2e                __sclose
 .text.__swbuf_r
                0x0800bc36       0x7c D:/software/STM32CubeIDE_1.16.1/STM32CubeIDE/plugins/com.st.stm32cube.ide.mcu.externaltools.gnu-tools-for-stm32.12.3.rel1.win32_1.0.200.202406191623/tools/bin/../lib/gcc/arm-none-eabi/12.3.1/../../../../arm-none-eabi/lib/thumb/v7-m/nofp\libc_nano.a(libc_a-wbuf.o)
                0x0800bc36                __swbuf_r
 *fill*         0x0800bcb2        0x2 
 .text.__swsetup_r
                0x0800bcb4       0xac D:/software/STM32CubeIDE_1.16.1/STM32CubeIDE/plugins/com.st.stm32cube.ide.mcu.externaltools.gnu-tools-for-stm32.12.3.rel1.win32_1.0.200.202406191623/tools/bin/../lib/gcc/arm-none-eabi/12.3.1/../../../../arm-none-eabi/lib/thumb/v7-m/nofp\libc_nano.a(libc_a-wsetup.o)
                0x0800bcb4                __swsetup_r
 .text.memset   0x0800bd60       0x10 D:/software/STM32CubeIDE_1.16.1/STM32CubeIDE/plugins/com.st.stm32cube.ide.mcu.externaltools.gnu-tools-for-stm32.12.3.rel1.win32_1.0.200.202406191623/tools/bin/../lib/gcc/arm-none-eabi/12.3.1/../../../../arm-none-eabi/lib/thumb/v7-m/nofp\libc_nano.a(libc_a-memset.o)
                0x0800bd60                memset
 .text._close_r
                0x0800bd70       0x20 D:/software/STM32CubeIDE_1.16.1/STM32CubeIDE/plugins/com.st.stm32cube.ide.mcu.externaltools.gnu-tools-for-stm32.12.3.rel1.win32_1.0.200.202406191623/tools/bin/../lib/gcc/arm-none-eabi/12.3.1/../../../../arm-none-eabi/lib/thumb/v7-m/nofp\libc_nano.a(libc_a-closer.o)
                0x0800bd70                _close_r
 .text._reclaim_reent
                0x0800bd90       0xac D:/software/STM32CubeIDE_1.16.1/STM32CubeIDE/plugins/com.st.stm32cube.ide.mcu.externaltools.gnu-tools-for-stm32.12.3.rel1.win32_1.0.200.202406191623/tools/bin/../lib/gcc/arm-none-eabi/12.3.1/../../../../arm-none-eabi/lib/thumb/v7-m/nofp\libc_nano.a(libc_a-reent.o)
                0x0800bd90                _reclaim_reent
 .text._lseek_r
                0x0800be3c       0x24 D:/software/STM32CubeIDE_1.16.1/STM32CubeIDE/plugins/com.st.stm32cube.ide.mcu.externaltools.gnu-tools-for-stm32.12.3.rel1.win32_1.0.200.202406191623/tools/bin/../lib/gcc/arm-none-eabi/12.3.1/../../../../arm-none-eabi/lib/thumb/v7-m/nofp\libc_nano.a(libc_a-lseekr.o)
                0x0800be3c                _lseek_r
 .text._read_r  0x0800be60       0x24 D:/software/STM32CubeIDE_1.16.1/STM32CubeIDE/plugins/com.st.stm32cube.ide.mcu.externaltools.gnu-tools-for-stm32.12.3.rel1.win32_1.0.200.202406191623/tools/bin/../lib/gcc/arm-none-eabi/12.3.1/../../../../arm-none-eabi/lib/thumb/v7-m/nofp\libc_nano.a(libc_a-readr.o)
                0x0800be60                _read_r
 .text._write_r
                0x0800be84       0x24 D:/software/STM32CubeIDE_1.16.1/STM32CubeIDE/plugins/com.st.stm32cube.ide.mcu.externaltools.gnu-tools-for-stm32.12.3.rel1.win32_1.0.200.202406191623/tools/bin/../lib/gcc/arm-none-eabi/12.3.1/../../../../arm-none-eabi/lib/thumb/v7-m/nofp\libc_nano.a(libc_a-writer.o)
                0x0800be84                _write_r
 .text.__errno  0x0800bea8        0xc D:/software/STM32CubeIDE_1.16.1/STM32CubeIDE/plugins/com.st.stm32cube.ide.mcu.externaltools.gnu-tools-for-stm32.12.3.rel1.win32_1.0.200.202406191623/tools/bin/../lib/gcc/arm-none-eabi/12.3.1/../../../../arm-none-eabi/lib/thumb/v7-m/nofp\libc_nano.a(libc_a-errno.o)
                0x0800bea8                __errno
 .text.__libc_init_array
                0x0800beb4       0x48 D:/software/STM32CubeIDE_1.16.1/STM32CubeIDE/plugins/com.st.stm32cube.ide.mcu.externaltools.gnu-tools-for-stm32.12.3.rel1.win32_1.0.200.202406191623/tools/bin/../lib/gcc/arm-none-eabi/12.3.1/../../../../arm-none-eabi/lib/thumb/v7-m/nofp\libc_nano.a(libc_a-init.o)
                0x0800beb4                __libc_init_array
 .text.__retarget_lock_init_recursive
                0x0800befc        0x2 D:/software/STM32CubeIDE_1.16.1/STM32CubeIDE/plugins/com.st.stm32cube.ide.mcu.externaltools.gnu-tools-for-stm32.12.3.rel1.win32_1.0.200.202406191623/tools/bin/../lib/gcc/arm-none-eabi/12.3.1/../../../../arm-none-eabi/lib/thumb/v7-m/nofp\libc_nano.a(libc_a-lock.o)
                0x0800befc                __retarget_lock_init_recursive
 .text.__retarget_lock_acquire_recursive
                0x0800befe        0x2 D:/software/STM32CubeIDE_1.16.1/STM32CubeIDE/plugins/com.st.stm32cube.ide.mcu.externaltools.gnu-tools-for-stm32.12.3.rel1.win32_1.0.200.202406191623/tools/bin/../lib/gcc/arm-none-eabi/12.3.1/../../../../arm-none-eabi/lib/thumb/v7-m/nofp\libc_nano.a(libc_a-lock.o)
                0x0800befe                __retarget_lock_acquire_recursive
 .text.__retarget_lock_release_recursive
                0x0800bf00        0x2 D:/software/STM32CubeIDE_1.16.1/STM32CubeIDE/plugins/com.st.stm32cube.ide.mcu.externaltools.gnu-tools-for-stm32.12.3.rel1.win32_1.0.200.202406191623/tools/bin/../lib/gcc/arm-none-eabi/12.3.1/../../../../arm-none-eabi/lib/thumb/v7-m/nofp\libc_nano.a(libc_a-lock.o)
                0x0800bf00                __retarget_lock_release_recursive
 .text.memcpy   0x0800bf02       0x1c D:/software/STM32CubeIDE_1.16.1/STM32CubeIDE/plugins/com.st.stm32cube.ide.mcu.externaltools.gnu-tools-for-stm32.12.3.rel1.win32_1.0.200.202406191623/tools/bin/../lib/gcc/arm-none-eabi/12.3.1/../../../../arm-none-eabi/lib/thumb/v7-m/nofp\libc_nano.a(libc_a-memcpy-stub.o)
                0x0800bf02                memcpy
 *fill*         0x0800bf1e        0x2 
 .text._free_r  0x0800bf20       0x90 D:/software/STM32CubeIDE_1.16.1/STM32CubeIDE/plugins/com.st.stm32cube.ide.mcu.externaltools.gnu-tools-for-stm32.12.3.rel1.win32_1.0.200.202406191623/tools/bin/../lib/gcc/arm-none-eabi/12.3.1/../../../../arm-none-eabi/lib/thumb/v7-m/nofp\libc_nano.a(libc_a-freer.o)
                0x0800bf20                _free_r
 .text.sbrk_aligned
                0x0800bfb0       0x44 D:/software/STM32CubeIDE_1.16.1/STM32CubeIDE/plugins/com.st.stm32cube.ide.mcu.externaltools.gnu-tools-for-stm32.12.3.rel1.win32_1.0.200.202406191623/tools/bin/../lib/gcc/arm-none-eabi/12.3.1/../../../../arm-none-eabi/lib/thumb/v7-m/nofp\libc_nano.a(libc_a-mallocr.o)
 .text._malloc_r
                0x0800bff4      0x100 D:/software/STM32CubeIDE_1.16.1/STM32CubeIDE/plugins/com.st.stm32cube.ide.mcu.externaltools.gnu-tools-for-stm32.12.3.rel1.win32_1.0.200.202406191623/tools/bin/../lib/gcc/arm-none-eabi/12.3.1/../../../../arm-none-eabi/lib/thumb/v7-m/nofp\libc_nano.a(libc_a-mallocr.o)
                0x0800bff4                _malloc_r
 .text.__malloc_lock
                0x0800c0f4        0xc D:/software/STM32CubeIDE_1.16.1/STM32CubeIDE/plugins/com.st.stm32cube.ide.mcu.externaltools.gnu-tools-for-stm32.12.3.rel1.win32_1.0.200.202406191623/tools/bin/../lib/gcc/arm-none-eabi/12.3.1/../../../../arm-none-eabi/lib/thumb/v7-m/nofp\libc_nano.a(libc_a-mlock.o)
                0x0800c0f4                __malloc_lock
 .text.__malloc_unlock
                0x0800c100        0xc D:/software/STM32CubeIDE_1.16.1/STM32CubeIDE/plugins/com.st.stm32cube.ide.mcu.externaltools.gnu-tools-for-stm32.12.3.rel1.win32_1.0.200.202406191623/tools/bin/../lib/gcc/arm-none-eabi/12.3.1/../../../../arm-none-eabi/lib/thumb/v7-m/nofp\libc_nano.a(libc_a-mlock.o)
                0x0800c100                __malloc_unlock
 .text.__sfputc_r
                0x0800c10c       0x2a D:/software/STM32CubeIDE_1.16.1/STM32CubeIDE/plugins/com.st.stm32cube.ide.mcu.externaltools.gnu-tools-for-stm32.12.3.rel1.win32_1.0.200.202406191623/tools/bin/../lib/gcc/arm-none-eabi/12.3.1/../../../../arm-none-eabi/lib/thumb/v7-m/nofp\libc_nano.a(libc_a-nano-vfprintf.o)
 .text.__sfputs_r
                0x0800c136       0x24 D:/software/STM32CubeIDE_1.16.1/STM32CubeIDE/plugins/com.st.stm32cube.ide.mcu.externaltools.gnu-tools-for-stm32.12.3.rel1.win32_1.0.200.202406191623/tools/bin/../lib/gcc/arm-none-eabi/12.3.1/../../../../arm-none-eabi/lib/thumb/v7-m/nofp\libc_nano.a(libc_a-nano-vfprintf.o)
                0x0800c136                __sfputs_r
 *fill*         0x0800c15a        0x2 
 .text._vfprintf_r
                0x0800c15c      0x230 D:/software/STM32CubeIDE_1.16.1/STM32CubeIDE/plugins/com.st.stm32cube.ide.mcu.externaltools.gnu-tools-for-stm32.12.3.rel1.win32_1.0.200.202406191623/tools/bin/../lib/gcc/arm-none-eabi/12.3.1/../../../../arm-none-eabi/lib/thumb/v7-m/nofp\libc_nano.a(libc_a-nano-vfprintf.o)
                0x0800c15c                _vfprintf_r
                0x0800c15c                _vfiprintf_r
 .text._printf_common
                0x0800c38c       0xe4 D:/software/STM32CubeIDE_1.16.1/STM32CubeIDE/plugins/com.st.stm32cube.ide.mcu.externaltools.gnu-tools-for-stm32.12.3.rel1.win32_1.0.200.202406191623/tools/bin/../lib/gcc/arm-none-eabi/12.3.1/../../../../arm-none-eabi/lib/thumb/v7-m/nofp\libc_nano.a(libc_a-nano-vfprintf_i.o)
                0x0800c38c                _printf_common
 .text._printf_i
                0x0800c470      0x240 D:/software/STM32CubeIDE_1.16.1/STM32CubeIDE/plugins/com.st.stm32cube.ide.mcu.externaltools.gnu-tools-for-stm32.12.3.rel1.win32_1.0.200.202406191623/tools/bin/../lib/gcc/arm-none-eabi/12.3.1/../../../../arm-none-eabi/lib/thumb/v7-m/nofp\libc_nano.a(libc_a-nano-vfprintf_i.o)
                0x0800c470                _printf_i
 .text.__sflush_r
                0x0800c6b0      0x100 D:/software/STM32CubeIDE_1.16.1/STM32CubeIDE/plugins/com.st.stm32cube.ide.mcu.externaltools.gnu-tools-for-stm32.12.3.rel1.win32_1.0.200.202406191623/tools/bin/../lib/gcc/arm-none-eabi/12.3.1/../../../../arm-none-eabi/lib/thumb/v7-m/nofp\libc_nano.a(libc_a-fflush.o)
                0x0800c6b0                __sflush_r
 .text._fflush_r
                0x0800c7b0       0x50 D:/software/STM32CubeIDE_1.16.1/STM32CubeIDE/plugins/com.st.stm32cube.ide.mcu.externaltools.gnu-tools-for-stm32.12.3.rel1.win32_1.0.200.202406191623/tools/bin/../lib/gcc/arm-none-eabi/12.3.1/../../../../arm-none-eabi/lib/thumb/v7-m/nofp\libc_nano.a(libc_a-fflush.o)
                0x0800c7b0                _fflush_r
 .text.__swhatbuf_r
                0x0800c800       0x4a D:/software/STM32CubeIDE_1.16.1/STM32CubeIDE/plugins/com.st.stm32cube.ide.mcu.externaltools.gnu-tools-for-stm32.12.3.rel1.win32_1.0.200.202406191623/tools/bin/../lib/gcc/arm-none-eabi/12.3.1/../../../../arm-none-eabi/lib/thumb/v7-m/nofp\libc_nano.a(libc_a-makebuf.o)
                0x0800c800                __swhatbuf_r
 .text.__smakebuf_r
                0x0800c84a       0x78 D:/software/STM32CubeIDE_1.16.1/STM32CubeIDE/plugins/com.st.stm32cube.ide.mcu.externaltools.gnu-tools-for-stm32.12.3.rel1.win32_1.0.200.202406191623/tools/bin/../lib/gcc/arm-none-eabi/12.3.1/../../../../arm-none-eabi/lib/thumb/v7-m/nofp\libc_nano.a(libc_a-makebuf.o)
                0x0800c84a                __smakebuf_r
 *fill*         0x0800c8c2        0x2 
 .text._fstat_r
                0x0800c8c4       0x24 D:/software/STM32CubeIDE_1.16.1/STM32CubeIDE/plugins/com.st.stm32cube.ide.mcu.externaltools.gnu-tools-for-stm32.12.3.rel1.win32_1.0.200.202406191623/tools/bin/../lib/gcc/arm-none-eabi/12.3.1/../../../../arm-none-eabi/lib/thumb/v7-m/nofp\libc_nano.a(libc_a-fstatr.o)
                0x0800c8c4                _fstat_r
 .text._isatty_r
                0x0800c8e8       0x20 D:/software/STM32CubeIDE_1.16.1/STM32CubeIDE/plugins/com.st.stm32cube.ide.mcu.externaltools.gnu-tools-for-stm32.12.3.rel1.win32_1.0.200.202406191623/tools/bin/../lib/gcc/arm-none-eabi/12.3.1/../../../../arm-none-eabi/lib/thumb/v7-m/nofp\libc_nano.a(libc_a-isattyr.o)
                0x0800c8e8                _isatty_r
 .text._sbrk_r  0x0800c908       0x20 D:/software/STM32CubeIDE_1.16.1/STM32CubeIDE/plugins/com.st.stm32cube.ide.mcu.externaltools.gnu-tools-for-stm32.12.3.rel1.win32_1.0.200.202406191623/tools/bin/../lib/gcc/arm-none-eabi/12.3.1/../../../../arm-none-eabi/lib/thumb/v7-m/nofp\libc_nano.a(libc_a-sbrkr.o)
                0x0800c908                _sbrk_r
 .text.memchr   0x0800c928       0x1c D:/software/STM32CubeIDE_1.16.1/STM32CubeIDE/plugins/com.st.stm32cube.ide.mcu.externaltools.gnu-tools-for-stm32.12.3.rel1.win32_1.0.200.202406191623/tools/bin/../lib/gcc/arm-none-eabi/12.3.1/../../../../arm-none-eabi/lib/thumb/v7-m/nofp\libc_nano.a(libc_a-memchr-stub.o)
                0x0800c928                memchr
 .text.sinf     0x0800c944       0x74 D:/software/STM32CubeIDE_1.16.1/STM32CubeIDE/plugins/com.st.stm32cube.ide.mcu.externaltools.gnu-tools-for-stm32.12.3.rel1.win32_1.0.200.202406191623/tools/bin/../lib/gcc/arm-none-eabi/12.3.1/../../../../arm-none-eabi/lib/thumb/v7-m/nofp\libm.a(libm_a-sf_sin.o)
                0x0800c944                sinf
 .text.__kernel_cosf
                0x0800c9b8      0x100 D:/software/STM32CubeIDE_1.16.1/STM32CubeIDE/plugins/com.st.stm32cube.ide.mcu.externaltools.gnu-tools-for-stm32.12.3.rel1.win32_1.0.200.202406191623/tools/bin/../lib/gcc/arm-none-eabi/12.3.1/../../../../arm-none-eabi/lib/thumb/v7-m/nofp\libm.a(libm_a-kf_cos.o)
                0x0800c9b8                __kernel_cosf
 .text.__kernel_sinf
                0x0800cab8       0xec D:/software/STM32CubeIDE_1.16.1/STM32CubeIDE/plugins/com.st.stm32cube.ide.mcu.externaltools.gnu-tools-for-stm32.12.3.rel1.win32_1.0.200.202406191623/tools/bin/../lib/gcc/arm-none-eabi/12.3.1/../../../../arm-none-eabi/lib/thumb/v7-m/nofp\libm.a(libm_a-kf_sin.o)
                0x0800cab8                __kernel_sinf
 .text.__ieee754_rem_pio2f
                0x0800cba4      0x2cc D:/software/STM32CubeIDE_1.16.1/STM32CubeIDE/plugins/com.st.stm32cube.ide.mcu.externaltools.gnu-tools-for-stm32.12.3.rel1.win32_1.0.200.202406191623/tools/bin/../lib/gcc/arm-none-eabi/12.3.1/../../../../arm-none-eabi/lib/thumb/v7-m/nofp\libm.a(libm_a-ef_rem_pio2.o)
                0x0800cba4                __ieee754_rem_pio2f
 .text.fabsf    0x0800ce70        0x6 D:/software/STM32CubeIDE_1.16.1/STM32CubeIDE/plugins/com.st.stm32cube.ide.mcu.externaltools.gnu-tools-for-stm32.12.3.rel1.win32_1.0.200.202406191623/tools/bin/../lib/gcc/arm-none-eabi/12.3.1/../../../../arm-none-eabi/lib/thumb/v7-m/nofp\libm.a(libm_a-sf_fabs.o)
                0x0800ce70                fabsf
 *fill*         0x0800ce76        0x2 
 .text.__kernel_rem_pio2f
                0x0800ce78      0x540 D:/software/STM32CubeIDE_1.16.1/STM32CubeIDE/plugins/com.st.stm32cube.ide.mcu.externaltools.gnu-tools-for-stm32.12.3.rel1.win32_1.0.200.202406191623/tools/bin/../lib/gcc/arm-none-eabi/12.3.1/../../../../arm-none-eabi/lib/thumb/v7-m/nofp\libm.a(libm_a-kf_rem_pio2.o)
                0x0800ce78                __kernel_rem_pio2f
 .text.scalbnf  0x0800d3b8       0x98 D:/software/STM32CubeIDE_1.16.1/STM32CubeIDE/plugins/com.st.stm32cube.ide.mcu.externaltools.gnu-tools-for-stm32.12.3.rel1.win32_1.0.200.202406191623/tools/bin/../lib/gcc/arm-none-eabi/12.3.1/../../../../arm-none-eabi/lib/thumb/v7-m/nofp\libm.a(libm_a-sf_scalbn.o)
                0x0800d3b8                scalbnf
 .text.floorf   0x0800d450       0x84 D:/software/STM32CubeIDE_1.16.1/STM32CubeIDE/plugins/com.st.stm32cube.ide.mcu.externaltools.gnu-tools-for-stm32.12.3.rel1.win32_1.0.200.202406191623/tools/bin/../lib/gcc/arm-none-eabi/12.3.1/../../../../arm-none-eabi/lib/thumb/v7-m/nofp\libm.a(libm_a-sf_floor.o)
                0x0800d450                floorf
 *(.glue_7)
 .glue_7        0x0800d4d4        0x0 linker stubs
 *(.glue_7t)
 .glue_7t       0x0800d4d4        0x0 linker stubs
 *(.eh_frame)
 .eh_frame      0x0800d4d4        0x0 D:/software/STM32CubeIDE_1.16.1/STM32CubeIDE/plugins/com.st.stm32cube.ide.mcu.externaltools.gnu-tools-for-stm32.12.3.rel1.win32_1.0.200.202406191623/tools/bin/../lib/gcc/arm-none-eabi/12.3.1/thumb/v7-m/nofp/crtbegin.o
 *(.init)
 .init          0x0800d4d4        0x4 D:/software/STM32CubeIDE_1.16.1/STM32CubeIDE/plugins/com.st.stm32cube.ide.mcu.externaltools.gnu-tools-for-stm32.12.3.rel1.win32_1.0.200.202406191623/tools/bin/../lib/gcc/arm-none-eabi/12.3.1/thumb/v7-m/nofp/crti.o
                0x0800d4d4                _init
 .init          0x0800d4d8        0x8 D:/software/STM32CubeIDE_1.16.1/STM32CubeIDE/plugins/com.st.stm32cube.ide.mcu.externaltools.gnu-tools-for-stm32.12.3.rel1.win32_1.0.200.202406191623/tools/bin/../lib/gcc/arm-none-eabi/12.3.1/thumb/v7-m/nofp/crtn.o
 *(.fini)
 .fini          0x0800d4e0        0x4 D:/software/STM32CubeIDE_1.16.1/STM32CubeIDE/plugins/com.st.stm32cube.ide.mcu.externaltools.gnu-tools-for-stm32.12.3.rel1.win32_1.0.200.202406191623/tools/bin/../lib/gcc/arm-none-eabi/12.3.1/thumb/v7-m/nofp/crti.o
                0x0800d4e0                _fini
 .fini          0x0800d4e4        0x8 D:/software/STM32CubeIDE_1.16.1/STM32CubeIDE/plugins/com.st.stm32cube.ide.mcu.externaltools.gnu-tools-for-stm32.12.3.rel1.win32_1.0.200.202406191623/tools/bin/../lib/gcc/arm-none-eabi/12.3.1/thumb/v7-m/nofp/crtn.o
                0x0800d4ec                        . = ALIGN (0x4)
                0x0800d4ec                        _etext = .

.vfp11_veneer   0x0800d4ec        0x0
 .vfp11_veneer  0x0800d4ec        0x0 linker stubs

.v4_bx          0x0800d4ec        0x0
 .v4_bx         0x0800d4ec        0x0 linker stubs

.iplt           0x0800d4ec        0x0
 .iplt          0x0800d4ec        0x0 D:/software/STM32CubeIDE_1.16.1/STM32CubeIDE/plugins/com.st.stm32cube.ide.mcu.externaltools.gnu-tools-for-stm32.12.3.rel1.win32_1.0.200.202406191623/tools/bin/../lib/gcc/arm-none-eabi/12.3.1/thumb/v7-m/nofp/crtbegin.o

.rodata         0x0800d4ec      0x6e4
                0x0800d4ec                        . = ALIGN (0x4)
 *(.rodata)
 .rodata        0x0800d4ec       0x32 ./Core/Src/main.o
 *fill*         0x0800d51e        0x2 
 .rodata        0x0800d520       0x10 ./Drivers/STM32F1xx_HAL_Driver/Src/stm32f1xx_hal_rcc.o
 .rodata        0x0800d530        0x5 ./Middlewares/Third_Party/FreeRTOS/Source/tasks.o
 *fill*         0x0800d535        0x3 
 .rodata        0x0800d538        0xd ./Middlewares/Third_Party/FreeRTOS/Source/timers.o
 *fill*         0x0800d545        0x3 
 .rodata        0x0800d548       0x46 ./USB_DEVICE/App/usbd_desc.o
 *fill*         0x0800d58e        0x2 
 .rodata        0x0800d590       0x4f ./user/user_task.o
 *fill*         0x0800d5df        0x1 
 .rodata        0x0800d5e0       0xa9 ./user/user_usart.o
 *fill*         0x0800d689        0x3 
 .rodata        0x0800d68c       0x97 ./user/user_usb.o
 *(.rodata*)
 *fill*         0x0800d723        0x1 
 .rodata.defaultTask_attributes
                0x0800d724       0x24 ./Core/Src/main.o
                0x0800d724                defaultTask_attributes
 .rodata.myLEDTask_attributes
                0x0800d748       0x24 ./Core/Src/main.o
                0x0800d748                myLEDTask_attributes
 .rodata.myUsart2Task_attributes
                0x0800d76c       0x24 ./Core/Src/main.o
                0x0800d76c                myUsart2Task_attributes
 .rodata.myUSBTask_attributes
                0x0800d790       0x24 ./Core/Src/main.o
                0x0800d790                myUSBTask_attributes
 .rodata.AHBPrescTable
                0x0800d7b4       0x10 ./Core/Src/system_stm32f1xx.o
                0x0800d7b4                AHBPrescTable
 .rodata.APBPrescTable
                0x0800d7c4        0x8 ./Core/Src/system_stm32f1xx.o
                0x0800d7c4                APBPrescTable
 .rodata._vfprintf_r.str1.1
                0x0800d7cc       0x11 D:/software/STM32CubeIDE_1.16.1/STM32CubeIDE/plugins/com.st.stm32cube.ide.mcu.externaltools.gnu-tools-for-stm32.12.3.rel1.win32_1.0.200.202406191623/tools/bin/../lib/gcc/arm-none-eabi/12.3.1/../../../../arm-none-eabi/lib/thumb/v7-m/nofp\libc_nano.a(libc_a-nano-vfprintf.o)
 .rodata._printf_i.str1.1
                0x0800d7dd       0x22 D:/software/STM32CubeIDE_1.16.1/STM32CubeIDE/plugins/com.st.stm32cube.ide.mcu.externaltools.gnu-tools-for-stm32.12.3.rel1.win32_1.0.200.202406191623/tools/bin/../lib/gcc/arm-none-eabi/12.3.1/../../../../arm-none-eabi/lib/thumb/v7-m/nofp\libc_nano.a(libc_a-nano-vfprintf_i.o)
 *fill*         0x0800d7ff        0x1 
 .rodata.npio2_hw
                0x0800d800       0x80 D:/software/STM32CubeIDE_1.16.1/STM32CubeIDE/plugins/com.st.stm32cube.ide.mcu.externaltools.gnu-tools-for-stm32.12.3.rel1.win32_1.0.200.202406191623/tools/bin/../lib/gcc/arm-none-eabi/12.3.1/../../../../arm-none-eabi/lib/thumb/v7-m/nofp\libm.a(libm_a-ef_rem_pio2.o)
 .rodata.two_over_pi
                0x0800d880      0x318 D:/software/STM32CubeIDE_1.16.1/STM32CubeIDE/plugins/com.st.stm32cube.ide.mcu.externaltools.gnu-tools-for-stm32.12.3.rel1.win32_1.0.200.202406191623/tools/bin/../lib/gcc/arm-none-eabi/12.3.1/../../../../arm-none-eabi/lib/thumb/v7-m/nofp\libm.a(libm_a-ef_rem_pio2.o)
 .rodata.PIo2   0x0800db98       0x2c D:/software/STM32CubeIDE_1.16.1/STM32CubeIDE/plugins/com.st.stm32cube.ide.mcu.externaltools.gnu-tools-for-stm32.12.3.rel1.win32_1.0.200.202406191623/tools/bin/../lib/gcc/arm-none-eabi/12.3.1/../../../../arm-none-eabi/lib/thumb/v7-m/nofp\libm.a(libm_a-kf_rem_pio2.o)
 .rodata.init_jk
                0x0800dbc4        0xc D:/software/STM32CubeIDE_1.16.1/STM32CubeIDE/plugins/com.st.stm32cube.ide.mcu.externaltools.gnu-tools-for-stm32.12.3.rel1.win32_1.0.200.202406191623/tools/bin/../lib/gcc/arm-none-eabi/12.3.1/../../../../arm-none-eabi/lib/thumb/v7-m/nofp\libm.a(libm_a-kf_rem_pio2.o)
                0x0800dbd0                        . = ALIGN (0x4)

.ARM.extab      0x0800dbd0        0x0
                0x0800dbd0                        . = ALIGN (0x4)
 *(.ARM.extab* .gnu.linkonce.armextab.*)
                0x0800dbd0                        . = ALIGN (0x4)

.ARM            0x0800dbd0        0x0
                0x0800dbd0                        . = ALIGN (0x4)
                0x0800dbd0                        __exidx_start = .
 *(.ARM.exidx*)
                0x0800dbd0                        __exidx_end = .
                0x0800dbd0                        . = ALIGN (0x4)

.preinit_array  0x0800dbd0        0x0
                0x0800dbd0                        . = ALIGN (0x4)
                0x0800dbd0                        PROVIDE (__preinit_array_start = .)
 *(.preinit_array*)
                0x0800dbd0                        PROVIDE (__preinit_array_end = .)
                0x0800dbd0                        . = ALIGN (0x4)

.init_array     0x0800dbd0        0x4
                0x0800dbd0                        . = ALIGN (0x4)
                0x0800dbd0                        PROVIDE (__init_array_start = .)
 *(SORT_BY_NAME(.init_array.*))
 *(.init_array*)
 .init_array    0x0800dbd0        0x4 D:/software/STM32CubeIDE_1.16.1/STM32CubeIDE/plugins/com.st.stm32cube.ide.mcu.externaltools.gnu-tools-for-stm32.12.3.rel1.win32_1.0.200.202406191623/tools/bin/../lib/gcc/arm-none-eabi/12.3.1/thumb/v7-m/nofp/crtbegin.o
                0x0800dbd4                        PROVIDE (__init_array_end = .)
                0x0800dbd4                        . = ALIGN (0x4)

.fini_array     0x0800dbd4        0x4
                0x0800dbd4                        . = ALIGN (0x4)
                [!provide]                        PROVIDE (__fini_array_start = .)
 *(SORT_BY_NAME(.fini_array.*))