Archive member included to satisfy reference by file (symbol)

D:/software/STM32CubeIDE_1.16.1/STM32CubeIDE/plugins/com.st.stm32cube.ide.mcu.externaltools.gnu-tools-for-stm32.12.3.rel1.win32_1.0.200.202406191623/tools/bin/../lib/gcc/arm-none-eabi/12.3.1/../../../../arm-none-eabi/lib/thumb/v7-m/nofp\libc_nano.a(libc_a-exit.o)
                              D:/software/STM32CubeIDE_1.16.1/STM32CubeIDE/plugins/com.st.stm32cube.ide.mcu.externaltools.gnu-tools-for-stm32.12.3.rel1.win32_1.0.200.202406191623/tools/bin/../lib/gcc/arm-none-eabi/12.3.1/../../../../arm-none-eabi/lib/thumb/v7-m/nofp/crt0.o (exit)
D:/software/STM32CubeIDE_1.16.1/STM32CubeIDE/plugins/com.st.stm32cube.ide.mcu.externaltools.gnu-tools-for-stm32.12.3.rel1.win32_1.0.200.202406191623/tools/bin/../lib/gcc/arm-none-eabi/12.3.1/../../../../arm-none-eabi/lib/thumb/v7-m/nofp\libc_nano.a(libc_a-rand.o)
                              ./user/user_usb.o (rand)
D:/software/STM32CubeIDE_1.16.1/STM32CubeIDE/plugins/com.st.stm32cube.ide.mcu.externaltools.gnu-tools-for-stm32.12.3.rel1.win32_1.0.200.202406191623/tools/bin/../lib/gcc/arm-none-eabi/12.3.1/../../../../arm-none-eabi/lib/thumb/v7-m/nofp\libc_nano.a(libc_a-findfp.o)
                              ./Middlewares/Third_Party/FreeRTOS/Source/tasks.o (__sf)
D:/software/STM32CubeIDE_1.16.1/STM32CubeIDE/plugins/com.st.stm32cube.ide.mcu.externaltools.gnu-tools-for-stm32.12.3.rel1.win32_1.0.200.202406191623/tools/bin/../lib/gcc/arm-none-eabi/12.3.1/../../../../arm-none-eabi/lib/thumb/v7-m/nofp\libc_nano.a(libc_a-fwalk.o)
                              D:/software/STM32CubeIDE_1.16.1/STM32CubeIDE/plugins/com.st.stm32cube.ide.mcu.externaltools.gnu-tools-for-stm32.12.3.rel1.win32_1.0.200.202406191623/tools/bin/../lib/gcc/arm-none-eabi/12.3.1/../../../../arm-none-eabi/lib/thumb/v7-m/nofp\libc_nano.a(libc_a-findfp.o) (_fwalk_sglue)
D:/software/STM32CubeIDE_1.16.1/STM32CubeIDE/plugins/com.st.stm32cube.ide.mcu.externaltools.gnu-tools-for-stm32.12.3.rel1.win32_1.0.200.202406191623/tools/bin/../lib/gcc/arm-none-eabi/12.3.1/../../../../arm-none-eabi/lib/thumb/v7-m/nofp\libc_nano.a(libc_a-printf.o)
                              ./user/user_debug.o (printf)
D:/software/STM32CubeIDE_1.16.1/STM32CubeIDE/plugins/com.st.stm32cube.ide.mcu.externaltools.gnu-tools-for-stm32.12.3.rel1.win32_1.0.200.202406191623/tools/bin/../lib/gcc/arm-none-eabi/12.3.1/../../../../arm-none-eabi/lib/thumb/v7-m/nofp\libc_nano.a(libc_a-puts.o)
                              ./user/user_gpio.o (puts)
D:/software/STM32CubeIDE_1.16.1/STM32CubeIDE/plugins/com.st.stm32cube.ide.mcu.externaltools.gnu-tools-for-stm32.12.3.rel1.win32_1.0.200.202406191623/tools/bin/../lib/gcc/arm-none-eabi/12.3.1/../../../../arm-none-eabi/lib/thumb/v7-m/nofp\libc_nano.a(libc_a-stdio.o)
                              D:/software/STM32CubeIDE_1.16.1/STM32CubeIDE/plugins/com.st.stm32cube.ide.mcu.externaltools.gnu-tools-for-stm32.12.3.rel1.win32_1.0.200.202406191623/tools/bin/../lib/gcc/arm-none-eabi/12.3.1/../../../../arm-none-eabi/lib/thumb/v7-m/nofp\libc_nano.a(libc_a-findfp.o) (__sread)
D:/software/STM32CubeIDE_1.16.1/STM32CubeIDE/plugins/com.st.stm32cube.ide.mcu.externaltools.gnu-tools-for-stm32.12.3.rel1.win32_1.0.200.202406191623/tools/bin/../lib/gcc/arm-none-eabi/12.3.1/../../../../arm-none-eabi/lib/thumb/v7-m/nofp\libc_nano.a(libc_a-wbuf.o)
                              D:/software/STM32CubeIDE_1.16.1/STM32CubeIDE/plugins/com.st.stm32cube.ide.mcu.externaltools.gnu-tools-for-stm32.12.3.rel1.win32_1.0.200.202406191623/tools/bin/../lib/gcc/arm-none-eabi/12.3.1/../../../../arm-none-eabi/lib/thumb/v7-m/nofp\libc_nano.a(libc_a-puts.o) (__swbuf_r)
D:/software/STM32CubeIDE_1.16.1/STM32CubeIDE/plugins/com.st.stm32cube.ide.mcu.externaltools.gnu-tools-for-stm32.12.3.rel1.win32_1.0.200.202406191623/tools/bin/../lib/gcc/arm-none-eabi/12.3.1/../../../../arm-none-eabi/lib/thumb/v7-m/nofp\libc_nano.a(libc_a-wsetup.o)
                              D:/software/STM32CubeIDE_1.16.1/STM32CubeIDE/plugins/com.st.stm32cube.ide.mcu.externaltools.gnu-tools-for-stm32.12.3.rel1.win32_1.0.200.202406191623/tools/bin/../lib/gcc/arm-none-eabi/12.3.1/../../../../arm-none-eabi/lib/thumb/v7-m/nofp\libc_nano.a(libc_a-puts.o) (__swsetup_r)
D:/software/STM32CubeIDE_1.16.1/STM32CubeIDE/plugins/com.st.stm32cube.ide.mcu.externaltools.gnu-tools-for-stm32.12.3.rel1.win32_1.0.200.202406191623/tools/bin/../lib/gcc/arm-none-eabi/12.3.1/../../../../arm-none-eabi/lib/thumb/v7-m/nofp\libc_nano.a(libc_a-memset.o)
                              D:/software/STM32CubeIDE_1.16.1/STM32CubeIDE/plugins/com.st.stm32cube.ide.mcu.externaltools.gnu-tools-for-stm32.12.3.rel1.win32_1.0.200.202406191623/tools/bin/../lib/gcc/arm-none-eabi/12.3.1/../../../../arm-none-eabi/lib/thumb/v7-m/nofp/crt0.o (memset)
[...]
Memory Configuration

Name             Origin             Length             Attributes
RAM              0x20000000         0x00010000         xrw
FLASH            0x08000000         0x00080000         xr
*default*        0x00000000         0xffffffff

Linker script and memory map

LOAD D:/software/STM32CubeIDE_1.16.1/STM32CubeIDE/plugins/com.st.stm32cube.ide.mcu.externaltools.gnu-tools-for-stm32.12.3.rel1.win32_1.0.200.202406191623/tools/bin/../lib/gcc/arm-none-eabi/12.3.1/thumb/v7-m/nofp/crti.o
LOAD D:/software/STM32CubeIDE_1.16.1/STM32CubeIDE/plugins/com.st.stm32cube.ide.mcu.externaltools.gnu-tools-for-stm32.12.3.rel1.win32_1.0.200.202406191623/tools/bin/../lib/gcc/arm-none-eabi/12.3.1/thumb/v7-m/nofp/crtbegin.o
LOAD D:/software/STM32CubeIDE_1.16.1/STM32CubeIDE/plugins/com.st.stm32cube.ide.mcu.externaltools.gnu-tools-for-stm32.12.3.rel1.win32_1.0.200.202406191623/tools/bin/../lib/gcc/arm-none-eabi/12.3.1/../../../../arm-none-eabi/lib/thumb/v7-m/nofp/crt0.o
LOAD ./Core/Src/freertos.o
LOAD ./Core/Src/main.o
LOAD ./Core/Src/stm32f1xx_hal_msp.o
LOAD ./Core/Src/stm32f1xx_hal_timebase_tim.o
LOAD ./Core/Src/stm32f1xx_it.o
LOAD ./Core/Src/syscalls.o
LOAD ./Core/Src/sysmem.o
LOAD ./Core/Src/system_stm32f1xx.o
LOAD ./Core/Startup/startup_stm32f103zetx.o
LOAD ./Drivers/STM32F1xx_HAL_Driver/Src/stm32f1xx_hal.o
LOAD ./Drivers/STM32F1xx_HAL_Driver/Src/stm32f1xx_hal_cortex.o
LOAD ./Drivers/STM32F1xx_HAL_Driver/Src/stm32f1xx_hal_dma.o
LOAD ./Drivers/STM32F1xx_HAL_Driver/Src/stm32f1xx_hal_exti.o
LOAD ./Drivers/STM32F1xx_HAL_Driver/Src/stm32f1xx_hal_flash.o
LOAD ./Drivers/STM32F1xx_HAL_Driver/Src/stm32f1xx_hal_flash_ex.o
LOAD ./Drivers/STM32F1xx_HAL_Driver/Src/stm32f1xx_hal_gpio.o
LOAD ./Drivers/STM32F1xx_HAL_Driver/Src/stm32f1xx_hal_gpio_ex.o
LOAD ./Drivers/STM32F1xx_HAL_Driver/Src/stm32f1xx_hal_pcd.o
LOAD ./Drivers/STM32F1xx_HAL_Driver/Src/stm32f1xx_hal_pcd_ex.o
LOAD ./Drivers/STM32F1xx_HAL_Driver/Src/stm32f1xx_hal_pwr.o
LOAD ./Drivers/STM32F1xx_HAL_Driver/Src/stm32f1xx_hal_rcc.o
LOAD ./Drivers/STM32F1xx_HAL_Driver/Src/stm32f1xx_hal_rcc_ex.o
LOAD ./Drivers/STM32F1xx_HAL_Driver/Src/stm32f1xx_hal_tim.o
LOAD ./Drivers/STM32F1xx_HAL_Driver/Src/stm32f1xx_hal_tim_ex.o
LOAD ./Drivers/STM32F1xx_HAL_Driver/Src/stm32f1xx_hal_uart.o
LOAD ./Drivers/STM32F1xx_HAL_Driver/Src/stm32f1xx_ll_usb.o
LOAD ./Middlewares/ST/STM32_USB_Device_Library/Class/CustomHID/Src/usbd_customhid.o
LOAD ./Middlewares/ST/STM32_USB_Device_Library/Core/Src/usbd_core.o
LOAD ./Middlewares/ST/STM32_USB_Device_Library/Core/Src/usbd_ctlreq.o
LOAD ./Middlewares/ST/STM32_USB_Device_Library/Core/Src/usbd_ioreq.o
LOAD ./Middlewares/Third_Party/FreeRTOS/Source/CMSIS_RTOS_V2/cmsis_os2.o
LOAD ./Middlewares/Third_Party/FreeRTOS/Source/croutine.o
LOAD ./Middlewares/Third_Party/FreeRTOS/Source/event_groups.o
LOAD ./Middlewares/Third_Party/FreeRTOS/Source/list.o
LOAD ./Middlewares/Third_Party/FreeRTOS/Source/queue.o
LOAD ./Middlewares/Third_Party/FreeRTOS/Source/stream_buffer.o
LOAD ./Middlewares/Third_Party/FreeRTOS/Source/tasks.o
LOAD ./Middlewares/Third_Party/FreeRTOS/Source/timers.o
LOAD ./Middlewares/Third_Party/FreeRTOS/Source/portable/GCC/ARM_CM3/port.o
LOAD ./Middlewares/Third_Party/FreeRTOS/Source/portable/MemMang/heap_4.o
LOAD ./USB_DEVICE/App/usb_device.o
LOAD ./USB_DEVICE/App/usbd_custom_hid_if.o
LOAD ./USB_DEVICE/App/usbd_desc.o
LOAD ./USB_DEVICE/Target/usbd_conf.o
LOAD ./user/user_debug.o
LOAD ./user/user_gpio.o
LOAD ./user/user_task.o
LOAD ./user/user_usart.o
LOAD ./user/user_usb.o
START GROUP
LOAD D:/software/STM32CubeIDE_1.16.1/STM32CubeIDE/plugins/com.st.stm32cube.ide.mcu.externaltools.gnu-tools-for-stm32.12.3.rel1.win32_1.0.200.202406191623/tools/bin/../lib/gcc/arm-none-eabi/12.3.1/../../../../arm-none-eabi/lib/thumb/v7-m/nofp\libc_nano.a
LOAD D:/software/STM32CubeIDE_1.16.1/STM32CubeIDE/plugins/com.st.stm32cube.ide.mcu.externaltools.gnu-tools-for-stm32.12.3.rel1.win32_1.0.200.202406191623/tools/bin/../lib/gcc/arm-none-eabi/12.3.1/../../../../arm-none-eabi/lib/thumb/v7-m/nofp\libm.a
END GROUP
START GROUP
LOAD D:/software/STM32CubeIDE_1.16.1/STM32CubeIDE/plugins/com.st.stm32cube.ide.mcu.externaltools.gnu-tools-for-stm32.12.3.rel1.win32_1.0.200.202406191623/tools/bin/../lib/gcc/arm-none-eabi/12.3.1/thumb/v7-m/nofp\libgcc.a
LOAD D:/software/STM32CubeIDE_1.16.1/STM32CubeIDE/plugins/com.st.stm32cube.ide.mcu.externaltools.gnu-tools-for-stm32.12.3.rel1.win32_1.0.200.202406191623/tools/bin/../lib/gcc/arm-none-eabi/12.3.1/../../../../arm-none-eabi/lib/thumb/v7-m/nofp\libc_nano.a
END GROUP
START GROUP
LOAD D:/software/STM32CubeIDE_1.16.1/STM32CubeIDE/plugins/com.st.stm32cube.ide.mcu.externaltools.gnu-tools-for-stm32.12.3.rel1.win32_1.0.200.202406191623/tools/bin/../lib/gcc/arm-none-eabi/12.3.1/thumb/v7-m/nofp\libgcc.a
LOAD D:/software/STM32CubeIDE_1.16.1/STM32CubeIDE/plugins/com.st.stm32cube.ide.mcu.externaltools.gnu-tools-for-stm32.12.3.rel1.win32_1.0.200.202406191623/tools/bin/../lib/gcc/arm-none-eabi/12.3.1/../../../../arm-none-eabi/lib/thumb/v7-m/nofp\libc_nano.a
LOAD D:/software/STM32CubeIDE_1.16.1/STM32CubeIDE/plugins/com.st.stm32cube.ide.mcu.externaltools.gnu-tools-for-stm32.12.3.rel1.win32_1.0.200.202406191623/tools/bin/../lib/gcc/arm-none-eabi/12.3.1/../../../../arm-none-eabi/lib/thumb/v7-m/nofp\libnosys.a
END GROUP
START GROUP
LOAD D:/software/STM32CubeIDE_1.16.1/STM32CubeIDE/plugins/com.st.stm32cube.ide.mcu.externaltools.gnu-tools-for-stm32.12.3.rel1.win32_1.0.200.202406191623/tools/bin/../lib/gcc/arm-none-eabi/12.3.1/thumb/v7-m/nofp\libgcc.a
LOAD D:/software/STM32CubeIDE_1.16.1/STM32CubeIDE/plugins/com.st.stm32cube.ide.mcu.externaltools.gnu-tools-for-stm32.12.3.rel1.win32_1.0.200.202406191623/tools/bin/../lib/gcc/arm-none-eabi/12.3.1/../../../../arm-none-eabi/lib/thumb/v7-m/nofp\libc_nano.a
LOAD D:/software/STM32CubeIDE_1.16.1/STM32CubeIDE/plugins/com.st.stm32cube.ide.mcu.externaltools.gnu-tools-for-stm32.12.3.rel1.win32_1.0.200.202406191623/tools/bin/../lib/gcc/arm-none-eabi/12.3.1/../../../../arm-none-eabi/lib/thumb/v7-m/nofp\libnosys.a
END GROUP
LOAD D:/software/STM32CubeIDE_1.16.1/STM32CubeIDE/plugins/com.st.stm32cube.ide.mcu.externaltools.gnu-tools-for-stm32.12.3.rel1.win32_1.0.200.202406191623/tools/bin/../lib/gcc/arm-none-eabi/12.3.1/thumb/v7-m/nofp/crtend.o
LOAD D:/software/STM32CubeIDE_1.16.1/STM32CubeIDE/plugins/com.st.stm32cube.ide.mcu.externaltools.gnu-tools-for-stm32.12.3.rel1.win32_1.0.200.202406191623/tools/bin/../lib/gcc/arm-none-eabi/12.3.1/thumb/v7-m/nofp/crtn.o
                0x20010000                        _estack = (ORIGIN (RAM) + LENGTH (RAM))
                0x00000200                        _Min_Heap_Size = 0x200
                0x00000400                        _Min_Stack_Size = 0x400

.isr_vector     0x08000000      0x1e4
                0x08000000                        . = ALIGN (0x4)
 *(.isr_vector)
 .isr_vector    0x08000000      0x1e4 ./Core/Startup/startup_stm32f103zetx.o
                0x08000000                g_pfnVectors
                0x080001e4                        . = ALIGN (0x4)

.text           0x080001f0     0xb774
                0x080001f0                        . = ALIGN (0x4)
 *(.text)
 .text          0x080001f0       0x40 D:/software/STM32CubeIDE_1.16.1/STM32CubeIDE/plugins/com.st.stm32cube.ide.mcu.externaltools.gnu-tools-for-stm32.12.3.rel1.win32_1.0.200.202406191623/tools/bin/../lib/gcc/arm-none-eabi/12.3.1/thumb/v7-m/nofp/crtbegin.o
 *(.text*)
 .text.main     0x08000230       0xc8 ./Core/Src/main.o
                0x08000230                main
 .text.SystemClock_Config
                0x080002f8       0xb8 ./Core/Src/main.o
                0x080002f8                SystemClock_Config
 .text.MX_TIM2_Init
                0x080003b0       0x98 ./Core/Src/main.o
 .text.MX_USART1_UART_Init
                0x08000448       0x54 ./Core/Src/main.o
 .text.MX_USART2_UART_Init
                0x0800049c       0x54 ./Core/Src/main.o
 .text.MX_GPIO_Init
                0x080004f0      0x118 ./Core/Src/main.o
 .text.StartDefaultTask
                0x08000608       0x1a ./Core/Src/main.o
                0x08000608                StartDefaultTask
 .text.StartLEDTask
                0x08000622       0x24 ./Core/Src/main.o
                0x08000622                StartLEDTask
 *fill*         0x08000646        0x2 
 .text.StartUsart2Task
                0x08000648       0x3c ./Core/Src/main.o
                0x08000648                StartUsart2Task
 .text.StartUSBTask
                0x08000684       0x34 ./Core/Src/main.o
                0x08000684                StartUSBTask
 .text.HAL_TIM_PeriodElapsedCallback
                0x080006b8       0x24 ./Core/Src/main.o
                0x080006b8                HAL_TIM_PeriodElapsedCallback
 .text.Error_Handler
                0x080006dc        0xc ./Core/Src/main.o
                0x080006dc                Error_Handler
 .text.HAL_MspInit
                0x080006e8       0x70 ./Core/Src/stm32f1xx_hal_msp.o
                0x080006e8                HAL_MspInit
 .text.HAL_TIM_Base_MspInit
                0x08000758       0x48 ./Core/Src/stm32f1xx_hal_msp.o
                0x08000758                HAL_TIM_Base_MspInit
 .text.HAL_UART_MspInit
                0x080007a0      0x118 ./Core/Src/stm32f1xx_hal_msp.o
                0x080007a0                HAL_UART_MspInit
 .text.HAL_InitTick
                0x080008b8       0xfc ./Core/Src/stm32f1xx_hal_timebase_tim.o
                0x080008b8                HAL_InitTick
 .text.NMI_Handler
                0x080009b4        0x8 ./Core/Src/stm32f1xx_it.o
                0x080009b4                NMI_Handler
 .text.HardFault_Handler
                0x080009bc        0x8 ./Core/Src/stm32f1xx_it.o
                0x080009bc                HardFault_Handler
 .text.MemManage_Handler
                0x080009c4        0x8 ./Core/Src/stm32f1xx_it.o
                0x080009c4                MemManage_Handler
 .text.BusFault_Handler
                0x080009cc        0x8 ./Core/Src/stm32f1xx_it.o
                0x080009cc                BusFault_Handler
 .text.UsageFault_Handler
                0x080009d4        0x8 ./Core/Src/stm32f1xx_it.o
                0x080009d4                UsageFault_Handler
 .text.DebugMon_Handler
                0x080009dc        0xc ./Core/Src/stm32f1xx_it.o
                0x080009dc                DebugMon_Handler
 .text.USB_LP_CAN1_RX0_IRQHandler
                0x080009e8       0x14 ./Core/Src/stm32f1xx_it.o
                0x080009e8                USB_LP_CAN1_RX0_IRQHandler
 .text.TIM2_IRQHandler
                0x080009fc       0x68 ./Core/Src/stm32f1xx_it.o
                0x080009fc                TIM2_IRQHandler
 .text.USART2_IRQHandler
                0x08000a64       0x14 ./Core/Src/stm32f1xx_it.o
                0x08000a64                USART2_IRQHandler
 .text.TIM7_IRQHandler
                0x08000a78       0x14 ./Core/Src/stm32f1xx_it.o
                0x08000a78                TIM7_IRQHandler
 .text._getpid  0x08000a8c        0xe ./Core/Src/syscalls.o
                0x08000a8c                _getpid
 .text._kill    0x08000a9a       0x20 ./Core/Src/syscalls.o
                0x08000a9a                _kill
 .text._exit    0x08000aba       0x16 ./Core/Src/syscalls.o
                0x08000aba                _exit
 .text._read    0x08000ad0       0x3a ./Core/Src/syscalls.o
                0x08000ad0                _read
 .text._write   0x08000b0a       0x38 ./Core/Src/syscalls.o
                0x08000b0a                _write
 .text._close   0x08000b42       0x16 ./Core/Src/syscalls.o
                0x08000b42                _close
 .text._fstat   0x08000b58       0x1e ./Core/Src/syscalls.o
                0x08000b58                _fstat
 .text._isatty  0x08000b76       0x14 ./Core/Src/syscalls.o
                0x08000b76                _isatty
 .text._lseek   0x08000b8a       0x18 ./Core/Src/syscalls.o
                0x08000b8a                _lseek
 *fill*         0x08000ba2        0x2 
 .text._sbrk    0x08000ba4       0x6c ./Core/Src/sysmem.o
                0x08000ba4                _sbrk
 .text.SystemInit
                0x08000c10       0x68 ./Core/Src/system_stm32f1xx.o
                0x08000c10                SystemInit
 .text.Reset_Handler
                0x08000c78       0x48 ./Core/Startup/startup_stm32f103zetx.o
                0x08000c78                Reset_Handler
 .text.Default_Handler
                0x08000cc0        0x2 ./Core/Startup/startup_stm32f103zetx.o
                0x08000cc0                RTC_Alarm_IRQHandler
                0x08000cc0                EXTI2_IRQHandler
                0x08000cc0                TIM8_TRG_COM_IRQHandler
                0x08000cc0                TIM8_CC_IRQHandler
                0x08000cc0                TIM1_CC_IRQHandler
                0x08000cc0                TIM6_IRQHandler
                0x08000cc0                PVD_IRQHandler
                0x08000cc0                SDIO_IRQHandler
                0x08000cc0                EXTI3_IRQHandler
                0x08000cc0                EXTI0_IRQHandler
                0x08000cc0                I2C2_EV_IRQHandler
                0x08000cc0                ADC1_2_IRQHandler
                0x08000cc0                SPI1_IRQHandler
                0x08000cc0                TAMPER_IRQHandler
                0x08000cc0                TIM8_UP_IRQHandler
                0x08000cc0                DMA2_Channel2_IRQHandler
                0x08000cc0                DMA1_Channel4_IRQHandler
                0x08000cc0                USART3_IRQHandler
                0x08000cc0                RTC_IRQHandler
                0x08000cc0                DMA1_Channel7_IRQHandler
                0x08000cc0                CAN1_RX1_IRQHandler
                0x08000cc0                UART5_IRQHandler
                0x08000cc0                ADC3_IRQHandler
                0x08000cc0                TIM4_IRQHandler
                0x08000cc0                DMA2_Channel1_IRQHandler
                0x08000cc0                I2C1_EV_IRQHandler
                0x08000cc0                DMA1_Channel6_IRQHandler
                0x08000cc0                UART4_IRQHandler
                0x08000cc0                TIM3_IRQHandler
                0x08000cc0                RCC_IRQHandler
                0x08000cc0                TIM1_TRG_COM_IRQHandler
                0x08000cc0                DMA1_Channel1_IRQHandler
                0x08000cc0                Default_Handler
                0x08000cc0                EXTI15_10_IRQHandler
                0x08000cc0                TIM5_IRQHandler
                0x08000cc0                EXTI9_5_IRQHandler
                0x08000cc0                SPI2_IRQHandler
                0x08000cc0                DMA1_Channel5_IRQHandler
                0x08000cc0                EXTI4_IRQHandler
                0x08000cc0                USB_HP_CAN1_TX_IRQHandler
                0x08000cc0                DMA1_Channel3_IRQHandler
                0x08000cc0                FSMC_IRQHandler
                0x08000cc0                TIM1_UP_IRQHandler
                0x08000cc0                WWDG_IRQHandler
                0x08000cc0                TIM1_BRK_IRQHandler
                0x08000cc0                EXTI1_IRQHandler
                0x08000cc0                DMA2_Channel4_5_IRQHandler
                0x08000cc0                I2C2_ER_IRQHandler
                0x08000cc0                DMA1_Channel2_IRQHandler
                0x08000cc0                TIM8_BRK_IRQHandler
                0x08000cc0                CAN1_SCE_IRQHandler
                0x08000cc0                FLASH_IRQHandler
                0x08000cc0                USART1_IRQHandler
                0x08000cc0                SPI3_IRQHandler
                0x08000cc0                I2C1_ER_IRQHandler
                0x08000cc0                USBWakeUp_IRQHandler
                0x08000cc0                DMA2_Channel3_IRQHandler
 *fill*         0x08000cc2        0x2 
 .text.HAL_Init
                0x08000cc4       0x2c ./Drivers/STM32F1xx_HAL_Driver/Src/stm32f1xx_hal.o
                0x08000cc4                HAL_Init
 .text.HAL_IncTick
                0x08000cf0       0x24 ./Drivers/STM32F1xx_HAL_Driver/Src/stm32f1xx_hal.o
                0x08000cf0                HAL_IncTick
 .text.HAL_GetTick
                0x08000d14       0x14 ./Drivers/STM32F1xx_HAL_Driver/Src/stm32f1xx_hal.o
                0x08000d14                HAL_GetTick
 .text.__NVIC_SetPriorityGrouping
                0x08000d28       0x48 ./Drivers/STM32F1xx_HAL_Driver/Src/stm32f1xx_hal_cortex.o
 .text.__NVIC_GetPriorityGrouping
                0x08000d70       0x1c ./Drivers/STM32F1xx_HAL_Driver/Src/stm32f1xx_hal_cortex.o
 .text.__NVIC_EnableIRQ
                0x08000d8c       0x38 ./Drivers/STM32F1xx_HAL_Driver/Src/stm32f1xx_hal_cortex.o
 .text.__NVIC_SetPriority
                0x08000dc4       0x54 ./Drivers/STM32F1xx_HAL_Driver/Src/stm32f1xx_hal_cortex.o
 .text.NVIC_EncodePriority
                0x08000e18       0x64 ./Drivers/STM32F1xx_HAL_Driver/Src/stm32f1xx_hal_cortex.o
 .text.HAL_NVIC_SetPriorityGrouping
                0x08000e7c       0x16 ./Drivers/STM32F1xx_HAL_Driver/Src/stm32f1xx_hal_cortex.o
                0x08000e7c                HAL_NVIC_SetPriorityGrouping
 .text.HAL_NVIC_SetPriority
                0x08000e92       0x38 ./Drivers/STM32F1xx_HAL_Driver/Src/stm32f1xx_hal_cortex.o
                0x08000e92                HAL_NVIC_SetPriority
 .text.HAL_NVIC_EnableIRQ
                0x08000eca       0x1c ./Drivers/STM32F1xx_HAL_Driver/Src/stm32f1xx_hal_cortex.o
                0x08000eca                HAL_NVIC_EnableIRQ
 *fill*         0x08000ee6        0x2 
 .text.HAL_DMA_Abort_IT
                0x08000ee8      0x210 ./Drivers/STM32F1xx_HAL_Driver/Src/stm32f1xx_hal_dma.o
                0x08000ee8                HAL_DMA_Abort_IT
 .text.HAL_GPIO_Init
                0x080010f8      0x328 ./Drivers/STM32F1xx_HAL_Driver/Src/stm32f1xx_hal_gpio.o
                0x080010f8                HAL_GPIO_Init
 .text.HAL_GPIO_ReadPin
                0x08001420       0x2e ./Drivers/STM32F1xx_HAL_Driver/Src/stm32f1xx_hal_gpio.o
                0x08001420                HAL_GPIO_ReadPin
 .text.HAL_GPIO_WritePin
                0x0800144e       0x30 ./Drivers/STM32F1xx_HAL_Driver/Src/stm32f1xx_hal_gpio.o
                0x0800144e                HAL_GPIO_WritePin
 .text.HAL_GPIO_TogglePin
                0x0800147e       0x30 ./Drivers/STM32F1xx_HAL_Driver/Src/stm32f1xx_hal_gpio.o
                0x0800147e                HAL_GPIO_TogglePin
 .text.HAL_PCD_Init
                0x080014ae      0x1c2 ./Drivers/STM32F1xx_HAL_Driver/Src/stm32f1xx_hal_pcd.o
                0x080014ae                HAL_PCD_Init
 .text.HAL_PCD_Start
                0x08001670       0x4c ./Drivers/STM32F1xx_HAL_Driver/Src/stm32f1xx_hal_pcd.o
                0x08001670                HAL_PCD_Start
 .text.HAL_PCD_IRQHandler
                0x080016bc      0x21c ./Drivers/STM32F1xx_HAL_Driver/Src/stm32f1xx_hal_pcd.o
                0x080016bc                HAL_PCD_IRQHandler
 .text.HAL_PCD_SetAddress
                0x080018d8       0x4a ./Drivers/STM32F1xx_HAL_Driver/Src/stm32f1xx_hal_pcd.o
                0x080018d8                HAL_PCD_SetAddress
 .text.HAL_PCD_EP_Open
                0x08001922       0xc0 ./Drivers/STM32F1xx_HAL_Driver/Src/stm32f1xx_hal_pcd.o
                0x08001922                HAL_PCD_EP_Open
 .text.HAL_PCD_EP_Close
                0x080019e2       0x84 ./Drivers/STM32F1xx_HAL_Driver/Src/stm32f1xx_hal_pcd.o
                0x080019e2                HAL_PCD_EP_Close
 .text.HAL_PCD_EP_Receive
                0x08001a66       0x74 ./Drivers/STM32F1xx_HAL_Driver/Src/stm32f1xx_hal_pcd.o
                0x08001a66                HAL_PCD_EP_Receive
 .text.HAL_PCD_EP_Transmit
                0x08001ada       0x72 ./Drivers/STM32F1xx_HAL_Driver/Src/stm32f1xx_hal_pcd.o
                0x08001ada                HAL_PCD_EP_Transmit
 .text.HAL_PCD_EP_SetStall
                0x08001b4c       0xb4 ./Drivers/STM32F1xx_HAL_Driver/Src/stm32f1xx_hal_pcd.o
                0x08001b4c                HAL_PCD_EP_SetStall
 .text.HAL_PCD_EP_ClrStall
                0x08001c00       0x9c ./Drivers/STM32F1xx_HAL_Driver/Src/stm32f1xx_hal_pcd.o
                0x08001c00                HAL_PCD_EP_ClrStall
 .text.PCD_EP_ISR_Handler
                0x08001c9c      0x534 ./Drivers/STM32F1xx_HAL_Driver/Src/stm32f1xx_hal_pcd.o
 .text.HAL_PCDEx_PMAConfig
                0x080021d0       0x78 ./Drivers/STM32F1xx_HAL_Driver/Src/stm32f1xx_hal_pcd_ex.o
                0x080021d0                HAL_PCDEx_PMAConfig
 .text.HAL_RCC_OscConfig
                0x08002248      0x504 ./Drivers/STM32F1xx_HAL_Driver/Src/stm32f1xx_hal_rcc.o
                0x08002248                HAL_RCC_OscConfig
 .text.HAL_RCC_ClockConfig
                0x0800274c      0x1d4 ./Drivers/STM32F1xx_HAL_Driver/Src/stm32f1xx_hal_rcc.o
                0x0800274c                HAL_RCC_ClockConfig
 .text.HAL_RCC_GetSysClockFreq
                0x08002920       0xbc ./Drivers/STM32F1xx_HAL_Driver/Src/stm32f1xx_hal_rcc.o
                0x08002920                HAL_RCC_GetSysClockFreq
 .text.HAL_RCC_GetHCLKFreq
                0x080029dc       0x14 ./Drivers/STM32F1xx_HAL_Driver/Src/stm32f1xx_hal_rcc.o
                0x080029dc                HAL_RCC_GetHCLKFreq
 .text.HAL_RCC_GetPCLK1Freq
                0x080029f0       0x28 ./Drivers/STM32F1xx_HAL_Driver/Src/stm32f1xx_hal_rcc.o
                0x080029f0                HAL_RCC_GetPCLK1Freq
 .text.HAL_RCC_GetPCLK2Freq
                0x08002a18       0x28 ./Drivers/STM32F1xx_HAL_Driver/Src/stm32f1xx_hal_rcc.o
                0x08002a18                HAL_RCC_GetPCLK2Freq
 .text.HAL_RCC_GetClockConfig
                0x08002a40       0x60 ./Drivers/STM32F1xx_HAL_Driver/Src/stm32f1xx_hal_rcc.o
                0x08002a40                HAL_RCC_GetClockConfig
 .text.RCC_Delay
                0x08002aa0       0x3c ./Drivers/STM32F1xx_HAL_Driver/Src/stm32f1xx_hal_rcc.o
 .text.HAL_RCCEx_PeriphCLKConfig
                0x08002adc      0x16c ./Drivers/STM32F1xx_HAL_Driver/Src/stm32f1xx_hal_rcc_ex.o
                0x08002adc                HAL_RCCEx_PeriphCLKConfig
 .text.HAL_TIM_Base_Init
                0x08002c48       0x56 ./Drivers/STM32F1xx_HAL_Driver/Src/stm32f1xx_hal_tim.o
                0x08002c48                HAL_TIM_Base_Init
 .text.HAL_TIM_Base_Start_IT
                0x08002c9e       0x46 ./Drivers/STM32F1xx_HAL_Driver/Src/stm32f1xx_hal_tim.o
                0x08002c9e                HAL_TIM_Base_Start_IT
 .text.HAL_TIM_IRQHandler
                0x08002ce4      0x210 ./Drivers/STM32F1xx_HAL_Driver/Src/stm32f1xx_hal_tim.o
                0x08002ce4                HAL_TIM_IRQHandler
 .text.HAL_TIM_ConfigClockSource
                0x08002ef4      0x188 ./Drivers/STM32F1xx_HAL_Driver/Src/stm32f1xx_hal_tim.o
                0x08002ef4                HAL_TIM_ConfigClockSource
 .text.HAL_TIM_OC_DelayElapsedCallback
                0x0800307c       0x12 ./Drivers/STM32F1xx_HAL_Driver/Src/stm32f1xx_hal_tim.o
                0x0800307c                HAL_TIM_OC_DelayElapsedCallback
 .text.HAL_TIM_IC_CaptureCallback
                0x0800308e       0x12 ./Drivers/STM32F1xx_HAL_Driver/Src/stm32f1xx_hal_tim.o
                0x0800308e                HAL_TIM_IC_CaptureCallback
 .text.HAL_TIM_PWM_PulseFinishedCallback
                0x080030a0       0x12 ./Drivers/STM32F1xx_HAL_Driver/Src/stm32f1xx_hal_tim.o
                0x080030a0                HAL_TIM_PWM_PulseFinishedCallback
 .text.HAL_TIM_TriggerCallback
                0x080030b2       0x12 ./Drivers/STM32F1xx_HAL_Driver/Src/stm32f1xx_hal_tim.o
                0x080030b2                HAL_TIM_TriggerCallback
 .text.TIM_Base_SetConfig
                0x080030c4       0xf4 ./Drivers/STM32F1xx_HAL_Driver/Src/stm32f1xx_hal_tim.o
                0x080030c4                TIM_Base_SetConfig
 .text.TIM_TI1_ConfigInputStage
                0x080031b8       0x5c ./Drivers/STM32F1xx_HAL_Driver/Src/stm32f1xx_hal_tim.o
 .text.TIM_TI2_ConfigInputStage
                0x08003214       0x5e ./Drivers/STM32F1xx_HAL_Driver/Src/stm32f1xx_hal_tim.o
 .text.TIM_ITRx_SetConfig
                0x08003272       0x34 ./Drivers/STM32F1xx_HAL_Driver/Src/stm32f1xx_hal_tim.o
 .text.TIM_ETR_SetConfig
                0x080032a6       0x3e ./Drivers/STM32F1xx_HAL_Driver/Src/stm32f1xx_hal_tim.o
                0x080032a6                TIM_ETR_SetConfig
 .text.HAL_TIMEx_MasterConfigSynchronization
                0x080032e4       0x88 ./Drivers/STM32F1xx_HAL_Driver/Src/stm32f1xx_hal_tim_ex.o
                0x080032e4                HAL_TIMEx_MasterConfigSynchronization
 .text.HAL_TIMEx_CommutCallback
                0x0800336c       0x12 ./Drivers/STM32F1xx_HAL_Driver/Src/stm32f1xx_hal_tim_ex.o
                0x0800336c                HAL_TIMEx_CommutCallback
 .text.HAL_TIMEx_BreakCallback
                0x0800337e       0x12 ./Drivers/STM32F1xx_HAL_Driver/Src/stm32f1xx_hal_tim_ex.o
                0x0800337e                HAL_TIMEx_BreakCallback
 .text.HAL_UART_Init
                0x08003390       0x9a ./Drivers/STM32F1xx_HAL_Driver/Src/stm32f1xx_hal_uart.o
                0x08003390                HAL_UART_Init
 .text.HAL_UART_Transmit
                0x0800342a      0x132 ./Drivers/STM32F1xx_HAL_Driver/Src/stm32f1xx_hal_uart.o
                0x0800342a                HAL_UART_Transmit
 .text.HAL_UART_Receive_IT
                0x0800355c       0xa8 ./Drivers/STM32F1xx_HAL_Driver/Src/stm32f1xx_hal_uart.o
                0x0800355c                HAL_UART_Receive_IT
 .text.HAL_UART_IRQHandler
                0x08003604      0x1f4 ./Drivers/STM32F1xx_HAL_Driver/Src/stm32f1xx_hal_uart.o
                0x08003604                HAL_UART_IRQHandler
 .text.HAL_UART_TxCpltCallback
                0x080037f8       0x12 ./Drivers/STM32F1xx_HAL_Driver/Src/stm32f1xx_hal_uart.o
                0x080037f8                HAL_UART_TxCpltCallback
 .text.HAL_UART_ErrorCallback
                0x0800380a       0x12 ./Drivers/STM32F1xx_HAL_Driver/Src/stm32f1xx_hal_uart.o
                0x0800380a                HAL_UART_ErrorCallback
 .text.UART_WaitOnFlagUntilTimeout
                0x0800381c       0x94 ./Drivers/STM32F1xx_HAL_Driver/Src/stm32f1xx_hal_uart.o
 .text.UART_EndRxTransfer
                0x080038b0       0x3a ./Drivers/STM32F1xx_HAL_Driver/Src/stm32f1xx_hal_uart.o
 .text.UART_DMAAbortOnError
                0x080038ea       0x28 ./Drivers/STM32F1xx_HAL_Driver/Src/stm32f1xx_hal_uart.o
 .text.UART_Transmit_IT
                0x08003912       0xaa ./Drivers/STM32F1xx_HAL_Driver/Src/stm32f1xx_hal_uart.o
 .text.UART_EndTransmit_IT
                0x080039bc       0x30 ./Drivers/STM32F1xx_HAL_Driver/Src/stm32f1xx_hal_uart.o
 .text.UART_Receive_IT
                0x080039ec      0x102 ./Drivers/STM32F1xx_HAL_Driver/Src/stm32f1xx_hal_uart.o
 *fill*         0x08003aee        0x2 
 .text.UART_SetConfig
                0x08003af0      0x1b4 ./Drivers/STM32F1xx_HAL_Driver/Src/stm32f1xx_hal_uart.o
 .text.USB_CoreInit
                0x08003ca4       0x20 ./Drivers/STM32F1xx_HAL_Driver/Src/stm32f1xx_ll_usb.o
                0x08003ca4                USB_CoreInit
 .text.USB_EnableGlobalInt
                0x08003cc4       0x2e ./Drivers/STM32F1xx_HAL_Driver/Src/stm32f1xx_ll_usb.o
                0x08003cc4                USB_EnableGlobalInt
 .text.USB_DisableGlobalInt
                0x08003cf2       0x38 ./Drivers/STM32F1xx_HAL_Driver/Src/stm32f1xx_ll_usb.o
                0x08003cf2                USB_DisableGlobalInt
 .text.USB_SetCurrentMode
                0x08003d2a       0x18 ./Drivers/STM32F1xx_HAL_Driver/Src/stm32f1xx_ll_usb.o
                0x08003d2a                USB_SetCurrentMode
 .text.USB_DevInit
                0x08003d42       0x48 ./Drivers/STM32F1xx_HAL_Driver/Src/stm32f1xx_ll_usb.o
                0x08003d42                USB_DevInit
 *fill*         0x08003d8a        0x2 
 .text.USB_ActivateEndpoint
                0x08003d8c      0x5d8 ./Drivers/STM32F1xx_HAL_Driver/Src/stm32f1xx_ll_usb.o
                0x08003d8c                USB_ActivateEndpoint
 .text.USB_DeactivateEndpoint
                0x08004364      0x32c ./Drivers/STM32F1xx_HAL_Driver/Src/stm32f1xx_ll_usb.o
                0x08004364                USB_DeactivateEndpoint
 .text.USB_EPStartXfer
                0x08004690      0x570 ./Drivers/STM32F1xx_HAL_Driver/Src/stm32f1xx_ll_usb.o
                0x08004690                USB_EPStartXfer
 .text.USB_EPSetStall
                0x08004c00       0x84 ./Drivers/STM32F1xx_HAL_Driver/Src/stm32f1xx_ll_usb.o
                0x08004c00                USB_EPSetStall
 .text.USB_EPClearStall
                0x08004c84      0x128 ./Drivers/STM32F1xx_HAL_Driver/Src/stm32f1xx_ll_usb.o
                0x08004c84                USB_EPClearStall
 .text.USB_SetDevAddress
                0x08004dac       0x26 ./Drivers/STM32F1xx_HAL_Driver/Src/stm32f1xx_ll_usb.o
                0x08004dac                USB_SetDevAddress
 .text.USB_DevConnect
                0x08004dd2       0x14 ./Drivers/STM32F1xx_HAL_Driver/Src/stm32f1xx_ll_usb.o
                0x08004dd2                USB_DevConnect
 .text.USB_DevDisconnect
                0x08004de6       0x14 ./Drivers/STM32F1xx_HAL_Driver/Src/stm32f1xx_ll_usb.o
                0x08004de6                USB_DevDisconnect
 .text.USB_ReadInterrupts
                0x08004dfa       0x1e ./Drivers/STM32F1xx_HAL_Driver/Src/stm32f1xx_ll_usb.o
                0x08004dfa                USB_ReadInterrupts
 .text.USB_EP0_OutStart
                0x08004e18       0x16 ./Drivers/STM32F1xx_HAL_Driver/Src/stm32f1xx_ll_usb.o
                0x08004e18                USB_EP0_OutStart
 .text.USB_WritePMA
                0x08004e2e       0x88 ./Drivers/STM32F1xx_HAL_Driver/Src/stm32f1xx_ll_usb.o
                0x08004e2e                USB_WritePMA
 .text.USB_ReadPMA
                0x08004eb6       0x9e ./Drivers/STM32F1xx_HAL_Driver/Src/stm32f1xx_ll_usb.o
                0x08004eb6                USB_ReadPMA
 .text.USBD_CUSTOM_HID_Init
                0x08004f54       0x84 ./Middlewares/ST/STM32_USB_Device_Library/Class/CustomHID/Src/usbd_customhid.o
 .text.USBD_CUSTOM_HID_DeInit
                0x08004fd8       0x5c ./Middlewares/ST/STM32_USB_Device_Library/Class/CustomHID/Src/usbd_customhid.o
 .text.USBD_CUSTOM_HID_Setup
                0x08005034      0x200 ./Middlewares/ST/STM32_USB_Device_Library/Class/CustomHID/Src/usbd_customhid.o
 .text.USBD_CUSTOM_HID_SendReport
                0x08005234       0x4e ./Middlewares/ST/STM32_USB_Device_Library/Class/CustomHID/Src/usbd_customhid.o
                0x08005234                USBD_CUSTOM_HID_SendReport
 *fill*         0x08005282        0x2 
 .text.USBD_CUSTOM_HID_GetFSCfgDesc
                0x08005284       0x20 ./Middlewares/ST/STM32_USB_Device_Library/Class/CustomHID/Src/usbd_customhid.o
 .text.USBD_CUSTOM_HID_GetHSCfgDesc
                0x080052a4       0x20 ./Middlewares/ST/STM32_USB_Device_Library/Class/CustomHID/Src/usbd_customhid.o
 .text.USBD_CUSTOM_HID_GetOtherSpeedCfgDesc
                0x080052c4       0x20 ./Middlewares/ST/STM32_USB_Device_Library/Class/CustomHID/Src/usbd_customhid.o
 .text.USBD_CUSTOM_HID_DataIn
                0x080052e4       0x24 ./Middlewares/ST/STM32_USB_Device_Library/Class/CustomHID/Src/usbd_customhid.o
 .text.USBD_CUSTOM_HID_DataOut
                0x08005308       0x3e ./Middlewares/ST/STM32_USB_Device_Library/Class/CustomHID/Src/usbd_customhid.o
 .text.USBD_CUSTOM_HID_EP0_RxReady
                0x08005346       0x3c ./Middlewares/ST/STM32_USB_Device_Library/Class/CustomHID/Src/usbd_customhid.o
 *fill*         0x08005382        0x2 
 .text.USBD_CUSTOM_HID_GetDeviceQualifierDesc
                0x08005384       0x20 ./Middlewares/ST/STM32_USB_Device_Library/Class/CustomHID/Src/usbd_customhid.o
 .text.USBD_CUSTOM_HID_RegisterInterface
                0x080053a4       0x2c ./Middlewares/ST/STM32_USB_Device_Library/Class/CustomHID/Src/usbd_customhid.o
                0x080053a4                USBD_CUSTOM_HID_RegisterInterface
 .text.USBD_Init
                0x080053d0       0x56 ./Middlewares/ST/STM32_USB_Device_Library/Core/Src/usbd_core.o
                0x080053d0                USBD_Init
 .text.USBD_RegisterClass
                0x08005426       0x32 ./Middlewares/ST/STM32_USB_Device_Library/Core/Src/usbd_core.o
                0x08005426                USBD_RegisterClass
 .text.USBD_Start
                0x08005458       0x18 ./Middlewares/ST/STM32_USB_Device_Library/Core/Src/usbd_core.o
                0x08005458                USBD_Start
 .text.USBD_RunTestMode
                0x08005470       0x14 ./Middlewares/ST/STM32_USB_Device_Library/Core/Src/usbd_core.o
                0x08005470                USBD_RunTestMode
 .text.USBD_SetClassConfig
                0x08005484       0x3e ./Middlewares/ST/STM32_USB_Device_Library/Core/Src/usbd_core.o
                0x08005484                USBD_SetClassConfig
 .text.USBD_ClrClassConfig
                0x080054c2       0x26 ./Middlewares/ST/STM32_USB_Device_Library/Core/Src/usbd_core.o
                0x080054c2                USBD_ClrClassConfig
 .text.USBD_LL_SetupStage
                0x080054e8       0x9a ./Middlewares/ST/STM32_USB_Device_Library/Core/Src/usbd_core.o
                0x080054e8                USBD_LL_SetupStage
 .text.USBD_LL_DataOutStage
                0x08005582       0xe2 ./Middlewares/ST/STM32_USB_Device_Library/Core/Src/usbd_core.o
                0x08005582                USBD_LL_DataOutStage
 .text.USBD_LL_DataInStage
                0x08005664      0x14a ./Middlewares/ST/STM32_USB_Device_Library/Core/Src/usbd_core.o
                0x08005664                USBD_LL_DataInStage
 .text.USBD_LL_Reset
                0x080057ae       0x82 ./Middlewares/ST/STM32_USB_Device_Library/Core/Src/usbd_core.o
                0x080057ae                USBD_LL_Reset
 .text.USBD_LL_SetSpeed
                0x08005830       0x1e ./Middlewares/ST/STM32_USB_Device_Library/Core/Src/usbd_core.o
                0x08005830                USBD_LL_SetSpeed
 .text.USBD_LL_Suspend
                0x0800584e       0x28 ./Middlewares/ST/STM32_USB_Device_Library/Core/Src/usbd_core.o
                0x0800584e                USBD_LL_Suspend
 .text.USBD_LL_Resume
                0x08005876       0x2a ./Middlewares/ST/STM32_USB_Device_Library/Core/Src/usbd_core.o
                0x08005876                USBD_LL_Resume
 .text.USBD_LL_SOF
                0x080058a0       0x34 ./Middlewares/ST/STM32_USB_Device_Library/Core/Src/usbd_core.o
                0x080058a0                USBD_LL_SOF
 .text.USBD_StdDevReq
                0x080058d4       0xd4 ./Middlewares/ST/STM32_USB_Device_Library/Core/Src/usbd_ctlreq.o
                0x080058d4                USBD_StdDevReq
 .text.USBD_StdItfReq
                0x080059a8       0x90 ./Middlewares/ST/STM32_USB_Device_Library/Core/Src/usbd_ctlreq.o
                0x080059a8                USBD_StdItfReq
 .text.USBD_StdEPReq
                0x08005a38      0x2c6 ./Middlewares/ST/STM32_USB_Device_Library/Core/Src/usbd_ctlreq.o
                0x08005a38                USBD_StdEPReq
 *fill*         0x08005cfe        0x2 
 .text.USBD_GetDescriptor
                0x08005d00      0x2d0 ./Middlewares/ST/STM32_USB_Device_Library/Core/Src/usbd_ctlreq.o
 .text.USBD_SetAddress
                0x08005fd0       0x86 ./Middlewares/ST/STM32_USB_Device_Library/Core/Src/usbd_ctlreq.o
 *fill*         0x08006056        0x2 
 .text.USBD_SetConfig
                0x08006058      0x11c ./Middlewares/ST/STM32_USB_Device_Library/Core/Src/usbd_ctlreq.o
 .text.USBD_GetConfig
                0x08006174       0x6a ./Middlewares/ST/STM32_USB_Device_Library/Core/Src/usbd_ctlreq.o
 .text.USBD_GetStatus
                0x080061de       0x66 ./Middlewares/ST/STM32_USB_Device_Library/Core/Src/usbd_ctlreq.o
 .text.USBD_SetFeature
                0x08006244       0x28 ./Middlewares/ST/STM32_USB_Device_Library/Core/Src/usbd_ctlreq.o
 .text.USBD_ClrFeature
                0x0800626c       0x42 ./Middlewares/ST/STM32_USB_Device_Library/Core/Src/usbd_ctlreq.o
 .text.USBD_ParseSetupRequest
                0x080062ae       0x72 ./Middlewares/ST/STM32_USB_Device_Library/Core/Src/usbd_ctlreq.o
                0x080062ae                USBD_ParseSetupRequest
 .text.USBD_CtlError
                0x08006320       0x22 ./Middlewares/ST/STM32_USB_Device_Library/Core/Src/usbd_ctlreq.o
                0x08006320                USBD_CtlError
 .text.USBD_GetString
                0x08006342       0x84 ./Middlewares/ST/STM32_USB_Device_Library/Core/Src/usbd_ctlreq.o
                0x08006342                USBD_GetString
 .text.USBD_GetLen
                0x080063c6       0x2e ./Middlewares/ST/STM32_USB_Device_Library/Core/Src/usbd_ctlreq.o
 .text.USBD_CtlSendData
                0x080063f4       0x38 ./Middlewares/ST/STM32_USB_Device_Library/Core/Src/usbd_ioreq.o
                0x080063f4                USBD_CtlSendData
 .text.USBD_CtlContinueSendData
                0x0800642c       0x24 ./Middlewares/ST/STM32_USB_Device_Library/Core/Src/usbd_ioreq.o
                0x0800642c                USBD_CtlContinueSendData
 .text.USBD_CtlPrepareRx
                0x08006450       0x3c ./Middlewares/ST/STM32_USB_Device_Library/Core/Src/usbd_ioreq.o
                0x08006450                USBD_CtlPrepareRx
 .text.USBD_CtlContinueRx
                0x0800648c       0x24 ./Middlewares/ST/STM32_USB_Device_Library/Core/Src/usbd_ioreq.o
                0x0800648c                USBD_CtlContinueRx
 .text.USBD_CtlSendStatus
                0x080064b0       0x26 ./Middlewares/ST/STM32_USB_Device_Library/Core/Src/usbd_ioreq.o
                0x080064b0                USBD_CtlSendStatus
 .text.USBD_CtlReceiveStatus
                0x080064d6       0x26 ./Middlewares/ST/STM32_USB_Device_Library/Core/Src/usbd_ioreq.o
                0x080064d6                USBD_CtlReceiveStatus
 .text.osKernelInitialize
                0x080064fc       0x64 ./Middlewares/Third_Party/FreeRTOS/Source/CMSIS_RTOS_V2/cmsis_os2.o
                0x080064fc                osKernelInitialize
 .text.osKernelStart
                0x08006560       0x68 ./Middlewares/Third_Party/FreeRTOS/Source/CMSIS_RTOS_V2/cmsis_os2.o
                0x08006560                osKernelStart
 .text.osThreadNew
                0x080065c8      0x154 ./Middlewares/Third_Party/FreeRTOS/Source/CMSIS_RTOS_V2/cmsis_os2.o
                0x080065c8                osThreadNew
 .text.osDelay  0x0800671c       0x5c ./Middlewares/Third_Party/FreeRTOS/Source/CMSIS_RTOS_V2/cmsis_os2.o
                0x0800671c                osDelay
 .text.vApplicationGetIdleTaskMemory
                0x08006778       0x30 ./Middlewares/Third_Party/FreeRTOS/Source/CMSIS_RTOS_V2/cmsis_os2.o
                0x08006778                vApplicationGetIdleTaskMemory
 .text.vApplicationGetTimerTaskMemory
                0x080067a8       0x34 ./Middlewares/Third_Party/FreeRTOS/Source/CMSIS_RTOS_V2/cmsis_os2.o
                0x080067a8                vApplicationGetTimerTaskMemory
 .text.vListInitialise
                0x080067dc       0x3e ./Middlewares/Third_Party/FreeRTOS/Source/list.o
                0x080067dc                vListInitialise
 .text.vListInitialiseItem
                0x0800681a       0x18 ./Middlewares/Third_Party/FreeRTOS/Source/list.o
                0x0800681a                vListInitialiseItem
 .text.vListInsertEnd
                0x08006832       0x46 ./Middlewares/Third_Party/FreeRTOS/Source/list.o
                0x08006832                vListInsertEnd
 .text.vListInsert
                0x08006878       0x70 ./Middlewares/Third_Party/FreeRTOS/Source/list.o
                0x08006878                vListInsert
 .text.uxListRemove
                0x080068e8       0x52 ./Middlewares/Third_Party/FreeRTOS/Source/list.o
                0x080068e8                uxListRemove
 *fill*         0x0800693a        0x2 
 .text.xQueueGenericReset
                0x0800693c       0xd4 ./Middlewares/Third_Party/FreeRTOS/Source/queue.o
                0x0800693c                xQueueGenericReset
 .text.xQueueGenericCreateStatic
                0x08006a10       0xf8 ./Middlewares/Third_Party/FreeRTOS/Source/queue.o
                0x08006a10                xQueueGenericCreateStatic
 .text.xQueueGenericCreate
                0x08006b08       0x7e ./Middlewares/Third_Party/FreeRTOS/Source/queue.o
                0x08006b08                xQueueGenericCreate
 .text.prvInitialiseNewQueue
                0x08006b86       0x46 ./Middlewares/Third_Party/FreeRTOS/Source/queue.o
 .text.prvInitialiseMutex
                0x08006bcc       0x34 ./Middlewares/Third_Party/FreeRTOS/Source/queue.o
 .text.xQueueCreateMutex
                0x08006c00       0x30 ./Middlewares/Third_Party/FreeRTOS/Source/queue.o
                0x08006c00                xQueueCreateMutex
 .text.xQueueGenericSend
                0x08006c30      0x204 ./Middlewares/Third_Party/FreeRTOS/Source/queue.o
                0x08006c30                xQueueGenericSend
 .text.xQueueGenericSendFromISR
                0x08006e34      0x136 ./Middlewares/Third_Party/FreeRTOS/Source/queue.o
                0x08006e34                xQueueGenericSendFromISR
 *fill*         0x08006f6a        0x2 
 .text.xQueueReceive
                0x08006f6c      0x1c4 ./Middlewares/Third_Party/FreeRTOS/Source/queue.o
                0x08006f6c                xQueueReceive
 .text.xQueueSemaphoreTake
                0x08007130      0x220 ./Middlewares/Third_Party/FreeRTOS/Source/queue.o
                0x08007130                xQueueSemaphoreTake
 .text.prvGetDisinheritPriorityAfterTimeout
                0x08007350       0x2e ./Middlewares/Third_Party/FreeRTOS/Source/queue.o
 .text.prvCopyDataToQueue
                0x0800737e       0xd4 ./Middlewares/Third_Party/FreeRTOS/Source/queue.o
 .text.prvCopyDataFromQueue
                0x08007452       0x4c ./Middlewares/Third_Party/FreeRTOS/Source/queue.o
 .text.prvUnlockQueue
                0x0800749e       0xa4 ./Middlewares/Third_Party/FreeRTOS/Source/queue.o
 .text.prvIsQueueEmpty
                0x08007542       0x2c ./Middlewares/Third_Party/FreeRTOS/Source/queue.o
 .text.prvIsQueueFull
                0x0800756e       0x30 ./Middlewares/Third_Party/FreeRTOS/Source/queue.o
 *fill*         0x0800759e        0x2 
 .text.vQueueAddToRegistry
                0x080075a0       0x50 ./Middlewares/Third_Party/FreeRTOS/Source/queue.o
                0x080075a0                vQueueAddToRegistry
 .text.vQueueWaitForMessageRestricted
                0x080075f0       0x68 ./Middlewares/Third_Party/FreeRTOS/Source/queue.o
                0x080075f0                vQueueWaitForMessageRestricted
 .text.xTaskCreateStatic
                0x08007658       0xbe ./Middlewares/Third_Party/FreeRTOS/Source/tasks.o
                0x08007658                xTaskCreateStatic
 .text.xTaskCreate
                0x08007716       0x8a ./Middlewares/Third_Party/FreeRTOS/Source/tasks.o
                0x08007716                xTaskCreate
 .text.prvInitialiseNewTask
                0x080077a0      0x140 ./Middlewares/Third_Party/FreeRTOS/Source/tasks.o
 .text.prvAddNewTaskToReadyList
                0x080078e0       0xe0 ./Middlewares/Third_Party/FreeRTOS/Source/tasks.o
 .text.vTaskDelay
                0x080079c0       0x6c ./Middlewares/Third_Party/FreeRTOS/Source/tasks.o
                0x080079c0                vTaskDelay
 .text.vTaskStartScheduler
                0x08007a2c       0xe0 ./Middlewares/Third_Party/FreeRTOS/Source/tasks.o
                0x08007a2c                vTaskStartScheduler
 .text.vTaskSuspendAll
                0x08007b0c       0x1c ./Middlewares/Third_Party/FreeRTOS/Source/tasks.o
                0x08007b0c                vTaskSuspendAll
 .text.xTaskResumeAll
                0x08007b28      0x13c ./Middlewares/Third_Party/FreeRTOS/Source/tasks.o
                0x08007b28                xTaskResumeAll
 .text.xTaskGetTickCount
                0x08007c64       0x1c ./Middlewares/Third_Party/FreeRTOS/Source/tasks.o
                0x08007c64                xTaskGetTickCount
 .text.xTaskIncrementTick
                0x08007c80      0x180 ./Middlewares/Third_Party/FreeRTOS/Source/tasks.o
                0x08007c80                xTaskIncrementTick
 .text.vTaskSwitchContext
                0x08007e00       0xc8 ./Middlewares/Third_Party/FreeRTOS/Source/tasks.o
                0x08007e00                vTaskSwitchContext
 .text.vTaskPlaceOnEventList
                0x08007ec8       0x4c ./Middlewares/Third_Party/FreeRTOS/Source/tasks.o
                0x08007ec8                vTaskPlaceOnEventList
 .text.vTaskPlaceOnEventListRestricted
                0x08007f14       0x58 ./Middlewares/Third_Party/FreeRTOS/Source/tasks.o
                0x08007f14                vTaskPlaceOnEventListRestricted
 .text.xTaskRemoveFromEventList
                0x08007f6c       0xc8 ./Middlewares/Third_Party/FreeRTOS/Source/tasks.o
                0x08007f6c                xTaskRemoveFromEventList
 .text.vTaskInternalSetTimeOutState
                0x08008034       0x2c ./Middlewares/Third_Party/FreeRTOS/Source/tasks.o
                0x08008034                vTaskInternalSetTimeOutState
 .text.xTaskCheckForTimeOut
                0x08008060       0xc8 ./Middlewares/Third_Party/FreeRTOS/Source/tasks.o
                0x08008060                xTaskCheckForTimeOut
 .text.vTaskMissedYield
                0x08008128       0x18 ./Middlewares/Third_Party/FreeRTOS/Source/tasks.o
                0x08008128                vTaskMissedYield
 .text.prvIdleTask
                0x08008140       0x30 ./Middlewares/Third_Party/FreeRTOS/Source/tasks.o
 .text.prvInitialiseTaskLists
                0x08008170       0x80 ./Middlewares/Third_Party/FreeRTOS/Source/tasks.o
 .text.prvCheckTasksWaitingTermination
                0x080081f0       0x5c ./Middlewares/Third_Party/FreeRTOS/Source/tasks.o
 .text.prvDeleteTCB
                0x0800824c       0x6a ./Middlewares/Third_Party/FreeRTOS/Source/tasks.o
 *fill*         0x080082b6        0x2 
 .text.prvResetNextTaskUnblockTime
                0x080082b8       0x48 ./Middlewares/Third_Party/FreeRTOS/Source/tasks.o
 .text.xTaskGetSchedulerState
                0x08008300       0x3c ./Middlewares/Third_Party/FreeRTOS/Source/tasks.o
                0x08008300                xTaskGetSchedulerState
 .text.xTaskPriorityInherit
                0x0800833c       0xdc ./Middlewares/Third_Party/FreeRTOS/Source/tasks.o
                0x0800833c                xTaskPriorityInherit
 .text.xTaskPriorityDisinherit
                0x08008418       0xe0 ./Middlewares/Third_Party/FreeRTOS/Source/tasks.o
                0x08008418                xTaskPriorityDisinherit
 .text.vTaskPriorityDisinheritAfterTimeout
                0x080084f8      0x110 ./Middlewares/Third_Party/FreeRTOS/Source/tasks.o
                0x080084f8                vTaskPriorityDisinheritAfterTimeout
 .text.pvTaskIncrementMutexHeldCount
                0x08008608       0x28 ./Middlewares/Third_Party/FreeRTOS/Source/tasks.o
                0x08008608                pvTaskIncrementMutexHeldCount
 .text.prvAddCurrentTaskToDelayedList
                0x08008630       0xa8 ./Middlewares/Third_Party/FreeRTOS/Source/tasks.o
 .text.xTimerCreateTimerTask
                0x080086d8       0x94 ./Middlewares/Third_Party/FreeRTOS/Source/timers.o
                0x080086d8                xTimerCreateTimerTask
 .text.xTimerGenericCommand
                0x0800876c       0x9c ./Middlewares/Third_Party/FreeRTOS/Source/timers.o
                0x0800876c                xTimerGenericCommand
 .text.prvProcessExpiredTimer
                0x08008808       0x84 ./Middlewares/Third_Party/FreeRTOS/Source/timers.o
 .text.prvTimerTask
                0x0800888c       0x26 ./Middlewares/Third_Party/FreeRTOS/Source/timers.o
 *fill*         0x080088b2        0x2 
 .text.prvProcessTimerOrBlockTask
                0x080088b4       0x9c ./Middlewares/Third_Party/FreeRTOS/Source/timers.o
 .text.prvGetNextExpireTime
                0x08008950       0x48 ./Middlewares/Third_Party/FreeRTOS/Source/timers.o
 .text.prvSampleTimeNow
                0x08008998       0x40 ./Middlewares/Third_Party/FreeRTOS/Source/timers.o
 .text.prvInsertTimerInActiveList
                0x080089d8       0x84 ./Middlewares/Third_Party/FreeRTOS/Source/timers.o
 .text.prvProcessReceivedCommands
                0x08008a5c      0x178 ./Middlewares/Third_Party/FreeRTOS/Source/timers.o
 .text.prvSwitchTimerLists
                0x08008bd4       0xc4 ./Middlewares/Third_Party/FreeRTOS/Source/timers.o
 .text.prvCheckForValidListAndQueue
                0x08008c98       0x80 ./Middlewares/Third_Party/FreeRTOS/Source/timers.o
 .text.pxPortInitialiseStack
                0x08008d18       0x58 ./Middlewares/Third_Party/FreeRTOS/Source/portable/GCC/ARM_CM3/port.o
                0x08008d18                pxPortInitialiseStack
 .text.prvTaskExitError
                0x08008d70       0x58 ./Middlewares/Third_Party/FreeRTOS/Source/portable/GCC/ARM_CM3/port.o
 *fill*         0x08008dc8        0x8 
 .text.SVC_Handler
                0x08008dd0       0x28 ./Middlewares/Third_Party/FreeRTOS/Source/portable/GCC/ARM_CM3/port.o
                0x08008dd0                SVC_Handler
 .text.prvPortStartFirstTask
                0x08008df8       0x20 ./Middlewares/Third_Party/FreeRTOS/Source/portable/GCC/ARM_CM3/port.o
 .text.xPortStartScheduler
                0x08008e18       0xe4 ./Middlewares/Third_Party/FreeRTOS/Source/portable/GCC/ARM_CM3/port.o
                0x08008e18                xPortStartScheduler
 .text.vPortEnterCritical
                0x08008efc       0x60 ./Middlewares/Third_Party/FreeRTOS/Source/portable/GCC/ARM_CM3/port.o
                0x08008efc                vPortEnterCritical
 .text.vPortExitCritical
                0x08008f5c       0x54 ./Middlewares/Third_Party/FreeRTOS/Source/portable/GCC/ARM_CM3/port.o
                0x08008f5c                vPortExitCritical
 .text.PendSV_Handler
                0x08008fb0       0x48 ./Middlewares/Third_Party/FreeRTOS/Source/portable/GCC/ARM_CM3/port.o
                0x08008fb0                PendSV_Handler
 .text.SysTick_Handler
                0x08008ff8       0x44 ./Middlewares/Third_Party/FreeRTOS/Source/portable/GCC/ARM_CM3/port.o
                0x08008ff8                SysTick_Handler
 .text.vPortSetupTimerInterrupt
                0x0800903c       0x44 ./Middlewares/Third_Party/FreeRTOS/Source/portable/GCC/ARM_CM3/port.o
                0x0800903c                vPortSetupTimerInterrupt
 .text.vPortValidateInterruptPriority
                0x08009080       0x80 ./Middlewares/Third_Party/FreeRTOS/Source/portable/GCC/ARM_CM3/port.o
                0x08009080                vPortValidateInterruptPriority
 .text.pvPortMalloc
                0x08009100      0x190 ./Middlewares/Third_Party/FreeRTOS/Source/portable/MemMang/heap_4.o
                0x08009100                pvPortMalloc
 .text.vPortFree
                0x08009290       0xb8 ./Middlewares/Third_Party/FreeRTOS/Source/portable/MemMang/heap_4.o
                0x08009290                vPortFree
 .text.prvHeapInit
                0x08009348       0xc4 ./Middlewares/Third_Party/FreeRTOS/Source/portable/MemMang/heap_4.o
 .text.prvInsertBlockIntoFreeList
                0x0800940c       0xb0 ./Middlewares/Third_Party/FreeRTOS/Source/portable/MemMang/heap_4.o
 .text.MX_USB_DEVICE_Init
                0x080094bc       0x60 ./USB_DEVICE/App/usb_device.o
                0x080094bc                MX_USB_DEVICE_Init
 .text.CUSTOM_HID_Init_FS
                0x0800951c        0xe ./USB_DEVICE/App/usbd_custom_hid_if.o
 .text.CUSTOM_HID_DeInit_FS
                0x0800952a        0xe ./USB_DEVICE/App/usbd_custom_hid_if.o
 .text.CUSTOM_HID_OutEvent_FS
                0x08009538       0x6c ./USB_DEVICE/App/usbd_custom_hid_if.o
 .text.USBD_CUSTOM_HID_ReceivePacket
                0x080095a4       0x44 ./USB_DEVICE/App/usbd_custom_hid_if.o
                0x080095a4                USBD_CUSTOM_HID_ReceivePacket
 .text.USBD_CUSTOM_HID_GetDataBuffer
                0x080095e8       0x18 ./USB_DEVICE/App/usbd_custom_hid_if.o
                0x080095e8                USBD_CUSTOM_HID_GetDataBuffer
 .text.USBD_FS_DeviceDescriptor
                0x08009600       0x24 ./USB_DEVICE/App/usbd_desc.o
                0x08009600                USBD_FS_DeviceDescriptor
 .text.USBD_FS_LangIDStrDescriptor
                0x08009624       0x24 ./USB_DEVICE/App/usbd_desc.o
                0x08009624                USBD_FS_LangIDStrDescriptor
 .text.USBD_FS_ProductStrDescriptor
                0x08009648       0x3c ./USB_DEVICE/App/usbd_desc.o
                0x08009648                USBD_FS_ProductStrDescriptor
 .text.USBD_FS_ManufacturerStrDescriptor
                0x08009684       0x28 ./USB_DEVICE/App/usbd_desc.o
                0x08009684                USBD_FS_ManufacturerStrDescriptor
 .text.USBD_FS_SerialStrDescriptor
                0x080096ac       0x24 ./USB_DEVICE/App/usbd_desc.o
                0x080096ac                USBD_FS_SerialStrDescriptor
 .text.USBD_FS_ConfigStrDescriptor
                0x080096d0       0x3c ./USB_DEVICE/App/usbd_desc.o
                0x080096d0                USBD_FS_ConfigStrDescriptor
 .text.USBD_FS_InterfaceStrDescriptor
                0x0800970c       0x3c ./USB_DEVICE/App/usbd_desc.o
                0x0800970c                USBD_FS_InterfaceStrDescriptor
 .text.Get_SerialNum
                0x08009748       0x58 ./USB_DEVICE/App/usbd_desc.o
 .text.IntToUnicode
                0x080097a0       0x7c ./USB_DEVICE/App/usbd_desc.o
 .text.HAL_PCD_MspInit
                0x0800981c       0x4c ./USB_DEVICE/Target/usbd_conf.o
                0x0800981c                HAL_PCD_MspInit
 .text.HAL_PCD_SetupStageCallback
                0x08009868       0x24 ./USB_DEVICE/Target/usbd_conf.o
                0x08009868                HAL_PCD_SetupStageCallback
 .text.HAL_PCD_DataOutStageCallback
                0x0800988c       0x30 ./USB_DEVICE/Target/usbd_conf.o
                0x0800988c                HAL_PCD_DataOutStageCallback
 .text.HAL_PCD_DataInStageCallback
                0x080098bc       0x2e ./USB_DEVICE/Target/usbd_conf.o
                0x080098bc                HAL_PCD_DataInStageCallback
 .text.HAL_PCD_SOFCallback
                0x080098ea       0x1c ./USB_DEVICE/Target/usbd_conf.o
                0x080098ea                HAL_PCD_SOFCallback
 .text.HAL_PCD_ResetCallback
                0x08009906       0x3c ./USB_DEVICE/Target/usbd_conf.o
                0x08009906                HAL_PCD_ResetCallback
 *fill*         0x08009942        0x2 
 .text.HAL_PCD_SuspendCallback
                0x08009944       0x34 ./USB_DEVICE/Target/usbd_conf.o
                0x08009944                HAL_PCD_SuspendCallback
 .text.HAL_PCD_ResumeCallback
                0x08009978       0x1c ./USB_DEVICE/Target/usbd_conf.o
                0x08009978                HAL_PCD_ResumeCallback
 .text.USBD_LL_Init
                0x08009994       0xa0 ./USB_DEVICE/Target/usbd_conf.o
                0x08009994                USBD_LL_Init
 .text.USBD_LL_Start
                0x08009a34       0x36 ./USB_DEVICE/Target/usbd_conf.o
                0x08009a34                USBD_LL_Start
 .text.USBD_LL_OpenEP
                0x08009a6a       0x4c ./USB_DEVICE/Target/usbd_conf.o
                0x08009a6a                USBD_LL_OpenEP
 .text.USBD_LL_CloseEP
                0x08009ab6       0x3e ./USB_DEVICE/Target/usbd_conf.o
                0x08009ab6                USBD_LL_CloseEP
 .text.USBD_LL_StallEP
                0x08009af4       0x3e ./USB_DEVICE/Target/usbd_conf.o
                0x08009af4                USBD_LL_StallEP
 .text.USBD_LL_ClearStallEP
                0x08009b32       0x3e ./USB_DEVICE/Target/usbd_conf.o
                0x08009b32                USBD_LL_ClearStallEP
 .text.USBD_LL_IsStallEP
                0x08009b70       0x4a ./USB_DEVICE/Target/usbd_conf.o
                0x08009b70                USBD_LL_IsStallEP
 .text.USBD_LL_SetUSBAddress
                0x08009bba       0x3e ./USB_DEVICE/Target/usbd_conf.o
                0x08009bba                USBD_LL_SetUSBAddress
 .text.USBD_LL_Transmit
                0x08009bf8       0x46 ./USB_DEVICE/Target/usbd_conf.o
                0x08009bf8                USBD_LL_Transmit
 .text.USBD_LL_PrepareReceive
                0x08009c3e       0x46 ./USB_DEVICE/Target/usbd_conf.o
                0x08009c3e                USBD_LL_PrepareReceive
 .text.USBD_static_malloc
                0x08009c84       0x18 ./USB_DEVICE/Target/usbd_conf.o
                0x08009c84                USBD_static_malloc
 .text.USBD_static_free
                0x08009c9c       0x12 ./USB_DEVICE/Target/usbd_conf.o
                0x08009c9c                USBD_static_free
 .text.HAL_PCDEx_SetConnectionState
                0x08009cae       0x16 ./USB_DEVICE/Target/usbd_conf.o
                0x08009cae                HAL_PCDEx_SetConnectionState
 .text.USBD_Get_USB_Status
                0x08009cc4       0x58 ./USB_DEVICE/Target/usbd_conf.o
 .text.__io_putchar
                0x08009d1c       0x24 ./user/user_debug.o
                0x08009d1c                __io_putchar
 .text.led_0_on
                0x08009d40       0x18 ./user/user_gpio.o
                0x08009d40                led_0_on
 .text.led_0_off
                0x08009d58       0x18 ./user/user_gpio.o
                0x08009d58                led_0_off
 .text.led_1_on
                0x08009d70       0x18 ./user/user_gpio.o
                0x08009d70                led_1_on
 .text.led_1_off
                0x08009d88       0x18 ./user/user_gpio.o
                0x08009d88                led_1_off
 .text.get_key_0_states
                0x08009da0       0x20 ./user/user_gpio.o
                0x08009da0                get_key_0_states
 .text.led_1_Reversal
                0x08009dc0       0x14 ./user/user_gpio.o
                0x08009dc0                led_1_Reversal
 .text.stateTask
                0x08009dd4       0x68 ./user/user_task.o
                0x08009dd4                stateTask
 .text.initTask
                0x08009e3c        0xc ./user/user_task.o
                0x08009e3c                initTask
 .text.stopTask
                0x08009e48       0x28 ./user/user_task.o
                0x08009e48                stopTask
 .text.readyTask
                0x08009e70       0x44 ./user/user_task.o
                0x08009e70                readyTask
 .text.pauseTask
                0x08009eb4       0x48 ./user/user_task.o
                0x08009eb4                pauseTask
 .text.workTask
                0x08009efc        0xc ./user/user_task.o
                0x08009efc                workTask
 .text.errorTask
                0x08009f08       0x34 ./user/user_task.o
                0x08009f08                errorTask
 .text.defaultTask
                0x08009f3c       0x34 ./user/user_task.o
                0x08009f3c                defaultTask
 .text.Usart2_Transmit_Data
                0x08009f70       0x68 ./user/user_usart.o
                0x08009f70                Usart2_Transmit_Data
 .text.HAL_UART_RxCpltCallback
                0x08009fd8       0x80 ./user/user_usart.o
                0x08009fd8                HAL_UART_RxCpltCallback
 .text.Init_Usart2
                0x0800a058       0x2c ./user/user_usart.o
                0x0800a058                Init_Usart2
 .text.Usart2_Parse_Data
                0x0800a084      0x168 ./user/user_usart.o
                0x0800a084                Usart2_Parse_Data
 .text.Set_State
                0x0800a1ec       0x78 ./user/user_usart.o
                0x0800a1ec                Set_State
 .text.Usart2_Screen_Check_Data
                0x0800a264       0x66 ./user/user_usart.o
                0x0800a264                Usart2_Screen_Check_Data
 *fill*         0x0800a2ca        0x2 
 .text.Change_Screen_ID
                0x0800a2cc       0x80 ./user/user_usart.o
                0x0800a2cc                Change_Screen_ID
 .text.USB_Send_Data
                0x0800a34c       0x54 ./user/user_usb.o
                0x0800a34c                USB_Send_Data
 .text.Parse_USB_Data
                0x0800a3a0      0x338 ./user/user_usb.o
                0x0800a3a0                Parse_USB_Data
 .text.Check_Data_Sum
                0x0800a6d8       0x5a ./user/user_usb.o
                0x0800a6d8                Check_Data_Sum
 *fill*         0x0800a732        0x2 
 .text.Show_Data_Hex
                0x0800a734       0x54 ./user/user_usb.o
                0x0800a734                Show_Data_Hex
 .text.Get_Data_Sum
                0x0800a788       0x46 ./user/user_usb.o
                0x0800a788                Get_Data_Sum
 *fill*         0x0800a7ce        0x2 
 .text.rand     0x0800a7d0       0x7c D:/software/STM32CubeIDE_1.16.1/STM32CubeIDE/plugins/com.st.stm32cube.ide.mcu.externaltools.gnu-tools-for-stm32.12.3.rel1.win32_1.0.200.202406191623/tools/bin/../lib/gcc/arm-none-eabi/12.3.1/../../../../arm-none-eabi/lib/thumb/v7-m/nofp\libc_nano.a(libc_a-rand.o)
                0x0800a7d0                rand
 .text.std      0x0800a84c       0x6c D:/software/STM32CubeIDE_1.16.1/STM32CubeIDE/plugins/com.st.stm32cube.ide.mcu.externaltools.gnu-tools-for-stm32.12.3.rel1.win32_1.0.200.202406191623/tools/bin/../lib/gcc/arm-none-eabi/12.3.1/../../../../arm-none-eabi/lib/thumb/v7-m/nofp\libc_nano.a(libc_a-findfp.o)
 .text.stdio_exit_handler
                0x0800a8b8       0x18 D:/software/STM32CubeIDE_1.16.1/STM32CubeIDE/plugins/com.st.stm32cube.ide.mcu.externaltools.gnu-tools-for-stm32.12.3.rel1.win32_1.0.200.202406191623/tools/bin/../lib/gcc/arm-none-eabi/12.3.1/../../../../arm-none-eabi/lib/thumb/v7-m/nofp\libc_nano.a(libc_a-findfp.o)
 .text.cleanup_stdio
                0x0800a8d0       0x40 D:/software/STM32CubeIDE_1.16.1/STM32CubeIDE/plugins/com.st.stm32cube.ide.mcu.externaltools.gnu-tools-for-stm32.12.3.rel1.win32_1.0.200.202406191623/tools/bin/../lib/gcc/arm-none-eabi/12.3.1/../../../../arm-none-eabi/lib/thumb/v7-m/nofp\libc_nano.a(libc_a-findfp.o)
 .text.global_stdio_init.part.0
                0x0800a910       0x3c D:/software/STM32CubeIDE_1.16.1/STM32CubeIDE/plugins/com.st.stm32cube.ide.mcu.externaltools.gnu-tools-for-stm32.12.3.rel1.win32_1.0.200.202406191623/tools/bin/../lib/gcc/arm-none-eabi/12.3.1/../../../../arm-none-eabi/lib/thumb/v7-m/nofp\libc_nano.a(libc_a-findfp.o)
 .text.__sfp_lock_acquire
                0x0800a94c        0xc D:/software/STM32CubeIDE_1.16.1/STM32CubeIDE/plugins/com.st.stm32cube.ide.mcu.externaltools.gnu-tools-for-stm32.12.3.rel1.win32_1.0.200.202406191623/tools/bin/../lib/gcc/arm-none-eabi/12.3.1/../../../../arm-none-eabi/lib/thumb/v7-m/nofp\libc_nano.a(libc_a-findfp.o)
                0x0800a94c                __sfp_lock_acquire
 .text.__sfp_lock_release
                0x0800a958        0xc D:/software/STM32CubeIDE_1.16.1/STM32CubeIDE/plugins/com.st.stm32cube.ide.mcu.externaltools.gnu-tools-for-stm32.12.3.rel1.win32_1.0.200.202406191623/tools/bin/../lib/gcc/arm-none-eabi/12.3.1/../../../../arm-none-eabi/lib/thumb/v7-m/nofp\libc_nano.a(libc_a-findfp.o)
                0x0800a958                __sfp_lock_release
 .text.__sinit  0x0800a964       0x30 D:/software/STM32CubeIDE_1.16.1/STM32CubeIDE/plugins/com.st.stm32cube.ide.mcu.externaltools.gnu-tools-for-stm32.12.3.rel1.win32_1.0.200.202406191623/tools/bin/../lib/gcc/arm-none-eabi/12.3.1/../../../../arm-none-eabi/lib/thumb/v7-m/nofp\libc_nano.a(libc_a-findfp.o)
                0x0800a964                __sinit
 .text._fwalk_sglue
                0x0800a994       0x3c D:/software/STM32CubeIDE_1.16.1/STM32CubeIDE/plugins/com.st.stm32cube.ide.mcu.externaltools.gnu-tools-for-stm32.12.3.rel1.win32_1.0.200.202406191623/tools/bin/../lib/gcc/arm-none-eabi/12.3.1/../../../../arm-none-eabi/lib/thumb/v7-m/nofp\libc_nano.a(libc_a-fwalk.o)
                0x0800a994                _fwalk_sglue
 .text.printf   0x0800a9d0       0x24 D:/software/STM32CubeIDE_1.16.1/STM32CubeIDE/plugins/com.st.stm32cube.ide.mcu.externaltools.gnu-tools-for-stm32.12.3.rel1.win32_1.0.200.202406191623/tools/bin/../lib/gcc/arm-none-eabi/12.3.1/../../../../arm-none-eabi/lib/thumb/v7-m/nofp\libc_nano.a(libc_a-printf.o)
                0x0800a9d0                iprintf
                0x0800a9d0                printf
 .text._puts_r  0x0800a9f4       0xaa D:/software/STM32CubeIDE_1.16.1/STM32CubeIDE/plugins/com.st.stm32cube.ide.mcu.externaltools.gnu-tools-for-stm32.12.3.rel1.win32_1.0.200.202406191623/tools/bin/../lib/gcc/arm-none-eabi/12.3.1/../../../../arm-none-eabi/lib/thumb/v7-m/nofp\libc_nano.a(libc_a-puts.o)
                0x0800a9f4                _puts_r
 *fill*         0x0800aa9e        0x2 
 .text.puts     0x0800aaa0       0x10 D:/software/STM32CubeIDE_1.16.1/STM32CubeIDE/plugins/com.st.stm32cube.ide.mcu.externaltools.gnu-tools-for-stm32.12.3.rel1.win32_1.0.200.202406191623/tools/bin/../lib/gcc/arm-none-eabi/12.3.1/../../../../arm-none-eabi/lib/thumb/v7-m/nofp\libc_nano.a(libc_a-puts.o)
                0x0800aaa0                puts
 .text.__sread  0x0800aab0       0x22 D:/software/STM32CubeIDE_1.16.1/STM32CubeIDE/plugins/com.st.stm32cube.ide.mcu.externaltools.gnu-tools-for-stm32.12.3.rel1.win32_1.0.200.202406191623/tools/bin/../lib/gcc/arm-none-eabi/12.3.1/../../../../arm-none-eabi/lib/thumb/v7-m/nofp\libc_nano.a(libc_a-stdio.o)
                0x0800aab0                __sread
 .text.__swrite
                0x0800aad2       0x38 D:/software/STM32CubeIDE_1.16.1/STM32CubeIDE/plugins/com.st.stm32cube.ide.mcu.externaltools.gnu-tools-for-stm32.12.3.rel1.win32_1.0.200.202406191623/tools/bin/../lib/gcc/arm-none-eabi/12.3.1/../../../../arm-none-eabi/lib/thumb/v7-m/nofp\libc_nano.a(libc_a-stdio.o)
                0x0800aad2                __swrite
 .text.__sseek  0x0800ab0a       0x24 D:/software/STM32CubeIDE_1.16.1/STM32CubeIDE/plugins/com.st.stm32cube.ide.mcu.externaltools.gnu-tools-for-stm32.12.3.rel1.win32_1.0.200.202406191623/tools/bin/../lib/gcc/arm-none-eabi/12.3.1/../../../../arm-none-eabi/lib/thumb/v7-m/nofp\libc_nano.a(libc_a-stdio.o)
                0x0800ab0a                __sseek
 .text.__sclose
                0x0800ab2e        0x8 D:/software/STM32CubeIDE_1.16.1/STM32CubeIDE/plugins/com.st.stm32cube.ide.mcu.externaltools.gnu-tools-for-stm32.12.3.rel1.win32_1.0.200.202406191623/tools/bin/../lib/gcc/arm-none-eabi/12.3.1/../../../../arm-none-eabi/lib/thumb/v7-m/nofp\libc_nano.a(libc_a-stdio.o)
                0x0800ab2e                __sclose
 .text.__swbuf_r
                0x0800ab36       0x7c D:/software/STM32CubeIDE_1.16.1/STM32CubeIDE/plugins/com.st.stm32cube.ide.mcu.externaltools.gnu-tools-for-stm32.12.3.rel1.win32_1.0.200.202406191623/tools/bin/../lib/gcc/arm-none-eabi/12.3.1/../../../../arm-none-eabi/lib/thumb/v7-m/nofp\libc_nano.a(libc_a-wbuf.o)
                0x0800ab36                __swbuf_r
 *fill*         0x0800abb2        0x2 
 .text.__swsetup_r
                0x0800abb4       0xac D:/software/STM32CubeIDE_1.16.1/STM32CubeIDE/plugins/com.st.stm32cube.ide.mcu.externaltools.gnu-tools-for-stm32.12.3.rel1.win32_1.0.200.202406191623/tools/bin/../lib/gcc/arm-none-eabi/12.3.1/../../../../arm-none-eabi/lib/thumb/v7-m/nofp\libc_nano.a(libc_a-wsetup.o)
                0x0800abb4                __swsetup_r
 .text.memset   0x0800ac60       0x10 D:/software/STM32CubeIDE_1.16.1/STM32CubeIDE/plugins/com.st.stm32cube.ide.mcu.externaltools.gnu-tools-for-stm32.12.3.rel1.win32_1.0.200.202406191623/tools/bin/../lib/gcc/arm-none-eabi/12.3.1/../../../../arm-none-eabi/lib/thumb/v7-m/nofp\libc_nano.a(libc_a-memset.o)
                0x0800ac60                memset
 .text._close_r
                0x0800ac70       0x20 D:/software/STM32CubeIDE_1.16.1/STM32CubeIDE/plugins/com.st.stm32cube.ide.mcu.externaltools.gnu-tools-for-stm32.12.3.rel1.win32_1.0.200.202406191623/tools/bin/../lib/gcc/arm-none-eabi/12.3.1/../../../../arm-none-eabi/lib/thumb/v7-m/nofp\libc_nano.a(libc_a-closer.o)
                0x0800ac70                _close_r
 .text._reclaim_reent
                0x0800ac90       0xac D:/software/STM32CubeIDE_1.16.1/STM32CubeIDE/plugins/com.st.stm32cube.ide.mcu.externaltools.gnu-tools-for-stm32.12.3.rel1.win32_1.0.200.202406191623/tools/bin/../lib/gcc/arm-none-eabi/12.3.1/../../../../arm-none-eabi/lib/thumb/v7-m/nofp\libc_nano.a(libc_a-reent.o)
                0x0800ac90                _reclaim_reent
 .text._lseek_r
                0x0800ad3c       0x24 D:/software/STM32CubeIDE_1.16.1/STM32CubeIDE/plugins/com.st.stm32cube.ide.mcu.externaltools.gnu-tools-for-stm32.12.3.rel1.win32_1.0.200.202406191623/tools/bin/../lib/gcc/arm-none-eabi/12.3.1/../../../../arm-none-eabi/lib/thumb/v7-m/nofp\libc_nano.a(libc_a-lseekr.o)
                0x0800ad3c                _lseek_r
 .text._read_r  0x0800ad60       0x24 D:/software/STM32CubeIDE_1.16.1/STM32CubeIDE/plugins/com.st.stm32cube.ide.mcu.externaltools.gnu-tools-for-stm32.12.3.rel1.win32_1.0.200.202406191623/tools/bin/../lib/gcc/arm-none-eabi/12.3.1/../../../../arm-none-eabi/lib/thumb/v7-m/nofp\libc_nano.a(libc_a-readr.o)
                0x0800ad60                _read_r
 .text._write_r
                0x0800ad84       0x24 D:/software/STM32CubeIDE_1.16.1/STM32CubeIDE/plugins/com.st.stm32cube.ide.mcu.externaltools.gnu-tools-for-stm32.12.3.rel1.win32_1.0.200.202406191623/tools/bin/../lib/gcc/arm-none-eabi/12.3.1/../../../../arm-none-eabi/lib/thumb/v7-m/nofp\libc_nano.a(libc_a-writer.o)
                0x0800ad84                _write_r
 .text.__errno  0x0800ada8        0xc D:/software/STM32CubeIDE_1.16.1/STM32CubeIDE/plugins/com.st.stm32cube.ide.mcu.externaltools.gnu-tools-for-stm32.12.3.rel1.win32_1.0.200.202406191623/tools/bin/../lib/gcc/arm-none-eabi/12.3.1/../../../../arm-none-eabi/lib/thumb/v7-m/nofp\libc_nano.a(libc_a-errno.o)
                0x0800ada8                __errno
 .text.__libc_init_array
                0x0800adb4       0x48 D:/software/STM32CubeIDE_1.16.1/STM32CubeIDE/plugins/com.st.stm32cube.ide.mcu.externaltools.gnu-tools-for-stm32.12.3.rel1.win32_1.0.200.202406191623/tools/bin/../lib/gcc/arm-none-eabi/12.3.1/../../../../arm-none-eabi/lib/thumb/v7-m/nofp\libc_nano.a(libc_a-init.o)
                0x0800adb4                __libc_init_array
 .text.__retarget_lock_init_recursive
                0x0800adfc        0x2 D:/software/STM32CubeIDE_1.16.1/STM32CubeIDE/plugins/com.st.stm32cube.ide.mcu.externaltools.gnu-tools-for-stm32.12.3.rel1.win32_1.0.200.202406191623/tools/bin/../lib/gcc/arm-none-eabi/12.3.1/../../../../arm-none-eabi/lib/thumb/v7-m/nofp\libc_nano.a(libc_a-lock.o)
                0x0800adfc                __retarget_lock_init_recursive
 .text.__retarget_lock_acquire_recursive
                0x0800adfe        0x2 D:/software/STM32CubeIDE_1.16.1/STM32CubeIDE/plugins/com.st.stm32cube.ide.mcu.externaltools.gnu-tools-for-stm32.12.3.rel1.win32_1.0.200.202406191623/tools/bin/../lib/gcc/arm-none-eabi/12.3.1/../../../../arm-none-eabi/lib/thumb/v7-m/nofp\libc_nano.a(libc_a-lock.o)
                0x0800adfe                __retarget_lock_acquire_recursive
 .text.__retarget_lock_release_recursive
                0x0800ae00        0x2 D:/software/STM32CubeIDE_1.16.1/STM32CubeIDE/plugins/com.st.stm32cube.ide.mcu.externaltools.gnu-tools-for-stm32.12.3.rel1.win32_1.0.200.202406191623/tools/bin/../lib/gcc/arm-none-eabi/12.3.1/../../../../arm-none-eabi/lib/thumb/v7-m/nofp\libc_nano.a(libc_a-lock.o)
                0x0800ae00                __retarget_lock_release_recursive
 .text.memcpy   0x0800ae02       0x1c D:/software/STM32CubeIDE_1.16.1/STM32CubeIDE/plugins/com.st.stm32cube.ide.mcu.externaltools.gnu-tools-for-stm32.12.3.rel1.win32_1.0.200.202406191623/tools/bin/../lib/gcc/arm-none-eabi/12.3.1/../../../../arm-none-eabi/lib/thumb/v7-m/nofp\libc_nano.a(libc_a-memcpy-stub.o)
                0x0800ae02                memcpy
 *fill*         0x0800ae1e        0x2 
 .text.__assert_func
                0x0800ae20       0x3c D:/software/STM32CubeIDE_1.16.1/STM32CubeIDE/plugins/com.st.stm32cube.ide.mcu.externaltools.gnu-tools-for-stm32.12.3.rel1.win32_1.0.200.202406191623/tools/bin/../lib/gcc/arm-none-eabi/12.3.1/../../../../arm-none-eabi/lib/thumb/v7-m/nofp\libc_nano.a(libc_a-assert.o)
                0x0800ae20                __assert_func
 .text._free_r  0x0800ae5c       0x90 D:/software/STM32CubeIDE_1.16.1/STM32CubeIDE/plugins/com.st.stm32cube.ide.mcu.externaltools.gnu-tools-for-stm32.12.3.rel1.win32_1.0.200.202406191623/tools/bin/../lib/gcc/arm-none-eabi/12.3.1/../../../../arm-none-eabi/lib/thumb/v7-m/nofp\libc_nano.a(libc_a-freer.o)
                0x0800ae5c                _free_r
 .text.malloc   0x0800aeec       0x10 D:/software/STM32CubeIDE_1.16.1/STM32CubeIDE/plugins/com.st.stm32cube.ide.mcu.externaltools.gnu-tools-for-stm32.12.3.rel1.win32_1.0.200.202406191623/tools/bin/../lib/gcc/arm-none-eabi/12.3.1/../../../../arm-none-eabi/lib/thumb/v7-m/nofp\libc_nano.a(libc_a-malloc.o)
                0x0800aeec                malloc
 .text.sbrk_aligned
                0x0800aefc       0x44 D:/software/STM32CubeIDE_1.16.1/STM32CubeIDE/plugins/com.st.stm32cube.ide.mcu.externaltools.gnu-tools-for-stm32.12.3.rel1.win32_1.0.200.202406191623/tools/bin/../lib/gcc/arm-none-eabi/12.3.1/../../../../arm-none-eabi/lib/thumb/v7-m/nofp\libc_nano.a(libc_a-mallocr.o)
 .text._malloc_r
                0x0800af40      0x100 D:/software/STM32CubeIDE_1.16.1/STM32CubeIDE/plugins/com.st.stm32cube.ide.mcu.externaltools.gnu-tools-for-stm32.12.3.rel1.win32_1.0.200.202406191623/tools/bin/../lib/gcc/arm-none-eabi/12.3.1/../../../../arm-none-eabi/lib/thumb/v7-m/nofp\libc_nano.a(libc_a-mallocr.o)
                0x0800af40                _malloc_r
 .text.__malloc_lock
                0x0800b040        0xc D:/software/STM32CubeIDE_1.16.1/STM32CubeIDE/plugins/com.st.stm32cube.ide.mcu.externaltools.gnu-tools-for-stm32.12.3.rel1.win32_1.0.200.202406191623/tools/bin/../lib/gcc/arm-none-eabi/12.3.1/../../../../arm-none-eabi/lib/thumb/v7-m/nofp\libc_nano.a(libc_a-mlock.o)
                0x0800b040                __malloc_lock
 .text.__malloc_unlock
                0x0800b04c        0xc D:/software/STM32CubeIDE_1.16.1/STM32CubeIDE/plugins/com.st.stm32cube.ide.mcu.externaltools.gnu-tools-for-stm32.12.3.rel1.win32_1.0.200.202406191623/tools/bin/../lib/gcc/arm-none-eabi/12.3.1/../../../../arm-none-eabi/lib/thumb/v7-m/nofp\libc_nano.a(libc_a-mlock.o)
                0x0800b04c                __malloc_unlock
 .text.__sfputc_r
                0x0800b058       0x2a D:/software/STM32CubeIDE_1.16.1/STM32CubeIDE/plugins/com.st.stm32cube.ide.mcu.externaltools.gnu-tools-for-stm32.12.3.rel1.win32_1.0.200.202406191623/tools/bin/../lib/gcc/arm-none-eabi/12.3.1/../../../../arm-none-eabi/lib/thumb/v7-m/nofp\libc_nano.a(libc_a-nano-vfprintf.o)
 .text.__sfputs_r
                0x0800b082       0x24 D:/software/STM32CubeIDE_1.16.1/STM32CubeIDE/plugins/com.st.stm32cube.ide.mcu.externaltools.gnu-tools-for-stm32.12.3.rel1.win32_1.0.200.202406191623/tools/bin/../lib/gcc/arm-none-eabi/12.3.1/../../../../arm-none-eabi/lib/thumb/v7-m/nofp\libc_nano.a(libc_a-nano-vfprintf.o)
                0x0800b082                __sfputs_r
 *fill*         0x0800b0a6        0x2 
 .text._vfprintf_r
                0x0800b0a8      0x230 D:/software/STM32CubeIDE_1.16.1/STM32CubeIDE/plugins/com.st.stm32cube.ide.mcu.externaltools.gnu-tools-for-stm32.12.3.rel1.win32_1.0.200.202406191623/tools/bin/../lib/gcc/arm-none-eabi/12.3.1/../../../../arm-none-eabi/lib/thumb/v7-m/nofp\libc_nano.a(libc_a-nano-vfprintf.o)
                0x0800b0a8                _vfprintf_r
                0x0800b0a8                _vfiprintf_r
 .text._printf_common
                0x0800b2d8       0xe4 D:/software/STM32CubeIDE_1.16.1/STM32CubeIDE/plugins/com.st.stm32cube.ide.mcu.externaltools.gnu-tools-for-stm32.12.3.rel1.win32_1.0.200.202406191623/tools/bin/../lib/gcc/arm-none-eabi/12.3.1/../../../../arm-none-eabi/lib/thumb/v7-m/nofp\libc_nano.a(libc_a-nano-vfprintf_i.o)
                0x0800b2d8                _printf_common
 .text._printf_i
                0x0800b3bc      0x240 D:/software/STM32CubeIDE_1.16.1/STM32CubeIDE/plugins/com.st.stm32cube.ide.mcu.externaltools.gnu-tools-for-stm32.12.3.rel1.win32_1.0.200.202406191623/tools/bin/../lib/gcc/arm-none-eabi/12.3.1/../../../../arm-none-eabi/lib/thumb/v7-m/nofp\libc_nano.a(libc_a-nano-vfprintf_i.o)
                0x0800b3bc                _printf_i
 .text.__sflush_r
                0x0800b5fc      0x100 D:/software/STM32CubeIDE_1.16.1/STM32CubeIDE/plugins/com.st.stm32cube.ide.mcu.externaltools.gnu-tools-for-stm32.12.3.rel1.win32_1.0.200.202406191623/tools/bin/../lib/gcc/arm-none-eabi/12.3.1/../../../../arm-none-eabi/lib/thumb/v7-m/nofp\libc_nano.a(libc_a-fflush.o)
                0x0800b5fc                __sflush_r
 .text._fflush_r
                0x0800b6fc       0x50 D:/software/STM32CubeIDE_1.16.1/STM32CubeIDE/plugins/com.st.stm32cube.ide.mcu.externaltools.gnu-tools-for-stm32.12.3.rel1.win32_1.0.200.202406191623/tools/bin/../lib/gcc/arm-none-eabi/12.3.1/../../../../arm-none-eabi/lib/thumb/v7-m/nofp\libc_nano.a(libc_a-fflush.o)
                0x0800b6fc                _fflush_r
 .text.fprintf  0x0800b74c       0x24 D:/software/STM32CubeIDE_1.16.1/STM32CubeIDE/plugins/com.st.stm32cube.ide.mcu.externaltools.gnu-tools-for-stm32.12.3.rel1.win32_1.0.200.202406191623/tools/bin/../lib/gcc/arm-none-eabi/12.3.1/../../../../arm-none-eabi/lib/thumb/v7-m/nofp\libc_nano.a(libc_a-fprintf.o)
                0x0800b74c                fiprintf
                0x0800b74c                fprintf
 .text.__swhatbuf_r
                0x0800b770       0x4a D:/software/STM32CubeIDE_1.16.1/STM32CubeIDE/plugins/com.st.stm32cube.ide.mcu.externaltools.gnu-tools-for-stm32.12.3.rel1.win32_1.0.200.202406191623/tools/bin/../lib/gcc/arm-none-eabi/12.3.1/../../../../arm-none-eabi/lib/thumb/v7-m/nofp\libc_nano.a(libc_a-makebuf.o)
                0x0800b770                __swhatbuf_r
 .text.__smakebuf_r
                0x0800b7ba       0x78 D:/software/STM32CubeIDE_1.16.1/STM32CubeIDE/plugins/com.st.stm32cube.ide.mcu.externaltools.gnu-tools-for-stm32.12.3.rel1.win32_1.0.200.202406191623/tools/bin/../lib/gcc/arm-none-eabi/12.3.1/../../../../arm-none-eabi/lib/thumb/v7-m/nofp\libc_nano.a(libc_a-makebuf.o)
                0x0800b7ba                __smakebuf_r
 *fill*         0x0800b832        0x2 
 .text._fstat_r
                0x0800b834       0x24 D:/software/STM32CubeIDE_1.16.1/STM32CubeIDE/plugins/com.st.stm32cube.ide.mcu.externaltools.gnu-tools-for-stm32.12.3.rel1.win32_1.0.200.202406191623/tools/bin/../lib/gcc/arm-none-eabi/12.3.1/../../../../arm-none-eabi/lib/thumb/v7-m/nofp\libc_nano.a(libc_a-fstatr.o)
                0x0800b834                _fstat_r
 .text._isatty_r
                0x0800b858       0x20 D:/software/STM32CubeIDE_1.16.1/STM32CubeIDE/plugins/com.st.stm32cube.ide.mcu.externaltools.gnu-tools-for-stm32.12.3.rel1.win32_1.0.200.202406191623/tools/bin/../lib/gcc/arm-none-eabi/12.3.1/../../../../arm-none-eabi/lib/thumb/v7-m/nofp\libc_nano.a(libc_a-isattyr.o)
                0x0800b858                _isatty_r
 .text._sbrk_r  0x0800b878       0x20 D:/software/STM32CubeIDE_1.16.1/STM32CubeIDE/plugins/com.st.stm32cube.ide.mcu.externaltools.gnu-tools-for-stm32.12.3.rel1.win32_1.0.200.202406191623/tools/bin/../lib/gcc/arm-none-eabi/12.3.1/../../../../arm-none-eabi/lib/thumb/v7-m/nofp\libc_nano.a(libc_a-sbrkr.o)
                0x0800b878                _sbrk_r
 .text.memchr   0x0800b898       0x1c D:/software/STM32CubeIDE_1.16.1/STM32CubeIDE/plugins/com.st.stm32cube.ide.mcu.externaltools.gnu-tools-for-stm32.12.3.rel1.win32_1.0.200.202406191623/tools/bin/../lib/gcc/arm-none-eabi/12.3.1/../../../../arm-none-eabi/lib/thumb/v7-m/nofp\libc_nano.a(libc_a-memchr-stub.o)
                0x0800b898                memchr
 .text.abort    0x0800b8b4        0xe D:/software/STM32CubeIDE_1.16.1/STM32CubeIDE/plugins/com.st.stm32cube.ide.mcu.externaltools.gnu-tools-for-stm32.12.3.rel1.win32_1.0.200.202406191623/tools/bin/../lib/gcc/arm-none-eabi/12.3.1/../../../../arm-none-eabi/lib/thumb/v7-m/nofp\libc_nano.a(libc_a-abort.o)
                0x0800b8b4                abort
 .text._raise_r
                0x0800b8c2       0x50 D:/software/STM32CubeIDE_1.16.1/STM32CubeIDE/plugins/com.st.stm32cube.ide.mcu.externaltools.gnu-tools-for-stm32.12.3.rel1.win32_1.0.200.202406191623/tools/bin/../lib/gcc/arm-none-eabi/12.3.1/../../../../arm-none-eabi/lib/thumb/v7-m/nofp\libc_nano.a(libc_a-signal.o)
                0x0800b8c2                _raise_r
 *fill*         0x0800b912        0x2 
 .text.raise    0x0800b914       0x10 D:/software/STM32CubeIDE_1.16.1/STM32CubeIDE/plugins/com.st.stm32cube.ide.mcu.externaltools.gnu-tools-for-stm32.12.3.rel1.win32_1.0.200.202406191623/tools/bin/../lib/gcc/arm-none-eabi/12.3.1/../../../../arm-none-eabi/lib/thumb/v7-m/nofp\libc_nano.a(libc_a-signal.o)
                0x0800b914                raise
 .text._kill_r  0x0800b924       0x24 D:/software/STM32CubeIDE_1.16.1/STM32CubeIDE/plugins/com.st.stm32cube.ide.mcu.externaltools.gnu-tools-for-stm32.12.3.rel1.win32_1.0.200.202406191623/tools/bin/../lib/gcc/arm-none-eabi/12.3.1/../../../../arm-none-eabi/lib/thumb/v7-m/nofp\libc_nano.a(libc_a-signalr.o)
                0x0800b924                _kill_r
 .text._getpid_r
                0x0800b948        0x4 D:/software/STM32CubeIDE_1.16.1/STM32CubeIDE/plugins/com.st.stm32cube.ide.mcu.externaltools.gnu-tools-for-stm32.12.3.rel1.win32_1.0.200.202406191623/tools/bin/../lib/gcc/arm-none-eabi/12.3.1/../../../../arm-none-eabi/lib/thumb/v7-m/nofp\libc_nano.a(libc_a-signalr.o)
                0x0800b948                _getpid_r
 *(.glue_7)
 .glue_7        0x0800b94c        0x0 linker stubs
 *(.glue_7t)
 .glue_7t       0x0800b94c        0x0 linker stubs
 *(.eh_frame)
 .eh_frame      0x0800b94c        0x0 D:/software/STM32CubeIDE_1.16.1/STM32CubeIDE/plugins/com.st.stm32cube.ide.mcu.externaltools.gnu-tools-for-stm32.12.3.rel1.win32_1.0.200.202406191623/tools/bin/../lib/gcc/arm-none-eabi/12.3.1/thumb/v7-m/nofp/crtbegin.o
 *(.init)
 .init          0x0800b94c        0x4 D:/software/STM32CubeIDE_1.16.1/STM32CubeIDE/plugins/com.st.stm32cube.ide.mcu.externaltools.gnu-tools-for-stm32.12.3.rel1.win32_1.0.200.202406191623/tools/bin/../lib/gcc/arm-none-eabi/12.3.1/thumb/v7-m/nofp/crti.o
                0x0800b94c                _init
 .init          0x0800b950        0x8 D:/software/STM32CubeIDE_1.16.1/STM32CubeIDE/plugins/com.st.stm32cube.ide.mcu.externaltools.gnu-tools-for-stm32.12.3.rel1.win32_1.0.200.202406191623/tools/bin/../lib/gcc/arm-none-eabi/12.3.1/thumb/v7-m/nofp/crtn.o
 *(.fini)
 .fini          0x0800b958        0x4 D:/software/STM32CubeIDE_1.16.1/STM32CubeIDE/plugins/com.st.stm32cube.ide.mcu.externaltools.gnu-tools-for-stm32.12.3.rel1.win32_1.0.200.202406191623/tools/bin/../lib/gcc/arm-none-eabi/12.3.1/thumb/v7-m/nofp/crti.o
                0x0800b958                _fini
 .fini          0x0800b95c        0x8 D:/software/STM32CubeIDE_1.16.1/STM32CubeIDE/plugins/com.st.stm32cube.ide.mcu.externaltools.gnu-tools-for-stm32.12.3.rel1.win32_1.0.200.202406191623/tools/bin/../lib/gcc/arm-none-eabi/12.3.1/thumb/v7-m/nofp/crtn.o
                0x0800b964                        . = ALIGN (0x4)
                0x0800b964                        _etext = .

.vfp11_veneer   0x0800b964        0x0
 .vfp11_veneer  0x0800b964        0x0 linker stubs

.v4_bx          0x0800b964        0x0
 .v4_bx         0x0800b964        0x0 linker stubs

.iplt           0x0800b964        0x0
 .iplt          0x0800b964        0x0 D:/software/STM32CubeIDE_1.16.1/STM32CubeIDE/plugins/com.st.stm32cube.ide.mcu.externaltools.gnu-tools-for-stm32.12.3.rel1.win32_1.0.200.202406191623/tools/bin/../lib/gcc/arm-none-eabi/12.3.1/thumb/v7-m/nofp/crtbegin.o

.rodata         0x0800b964      0x3d8
                0x0800b964                        . = ALIGN (0x4)
 *(.rodata)
 .rodata        0x0800b964       0x32 ./Core/Src/main.o
 *fill*         0x0800b996        0x2 
 .rodata        0x0800b998       0x10 ./Drivers/STM32F1xx_HAL_Driver/Src/stm32f1xx_hal_rcc.o
 .rodata        0x0800b9a8        0x5 ./Middlewares/Third_Party/FreeRTOS/Source/tasks.o
 *fill*         0x0800b9ad        0x3 
 .rodata        0x0800b9b0        0xd ./Middlewares/Third_Party/FreeRTOS/Source/timers.o
 *fill*         0x0800b9bd        0x3 
 .rodata        0x0800b9c0       0x5d ./USB_DEVICE/App/usbd_desc.o
 *fill*         0x0800ba1d        0x3 
 .rodata        0x0800ba20       0x4f ./user/user_task.o
 *fill*         0x0800ba6f        0x1 
 .rodata        0x0800ba70       0xa9 ./user/user_usart.o
 *fill*         0x0800bb19        0x3 
 .rodata        0x0800bb1c       0x97 ./user/user_usb.o
 *(.rodata*)
 *fill*         0x0800bbb3        0x1 
 .rodata.defaultTask_attributes
                0x0800bbb4       0x24 ./Core/Src/main.o
                0x0800bbb4                defaultTask_attributes
 .rodata.myLEDTask_attributes
                0x0800bbd8       0x24 ./Core/Src/main.o
                0x0800bbd8                myLEDTask_attributes
 .rodata.myUsart2Task_attributes
                0x0800bbfc       0x24 ./Core/Src/main.o
                0x0800bbfc                myUsart2Task_attributes
 .rodata.myUSBTask_attributes
                0x0800bc20       0x24 ./Core/Src/main.o
                0x0800bc20                myUSBTask_attributes
 .rodata.AHBPrescTable
                0x0800bc44       0x10 ./Core/Src/system_stm32f1xx.o
                0x0800bc44                AHBPrescTable
 .rodata.APBPrescTable
                0x0800bc54        0x8 ./Core/Src/system_stm32f1xx.o
                0x0800bc54                APBPrescTable
 .rodata.srand.str1.1
                0x0800bc5c       0x6f D:/software/STM32CubeIDE_1.16.1/STM32CubeIDE/plugins/com.st.stm32cube.ide.mcu.externaltools.gnu-tools-for-stm32.12.3.rel1.win32_1.0.200.202406191623/tools/bin/../lib/gcc/arm-none-eabi/12.3.1/../../../../arm-none-eabi/lib/thumb/v7-m/nofp\libc_nano.a(libc_a-rand.o)
 .rodata.__assert_func.str1.1
                0x0800bccb       0x3c D:/software/STM32CubeIDE_1.16.1/STM32CubeIDE/plugins/com.st.stm32cube.ide.mcu.externaltools.gnu-tools-for-stm32.12.3.rel1.win32_1.0.200.202406191623/tools/bin/../lib/gcc/arm-none-eabi/12.3.1/../../../../arm-none-eabi/lib/thumb/v7-m/nofp\libc_nano.a(libc_a-assert.o)
                                 0x3d (size before relaxing)
 .rodata._vfprintf_r.str1.1
                0x0800bd07       0x11 D:/software/STM32CubeIDE_1.16.1/STM32CubeIDE/plugins/com.st.stm32cube.ide.mcu.externaltools.gnu-tools-for-stm32.12.3.rel1.win32_1.0.200.202406191623/tools/bin/../lib/gcc/arm-none-eabi/12.3.1/../../../../arm-none-eabi/lib/thumb/v7-m/nofp\libc_nano.a(libc_a-nano-vfprintf.o)
 .rodata._printf_i.str1.1
                0x0800bd18       0x22 D:/software/STM32CubeIDE_1.16.1/STM32CubeIDE/plugins/com.st.stm32cube.ide.mcu.externaltools.gnu-tools-for-stm32.12.3.rel1.win32_1.0.200.202406191623/tools/bin/../lib/gcc/arm-none-eabi/12.3.1/../../../../arm-none-eabi/lib/thumb/v7-m/nofp\libc_nano.a(libc_a-nano-vfprintf_i.o)
                0x0800bd3c                        . = ALIGN (0x4)
 *fill*         0x0800bd3a        0x2 

.ARM.extab      0x0800bd3c        0x0
                0x0800bd3c                        . = ALIGN (0x4)
 *(.ARM.extab* .gnu.linkonce.armextab.*)
                0x0800bd3c                        . = ALIGN (0x4)

.ARM            0x0800bd3c        0x0
                0x0800bd3c                        . = ALIGN (0x4)
                0x0800bd3c                        __exidx_start = .
 *(.ARM.exidx*)
                0x0800bd3c                        __exidx_end = .
                0x0800bd3c                        . = ALIGN (0x4)

.preinit_array  0x0800bd3c        0x0
                0x0800bd3c                        . = ALIGN (0x4)
                0x0800bd3c                        PROVIDE (__preinit_array_start = .)
 *(.preinit_array*)
                0x0800bd3c                        PROVIDE (__preinit_array_end = .)
                0x0800bd3c                        . = ALIGN (0x4)

.init_array     0x0800bd3c        0x4
                0x0800bd3c                        . = ALIGN (0x4)
                0x0800bd3c                        PROVIDE (__init_array_start = .)
 *(SORT_BY_NAME(.init_array.*))
 *(.init_array*)
 .init_array    0x0800bd3c        0x4 D:/software/STM32CubeIDE_1.16.1/STM32CubeIDE/plugins/com.st.stm32cube.ide.mcu.externaltools.gnu-tools-for-stm32.12.3.rel1.win32_1.0.200.202406191623/tools/bin/../lib/gcc/arm-none-eabi/12.3.1/thumb/v7-m/nofp/crtbegin.o
                0x0800bd40                        PROVIDE (__init_array_end = .)
                0x0800bd40                        . = ALIGN (0x4)

.fini_array     0x0800bd40        0x4
                0x0800bd40                        . = ALIGN (0x4)
                [!provide]                        PROVIDE (__fini_array_start = .)
 *(SORT_BY_NAME(.fini_array.*))
 *(.fini_array*)
 .fini_array    0x0800bd40        0x4 D:/software/STM32CubeIDE_1.16.1/STM32CubeIDE/plugins/com.st.stm32cube.ide.mcu.externaltools.gnu-tools-for-stm32.12.3.rel1.win32_1.0.200.202406191623/tools/bin/../lib/gcc/arm-none-eabi/12.3.1/thumb/v7-m/nofp/crtbegin.o
                [!provide]                        PROVIDE (__fini_array_end = .)
                0x0800bd44                        . = ALIGN (0x4)
                0x0800bd44                        _sidata = LOADADDR (.data)

.rel.dyn        0x0800bd44        0x0
 .rel.iplt      0x0800bd44        0x0 D:/software/STM32CubeIDE_1.16.1/STM32CubeIDE/plugins/com.st.stm32cube.ide.mcu.externaltools.gnu-tools-for-stm32.12.3.rel1.win32_1.0.200.202406191623/tools/bin/../lib/gcc/arm-none-eabi/12.3.1/thumb/v7-m/nofp/crtbegin.o

.data           0x20000000      0x1c0 load address 0x0800bd44
                0x20000000                        . = ALIGN (0x4)
                0x20000000                        _sdata = .
 *(.data)
 *(.data*)
 .data.SystemCoreClock
                0x20000000        0x4 ./Core/Src/system_stm32f1xx.o
                0x20000000                SystemCoreClock
 .data.uwTickPrio
                0x20000004        0x4 ./Drivers/STM32F1xx_HAL_Driver/Src/stm32f1xx_hal.o
                0x20000004                uwTickPrio
 .data.uwTickFreq
                0x20000008        0x1 ./Drivers/STM32F1xx_HAL_Driver/Src/stm32f1xx_hal.o
                0x20000008                uwTickFreq
 *fill*         0x20000009        0x3 
 .data.USBD_CUSTOM_HID
                0x2000000c       0x38 ./Middlewares/ST/STM32_USB_Device_Library/Class/CustomHID/Src/usbd_customhid.o
                0x2000000c                USBD_CUSTOM_HID
 .data.USBD_CUSTOM_HID_CfgFSDesc
                0x20000044       0x29 ./Middlewares/ST/STM32_USB_Device_Library/Class/CustomHID/Src/usbd_customhid.o
 *fill*         0x2000006d        0x3 
 .data.USBD_CUSTOM_HID_CfgHSDesc
                0x20000070       0x29 ./Middlewares/ST/STM32_USB_Device_Library/Class/CustomHID/Src/usbd_customhid.o
 *fill*         0x20000099        0x3 
 .data.USBD_CUSTOM_HID_OtherSpeedCfgDesc
                0x2000009c       0x29 ./Middlewares/ST/STM32_USB_Device_Library/Class/CustomHID/Src/usbd_customhid.o
 *fill*         0x200000c5        0x3 
 .data.USBD_CUSTOM_HID_Desc
                0x200000c8        0x9 ./Middlewares/ST/STM32_USB_Device_Library/Class/CustomHID/Src/usbd_customhid.o
 *fill*         0x200000d1        0x3 
 .data.USBD_CUSTOM_HID_DeviceQualifierDesc
                0x200000d4        0xa ./Middlewares/ST/STM32_USB_Device_Library/Class/CustomHID/Src/usbd_customhid.o
 *fill*         0x200000de        0x2 
 .data.uxCriticalNesting
                0x200000e0        0x4 ./Middlewares/Third_Party/FreeRTOS/Source/portable/GCC/ARM_CM3/port.o
 .data.CUSTOM_HID_ReportDesc_FS
                0x200000e4       0x20 ./USB_DEVICE/App/usbd_custom_hid_if.o
 .data.USBD_CustomHID_fops_FS
                0x20000104       0x10 ./USB_DEVICE/App/usbd_custom_hid_if.o
                0x20000104                USBD_CustomHID_fops_FS
 .data.FS_Desc  0x20000114       0x1c ./USB_DEVICE/App/usbd_desc.o
                0x20000114                FS_Desc
 .data.USBD_FS_DeviceDesc
                0x20000130       0x12 ./USB_DEVICE/App/usbd_desc.o
                0x20000130                USBD_FS_DeviceDesc
 *fill*         0x20000142        0x2 
 .data.USBD_LangIDDesc
                0x20000144        0x4 ./USB_DEVICE/App/usbd_desc.o
                0x20000144                USBD_LangIDDesc
 .data.USBD_StringSerial
                0x20000148       0x1a ./USB_DEVICE/App/usbd_desc.o
                0x20000148                USBD_StringSerial
 *fill*         0x20000162        0x2 
 .data.__sglue  0x20000164        0xc D:/software/STM32CubeIDE_1.16.1/STM32CubeIDE/plugins/com.st.stm32cube.ide.mcu.externaltools.gnu-tools-for-stm32.12.3.rel1.win32_1.0.200.202406191623/tools/bin/../lib/gcc/arm-none-eabi/12.3.1/../../../../arm-none-eabi/lib/thumb/v7-m/nofp\libc_nano.a(libc_a-findfp.o)
                0x20000164                __sglue
 .data._impure_ptr
                0x20000170        0x4 D:/software/STM32CubeIDE_1.16.1/STM32CubeIDE/plugins/com.st.stm32cube.ide.mcu.externaltools.gnu-tools-for-stm32.12.3.rel1.win32_1.0.200.202406191623/tools/bin/../lib/gcc/arm-none-eabi/12.3.1/../../../../arm-none-eabi/lib/thumb/v7-m/nofp\libc_nano.a(libc_a-impure.o)
                0x20000170                _impure_ptr
 .data._impure_data
                0x20000174       0x4c D:/software/STM32CubeIDE_1.16.1/STM32CubeIDE/plugins/com.st.stm32cube.ide.mcu.externaltools.gnu-tools-for-stm32.12.3.rel1.win32_1.0.200.202406191623/tools/bin/../lib/gcc/arm-none-eabi/12.3.1/../../../../arm-none-eabi/lib/thumb/v7-m/nofp\libc_nano.a(libc_a-impure.o)
                0x20000174                _impure_data
 *(.RamFunc)
 *(.RamFunc*)
                0x200001c0                        . = ALIGN (0x4)
                0x200001c0                        _edata = .

.igot.plt       0x200001c0        0x0 load address 0x0800bf04
 .igot.plt      0x200001c0        0x0 D:/software/STM32CubeIDE_1.16.1/STM32CubeIDE/plugins/com.st.stm32cube.ide.mcu.externaltools.gnu-tools-for-stm32.12.3.rel1.win32_1.0.200.202406191623/tools/bin/../lib/gcc/arm-none-eabi/12.3.1/thumb/v7-m/nofp/crtbegin.o
                0x200001c0                        . = ALIGN (0x4)

.bss            0x200001c0     0x25e8 load address 0x0800bf04
                0x200001c0                        _sbss = .
                0x200001c0                        __bss_start__ = _sbss
 *(.bss)