Archive member included to satisfy reference by file (symbol)

D:/software/STM32CubeIDE_1.16.1/STM32CubeIDE/plugins/com.st.stm32cube.ide.mcu.externaltools.gnu-tools-for-stm32.12.3.rel1.win32_1.0.200.202406191623/tools/bin/../lib/gcc/arm-none-eabi/12.3.1/../../../../arm-none-eabi/lib/thumb/v7-m/nofp\libc_nano.a(libc_a-exit.o)
                              D:/software/STM32CubeIDE_1.16.1/STM32CubeIDE/plugins/com.st.stm32cube.ide.mcu.externaltools.gnu-tools-for-stm32.12.3.rel1.win32_1.0.200.202406191623/tools/bin/../lib/gcc/arm-none-eabi/12.3.1/../../../../arm-none-eabi/lib/thumb/v7-m/nofp/crt0.o (exit)
D:/software/STM32CubeIDE_1.16.1/STM32CubeIDE/plugins/com.st.stm32cube.ide.mcu.externaltools.gnu-tools-for-stm32.12.3.rel1.win32_1.0.200.202406191623/tools/bin/../lib/gcc/arm-none-eabi/12.3.1/../../../../arm-none-eabi/lib/thumb/v7-m/nofp\libc_nano.a(libc_a-findfp.o)
                              ./Middlewares/Third_Party/FreeRTOS/Source/tasks.o (__sf)
D:/software/STM32CubeIDE_1.16.1/STM32CubeIDE/plugins/com.st.stm32cube.ide.mcu.externaltools.gnu-tools-for-stm32.12.3.rel1.win32_1.0.200.202406191623/tools/bin/../lib/gcc/arm-none-eabi/12.3.1/../../../../arm-none-eabi/lib/thumb/v7-m/nofp\libc_nano.a(libc_a-fwalk.o)
                              D:/software/STM32CubeIDE_1.16.1/STM32CubeIDE/plugins/com.st.stm32cube.ide.mcu.externaltools.gnu-tools-for-stm32.12.3.rel1.win32_1.0.200.202406191623/tools/bin/../lib/gcc/arm-none-eabi/12.3.1/../../../../arm-none-eabi/lib/thumb/v7-m/nofp\libc_nano.a(libc_a-findfp.o) (_fwalk_sglue)
D:/software/STM32CubeIDE_1.16.1/STM32CubeIDE/plugins/com.st.stm32cube.ide.mcu.externaltools.gnu-tools-for-stm32.12.3.rel1.win32_1.0.200.202406191623/tools/bin/../lib/gcc/arm-none-eabi/12.3.1/../../../../arm-none-eabi/lib/thumb/v7-m/nofp\libc_nano.a(libc_a-printf.o)
                              ./USB_DEVICE/App/usbd_custom_hid_if.o (printf)
D:/software/STM32CubeIDE_1.16.1/STM32CubeIDE/plugins/com.st.stm32cube.ide.mcu.externaltools.gnu-tools-for-stm32.12.3.rel1.win32_1.0.200.202406191623/tools/bin/../lib/gcc/arm-none-eabi/12.3.1/../../../../arm-none-eabi/lib/thumb/v7-m/nofp\libc_nano.a(libc_a-puts.o)
                              ./user/user_gpio.o (puts)
D:/software/STM32CubeIDE_1.16.1/STM32CubeIDE/plugins/com.st.stm32cube.ide.mcu.externaltools.gnu-tools-for-stm32.12.3.rel1.win32_1.0.200.202406191623/tools/bin/../lib/gcc/arm-none-eabi/12.3.1/../../../../arm-none-eabi/lib/thumb/v7-m/nofp\libc_nano.a(libc_a-sprintf.o)
                              ./USB_DEVICE/App/usbd_custom_hid_if.o (sprintf)
D:/software/STM32CubeIDE_1.16.1/STM32CubeIDE/plugins/com.st.stm32cube.ide.mcu.externaltools.gnu-tools-for-stm32.12.3.rel1.win32_1.0.200.202406191623/tools/bin/../lib/gcc/arm-none-eabi/12.3.1/../../../../arm-none-eabi/lib/thumb/v7-m/nofp\libc_nano.a(libc_a-stdio.o)
                              D:/software/STM32CubeIDE_1.16.1/STM32CubeIDE/plugins/com.st.stm32cube.ide.mcu.externaltools.gnu-tools-for-stm32.12.3.rel1.win32_1.0.200.202406191623/tools/bin/../lib/gcc/arm-none-eabi/12.3.1/../../../../arm-none-eabi/lib/thumb/v7-m/nofp\libc_nano.a(libc_a-findfp.o) (__sread)
D:/software/STM32CubeIDE_1.16.1/STM32CubeIDE/plugins/com.st.stm32cube.ide.mcu.externaltools.gnu-tools-for-stm32.12.3.rel1.win32_1.0.200.202406191623/tools/bin/../lib/gcc/arm-none-eabi/12.3.1/../../../../arm-none-eabi/lib/thumb/v7-m/nofp\libc_nano.a(libc_a-wbuf.o)
                              D:/software/STM32CubeIDE_1.16.1/STM32CubeIDE/plugins/com.st.stm32cube.ide.mcu.externaltools.gnu-tools-for-stm32.12.3.rel1.win32_1.0.200.202406191623/tools/bin/../lib/gcc/arm-none-eabi/12.3.1/../../../../arm-none-eabi/lib/thumb/v7-m/nofp\libc_nano.a(libc_a-puts.o) (__swbuf_r)
D:/software/STM32CubeIDE_1.16.1/STM32CubeIDE/plugins/com.st.stm32cube.ide.mcu.externaltools.gnu-tools-for-stm32.12.3.rel1.win32_1.0.200.202406191623/tools/bin/../lib/gcc/arm-none-eabi/12.3.1/../../../../arm-none-eabi/lib/thumb/v7-m/nofp\libc_nano.a(libc_a-wsetup.o)
                              D:/software/STM32CubeIDE_1.16.1/STM32CubeIDE/plugins/com.st.stm32cube.ide.mcu.externaltools.gnu-tools-for-stm32.12.3.rel1.win32_1.0.200.202406191623/tools/bin/../lib/gcc/arm-none-eabi/12.3.1/../../../../arm-none-eabi/lib/thumb/v7-m/nofp\libc_nano.a(libc_a-puts.o) (__swsetup_r)
D:/software/STM32CubeIDE_1.16.1/STM32CubeIDE/plugins/com.st.stm32cube.ide.mcu.externaltools.gnu-tools-for-stm32.12.3.rel1.win32_1.0.200.202406191623/tools/bin/../lib/gcc/arm-none-eabi/12.3.1/../../../../arm-none-eabi/lib/thumb/v7-m/nofp\libc_nano.a(libc_a-memset.o)
                              D:/software/STM32CubeIDE_1.16.1/STM32CubeIDE/plugins/com.st.stm32cube.ide.mcu.externaltools.gnu-tools-for-stm32.12.3.rel1.win32_1.0.200.202406191623/tools/bin/../lib/gcc/arm-none-eabi/12.3.1/../../../../arm-none-eabi/lib/thumb/v7-m/nofp/crt0.o (memset)
[...]
Memory Configuration

Name             Origin             Length             Attributes
RAM              0x20000000         0x00010000         xrw
FLASH            0x08000000         0x00080000         xr
*default*        0x00000000         0xffffffff

Linker script and memory map

LOAD D:/software/STM32CubeIDE_1.16.1/STM32CubeIDE/plugins/com.st.stm32cube.ide.mcu.externaltools.gnu-tools-for-stm32.12.3.rel1.win32_1.0.200.202406191623/tools/bin/../lib/gcc/arm-none-eabi/12.3.1/thumb/v7-m/nofp/crti.o
LOAD D:/software/STM32CubeIDE_1.16.1/STM32CubeIDE/plugins/com.st.stm32cube.ide.mcu.externaltools.gnu-tools-for-stm32.12.3.rel1.win32_1.0.200.202406191623/tools/bin/../lib/gcc/arm-none-eabi/12.3.1/thumb/v7-m/nofp/crtbegin.o
LOAD D:/software/STM32CubeIDE_1.16.1/STM32CubeIDE/plugins/com.st.stm32cube.ide.mcu.externaltools.gnu-tools-for-stm32.12.3.rel1.win32_1.0.200.202406191623/tools/bin/../lib/gcc/arm-none-eabi/12.3.1/../../../../arm-none-eabi/lib/thumb/v7-m/nofp/crt0.o
LOAD ./Core/Src/freertos.o
LOAD ./Core/Src/main.o
LOAD ./Core/Src/stm32f1xx_hal_msp.o
LOAD ./Core/Src/stm32f1xx_hal_timebase_tim.o
LOAD ./Core/Src/stm32f1xx_it.o
LOAD ./Core/Src/syscalls.o
LOAD ./Core/Src/sysmem.o
LOAD ./Core/Src/system_stm32f1xx.o
LOAD ./Core/Startup/startup_stm32f103zetx.o
LOAD ./Drivers/STM32F1xx_HAL_Driver/Src/stm32f1xx_hal.o
LOAD ./Drivers/STM32F1xx_HAL_Driver/Src/stm32f1xx_hal_cortex.o
LOAD ./Drivers/STM32F1xx_HAL_Driver/Src/stm32f1xx_hal_dma.o
LOAD ./Drivers/STM32F1xx_HAL_Driver/Src/stm32f1xx_hal_exti.o
LOAD ./Drivers/STM32F1xx_HAL_Driver/Src/stm32f1xx_hal_flash.o
LOAD ./Drivers/STM32F1xx_HAL_Driver/Src/stm32f1xx_hal_flash_ex.o
LOAD ./Drivers/STM32F1xx_HAL_Driver/Src/stm32f1xx_hal_gpio.o
LOAD ./Drivers/STM32F1xx_HAL_Driver/Src/stm32f1xx_hal_gpio_ex.o
LOAD ./Drivers/STM32F1xx_HAL_Driver/Src/stm32f1xx_hal_pcd.o
LOAD ./Drivers/STM32F1xx_HAL_Driver/Src/stm32f1xx_hal_pcd_ex.o
LOAD ./Drivers/STM32F1xx_HAL_Driver/Src/stm32f1xx_hal_pwr.o
LOAD ./Drivers/STM32F1xx_HAL_Driver/Src/stm32f1xx_hal_rcc.o
LOAD ./Drivers/STM32F1xx_HAL_Driver/Src/stm32f1xx_hal_rcc_ex.o
LOAD ./Drivers/STM32F1xx_HAL_Driver/Src/stm32f1xx_hal_tim.o
LOAD ./Drivers/STM32F1xx_HAL_Driver/Src/stm32f1xx_hal_tim_ex.o
LOAD ./Drivers/STM32F1xx_HAL_Driver/Src/stm32f1xx_hal_uart.o
LOAD ./Drivers/STM32F1xx_HAL_Driver/Src/stm32f1xx_ll_usb.o
LOAD ./Middlewares/ST/STM32_USB_Device_Library/Class/CustomHID/Src/usbd_customhid.o
LOAD ./Middlewares/ST/STM32_USB_Device_Library/Core/Src/usbd_core.o
LOAD ./Middlewares/ST/STM32_USB_Device_Library/Core/Src/usbd_ctlreq.o
LOAD ./Middlewares/ST/STM32_USB_Device_Library/Core/Src/usbd_ioreq.o
LOAD ./Middlewares/Third_Party/FreeRTOS/Source/CMSIS_RTOS_V2/cmsis_os2.o
LOAD ./Middlewares/Third_Party/FreeRTOS/Source/croutine.o
LOAD ./Middlewares/Third_Party/FreeRTOS/Source/event_groups.o
LOAD ./Middlewares/Third_Party/FreeRTOS/Source/list.o
LOAD ./Middlewares/Third_Party/FreeRTOS/Source/queue.o
LOAD ./Middlewares/Third_Party/FreeRTOS/Source/stream_buffer.o
LOAD ./Middlewares/Third_Party/FreeRTOS/Source/tasks.o
LOAD ./Middlewares/Third_Party/FreeRTOS/Source/timers.o
LOAD ./Middlewares/Third_Party/FreeRTOS/Source/portable/GCC/ARM_CM3/port.o
LOAD ./Middlewares/Third_Party/FreeRTOS/Source/portable/MemMang/heap_4.o
LOAD ./USB_DEVICE/App/usb_device.o
LOAD ./USB_DEVICE/App/usbd_custom_hid_if.o
LOAD ./USB_DEVICE/App/usbd_desc.o
LOAD ./USB_DEVICE/Target/usbd_conf.o
LOAD ./user/user_debug.o
LOAD ./user/user_gpio.o
LOAD ./user/user_task.o
LOAD ./user/user_usart.o
LOAD ./user/user_usb.o
START GROUP
LOAD D:/software/STM32CubeIDE_1.16.1/STM32CubeIDE/plugins/com.st.stm32cube.ide.mcu.externaltools.gnu-tools-for-stm32.12.3.rel1.win32_1.0.200.202406191623/tools/bin/../lib/gcc/arm-none-eabi/12.3.1/../../../../arm-none-eabi/lib/thumb/v7-m/nofp\libc_nano.a
LOAD D:/software/STM32CubeIDE_1.16.1/STM32CubeIDE/plugins/com.st.stm32cube.ide.mcu.externaltools.gnu-tools-for-stm32.12.3.rel1.win32_1.0.200.202406191623/tools/bin/../lib/gcc/arm-none-eabi/12.3.1/../../../../arm-none-eabi/lib/thumb/v7-m/nofp\libm.a
END GROUP
START GROUP
LOAD D:/software/STM32CubeIDE_1.16.1/STM32CubeIDE/plugins/com.st.stm32cube.ide.mcu.externaltools.gnu-tools-for-stm32.12.3.rel1.win32_1.0.200.202406191623/tools/bin/../lib/gcc/arm-none-eabi/12.3.1/thumb/v7-m/nofp\libgcc.a
LOAD D:/software/STM32CubeIDE_1.16.1/STM32CubeIDE/plugins/com.st.stm32cube.ide.mcu.externaltools.gnu-tools-for-stm32.12.3.rel1.win32_1.0.200.202406191623/tools/bin/../lib/gcc/arm-none-eabi/12.3.1/../../../../arm-none-eabi/lib/thumb/v7-m/nofp\libc_nano.a
END GROUP
START GROUP
LOAD D:/software/STM32CubeIDE_1.16.1/STM32CubeIDE/plugins/com.st.stm32cube.ide.mcu.externaltools.gnu-tools-for-stm32.12.3.rel1.win32_1.0.200.202406191623/tools/bin/../lib/gcc/arm-none-eabi/12.3.1/thumb/v7-m/nofp\libgcc.a
LOAD D:/software/STM32CubeIDE_1.16.1/STM32CubeIDE/plugins/com.st.stm32cube.ide.mcu.externaltools.gnu-tools-for-stm32.12.3.rel1.win32_1.0.200.202406191623/tools/bin/../lib/gcc/arm-none-eabi/12.3.1/../../../../arm-none-eabi/lib/thumb/v7-m/nofp\libc_nano.a
LOAD D:/software/STM32CubeIDE_1.16.1/STM32CubeIDE/plugins/com.st.stm32cube.ide.mcu.externaltools.gnu-tools-for-stm32.12.3.rel1.win32_1.0.200.202406191623/tools/bin/../lib/gcc/arm-none-eabi/12.3.1/../../../../arm-none-eabi/lib/thumb/v7-m/nofp\libnosys.a
END GROUP
START GROUP
LOAD D:/software/STM32CubeIDE_1.16.1/STM32CubeIDE/plugins/com.st.stm32cube.ide.mcu.externaltools.gnu-tools-for-stm32.12.3.rel1.win32_1.0.200.202406191623/tools/bin/../lib/gcc/arm-none-eabi/12.3.1/thumb/v7-m/nofp\libgcc.a
LOAD D:/software/STM32CubeIDE_1.16.1/STM32CubeIDE/plugins/com.st.stm32cube.ide.mcu.externaltools.gnu-tools-for-stm32.12.3.rel1.win32_1.0.200.202406191623/tools/bin/../lib/gcc/arm-none-eabi/12.3.1/../../../../arm-none-eabi/lib/thumb/v7-m/nofp\libc_nano.a
LOAD D:/software/STM32CubeIDE_1.16.1/STM32CubeIDE/plugins/com.st.stm32cube.ide.mcu.externaltools.gnu-tools-for-stm32.12.3.rel1.win32_1.0.200.202406191623/tools/bin/../lib/gcc/arm-none-eabi/12.3.1/../../../../arm-none-eabi/lib/thumb/v7-m/nofp\libnosys.a
END GROUP
LOAD D:/software/STM32CubeIDE_1.16.1/STM32CubeIDE/plugins/com.st.stm32cube.ide.mcu.externaltools.gnu-tools-for-stm32.12.3.rel1.win32_1.0.200.202406191623/tools/bin/../lib/gcc/arm-none-eabi/12.3.1/thumb/v7-m/nofp/crtend.o
LOAD D:/software/STM32CubeIDE_1.16.1/STM32CubeIDE/plugins/com.st.stm32cube.ide.mcu.externaltools.gnu-tools-for-stm32.12.3.rel1.win32_1.0.200.202406191623/tools/bin/../lib/gcc/arm-none-eabi/12.3.1/thumb/v7-m/nofp/crtn.o
                0x20010000                        _estack = (ORIGIN (RAM) + LENGTH (RAM))
                0x00000200                        _Min_Heap_Size = 0x200
                0x00000400                        _Min_Stack_Size = 0x400

.isr_vector     0x08000000      0x1e4
                0x08000000                        . = ALIGN (0x4)
 *(.isr_vector)
 .isr_vector    0x08000000      0x1e4 ./Core/Startup/startup_stm32f103zetx.o
                0x08000000                g_pfnVectors
                0x080001e4                        . = ALIGN (0x4)

.text           0x080001f0     0xb5d0
                0x080001f0                        . = ALIGN (0x4)
 *(.text)
 .text          0x080001f0       0x40 D:/software/STM32CubeIDE_1.16.1/STM32CubeIDE/plugins/com.st.stm32cube.ide.mcu.externaltools.gnu-tools-for-stm32.12.3.rel1.win32_1.0.200.202406191623/tools/bin/../lib/gcc/arm-none-eabi/12.3.1/thumb/v7-m/nofp/crtbegin.o
 *(.text*)
 .text.main     0x08000230       0xac ./Core/Src/main.o
                0x08000230                main
 .text.SystemClock_Config
                0x080002dc       0xb8 ./Core/Src/main.o
                0x080002dc                SystemClock_Config
 .text.MX_TIM2_Init
                0x08000394       0x98 ./Core/Src/main.o
 .text.MX_USART1_UART_Init
                0x0800042c       0x54 ./Core/Src/main.o
 .text.MX_USART2_UART_Init
                0x08000480       0x54 ./Core/Src/main.o
 .text.MX_GPIO_Init
                0x080004d4      0x118 ./Core/Src/main.o
 .text.StartDefaultTask
                0x080005ec       0x1a ./Core/Src/main.o
                0x080005ec                StartDefaultTask
 .text.StartLEDTask
                0x08000606       0x2c ./Core/Src/main.o
                0x08000606                StartLEDTask
 *fill*         0x08000632        0x2 
 .text.StartUsart2Task
                0x08000634       0x3c ./Core/Src/main.o
                0x08000634                StartUsart2Task
 .text.HAL_TIM_PeriodElapsedCallback
                0x08000670       0x24 ./Core/Src/main.o
                0x08000670                HAL_TIM_PeriodElapsedCallback
 .text.Error_Handler
                0x08000694        0xc ./Core/Src/main.o
                0x08000694                Error_Handler
 .text.HAL_MspInit
                0x080006a0       0x70 ./Core/Src/stm32f1xx_hal_msp.o
                0x080006a0                HAL_MspInit
 .text.HAL_TIM_Base_MspInit
                0x08000710       0x48 ./Core/Src/stm32f1xx_hal_msp.o
                0x08000710                HAL_TIM_Base_MspInit
 .text.HAL_UART_MspInit
                0x08000758      0x118 ./Core/Src/stm32f1xx_hal_msp.o
                0x08000758                HAL_UART_MspInit
 .text.HAL_InitTick
                0x08000870       0xfc ./Core/Src/stm32f1xx_hal_timebase_tim.o
                0x08000870                HAL_InitTick
 .text.NMI_Handler
                0x0800096c        0x8 ./Core/Src/stm32f1xx_it.o
                0x0800096c                NMI_Handler
 .text.HardFault_Handler
                0x08000974        0x8 ./Core/Src/stm32f1xx_it.o
                0x08000974                HardFault_Handler
 .text.MemManage_Handler
                0x0800097c        0x8 ./Core/Src/stm32f1xx_it.o
                0x0800097c                MemManage_Handler
 .text.BusFault_Handler
                0x08000984        0x8 ./Core/Src/stm32f1xx_it.o
                0x08000984                BusFault_Handler
 .text.UsageFault_Handler
                0x0800098c        0x8 ./Core/Src/stm32f1xx_it.o
                0x0800098c                UsageFault_Handler
 .text.DebugMon_Handler
                0x08000994        0xc ./Core/Src/stm32f1xx_it.o
                0x08000994                DebugMon_Handler
 .text.USB_LP_CAN1_RX0_IRQHandler
                0x080009a0       0x14 ./Core/Src/stm32f1xx_it.o
                0x080009a0                USB_LP_CAN1_RX0_IRQHandler
 .text.TIM2_IRQHandler
                0x080009b4       0x68 ./Core/Src/stm32f1xx_it.o
                0x080009b4                TIM2_IRQHandler
 .text.USART2_IRQHandler
                0x08000a1c       0x14 ./Core/Src/stm32f1xx_it.o
                0x08000a1c                USART2_IRQHandler
 .text.TIM7_IRQHandler
                0x08000a30       0x14 ./Core/Src/stm32f1xx_it.o
                0x08000a30                TIM7_IRQHandler
 .text._read    0x08000a44       0x3a ./Core/Src/syscalls.o
                0x08000a44                _read
 .text._write   0x08000a7e       0x38 ./Core/Src/syscalls.o
                0x08000a7e                _write
 .text._close   0x08000ab6       0x16 ./Core/Src/syscalls.o
                0x08000ab6                _close
 .text._fstat   0x08000acc       0x1e ./Core/Src/syscalls.o
                0x08000acc                _fstat
 .text._isatty  0x08000aea       0x14 ./Core/Src/syscalls.o
                0x08000aea                _isatty
 .text._lseek   0x08000afe       0x18 ./Core/Src/syscalls.o
                0x08000afe                _lseek
 *fill*         0x08000b16        0x2 
 .text._sbrk    0x08000b18       0x6c ./Core/Src/sysmem.o
                0x08000b18                _sbrk
 .text.SystemInit
                0x08000b84       0x68 ./Core/Src/system_stm32f1xx.o
                0x08000b84                SystemInit
 .text.Reset_Handler
                0x08000bec       0x48 ./Core/Startup/startup_stm32f103zetx.o
                0x08000bec                Reset_Handler
 .text.Default_Handler
                0x08000c34        0x2 ./Core/Startup/startup_stm32f103zetx.o
                0x08000c34                RTC_Alarm_IRQHandler
                0x08000c34                EXTI2_IRQHandler
                0x08000c34                TIM8_TRG_COM_IRQHandler
                0x08000c34                TIM8_CC_IRQHandler
                0x08000c34                TIM1_CC_IRQHandler
                0x08000c34                TIM6_IRQHandler
                0x08000c34                PVD_IRQHandler
                0x08000c34                SDIO_IRQHandler
                0x08000c34                EXTI3_IRQHandler
                0x08000c34                EXTI0_IRQHandler
                0x08000c34                I2C2_EV_IRQHandler
                0x08000c34                ADC1_2_IRQHandler
                0x08000c34                SPI1_IRQHandler
                0x08000c34                TAMPER_IRQHandler
                0x08000c34                TIM8_UP_IRQHandler
                0x08000c34                DMA2_Channel2_IRQHandler
                0x08000c34                DMA1_Channel4_IRQHandler
                0x08000c34                USART3_IRQHandler
                0x08000c34                RTC_IRQHandler
                0x08000c34                DMA1_Channel7_IRQHandler
                0x08000c34                CAN1_RX1_IRQHandler
                0x08000c34                UART5_IRQHandler
                0x08000c34                ADC3_IRQHandler
                0x08000c34                TIM4_IRQHandler
                0x08000c34                DMA2_Channel1_IRQHandler
                0x08000c34                I2C1_EV_IRQHandler
                0x08000c34                DMA1_Channel6_IRQHandler
                0x08000c34                UART4_IRQHandler
                0x08000c34                TIM3_IRQHandler
                0x08000c34                RCC_IRQHandler
                0x08000c34                TIM1_TRG_COM_IRQHandler
                0x08000c34                DMA1_Channel1_IRQHandler
                0x08000c34                Default_Handler
                0x08000c34                EXTI15_10_IRQHandler
                0x08000c34                TIM5_IRQHandler
                0x08000c34                EXTI9_5_IRQHandler
                0x08000c34                SPI2_IRQHandler
                0x08000c34                DMA1_Channel5_IRQHandler
                0x08000c34                EXTI4_IRQHandler
                0x08000c34                USB_HP_CAN1_TX_IRQHandler
                0x08000c34                DMA1_Channel3_IRQHandler
                0x08000c34                FSMC_IRQHandler
                0x08000c34                TIM1_UP_IRQHandler
                0x08000c34                WWDG_IRQHandler
                0x08000c34                TIM1_BRK_IRQHandler
                0x08000c34                EXTI1_IRQHandler
                0x08000c34                DMA2_Channel4_5_IRQHandler
                0x08000c34                I2C2_ER_IRQHandler
                0x08000c34                DMA1_Channel2_IRQHandler
                0x08000c34                TIM8_BRK_IRQHandler
                0x08000c34                CAN1_SCE_IRQHandler
                0x08000c34                FLASH_IRQHandler
                0x08000c34                USART1_IRQHandler
                0x08000c34                SPI3_IRQHandler
                0x08000c34                I2C1_ER_IRQHandler
                0x08000c34                USBWakeUp_IRQHandler
                0x08000c34                DMA2_Channel3_IRQHandler
 *fill*         0x08000c36        0x2 
 .text.HAL_Init
                0x08000c38       0x2c ./Drivers/STM32F1xx_HAL_Driver/Src/stm32f1xx_hal.o
                0x08000c38                HAL_Init
 .text.HAL_IncTick
                0x08000c64       0x24 ./Drivers/STM32F1xx_HAL_Driver/Src/stm32f1xx_hal.o
                0x08000c64                HAL_IncTick
 .text.HAL_GetTick
                0x08000c88       0x14 ./Drivers/STM32F1xx_HAL_Driver/Src/stm32f1xx_hal.o
                0x08000c88                HAL_GetTick
 .text.__NVIC_SetPriorityGrouping
                0x08000c9c       0x48 ./Drivers/STM32F1xx_HAL_Driver/Src/stm32f1xx_hal_cortex.o
 .text.__NVIC_GetPriorityGrouping
                0x08000ce4       0x1c ./Drivers/STM32F1xx_HAL_Driver/Src/stm32f1xx_hal_cortex.o
 .text.__NVIC_EnableIRQ
                0x08000d00       0x38 ./Drivers/STM32F1xx_HAL_Driver/Src/stm32f1xx_hal_cortex.o
 .text.__NVIC_SetPriority
                0x08000d38       0x54 ./Drivers/STM32F1xx_HAL_Driver/Src/stm32f1xx_hal_cortex.o
 .text.NVIC_EncodePriority
                0x08000d8c       0x64 ./Drivers/STM32F1xx_HAL_Driver/Src/stm32f1xx_hal_cortex.o
 .text.HAL_NVIC_SetPriorityGrouping
                0x08000df0       0x16 ./Drivers/STM32F1xx_HAL_Driver/Src/stm32f1xx_hal_cortex.o
                0x08000df0                HAL_NVIC_SetPriorityGrouping
 .text.HAL_NVIC_SetPriority
                0x08000e06       0x38 ./Drivers/STM32F1xx_HAL_Driver/Src/stm32f1xx_hal_cortex.o
                0x08000e06                HAL_NVIC_SetPriority
 .text.HAL_NVIC_EnableIRQ
                0x08000e3e       0x1c ./Drivers/STM32F1xx_HAL_Driver/Src/stm32f1xx_hal_cortex.o
                0x08000e3e                HAL_NVIC_EnableIRQ
 *fill*         0x08000e5a        0x2 
 .text.HAL_DMA_Abort_IT
                0x08000e5c      0x210 ./Drivers/STM32F1xx_HAL_Driver/Src/stm32f1xx_hal_dma.o
                0x08000e5c                HAL_DMA_Abort_IT
 .text.HAL_GPIO_Init
                0x0800106c      0x328 ./Drivers/STM32F1xx_HAL_Driver/Src/stm32f1xx_hal_gpio.o
                0x0800106c                HAL_GPIO_Init
 .text.HAL_GPIO_ReadPin
                0x08001394       0x2e ./Drivers/STM32F1xx_HAL_Driver/Src/stm32f1xx_hal_gpio.o
                0x08001394                HAL_GPIO_ReadPin
 .text.HAL_GPIO_WritePin
                0x080013c2       0x30 ./Drivers/STM32F1xx_HAL_Driver/Src/stm32f1xx_hal_gpio.o
                0x080013c2                HAL_GPIO_WritePin
 .text.HAL_PCD_Init
                0x080013f2      0x1c2 ./Drivers/STM32F1xx_HAL_Driver/Src/stm32f1xx_hal_pcd.o
                0x080013f2                HAL_PCD_Init
 .text.HAL_PCD_Start
                0x080015b4       0x4c ./Drivers/STM32F1xx_HAL_Driver/Src/stm32f1xx_hal_pcd.o
                0x080015b4                HAL_PCD_Start
 .text.HAL_PCD_IRQHandler
                0x08001600      0x21c ./Drivers/STM32F1xx_HAL_Driver/Src/stm32f1xx_hal_pcd.o
                0x08001600                HAL_PCD_IRQHandler
 .text.HAL_PCD_SetAddress
                0x0800181c       0x4a ./Drivers/STM32F1xx_HAL_Driver/Src/stm32f1xx_hal_pcd.o
                0x0800181c                HAL_PCD_SetAddress
 .text.HAL_PCD_EP_Open
                0x08001866       0xc0 ./Drivers/STM32F1xx_HAL_Driver/Src/stm32f1xx_hal_pcd.o
                0x08001866                HAL_PCD_EP_Open
 .text.HAL_PCD_EP_Close
                0x08001926       0x84 ./Drivers/STM32F1xx_HAL_Driver/Src/stm32f1xx_hal_pcd.o
                0x08001926                HAL_PCD_EP_Close
 .text.HAL_PCD_EP_Receive
                0x080019aa       0x74 ./Drivers/STM32F1xx_HAL_Driver/Src/stm32f1xx_hal_pcd.o
                0x080019aa                HAL_PCD_EP_Receive
 .text.HAL_PCD_EP_GetRxCount
                0x08001a1e       0x28 ./Drivers/STM32F1xx_HAL_Driver/Src/stm32f1xx_hal_pcd.o
                0x08001a1e                HAL_PCD_EP_GetRxCount
 .text.HAL_PCD_EP_Transmit
                0x08001a46       0x72 ./Drivers/STM32F1xx_HAL_Driver/Src/stm32f1xx_hal_pcd.o
                0x08001a46                HAL_PCD_EP_Transmit
 .text.HAL_PCD_EP_SetStall
                0x08001ab8       0xb4 ./Drivers/STM32F1xx_HAL_Driver/Src/stm32f1xx_hal_pcd.o
                0x08001ab8                HAL_PCD_EP_SetStall
 .text.HAL_PCD_EP_ClrStall
                0x08001b6c       0x9c ./Drivers/STM32F1xx_HAL_Driver/Src/stm32f1xx_hal_pcd.o
                0x08001b6c                HAL_PCD_EP_ClrStall
 .text.PCD_EP_ISR_Handler
                0x08001c08      0x534 ./Drivers/STM32F1xx_HAL_Driver/Src/stm32f1xx_hal_pcd.o
 .text.HAL_PCDEx_PMAConfig
                0x0800213c       0x78 ./Drivers/STM32F1xx_HAL_Driver/Src/stm32f1xx_hal_pcd_ex.o
                0x0800213c                HAL_PCDEx_PMAConfig
 .text.HAL_RCC_OscConfig
                0x080021b4      0x504 ./Drivers/STM32F1xx_HAL_Driver/Src/stm32f1xx_hal_rcc.o
                0x080021b4                HAL_RCC_OscConfig
 .text.HAL_RCC_ClockConfig
                0x080026b8      0x1d4 ./Drivers/STM32F1xx_HAL_Driver/Src/stm32f1xx_hal_rcc.o
                0x080026b8                HAL_RCC_ClockConfig
 .text.HAL_RCC_GetSysClockFreq
                0x0800288c       0xbc ./Drivers/STM32F1xx_HAL_Driver/Src/stm32f1xx_hal_rcc.o
                0x0800288c                HAL_RCC_GetSysClockFreq
 .text.HAL_RCC_GetHCLKFreq
                0x08002948       0x14 ./Drivers/STM32F1xx_HAL_Driver/Src/stm32f1xx_hal_rcc.o
                0x08002948                HAL_RCC_GetHCLKFreq
 .text.HAL_RCC_GetPCLK1Freq
                0x0800295c       0x28 ./Drivers/STM32F1xx_HAL_Driver/Src/stm32f1xx_hal_rcc.o
                0x0800295c                HAL_RCC_GetPCLK1Freq
 .text.HAL_RCC_GetPCLK2Freq
                0x08002984       0x28 ./Drivers/STM32F1xx_HAL_Driver/Src/stm32f1xx_hal_rcc.o
                0x08002984                HAL_RCC_GetPCLK2Freq
 .text.HAL_RCC_GetClockConfig
                0x080029ac       0x60 ./Drivers/STM32F1xx_HAL_Driver/Src/stm32f1xx_hal_rcc.o
                0x080029ac                HAL_RCC_GetClockConfig
 .text.RCC_Delay
                0x08002a0c       0x3c ./Drivers/STM32F1xx_HAL_Driver/Src/stm32f1xx_hal_rcc.o
 .text.HAL_RCCEx_PeriphCLKConfig
                0x08002a48      0x16c ./Drivers/STM32F1xx_HAL_Driver/Src/stm32f1xx_hal_rcc_ex.o
                0x08002a48                HAL_RCCEx_PeriphCLKConfig
 .text.HAL_TIM_Base_Init
                0x08002bb4       0x56 ./Drivers/STM32F1xx_HAL_Driver/Src/stm32f1xx_hal_tim.o
                0x08002bb4                HAL_TIM_Base_Init
 .text.HAL_TIM_Base_Start_IT
                0x08002c0a       0x46 ./Drivers/STM32F1xx_HAL_Driver/Src/stm32f1xx_hal_tim.o
                0x08002c0a                HAL_TIM_Base_Start_IT
 .text.HAL_TIM_IRQHandler
                0x08002c50      0x210 ./Drivers/STM32F1xx_HAL_Driver/Src/stm32f1xx_hal_tim.o
                0x08002c50                HAL_TIM_IRQHandler
 .text.HAL_TIM_ConfigClockSource
                0x08002e60      0x188 ./Drivers/STM32F1xx_HAL_Driver/Src/stm32f1xx_hal_tim.o
                0x08002e60                HAL_TIM_ConfigClockSource
 .text.HAL_TIM_OC_DelayElapsedCallback
                0x08002fe8       0x12 ./Drivers/STM32F1xx_HAL_Driver/Src/stm32f1xx_hal_tim.o
                0x08002fe8                HAL_TIM_OC_DelayElapsedCallback
 .text.HAL_TIM_IC_CaptureCallback
                0x08002ffa       0x12 ./Drivers/STM32F1xx_HAL_Driver/Src/stm32f1xx_hal_tim.o
                0x08002ffa                HAL_TIM_IC_CaptureCallback
 .text.HAL_TIM_PWM_PulseFinishedCallback
                0x0800300c       0x12 ./Drivers/STM32F1xx_HAL_Driver/Src/stm32f1xx_hal_tim.o
                0x0800300c                HAL_TIM_PWM_PulseFinishedCallback
 .text.HAL_TIM_TriggerCallback
                0x0800301e       0x12 ./Drivers/STM32F1xx_HAL_Driver/Src/stm32f1xx_hal_tim.o
                0x0800301e                HAL_TIM_TriggerCallback
 .text.TIM_Base_SetConfig
                0x08003030       0xf4 ./Drivers/STM32F1xx_HAL_Driver/Src/stm32f1xx_hal_tim.o
                0x08003030                TIM_Base_SetConfig
 .text.TIM_TI1_ConfigInputStage
                0x08003124       0x5c ./Drivers/STM32F1xx_HAL_Driver/Src/stm32f1xx_hal_tim.o
 .text.TIM_TI2_ConfigInputStage
                0x08003180       0x5e ./Drivers/STM32F1xx_HAL_Driver/Src/stm32f1xx_hal_tim.o
 .text.TIM_ITRx_SetConfig
                0x080031de       0x34 ./Drivers/STM32F1xx_HAL_Driver/Src/stm32f1xx_hal_tim.o
 .text.TIM_ETR_SetConfig
                0x08003212       0x3e ./Drivers/STM32F1xx_HAL_Driver/Src/stm32f1xx_hal_tim.o
                0x08003212                TIM_ETR_SetConfig
 .text.HAL_TIMEx_MasterConfigSynchronization
                0x08003250       0x88 ./Drivers/STM32F1xx_HAL_Driver/Src/stm32f1xx_hal_tim_ex.o
                0x08003250                HAL_TIMEx_MasterConfigSynchronization
 .text.HAL_TIMEx_CommutCallback
                0x080032d8       0x12 ./Drivers/STM32F1xx_HAL_Driver/Src/stm32f1xx_hal_tim_ex.o
                0x080032d8                HAL_TIMEx_CommutCallback
 .text.HAL_TIMEx_BreakCallback
                0x080032ea       0x12 ./Drivers/STM32F1xx_HAL_Driver/Src/stm32f1xx_hal_tim_ex.o
                0x080032ea                HAL_TIMEx_BreakCallback
 .text.HAL_UART_Init
                0x080032fc       0x9a ./Drivers/STM32F1xx_HAL_Driver/Src/stm32f1xx_hal_uart.o
                0x080032fc                HAL_UART_Init
 .text.HAL_UART_Transmit
                0x08003396      0x132 ./Drivers/STM32F1xx_HAL_Driver/Src/stm32f1xx_hal_uart.o
                0x08003396                HAL_UART_Transmit
 .text.HAL_UART_Receive_IT
                0x080034c8       0xa8 ./Drivers/STM32F1xx_HAL_Driver/Src/stm32f1xx_hal_uart.o
                0x080034c8                HAL_UART_Receive_IT
 .text.HAL_UART_IRQHandler
                0x08003570      0x1f4 ./Drivers/STM32F1xx_HAL_Driver/Src/stm32f1xx_hal_uart.o
                0x08003570                HAL_UART_IRQHandler
 .text.HAL_UART_TxCpltCallback
                0x08003764       0x12 ./Drivers/STM32F1xx_HAL_Driver/Src/stm32f1xx_hal_uart.o
                0x08003764                HAL_UART_TxCpltCallback
 .text.HAL_UART_ErrorCallback
                0x08003776       0x12 ./Drivers/STM32F1xx_HAL_Driver/Src/stm32f1xx_hal_uart.o
                0x08003776                HAL_UART_ErrorCallback
 .text.UART_WaitOnFlagUntilTimeout
                0x08003788       0x94 ./Drivers/STM32F1xx_HAL_Driver/Src/stm32f1xx_hal_uart.o
 .text.UART_EndRxTransfer
                0x0800381c       0x3a ./Drivers/STM32F1xx_HAL_Driver/Src/stm32f1xx_hal_uart.o
 .text.UART_DMAAbortOnError
                0x08003856       0x28 ./Drivers/STM32F1xx_HAL_Driver/Src/stm32f1xx_hal_uart.o
 .text.UART_Transmit_IT
                0x0800387e       0xaa ./Drivers/STM32F1xx_HAL_Driver/Src/stm32f1xx_hal_uart.o
 .text.UART_EndTransmit_IT
                0x08003928       0x30 ./Drivers/STM32F1xx_HAL_Driver/Src/stm32f1xx_hal_uart.o
 .text.UART_Receive_IT
                0x08003958      0x102 ./Drivers/STM32F1xx_HAL_Driver/Src/stm32f1xx_hal_uart.o
 *fill*         0x08003a5a        0x2 
 .text.UART_SetConfig
                0x08003a5c      0x1b4 ./Drivers/STM32F1xx_HAL_Driver/Src/stm32f1xx_hal_uart.o
 .text.USB_CoreInit
                0x08003c10       0x20 ./Drivers/STM32F1xx_HAL_Driver/Src/stm32f1xx_ll_usb.o
                0x08003c10                USB_CoreInit
 .text.USB_EnableGlobalInt
                0x08003c30       0x2e ./Drivers/STM32F1xx_HAL_Driver/Src/stm32f1xx_ll_usb.o
                0x08003c30                USB_EnableGlobalInt
 .text.USB_DisableGlobalInt
                0x08003c5e       0x38 ./Drivers/STM32F1xx_HAL_Driver/Src/stm32f1xx_ll_usb.o
                0x08003c5e                USB_DisableGlobalInt
 .text.USB_SetCurrentMode
                0x08003c96       0x18 ./Drivers/STM32F1xx_HAL_Driver/Src/stm32f1xx_ll_usb.o
                0x08003c96                USB_SetCurrentMode
 .text.USB_DevInit
                0x08003cae       0x48 ./Drivers/STM32F1xx_HAL_Driver/Src/stm32f1xx_ll_usb.o
                0x08003cae                USB_DevInit
 *fill*         0x08003cf6        0x2 
 .text.USB_ActivateEndpoint
                0x08003cf8      0x5d8 ./Drivers/STM32F1xx_HAL_Driver/Src/stm32f1xx_ll_usb.o
                0x08003cf8                USB_ActivateEndpoint
 .text.USB_DeactivateEndpoint
                0x080042d0      0x32c ./Drivers/STM32F1xx_HAL_Driver/Src/stm32f1xx_ll_usb.o
                0x080042d0                USB_DeactivateEndpoint
 .text.USB_EPStartXfer
                0x080045fc      0x570 ./Drivers/STM32F1xx_HAL_Driver/Src/stm32f1xx_ll_usb.o
                0x080045fc                USB_EPStartXfer
 .text.USB_EPSetStall
                0x08004b6c       0x84 ./Drivers/STM32F1xx_HAL_Driver/Src/stm32f1xx_ll_usb.o
                0x08004b6c                USB_EPSetStall
 .text.USB_EPClearStall
                0x08004bf0      0x128 ./Drivers/STM32F1xx_HAL_Driver/Src/stm32f1xx_ll_usb.o
                0x08004bf0                USB_EPClearStall
 .text.USB_SetDevAddress
                0x08004d18       0x26 ./Drivers/STM32F1xx_HAL_Driver/Src/stm32f1xx_ll_usb.o
                0x08004d18                USB_SetDevAddress
 .text.USB_DevConnect
                0x08004d3e       0x14 ./Drivers/STM32F1xx_HAL_Driver/Src/stm32f1xx_ll_usb.o
                0x08004d3e                USB_DevConnect
 .text.USB_DevDisconnect
                0x08004d52       0x14 ./Drivers/STM32F1xx_HAL_Driver/Src/stm32f1xx_ll_usb.o
                0x08004d52                USB_DevDisconnect
 .text.USB_ReadInterrupts
                0x08004d66       0x1e ./Drivers/STM32F1xx_HAL_Driver/Src/stm32f1xx_ll_usb.o
                0x08004d66                USB_ReadInterrupts
 .text.USB_EP0_OutStart
                0x08004d84       0x16 ./Drivers/STM32F1xx_HAL_Driver/Src/stm32f1xx_ll_usb.o
                0x08004d84                USB_EP0_OutStart
 .text.USB_WritePMA
                0x08004d9a       0x88 ./Drivers/STM32F1xx_HAL_Driver/Src/stm32f1xx_ll_usb.o
                0x08004d9a                USB_WritePMA
 .text.USB_ReadPMA
                0x08004e22       0x9e ./Drivers/STM32F1xx_HAL_Driver/Src/stm32f1xx_ll_usb.o
                0x08004e22                USB_ReadPMA
 .text.USBD_CUSTOM_HID_Init
                0x08004ec0       0x84 ./Middlewares/ST/STM32_USB_Device_Library/Class/CustomHID/Src/usbd_customhid.o
 .text.USBD_CUSTOM_HID_DeInit
                0x08004f44       0x5c ./Middlewares/ST/STM32_USB_Device_Library/Class/CustomHID/Src/usbd_customhid.o
 .text.USBD_CUSTOM_HID_Setup
                0x08004fa0      0x200 ./Middlewares/ST/STM32_USB_Device_Library/Class/CustomHID/Src/usbd_customhid.o
 .text.USBD_CUSTOM_HID_SendReport
                0x080051a0       0x4e ./Middlewares/ST/STM32_USB_Device_Library/Class/CustomHID/Src/usbd_customhid.o
                0x080051a0                USBD_CUSTOM_HID_SendReport
 *fill*         0x080051ee        0x2 
 .text.USBD_CUSTOM_HID_GetFSCfgDesc
                0x080051f0       0x20 ./Middlewares/ST/STM32_USB_Device_Library/Class/CustomHID/Src/usbd_customhid.o
 .text.USBD_CUSTOM_HID_GetHSCfgDesc
                0x08005210       0x20 ./Middlewares/ST/STM32_USB_Device_Library/Class/CustomHID/Src/usbd_customhid.o
 .text.USBD_CUSTOM_HID_GetOtherSpeedCfgDesc
                0x08005230       0x20 ./Middlewares/ST/STM32_USB_Device_Library/Class/CustomHID/Src/usbd_customhid.o
 .text.USBD_CUSTOM_HID_DataIn
                0x08005250       0x24 ./Middlewares/ST/STM32_USB_Device_Library/Class/CustomHID/Src/usbd_customhid.o
 .text.USBD_CUSTOM_HID_DataOut
                0x08005274       0x3e ./Middlewares/ST/STM32_USB_Device_Library/Class/CustomHID/Src/usbd_customhid.o
 .text.USBD_CUSTOM_HID_EP0_RxReady
                0x080052b2       0x3c ./Middlewares/ST/STM32_USB_Device_Library/Class/CustomHID/Src/usbd_customhid.o
 *fill*         0x080052ee        0x2 
 .text.USBD_CUSTOM_HID_GetDeviceQualifierDesc
                0x080052f0       0x20 ./Middlewares/ST/STM32_USB_Device_Library/Class/CustomHID/Src/usbd_customhid.o
 .text.USBD_CUSTOM_HID_RegisterInterface
                0x08005310       0x2c ./Middlewares/ST/STM32_USB_Device_Library/Class/CustomHID/Src/usbd_customhid.o
                0x08005310                USBD_CUSTOM_HID_RegisterInterface
 .text.USBD_Init
                0x0800533c       0x56 ./Middlewares/ST/STM32_USB_Device_Library/Core/Src/usbd_core.o
                0x0800533c                USBD_Init
 .text.USBD_RegisterClass
                0x08005392       0x32 ./Middlewares/ST/STM32_USB_Device_Library/Core/Src/usbd_core.o
                0x08005392                USBD_RegisterClass
 .text.USBD_Start
                0x080053c4       0x18 ./Middlewares/ST/STM32_USB_Device_Library/Core/Src/usbd_core.o
                0x080053c4                USBD_Start
 .text.USBD_RunTestMode
                0x080053dc       0x14 ./Middlewares/ST/STM32_USB_Device_Library/Core/Src/usbd_core.o
                0x080053dc                USBD_RunTestMode
 .text.USBD_SetClassConfig
                0x080053f0       0x3e ./Middlewares/ST/STM32_USB_Device_Library/Core/Src/usbd_core.o
                0x080053f0                USBD_SetClassConfig
 .text.USBD_ClrClassConfig
                0x0800542e       0x26 ./Middlewares/ST/STM32_USB_Device_Library/Core/Src/usbd_core.o
                0x0800542e                USBD_ClrClassConfig
 .text.USBD_LL_SetupStage
                0x08005454       0x9a ./Middlewares/ST/STM32_USB_Device_Library/Core/Src/usbd_core.o
                0x08005454                USBD_LL_SetupStage
 .text.USBD_LL_DataOutStage
                0x080054ee       0xe2 ./Middlewares/ST/STM32_USB_Device_Library/Core/Src/usbd_core.o
                0x080054ee                USBD_LL_DataOutStage
 .text.USBD_LL_DataInStage
                0x080055d0      0x14a ./Middlewares/ST/STM32_USB_Device_Library/Core/Src/usbd_core.o
                0x080055d0                USBD_LL_DataInStage
 .text.USBD_LL_Reset
                0x0800571a       0x82 ./Middlewares/ST/STM32_USB_Device_Library/Core/Src/usbd_core.o
                0x0800571a                USBD_LL_Reset
 .text.USBD_LL_SetSpeed
                0x0800579c       0x1e ./Middlewares/ST/STM32_USB_Device_Library/Core/Src/usbd_core.o
                0x0800579c                USBD_LL_SetSpeed
 .text.USBD_LL_Suspend
                0x080057ba       0x28 ./Middlewares/ST/STM32_USB_Device_Library/Core/Src/usbd_core.o
                0x080057ba                USBD_LL_Suspend
 .text.USBD_LL_Resume
                0x080057e2       0x2a ./Middlewares/ST/STM32_USB_Device_Library/Core/Src/usbd_core.o
                0x080057e2                USBD_LL_Resume
 .text.USBD_LL_SOF
                0x0800580c       0x34 ./Middlewares/ST/STM32_USB_Device_Library/Core/Src/usbd_core.o
                0x0800580c                USBD_LL_SOF
 .text.USBD_StdDevReq
                0x08005840       0xd4 ./Middlewares/ST/STM32_USB_Device_Library/Core/Src/usbd_ctlreq.o
                0x08005840                USBD_StdDevReq
 .text.USBD_StdItfReq
                0x08005914       0x90 ./Middlewares/ST/STM32_USB_Device_Library/Core/Src/usbd_ctlreq.o
                0x08005914                USBD_StdItfReq
 .text.USBD_StdEPReq
                0x080059a4      0x2c6 ./Middlewares/ST/STM32_USB_Device_Library/Core/Src/usbd_ctlreq.o
                0x080059a4                USBD_StdEPReq
 *fill*         0x08005c6a        0x2 
 .text.USBD_GetDescriptor
                0x08005c6c      0x2d0 ./Middlewares/ST/STM32_USB_Device_Library/Core/Src/usbd_ctlreq.o
 .text.USBD_SetAddress
                0x08005f3c       0x86 ./Middlewares/ST/STM32_USB_Device_Library/Core/Src/usbd_ctlreq.o
 *fill*         0x08005fc2        0x2 
 .text.USBD_SetConfig
                0x08005fc4      0x11c ./Middlewares/ST/STM32_USB_Device_Library/Core/Src/usbd_ctlreq.o
 .text.USBD_GetConfig
                0x080060e0       0x6a ./Middlewares/ST/STM32_USB_Device_Library/Core/Src/usbd_ctlreq.o
 .text.USBD_GetStatus
                0x0800614a       0x66 ./Middlewares/ST/STM32_USB_Device_Library/Core/Src/usbd_ctlreq.o
 .text.USBD_SetFeature
                0x080061b0       0x28 ./Middlewares/ST/STM32_USB_Device_Library/Core/Src/usbd_ctlreq.o
 .text.USBD_ClrFeature
                0x080061d8       0x42 ./Middlewares/ST/STM32_USB_Device_Library/Core/Src/usbd_ctlreq.o
 .text.USBD_ParseSetupRequest
                0x0800621a       0x72 ./Middlewares/ST/STM32_USB_Device_Library/Core/Src/usbd_ctlreq.o
                0x0800621a                USBD_ParseSetupRequest
 .text.USBD_CtlError
                0x0800628c       0x22 ./Middlewares/ST/STM32_USB_Device_Library/Core/Src/usbd_ctlreq.o
                0x0800628c                USBD_CtlError
 .text.USBD_GetString
                0x080062ae       0x84 ./Middlewares/ST/STM32_USB_Device_Library/Core/Src/usbd_ctlreq.o
                0x080062ae                USBD_GetString
 .text.USBD_GetLen
                0x08006332       0x2e ./Middlewares/ST/STM32_USB_Device_Library/Core/Src/usbd_ctlreq.o
 .text.USBD_CtlSendData
                0x08006360       0x38 ./Middlewares/ST/STM32_USB_Device_Library/Core/Src/usbd_ioreq.o
                0x08006360                USBD_CtlSendData
 .text.USBD_CtlContinueSendData
                0x08006398       0x24 ./Middlewares/ST/STM32_USB_Device_Library/Core/Src/usbd_ioreq.o
                0x08006398                USBD_CtlContinueSendData
 .text.USBD_CtlPrepareRx
                0x080063bc       0x3c ./Middlewares/ST/STM32_USB_Device_Library/Core/Src/usbd_ioreq.o
                0x080063bc                USBD_CtlPrepareRx
 .text.USBD_CtlContinueRx
                0x080063f8       0x24 ./Middlewares/ST/STM32_USB_Device_Library/Core/Src/usbd_ioreq.o
                0x080063f8                USBD_CtlContinueRx
 .text.USBD_CtlSendStatus
                0x0800641c       0x26 ./Middlewares/ST/STM32_USB_Device_Library/Core/Src/usbd_ioreq.o
                0x0800641c                USBD_CtlSendStatus
 .text.USBD_CtlReceiveStatus
                0x08006442       0x26 ./Middlewares/ST/STM32_USB_Device_Library/Core/Src/usbd_ioreq.o
                0x08006442                USBD_CtlReceiveStatus
 .text.USBD_GetRxCount
                0x08006468       0x20 ./Middlewares/ST/STM32_USB_Device_Library/Core/Src/usbd_ioreq.o
                0x08006468                USBD_GetRxCount
 .text.osKernelInitialize
                0x08006488       0x64 ./Middlewares/Third_Party/FreeRTOS/Source/CMSIS_RTOS_V2/cmsis_os2.o
                0x08006488                osKernelInitialize
 .text.osKernelStart
                0x080064ec       0x68 ./Middlewares/Third_Party/FreeRTOS/Source/CMSIS_RTOS_V2/cmsis_os2.o
                0x080064ec                osKernelStart
 .text.osThreadNew
                0x08006554      0x154 ./Middlewares/Third_Party/FreeRTOS/Source/CMSIS_RTOS_V2/cmsis_os2.o
                0x08006554                osThreadNew
 .text.osDelay  0x080066a8       0x5c ./Middlewares/Third_Party/FreeRTOS/Source/CMSIS_RTOS_V2/cmsis_os2.o
                0x080066a8                osDelay
 .text.vApplicationGetIdleTaskMemory
                0x08006704       0x30 ./Middlewares/Third_Party/FreeRTOS/Source/CMSIS_RTOS_V2/cmsis_os2.o
                0x08006704                vApplicationGetIdleTaskMemory
 .text.vApplicationGetTimerTaskMemory
                0x08006734       0x34 ./Middlewares/Third_Party/FreeRTOS/Source/CMSIS_RTOS_V2/cmsis_os2.o
                0x08006734                vApplicationGetTimerTaskMemory
 .text.vListInitialise
                0x08006768       0x3e ./Middlewares/Third_Party/FreeRTOS/Source/list.o
                0x08006768                vListInitialise
 .text.vListInitialiseItem
                0x080067a6       0x18 ./Middlewares/Third_Party/FreeRTOS/Source/list.o
                0x080067a6                vListInitialiseItem
 .text.vListInsertEnd
                0x080067be       0x46 ./Middlewares/Third_Party/FreeRTOS/Source/list.o
                0x080067be                vListInsertEnd
 .text.vListInsert
                0x08006804       0x70 ./Middlewares/Third_Party/FreeRTOS/Source/list.o
                0x08006804                vListInsert
 .text.uxListRemove
                0x08006874       0x52 ./Middlewares/Third_Party/FreeRTOS/Source/list.o
                0x08006874                uxListRemove
 *fill*         0x080068c6        0x2 
 .text.xQueueGenericReset
                0x080068c8       0xd4 ./Middlewares/Third_Party/FreeRTOS/Source/queue.o
                0x080068c8                xQueueGenericReset
 .text.xQueueGenericCreateStatic
                0x0800699c       0xf8 ./Middlewares/Third_Party/FreeRTOS/Source/queue.o
                0x0800699c                xQueueGenericCreateStatic
 .text.xQueueGenericCreate
                0x08006a94       0x7e ./Middlewares/Third_Party/FreeRTOS/Source/queue.o
                0x08006a94                xQueueGenericCreate
 .text.prvInitialiseNewQueue
                0x08006b12       0x46 ./Middlewares/Third_Party/FreeRTOS/Source/queue.o
 .text.prvInitialiseMutex
                0x08006b58       0x34 ./Middlewares/Third_Party/FreeRTOS/Source/queue.o
 .text.xQueueCreateMutex
                0x08006b8c       0x30 ./Middlewares/Third_Party/FreeRTOS/Source/queue.o
                0x08006b8c                xQueueCreateMutex
 .text.xQueueGenericSend
                0x08006bbc      0x204 ./Middlewares/Third_Party/FreeRTOS/Source/queue.o
                0x08006bbc                xQueueGenericSend
 .text.xQueueGenericSendFromISR
                0x08006dc0      0x136 ./Middlewares/Third_Party/FreeRTOS/Source/queue.o
                0x08006dc0                xQueueGenericSendFromISR
 *fill*         0x08006ef6        0x2 
 .text.xQueueReceive
                0x08006ef8      0x1c4 ./Middlewares/Third_Party/FreeRTOS/Source/queue.o
                0x08006ef8                xQueueReceive
 .text.xQueueSemaphoreTake
                0x080070bc      0x220 ./Middlewares/Third_Party/FreeRTOS/Source/queue.o
                0x080070bc                xQueueSemaphoreTake
 .text.prvGetDisinheritPriorityAfterTimeout
                0x080072dc       0x2e ./Middlewares/Third_Party/FreeRTOS/Source/queue.o
 .text.prvCopyDataToQueue
                0x0800730a       0xd4 ./Middlewares/Third_Party/FreeRTOS/Source/queue.o
 .text.prvCopyDataFromQueue
                0x080073de       0x4c ./Middlewares/Third_Party/FreeRTOS/Source/queue.o
 .text.prvUnlockQueue
                0x0800742a       0xa4 ./Middlewares/Third_Party/FreeRTOS/Source/queue.o
 .text.prvIsQueueEmpty
                0x080074ce       0x2c ./Middlewares/Third_Party/FreeRTOS/Source/queue.o
 .text.prvIsQueueFull
                0x080074fa       0x30 ./Middlewares/Third_Party/FreeRTOS/Source/queue.o
 *fill*         0x0800752a        0x2 
 .text.vQueueAddToRegistry
                0x0800752c       0x50 ./Middlewares/Third_Party/FreeRTOS/Source/queue.o
                0x0800752c                vQueueAddToRegistry
 .text.vQueueWaitForMessageRestricted
                0x0800757c       0x68 ./Middlewares/Third_Party/FreeRTOS/Source/queue.o
                0x0800757c                vQueueWaitForMessageRestricted
 .text.xTaskCreateStatic
                0x080075e4       0xbe ./Middlewares/Third_Party/FreeRTOS/Source/tasks.o
                0x080075e4                xTaskCreateStatic
 .text.xTaskCreate
                0x080076a2       0x8a ./Middlewares/Third_Party/FreeRTOS/Source/tasks.o
                0x080076a2                xTaskCreate
 .text.prvInitialiseNewTask
                0x0800772c      0x140 ./Middlewares/Third_Party/FreeRTOS/Source/tasks.o
 .text.prvAddNewTaskToReadyList
                0x0800786c       0xe0 ./Middlewares/Third_Party/FreeRTOS/Source/tasks.o
 .text.vTaskDelay
                0x0800794c       0x6c ./Middlewares/Third_Party/FreeRTOS/Source/tasks.o
                0x0800794c                vTaskDelay
 .text.vTaskStartScheduler
                0x080079b8       0xe0 ./Middlewares/Third_Party/FreeRTOS/Source/tasks.o
                0x080079b8                vTaskStartScheduler
 .text.vTaskSuspendAll
                0x08007a98       0x1c ./Middlewares/Third_Party/FreeRTOS/Source/tasks.o
                0x08007a98                vTaskSuspendAll
 .text.xTaskResumeAll
                0x08007ab4      0x13c ./Middlewares/Third_Party/FreeRTOS/Source/tasks.o
                0x08007ab4                xTaskResumeAll
 .text.xTaskGetTickCount
                0x08007bf0       0x1c ./Middlewares/Third_Party/FreeRTOS/Source/tasks.o
                0x08007bf0                xTaskGetTickCount
 .text.xTaskIncrementTick
                0x08007c0c      0x180 ./Middlewares/Third_Party/FreeRTOS/Source/tasks.o
                0x08007c0c                xTaskIncrementTick
 .text.vTaskSwitchContext
                0x08007d8c       0xc8 ./Middlewares/Third_Party/FreeRTOS/Source/tasks.o
                0x08007d8c                vTaskSwitchContext
 .text.vTaskPlaceOnEventList
                0x08007e54       0x4c ./Middlewares/Third_Party/FreeRTOS/Source/tasks.o
                0x08007e54                vTaskPlaceOnEventList
 .text.vTaskPlaceOnEventListRestricted
                0x08007ea0       0x58 ./Middlewares/Third_Party/FreeRTOS/Source/tasks.o
                0x08007ea0                vTaskPlaceOnEventListRestricted
 .text.xTaskRemoveFromEventList
                0x08007ef8       0xc8 ./Middlewares/Third_Party/FreeRTOS/Source/tasks.o
                0x08007ef8                xTaskRemoveFromEventList
 .text.vTaskInternalSetTimeOutState
                0x08007fc0       0x2c ./Middlewares/Third_Party/FreeRTOS/Source/tasks.o
                0x08007fc0                vTaskInternalSetTimeOutState
 .text.xTaskCheckForTimeOut
                0x08007fec       0xc8 ./Middlewares/Third_Party/FreeRTOS/Source/tasks.o
                0x08007fec                xTaskCheckForTimeOut
 .text.vTaskMissedYield
                0x080080b4       0x18 ./Middlewares/Third_Party/FreeRTOS/Source/tasks.o
                0x080080b4                vTaskMissedYield
 .text.prvIdleTask
                0x080080cc       0x30 ./Middlewares/Third_Party/FreeRTOS/Source/tasks.o
 .text.prvInitialiseTaskLists
                0x080080fc       0x80 ./Middlewares/Third_Party/FreeRTOS/Source/tasks.o
 .text.prvCheckTasksWaitingTermination
                0x0800817c       0x5c ./Middlewares/Third_Party/FreeRTOS/Source/tasks.o
 .text.prvDeleteTCB
                0x080081d8       0x6a ./Middlewares/Third_Party/FreeRTOS/Source/tasks.o
 *fill*         0x08008242        0x2 
 .text.prvResetNextTaskUnblockTime
                0x08008244       0x48 ./Middlewares/Third_Party/FreeRTOS/Source/tasks.o
 .text.xTaskGetSchedulerState
                0x0800828c       0x3c ./Middlewares/Third_Party/FreeRTOS/Source/tasks.o
                0x0800828c                xTaskGetSchedulerState
 .text.xTaskPriorityInherit
                0x080082c8       0xdc ./Middlewares/Third_Party/FreeRTOS/Source/tasks.o
                0x080082c8                xTaskPriorityInherit
 .text.xTaskPriorityDisinherit
                0x080083a4       0xe0 ./Middlewares/Third_Party/FreeRTOS/Source/tasks.o
                0x080083a4                xTaskPriorityDisinherit
 .text.vTaskPriorityDisinheritAfterTimeout
                0x08008484      0x110 ./Middlewares/Third_Party/FreeRTOS/Source/tasks.o
                0x08008484                vTaskPriorityDisinheritAfterTimeout
 .text.pvTaskIncrementMutexHeldCount
                0x08008594       0x28 ./Middlewares/Third_Party/FreeRTOS/Source/tasks.o
                0x08008594                pvTaskIncrementMutexHeldCount
 .text.prvAddCurrentTaskToDelayedList
                0x080085bc       0xa8 ./Middlewares/Third_Party/FreeRTOS/Source/tasks.o
 .text.xTimerCreateTimerTask
                0x08008664       0x94 ./Middlewares/Third_Party/FreeRTOS/Source/timers.o
                0x08008664                xTimerCreateTimerTask
 .text.xTimerGenericCommand
                0x080086f8       0x9c ./Middlewares/Third_Party/FreeRTOS/Source/timers.o
                0x080086f8                xTimerGenericCommand
 .text.prvProcessExpiredTimer
                0x08008794       0x84 ./Middlewares/Third_Party/FreeRTOS/Source/timers.o
 .text.prvTimerTask
                0x08008818       0x26 ./Middlewares/Third_Party/FreeRTOS/Source/timers.o
 *fill*         0x0800883e        0x2 
 .text.prvProcessTimerOrBlockTask
                0x08008840       0x9c ./Middlewares/Third_Party/FreeRTOS/Source/timers.o
 .text.prvGetNextExpireTime
                0x080088dc       0x48 ./Middlewares/Third_Party/FreeRTOS/Source/timers.o
 .text.prvSampleTimeNow
                0x08008924       0x40 ./Middlewares/Third_Party/FreeRTOS/Source/timers.o
 .text.prvInsertTimerInActiveList
                0x08008964       0x84 ./Middlewares/Third_Party/FreeRTOS/Source/timers.o
 .text.prvProcessReceivedCommands
                0x080089e8      0x178 ./Middlewares/Third_Party/FreeRTOS/Source/timers.o
 .text.prvSwitchTimerLists
                0x08008b60       0xc4 ./Middlewares/Third_Party/FreeRTOS/Source/timers.o
 .text.prvCheckForValidListAndQueue
                0x08008c24       0x80 ./Middlewares/Third_Party/FreeRTOS/Source/timers.o
 .text.pxPortInitialiseStack
                0x08008ca4       0x58 ./Middlewares/Third_Party/FreeRTOS/Source/portable/GCC/ARM_CM3/port.o
                0x08008ca4                pxPortInitialiseStack
 .text.prvTaskExitError
                0x08008cfc       0x58 ./Middlewares/Third_Party/FreeRTOS/Source/portable/GCC/ARM_CM3/port.o
 *fill*         0x08008d54        0xc 
 .text.SVC_Handler
                0x08008d60       0x28 ./Middlewares/Third_Party/FreeRTOS/Source/portable/GCC/ARM_CM3/port.o
                0x08008d60                SVC_Handler
 .text.prvPortStartFirstTask
                0x08008d88       0x20 ./Middlewares/Third_Party/FreeRTOS/Source/portable/GCC/ARM_CM3/port.o
 .text.xPortStartScheduler
                0x08008da8       0xe4 ./Middlewares/Third_Party/FreeRTOS/Source/portable/GCC/ARM_CM3/port.o
                0x08008da8                xPortStartScheduler
 .text.vPortEnterCritical
                0x08008e8c       0x60 ./Middlewares/Third_Party/FreeRTOS/Source/portable/GCC/ARM_CM3/port.o
                0x08008e8c                vPortEnterCritical
 .text.vPortExitCritical
                0x08008eec       0x54 ./Middlewares/Third_Party/FreeRTOS/Source/portable/GCC/ARM_CM3/port.o
                0x08008eec                vPortExitCritical
 .text.PendSV_Handler
                0x08008f40       0x48 ./Middlewares/Third_Party/FreeRTOS/Source/portable/GCC/ARM_CM3/port.o
                0x08008f40                PendSV_Handler
 .text.SysTick_Handler
                0x08008f88       0x44 ./Middlewares/Third_Party/FreeRTOS/Source/portable/GCC/ARM_CM3/port.o
                0x08008f88                SysTick_Handler
 .text.vPortSetupTimerInterrupt
                0x08008fcc       0x44 ./Middlewares/Third_Party/FreeRTOS/Source/portable/GCC/ARM_CM3/port.o
                0x08008fcc                vPortSetupTimerInterrupt
 .text.vPortValidateInterruptPriority
                0x08009010       0x80 ./Middlewares/Third_Party/FreeRTOS/Source/portable/GCC/ARM_CM3/port.o
                0x08009010                vPortValidateInterruptPriority
 .text.pvPortMalloc
                0x08009090      0x190 ./Middlewares/Third_Party/FreeRTOS/Source/portable/MemMang/heap_4.o
                0x08009090                pvPortMalloc
 .text.vPortFree
                0x08009220       0xb8 ./Middlewares/Third_Party/FreeRTOS/Source/portable/MemMang/heap_4.o
                0x08009220                vPortFree
 .text.prvHeapInit
                0x080092d8       0xc4 ./Middlewares/Third_Party/FreeRTOS/Source/portable/MemMang/heap_4.o
 .text.prvInsertBlockIntoFreeList
                0x0800939c       0xb0 ./Middlewares/Third_Party/FreeRTOS/Source/portable/MemMang/heap_4.o
 .text.MX_USB_DEVICE_Init
                0x0800944c       0x60 ./USB_DEVICE/App/usb_device.o
                0x0800944c                MX_USB_DEVICE_Init
 .text.CUSTOM_HID_Init_FS
                0x080094ac        0xe ./USB_DEVICE/App/usbd_custom_hid_if.o
 .text.CUSTOM_HID_DeInit_FS
                0x080094ba        0xe ./USB_DEVICE/App/usbd_custom_hid_if.o
 .text.CUSTOM_HID_OutEvent_FS
                0x080094c8       0xb8 ./USB_DEVICE/App/usbd_custom_hid_if.o
 .text.USBD_FS_DeviceDescriptor
                0x08009580       0x24 ./USB_DEVICE/App/usbd_desc.o
                0x08009580                USBD_FS_DeviceDescriptor
 .text.USBD_FS_LangIDStrDescriptor
                0x080095a4       0x24 ./USB_DEVICE/App/usbd_desc.o
                0x080095a4                USBD_FS_LangIDStrDescriptor
 .text.USBD_FS_ProductStrDescriptor
                0x080095c8       0x3c ./USB_DEVICE/App/usbd_desc.o
                0x080095c8                USBD_FS_ProductStrDescriptor
 .text.USBD_FS_ManufacturerStrDescriptor
                0x08009604       0x28 ./USB_DEVICE/App/usbd_desc.o
                0x08009604                USBD_FS_ManufacturerStrDescriptor
 .text.USBD_FS_SerialStrDescriptor
                0x0800962c       0x24 ./USB_DEVICE/App/usbd_desc.o
                0x0800962c                USBD_FS_SerialStrDescriptor
 .text.USBD_FS_ConfigStrDescriptor
                0x08009650       0x3c ./USB_DEVICE/App/usbd_desc.o
                0x08009650                USBD_FS_ConfigStrDescriptor
 .text.USBD_FS_InterfaceStrDescriptor
                0x0800968c       0x3c ./USB_DEVICE/App/usbd_desc.o
                0x0800968c                USBD_FS_InterfaceStrDescriptor
 .text.Get_SerialNum
                0x080096c8       0x58 ./USB_DEVICE/App/usbd_desc.o
 .text.IntToUnicode
                0x08009720       0x7c ./USB_DEVICE/App/usbd_desc.o
 .text.HAL_PCD_MspInit
                0x0800979c       0x4c ./USB_DEVICE/Target/usbd_conf.o
                0x0800979c                HAL_PCD_MspInit
 .text.HAL_PCD_SetupStageCallback
                0x080097e8       0x24 ./USB_DEVICE/Target/usbd_conf.o
                0x080097e8                HAL_PCD_SetupStageCallback
 .text.HAL_PCD_DataOutStageCallback
                0x0800980c       0x30 ./USB_DEVICE/Target/usbd_conf.o
                0x0800980c                HAL_PCD_DataOutStageCallback
 .text.HAL_PCD_DataInStageCallback
                0x0800983c       0x2e ./USB_DEVICE/Target/usbd_conf.o
                0x0800983c                HAL_PCD_DataInStageCallback
 .text.HAL_PCD_SOFCallback
                0x0800986a       0x1c ./USB_DEVICE/Target/usbd_conf.o
                0x0800986a                HAL_PCD_SOFCallback
 .text.HAL_PCD_ResetCallback
                0x08009886       0x3c ./USB_DEVICE/Target/usbd_conf.o
                0x08009886                HAL_PCD_ResetCallback
 *fill*         0x080098c2        0x2 
 .text.HAL_PCD_SuspendCallback
                0x080098c4       0x34 ./USB_DEVICE/Target/usbd_conf.o
                0x080098c4                HAL_PCD_SuspendCallback
 .text.HAL_PCD_ResumeCallback
                0x080098f8       0x1c ./USB_DEVICE/Target/usbd_conf.o
                0x080098f8                HAL_PCD_ResumeCallback
 .text.USBD_LL_Init
                0x08009914       0xa0 ./USB_DEVICE/Target/usbd_conf.o
                0x08009914                USBD_LL_Init
 .text.USBD_LL_Start
                0x080099b4       0x36 ./USB_DEVICE/Target/usbd_conf.o
                0x080099b4                USBD_LL_Start
 .text.USBD_LL_OpenEP
                0x080099ea       0x4c ./USB_DEVICE/Target/usbd_conf.o
                0x080099ea                USBD_LL_OpenEP
 .text.USBD_LL_CloseEP
                0x08009a36       0x3e ./USB_DEVICE/Target/usbd_conf.o
                0x08009a36                USBD_LL_CloseEP
 .text.USBD_LL_StallEP
                0x08009a74       0x3e ./USB_DEVICE/Target/usbd_conf.o
                0x08009a74                USBD_LL_StallEP
 .text.USBD_LL_ClearStallEP
                0x08009ab2       0x3e ./USB_DEVICE/Target/usbd_conf.o
                0x08009ab2                USBD_LL_ClearStallEP
 .text.USBD_LL_IsStallEP
                0x08009af0       0x4a ./USB_DEVICE/Target/usbd_conf.o
                0x08009af0                USBD_LL_IsStallEP
 .text.USBD_LL_SetUSBAddress
                0x08009b3a       0x3e ./USB_DEVICE/Target/usbd_conf.o
                0x08009b3a                USBD_LL_SetUSBAddress
 .text.USBD_LL_Transmit
                0x08009b78       0x46 ./USB_DEVICE/Target/usbd_conf.o
                0x08009b78                USBD_LL_Transmit
 .text.USBD_LL_PrepareReceive
                0x08009bbe       0x46 ./USB_DEVICE/Target/usbd_conf.o
                0x08009bbe                USBD_LL_PrepareReceive
 .text.USBD_LL_GetRxDataSize
                0x08009c04       0x26 ./USB_DEVICE/Target/usbd_conf.o
                0x08009c04                USBD_LL_GetRxDataSize
 *fill*         0x08009c2a        0x2 
 .text.USBD_static_malloc
                0x08009c2c       0x18 ./USB_DEVICE/Target/usbd_conf.o
                0x08009c2c                USBD_static_malloc
 .text.USBD_static_free
                0x08009c44       0x12 ./USB_DEVICE/Target/usbd_conf.o
                0x08009c44                USBD_static_free
 .text.HAL_PCDEx_SetConnectionState
                0x08009c56       0x16 ./USB_DEVICE/Target/usbd_conf.o
                0x08009c56                HAL_PCDEx_SetConnectionState
 .text.USBD_Get_USB_Status
                0x08009c6c       0x58 ./USB_DEVICE/Target/usbd_conf.o
 .text.__io_putchar
                0x08009cc4       0x24 ./user/user_debug.o
                0x08009cc4                __io_putchar
 .text.led_0_on
                0x08009ce8       0x18 ./user/user_gpio.o
                0x08009ce8                led_0_on
 .text.led_0_off
                0x08009d00       0x18 ./user/user_gpio.o
                0x08009d00                led_0_off
 .text.led_1_on
                0x08009d18       0x18 ./user/user_gpio.o
                0x08009d18                led_1_on
 .text.led_1_off
                0x08009d30       0x18 ./user/user_gpio.o
                0x08009d30                led_1_off
 .text.get_key_0_states
                0x08009d48       0x20 ./user/user_gpio.o
                0x08009d48                get_key_0_states
 .text.stateTask
                0x08009d68       0x68 ./user/user_task.o
                0x08009d68                stateTask
 .text.initTask
                0x08009dd0       0x44 ./user/user_task.o
                0x08009dd0                initTask
 .text.stopTask
                0x08009e14       0xa0 ./user/user_task.o
                0x08009e14                stopTask
 .text.readyTask
                0x08009eb4       0x44 ./user/user_task.o
                0x08009eb4                readyTask
 .text.pauseTask
                0x08009ef8       0x48 ./user/user_task.o
                0x08009ef8                pauseTask
 .text.workTask
                0x08009f40       0x48 ./user/user_task.o
                0x08009f40                workTask
 .text.errorTask
                0x08009f88       0x34 ./user/user_task.o
                0x08009f88                errorTask
 .text.defaultTask
                0x08009fbc       0x34 ./user/user_task.o
                0x08009fbc                defaultTask
 .text.Usart2_Transmit_Data
                0x08009ff0       0x68 ./user/user_usart.o
                0x08009ff0                Usart2_Transmit_Data
 .text.HAL_UART_RxCpltCallback
                0x0800a058       0x80 ./user/user_usart.o
                0x0800a058                HAL_UART_RxCpltCallback
 .text.Init_Usart2
                0x0800a0d8       0x2c ./user/user_usart.o
                0x0800a0d8                Init_Usart2
 .text.Usart2_Parse_Data
                0x0800a104      0x168 ./user/user_usart.o
                0x0800a104                Usart2_Parse_Data
 .text.Set_State
                0x0800a26c       0x78 ./user/user_usart.o
                0x0800a26c                Set_State
 .text.Usart2_Screen_Check_Data
                0x0800a2e4       0x66 ./user/user_usart.o
                0x0800a2e4                Usart2_Screen_Check_Data
 *fill*         0x0800a34a        0x2 
 .text.Change_Screen_ID
                0x0800a34c       0x80 ./user/user_usart.o
                0x0800a34c                Change_Screen_ID
 .text.USB_Send_Data
                0x0800a3cc       0x54 ./user/user_usb.o
                0x0800a3cc                USB_Send_Data
 .text.std      0x0800a420       0x6c D:/software/STM32CubeIDE_1.16.1/STM32CubeIDE/plugins/com.st.stm32cube.ide.mcu.externaltools.gnu-tools-for-stm32.12.3.rel1.win32_1.0.200.202406191623/tools/bin/../lib/gcc/arm-none-eabi/12.3.1/../../../../arm-none-eabi/lib/thumb/v7-m/nofp\libc_nano.a(libc_a-findfp.o)
 .text.stdio_exit_handler
                0x0800a48c       0x18 D:/software/STM32CubeIDE_1.16.1/STM32CubeIDE/plugins/com.st.stm32cube.ide.mcu.externaltools.gnu-tools-for-stm32.12.3.rel1.win32_1.0.200.202406191623/tools/bin/../lib/gcc/arm-none-eabi/12.3.1/../../../../arm-none-eabi/lib/thumb/v7-m/nofp\libc_nano.a(libc_a-findfp.o)
 .text.cleanup_stdio
                0x0800a4a4       0x40 D:/software/STM32CubeIDE_1.16.1/STM32CubeIDE/plugins/com.st.stm32cube.ide.mcu.externaltools.gnu-tools-for-stm32.12.3.rel1.win32_1.0.200.202406191623/tools/bin/../lib/gcc/arm-none-eabi/12.3.1/../../../../arm-none-eabi/lib/thumb/v7-m/nofp\libc_nano.a(libc_a-findfp.o)
 .text.global_stdio_init.part.0
                0x0800a4e4       0x3c D:/software/STM32CubeIDE_1.16.1/STM32CubeIDE/plugins/com.st.stm32cube.ide.mcu.externaltools.gnu-tools-for-stm32.12.3.rel1.win32_1.0.200.202406191623/tools/bin/../lib/gcc/arm-none-eabi/12.3.1/../../../../arm-none-eabi/lib/thumb/v7-m/nofp\libc_nano.a(libc_a-findfp.o)
 .text.__sfp_lock_acquire
                0x0800a520        0xc D:/software/STM32CubeIDE_1.16.1/STM32CubeIDE/plugins/com.st.stm32cube.ide.mcu.externaltools.gnu-tools-for-stm32.12.3.rel1.win32_1.0.200.202406191623/tools/bin/../lib/gcc/arm-none-eabi/12.3.1/../../../../arm-none-eabi/lib/thumb/v7-m/nofp\libc_nano.a(libc_a-findfp.o)
                0x0800a520                __sfp_lock_acquire
 .text.__sfp_lock_release
                0x0800a52c        0xc D:/software/STM32CubeIDE_1.16.1/STM32CubeIDE/plugins/com.st.stm32cube.ide.mcu.externaltools.gnu-tools-for-stm32.12.3.rel1.win32_1.0.200.202406191623/tools/bin/../lib/gcc/arm-none-eabi/12.3.1/../../../../arm-none-eabi/lib/thumb/v7-m/nofp\libc_nano.a(libc_a-findfp.o)
                0x0800a52c                __sfp_lock_release
 .text.__sinit  0x0800a538       0x30 D:/software/STM32CubeIDE_1.16.1/STM32CubeIDE/plugins/com.st.stm32cube.ide.mcu.externaltools.gnu-tools-for-stm32.12.3.rel1.win32_1.0.200.202406191623/tools/bin/../lib/gcc/arm-none-eabi/12.3.1/../../../../arm-none-eabi/lib/thumb/v7-m/nofp\libc_nano.a(libc_a-findfp.o)
                0x0800a538                __sinit
 .text._fwalk_sglue
                0x0800a568       0x3c D:/software/STM32CubeIDE_1.16.1/STM32CubeIDE/plugins/com.st.stm32cube.ide.mcu.externaltools.gnu-tools-for-stm32.12.3.rel1.win32_1.0.200.202406191623/tools/bin/../lib/gcc/arm-none-eabi/12.3.1/../../../../arm-none-eabi/lib/thumb/v7-m/nofp\libc_nano.a(libc_a-fwalk.o)
                0x0800a568                _fwalk_sglue
 .text.printf   0x0800a5a4       0x24 D:/software/STM32CubeIDE_1.16.1/STM32CubeIDE/plugins/com.st.stm32cube.ide.mcu.externaltools.gnu-tools-for-stm32.12.3.rel1.win32_1.0.200.202406191623/tools/bin/../lib/gcc/arm-none-eabi/12.3.1/../../../../arm-none-eabi/lib/thumb/v7-m/nofp\libc_nano.a(libc_a-printf.o)
                0x0800a5a4                iprintf
                0x0800a5a4                printf
 .text._puts_r  0x0800a5c8       0xaa D:/software/STM32CubeIDE_1.16.1/STM32CubeIDE/plugins/com.st.stm32cube.ide.mcu.externaltools.gnu-tools-for-stm32.12.3.rel1.win32_1.0.200.202406191623/tools/bin/../lib/gcc/arm-none-eabi/12.3.1/../../../../arm-none-eabi/lib/thumb/v7-m/nofp\libc_nano.a(libc_a-puts.o)
                0x0800a5c8                _puts_r
 *fill*         0x0800a672        0x2 
 .text.puts     0x0800a674       0x10 D:/software/STM32CubeIDE_1.16.1/STM32CubeIDE/plugins/com.st.stm32cube.ide.mcu.externaltools.gnu-tools-for-stm32.12.3.rel1.win32_1.0.200.202406191623/tools/bin/../lib/gcc/arm-none-eabi/12.3.1/../../../../arm-none-eabi/lib/thumb/v7-m/nofp\libc_nano.a(libc_a-puts.o)
                0x0800a674                puts
 .text.sprintf  0x0800a684       0x40 D:/software/STM32CubeIDE_1.16.1/STM32CubeIDE/plugins/com.st.stm32cube.ide.mcu.externaltools.gnu-tools-for-stm32.12.3.rel1.win32_1.0.200.202406191623/tools/bin/../lib/gcc/arm-none-eabi/12.3.1/../../../../arm-none-eabi/lib/thumb/v7-m/nofp\libc_nano.a(libc_a-sprintf.o)
                0x0800a684                siprintf
                0x0800a684                sprintf
 .text.__sread  0x0800a6c4       0x22 D:/software/STM32CubeIDE_1.16.1/STM32CubeIDE/plugins/com.st.stm32cube.ide.mcu.externaltools.gnu-tools-for-stm32.12.3.rel1.win32_1.0.200.202406191623/tools/bin/../lib/gcc/arm-none-eabi/12.3.1/../../../../arm-none-eabi/lib/thumb/v7-m/nofp\libc_nano.a(libc_a-stdio.o)
                0x0800a6c4                __sread
 .text.__swrite
                0x0800a6e6       0x38 D:/software/STM32CubeIDE_1.16.1/STM32CubeIDE/plugins/com.st.stm32cube.ide.mcu.externaltools.gnu-tools-for-stm32.12.3.rel1.win32_1.0.200.202406191623/tools/bin/../lib/gcc/arm-none-eabi/12.3.1/../../../../arm-none-eabi/lib/thumb/v7-m/nofp\libc_nano.a(libc_a-stdio.o)
                0x0800a6e6                __swrite
 .text.__sseek  0x0800a71e       0x24 D:/software/STM32CubeIDE_1.16.1/STM32CubeIDE/plugins/com.st.stm32cube.ide.mcu.externaltools.gnu-tools-for-stm32.12.3.rel1.win32_1.0.200.202406191623/tools/bin/../lib/gcc/arm-none-eabi/12.3.1/../../../../arm-none-eabi/lib/thumb/v7-m/nofp\libc_nano.a(libc_a-stdio.o)
                0x0800a71e                __sseek
 .text.__sclose
                0x0800a742        0x8 D:/software/STM32CubeIDE_1.16.1/STM32CubeIDE/plugins/com.st.stm32cube.ide.mcu.externaltools.gnu-tools-for-stm32.12.3.rel1.win32_1.0.200.202406191623/tools/bin/../lib/gcc/arm-none-eabi/12.3.1/../../../../arm-none-eabi/lib/thumb/v7-m/nofp\libc_nano.a(libc_a-stdio.o)
                0x0800a742                __sclose
 .text.__swbuf_r
                0x0800a74a       0x7c D:/software/STM32CubeIDE_1.16.1/STM32CubeIDE/plugins/com.st.stm32cube.ide.mcu.externaltools.gnu-tools-for-stm32.12.3.rel1.win32_1.0.200.202406191623/tools/bin/../lib/gcc/arm-none-eabi/12.3.1/../../../../arm-none-eabi/lib/thumb/v7-m/nofp\libc_nano.a(libc_a-wbuf.o)
                0x0800a74a                __swbuf_r
 *fill*         0x0800a7c6        0x2 
 .text.__swsetup_r
                0x0800a7c8       0xac D:/software/STM32CubeIDE_1.16.1/STM32CubeIDE/plugins/com.st.stm32cube.ide.mcu.externaltools.gnu-tools-for-stm32.12.3.rel1.win32_1.0.200.202406191623/tools/bin/../lib/gcc/arm-none-eabi/12.3.1/../../../../arm-none-eabi/lib/thumb/v7-m/nofp\libc_nano.a(libc_a-wsetup.o)
                0x0800a7c8                __swsetup_r
 .text.memset   0x0800a874       0x10 D:/software/STM32CubeIDE_1.16.1/STM32CubeIDE/plugins/com.st.stm32cube.ide.mcu.externaltools.gnu-tools-for-stm32.12.3.rel1.win32_1.0.200.202406191623/tools/bin/../lib/gcc/arm-none-eabi/12.3.1/../../../../arm-none-eabi/lib/thumb/v7-m/nofp\libc_nano.a(libc_a-memset.o)
                0x0800a874                memset
 .text._close_r
                0x0800a884       0x20 D:/software/STM32CubeIDE_1.16.1/STM32CubeIDE/plugins/com.st.stm32cube.ide.mcu.externaltools.gnu-tools-for-stm32.12.3.rel1.win32_1.0.200.202406191623/tools/bin/../lib/gcc/arm-none-eabi/12.3.1/../../../../arm-none-eabi/lib/thumb/v7-m/nofp\libc_nano.a(libc_a-closer.o)
                0x0800a884                _close_r
 .text._reclaim_reent
                0x0800a8a4       0xac D:/software/STM32CubeIDE_1.16.1/STM32CubeIDE/plugins/com.st.stm32cube.ide.mcu.externaltools.gnu-tools-for-stm32.12.3.rel1.win32_1.0.200.202406191623/tools/bin/../lib/gcc/arm-none-eabi/12.3.1/../../../../arm-none-eabi/lib/thumb/v7-m/nofp\libc_nano.a(libc_a-reent.o)
                0x0800a8a4                _reclaim_reent
 .text._lseek_r
                0x0800a950       0x24 D:/software/STM32CubeIDE_1.16.1/STM32CubeIDE/plugins/com.st.stm32cube.ide.mcu.externaltools.gnu-tools-for-stm32.12.3.rel1.win32_1.0.200.202406191623/tools/bin/../lib/gcc/arm-none-eabi/12.3.1/../../../../arm-none-eabi/lib/thumb/v7-m/nofp\libc_nano.a(libc_a-lseekr.o)
                0x0800a950                _lseek_r
 .text._read_r  0x0800a974       0x24 D:/software/STM32CubeIDE_1.16.1/STM32CubeIDE/plugins/com.st.stm32cube.ide.mcu.externaltools.gnu-tools-for-stm32.12.3.rel1.win32_1.0.200.202406191623/tools/bin/../lib/gcc/arm-none-eabi/12.3.1/../../../../arm-none-eabi/lib/thumb/v7-m/nofp\libc_nano.a(libc_a-readr.o)
                0x0800a974                _read_r
 .text._write_r
                0x0800a998       0x24 D:/software/STM32CubeIDE_1.16.1/STM32CubeIDE/plugins/com.st.stm32cube.ide.mcu.externaltools.gnu-tools-for-stm32.12.3.rel1.win32_1.0.200.202406191623/tools/bin/../lib/gcc/arm-none-eabi/12.3.1/../../../../arm-none-eabi/lib/thumb/v7-m/nofp\libc_nano.a(libc_a-writer.o)
                0x0800a998                _write_r
 .text.__errno  0x0800a9bc        0xc D:/software/STM32CubeIDE_1.16.1/STM32CubeIDE/plugins/com.st.stm32cube.ide.mcu.externaltools.gnu-tools-for-stm32.12.3.rel1.win32_1.0.200.202406191623/tools/bin/../lib/gcc/arm-none-eabi/12.3.1/../../../../arm-none-eabi/lib/thumb/v7-m/nofp\libc_nano.a(libc_a-errno.o)
                0x0800a9bc                __errno
 .text.__libc_init_array
                0x0800a9c8       0x48 D:/software/STM32CubeIDE_1.16.1/STM32CubeIDE/plugins/com.st.stm32cube.ide.mcu.externaltools.gnu-tools-for-stm32.12.3.rel1.win32_1.0.200.202406191623/tools/bin/../lib/gcc/arm-none-eabi/12.3.1/../../../../arm-none-eabi/lib/thumb/v7-m/nofp\libc_nano.a(libc_a-init.o)
                0x0800a9c8                __libc_init_array
 .text.__retarget_lock_init_recursive
                0x0800aa10        0x2 D:/software/STM32CubeIDE_1.16.1/STM32CubeIDE/plugins/com.st.stm32cube.ide.mcu.externaltools.gnu-tools-for-stm32.12.3.rel1.win32_1.0.200.202406191623/tools/bin/../lib/gcc/arm-none-eabi/12.3.1/../../../../arm-none-eabi/lib/thumb/v7-m/nofp\libc_nano.a(libc_a-lock.o)
                0x0800aa10                __retarget_lock_init_recursive
 .text.__retarget_lock_acquire_recursive
                0x0800aa12        0x2 D:/software/STM32CubeIDE_1.16.1/STM32CubeIDE/plugins/com.st.stm32cube.ide.mcu.externaltools.gnu-tools-for-stm32.12.3.rel1.win32_1.0.200.202406191623/tools/bin/../lib/gcc/arm-none-eabi/12.3.1/../../../../arm-none-eabi/lib/thumb/v7-m/nofp\libc_nano.a(libc_a-lock.o)
                0x0800aa12                __retarget_lock_acquire_recursive
 .text.__retarget_lock_release_recursive
                0x0800aa14        0x2 D:/software/STM32CubeIDE_1.16.1/STM32CubeIDE/plugins/com.st.stm32cube.ide.mcu.externaltools.gnu-tools-for-stm32.12.3.rel1.win32_1.0.200.202406191623/tools/bin/../lib/gcc/arm-none-eabi/12.3.1/../../../../arm-none-eabi/lib/thumb/v7-m/nofp\libc_nano.a(libc_a-lock.o)
                0x0800aa14                __retarget_lock_release_recursive
 .text.memcpy   0x0800aa16       0x1c D:/software/STM32CubeIDE_1.16.1/STM32CubeIDE/plugins/com.st.stm32cube.ide.mcu.externaltools.gnu-tools-for-stm32.12.3.rel1.win32_1.0.200.202406191623/tools/bin/../lib/gcc/arm-none-eabi/12.3.1/../../../../arm-none-eabi/lib/thumb/v7-m/nofp\libc_nano.a(libc_a-memcpy-stub.o)
                0x0800aa16                memcpy
 *fill*         0x0800aa32        0x2 
 .text._free_r  0x0800aa34       0x90 D:/software/STM32CubeIDE_1.16.1/STM32CubeIDE/plugins/com.st.stm32cube.ide.mcu.externaltools.gnu-tools-for-stm32.12.3.rel1.win32_1.0.200.202406191623/tools/bin/../lib/gcc/arm-none-eabi/12.3.1/../../../../arm-none-eabi/lib/thumb/v7-m/nofp\libc_nano.a(libc_a-freer.o)
                0x0800aa34                _free_r
 .text.sbrk_aligned
                0x0800aac4       0x44 D:/software/STM32CubeIDE_1.16.1/STM32CubeIDE/plugins/com.st.stm32cube.ide.mcu.externaltools.gnu-tools-for-stm32.12.3.rel1.win32_1.0.200.202406191623/tools/bin/../lib/gcc/arm-none-eabi/12.3.1/../../../../arm-none-eabi/lib/thumb/v7-m/nofp\libc_nano.a(libc_a-mallocr.o)
 .text._malloc_r
                0x0800ab08      0x100 D:/software/STM32CubeIDE_1.16.1/STM32CubeIDE/plugins/com.st.stm32cube.ide.mcu.externaltools.gnu-tools-for-stm32.12.3.rel1.win32_1.0.200.202406191623/tools/bin/../lib/gcc/arm-none-eabi/12.3.1/../../../../arm-none-eabi/lib/thumb/v7-m/nofp\libc_nano.a(libc_a-mallocr.o)
                0x0800ab08                _malloc_r
 .text.__malloc_lock
                0x0800ac08        0xc D:/software/STM32CubeIDE_1.16.1/STM32CubeIDE/plugins/com.st.stm32cube.ide.mcu.externaltools.gnu-tools-for-stm32.12.3.rel1.win32_1.0.200.202406191623/tools/bin/../lib/gcc/arm-none-eabi/12.3.1/../../../../arm-none-eabi/lib/thumb/v7-m/nofp\libc_nano.a(libc_a-mlock.o)
                0x0800ac08                __malloc_lock
 .text.__malloc_unlock
                0x0800ac14        0xc D:/software/STM32CubeIDE_1.16.1/STM32CubeIDE/plugins/com.st.stm32cube.ide.mcu.externaltools.gnu-tools-for-stm32.12.3.rel1.win32_1.0.200.202406191623/tools/bin/../lib/gcc/arm-none-eabi/12.3.1/../../../../arm-none-eabi/lib/thumb/v7-m/nofp\libc_nano.a(libc_a-mlock.o)
                0x0800ac14                __malloc_unlock
 .text.__ssputs_r
                0x0800ac20       0xb6 D:/software/STM32CubeIDE_1.16.1/STM32CubeIDE/plugins/com.st.stm32cube.ide.mcu.externaltools.gnu-tools-for-stm32.12.3.rel1.win32_1.0.200.202406191623/tools/bin/../lib/gcc/arm-none-eabi/12.3.1/../../../../arm-none-eabi/lib/thumb/v7-m/nofp\libc_nano.a(libc_a-nano-svfprintf.o)
                0x0800ac20                __ssputs_r
 *fill*         0x0800acd6        0x2 
 .text._svfprintf_r
                0x0800acd8      0x1f8 D:/software/STM32CubeIDE_1.16.1/STM32CubeIDE/plugins/com.st.stm32cube.ide.mcu.externaltools.gnu-tools-for-stm32.12.3.rel1.win32_1.0.200.202406191623/tools/bin/../lib/gcc/arm-none-eabi/12.3.1/../../../../arm-none-eabi/lib/thumb/v7-m/nofp\libc_nano.a(libc_a-nano-svfprintf.o)
                0x0800acd8                _svfiprintf_r
                0x0800acd8                _svfprintf_r
 .text.__sfputc_r
                0x0800aed0       0x2a D:/software/STM32CubeIDE_1.16.1/STM32CubeIDE/plugins/com.st.stm32cube.ide.mcu.externaltools.gnu-tools-for-stm32.12.3.rel1.win32_1.0.200.202406191623/tools/bin/../lib/gcc/arm-none-eabi/12.3.1/../../../../arm-none-eabi/lib/thumb/v7-m/nofp\libc_nano.a(libc_a-nano-vfprintf.o)
 .text.__sfputs_r
                0x0800aefa       0x24 D:/software/STM32CubeIDE_1.16.1/STM32CubeIDE/plugins/com.st.stm32cube.ide.mcu.externaltools.gnu-tools-for-stm32.12.3.rel1.win32_1.0.200.202406191623/tools/bin/../lib/gcc/arm-none-eabi/12.3.1/../../../../arm-none-eabi/lib/thumb/v7-m/nofp\libc_nano.a(libc_a-nano-vfprintf.o)
                0x0800aefa                __sfputs_r
 *fill*         0x0800af1e        0x2 
 .text._vfprintf_r
                0x0800af20      0x230 D:/software/STM32CubeIDE_1.16.1/STM32CubeIDE/plugins/com.st.stm32cube.ide.mcu.externaltools.gnu-tools-for-stm32.12.3.rel1.win32_1.0.200.202406191623/tools/bin/../lib/gcc/arm-none-eabi/12.3.1/../../../../arm-none-eabi/lib/thumb/v7-m/nofp\libc_nano.a(libc_a-nano-vfprintf.o)
                0x0800af20                _vfprintf_r
                0x0800af20                _vfiprintf_r
 .text._printf_common
                0x0800b150       0xe4 D:/software/STM32CubeIDE_1.16.1/STM32CubeIDE/plugins/com.st.stm32cube.ide.mcu.externaltools.gnu-tools-for-stm32.12.3.rel1.win32_1.0.200.202406191623/tools/bin/../lib/gcc/arm-none-eabi/12.3.1/../../../../arm-none-eabi/lib/thumb/v7-m/nofp\libc_nano.a(libc_a-nano-vfprintf_i.o)
                0x0800b150                _printf_common
 .text._printf_i
                0x0800b234      0x240 D:/software/STM32CubeIDE_1.16.1/STM32CubeIDE/plugins/com.st.stm32cube.ide.mcu.externaltools.gnu-tools-for-stm32.12.3.rel1.win32_1.0.200.202406191623/tools/bin/../lib/gcc/arm-none-eabi/12.3.1/../../../../arm-none-eabi/lib/thumb/v7-m/nofp\libc_nano.a(libc_a-nano-vfprintf_i.o)
                0x0800b234                _printf_i
 .text.__sflush_r
                0x0800b474      0x100 D:/software/STM32CubeIDE_1.16.1/STM32CubeIDE/plugins/com.st.stm32cube.ide.mcu.externaltools.gnu-tools-for-stm32.12.3.rel1.win32_1.0.200.202406191623/tools/bin/../lib/gcc/arm-none-eabi/12.3.1/../../../../arm-none-eabi/lib/thumb/v7-m/nofp\libc_nano.a(libc_a-fflush.o)
                0x0800b474                __sflush_r
 .text._fflush_r
                0x0800b574       0x50 D:/software/STM32CubeIDE_1.16.1/STM32CubeIDE/plugins/com.st.stm32cube.ide.mcu.externaltools.gnu-tools-for-stm32.12.3.rel1.win32_1.0.200.202406191623/tools/bin/../lib/gcc/arm-none-eabi/12.3.1/../../../../arm-none-eabi/lib/thumb/v7-m/nofp\libc_nano.a(libc_a-fflush.o)
                0x0800b574                _fflush_r
 .text.__swhatbuf_r
                0x0800b5c4       0x4a D:/software/STM32CubeIDE_1.16.1/STM32CubeIDE/plugins/com.st.stm32cube.ide.mcu.externaltools.gnu-tools-for-stm32.12.3.rel1.win32_1.0.200.202406191623/tools/bin/../lib/gcc/arm-none-eabi/12.3.1/../../../../arm-none-eabi/lib/thumb/v7-m/nofp\libc_nano.a(libc_a-makebuf.o)
                0x0800b5c4                __swhatbuf_r
 .text.__smakebuf_r
                0x0800b60e       0x78 D:/software/STM32CubeIDE_1.16.1/STM32CubeIDE/plugins/com.st.stm32cube.ide.mcu.externaltools.gnu-tools-for-stm32.12.3.rel1.win32_1.0.200.202406191623/tools/bin/../lib/gcc/arm-none-eabi/12.3.1/../../../../arm-none-eabi/lib/thumb/v7-m/nofp\libc_nano.a(libc_a-makebuf.o)
                0x0800b60e                __smakebuf_r
 .text.memmove  0x0800b686       0x34 D:/software/STM32CubeIDE_1.16.1/STM32CubeIDE/plugins/com.st.stm32cube.ide.mcu.externaltools.gnu-tools-for-stm32.12.3.rel1.win32_1.0.200.202406191623/tools/bin/../lib/gcc/arm-none-eabi/12.3.1/../../../../arm-none-eabi/lib/thumb/v7-m/nofp\libc_nano.a(libc_a-memmove.o)
                0x0800b686                memmove
 *fill*         0x0800b6ba        0x2 
 .text._fstat_r
                0x0800b6bc       0x24 D:/software/STM32CubeIDE_1.16.1/STM32CubeIDE/plugins/com.st.stm32cube.ide.mcu.externaltools.gnu-tools-for-stm32.12.3.rel1.win32_1.0.200.202406191623/tools/bin/../lib/gcc/arm-none-eabi/12.3.1/../../../../arm-none-eabi/lib/thumb/v7-m/nofp\libc_nano.a(libc_a-fstatr.o)
                0x0800b6bc                _fstat_r
 .text._isatty_r
                0x0800b6e0       0x20 D:/software/STM32CubeIDE_1.16.1/STM32CubeIDE/plugins/com.st.stm32cube.ide.mcu.externaltools.gnu-tools-for-stm32.12.3.rel1.win32_1.0.200.202406191623/tools/bin/../lib/gcc/arm-none-eabi/12.3.1/../../../../arm-none-eabi/lib/thumb/v7-m/nofp\libc_nano.a(libc_a-isattyr.o)
                0x0800b6e0                _isatty_r
 .text._sbrk_r  0x0800b700       0x20 D:/software/STM32CubeIDE_1.16.1/STM32CubeIDE/plugins/com.st.stm32cube.ide.mcu.externaltools.gnu-tools-for-stm32.12.3.rel1.win32_1.0.200.202406191623/tools/bin/../lib/gcc/arm-none-eabi/12.3.1/../../../../arm-none-eabi/lib/thumb/v7-m/nofp\libc_nano.a(libc_a-sbrkr.o)
                0x0800b700                _sbrk_r
 .text.memchr   0x0800b720       0x1c D:/software/STM32CubeIDE_1.16.1/STM32CubeIDE/plugins/com.st.stm32cube.ide.mcu.externaltools.gnu-tools-for-stm32.12.3.rel1.win32_1.0.200.202406191623/tools/bin/../lib/gcc/arm-none-eabi/12.3.1/../../../../arm-none-eabi/lib/thumb/v7-m/nofp\libc_nano.a(libc_a-memchr-stub.o)
                0x0800b720                memchr
 .text._realloc_r
                0x0800b73c       0x5c D:/software/STM32CubeIDE_1.16.1/STM32CubeIDE/plugins/com.st.stm32cube.ide.mcu.externaltools.gnu-tools-for-stm32.12.3.rel1.win32_1.0.200.202406191623/tools/bin/../lib/gcc/arm-none-eabi/12.3.1/../../../../arm-none-eabi/lib/thumb/v7-m/nofp\libc_nano.a(libc_a-reallocr.o)
                0x0800b73c                _realloc_r
 .text._malloc_usable_size_r
                0x0800b798       0x10 D:/software/STM32CubeIDE_1.16.1/STM32CubeIDE/plugins/com.st.stm32cube.ide.mcu.externaltools.gnu-tools-for-stm32.12.3.rel1.win32_1.0.200.202406191623/tools/bin/../lib/gcc/arm-none-eabi/12.3.1/../../../../arm-none-eabi/lib/thumb/v7-m/nofp\libc_nano.a(libc_a-msizer.o)
                0x0800b798                _malloc_usable_size_r
 *(.glue_7)
 .glue_7        0x0800b7a8        0x0 linker stubs
 *(.glue_7t)
 .glue_7t       0x0800b7a8        0x0 linker stubs
 *(.eh_frame)
 .eh_frame      0x0800b7a8        0x0 D:/software/STM32CubeIDE_1.16.1/STM32CubeIDE/plugins/com.st.stm32cube.ide.mcu.externaltools.gnu-tools-for-stm32.12.3.rel1.win32_1.0.200.202406191623/tools/bin/../lib/gcc/arm-none-eabi/12.3.1/thumb/v7-m/nofp/crtbegin.o
 *(.init)
 .init          0x0800b7a8        0x4 D:/software/STM32CubeIDE_1.16.1/STM32CubeIDE/plugins/com.st.stm32cube.ide.mcu.externaltools.gnu-tools-for-stm32.12.3.rel1.win32_1.0.200.202406191623/tools/bin/../lib/gcc/arm-none-eabi/12.3.1/thumb/v7-m/nofp/crti.o
                0x0800b7a8                _init
 .init          0x0800b7ac        0x8 D:/software/STM32CubeIDE_1.16.1/STM32CubeIDE/plugins/com.st.stm32cube.ide.mcu.externaltools.gnu-tools-for-stm32.12.3.rel1.win32_1.0.200.202406191623/tools/bin/../lib/gcc/arm-none-eabi/12.3.1/thumb/v7-m/nofp/crtn.o
 *(.fini)
 .fini          0x0800b7b4        0x4 D:/software/STM32CubeIDE_1.16.1/STM32CubeIDE/plugins/com.st.stm32cube.ide.mcu.externaltools.gnu-tools-for-stm32.12.3.rel1.win32_1.0.200.202406191623/tools/bin/../lib/gcc/arm-none-eabi/12.3.1/thumb/v7-m/nofp/crti.o
                0x0800b7b4                _fini
 .fini          0x0800b7b8        0x8 D:/software/STM32CubeIDE_1.16.1/STM32CubeIDE/plugins/com.st.stm32cube.ide.mcu.externaltools.gnu-tools-for-stm32.12.3.rel1.win32_1.0.200.202406191623/tools/bin/../lib/gcc/arm-none-eabi/12.3.1/thumb/v7-m/nofp/crtn.o
                0x0800b7c0                        . = ALIGN (0x4)
                0x0800b7c0                        _etext = .

.vfp11_veneer   0x0800b7c0        0x0
 .vfp11_veneer  0x0800b7c0        0x0 linker stubs

.v4_bx          0x0800b7c0        0x0
 .v4_bx         0x0800b7c0        0x0 linker stubs

.iplt           0x0800b7c0        0x0
 .iplt          0x0800b7c0        0x0 D:/software/STM32CubeIDE_1.16.1/STM32CubeIDE/plugins/com.st.stm32cube.ide.mcu.externaltools.gnu-tools-for-stm32.12.3.rel1.win32_1.0.200.202406191623/tools/bin/../lib/gcc/arm-none-eabi/12.3.1/thumb/v7-m/nofp/crtbegin.o

.rodata         0x0800b7c0      0x2b4
                0x0800b7c0                        . = ALIGN (0x4)
 *(.rodata)
 .rodata        0x0800b7c0       0x25 ./Core/Src/main.o
 *fill*         0x0800b7e5        0x3 
 .rodata        0x0800b7e8       0x10 ./Drivers/STM32F1xx_HAL_Driver/Src/stm32f1xx_hal_rcc.o
 .rodata        0x0800b7f8        0x5 ./Middlewares/Third_Party/FreeRTOS/Source/tasks.o
 *fill*         0x0800b7fd        0x3 
 .rodata        0x0800b800        0xd ./Middlewares/Third_Party/FreeRTOS/Source/timers.o
 *fill*         0x0800b80d        0x3 
 .rodata        0x0800b810       0x12 ./USB_DEVICE/App/usbd_custom_hid_if.o
 *fill*         0x0800b822        0x2 
 .rodata        0x0800b824       0x5d ./USB_DEVICE/App/usbd_desc.o
 *fill*         0x0800b881        0x3 
 .rodata        0x0800b884       0x8b ./user/user_task.o
 *fill*         0x0800b90f        0x1 
 .rodata        0x0800b910       0xa9 ./user/user_usart.o
 *(.rodata*)
 *fill*         0x0800b9b9        0x3 
 .rodata.defaultTask_attributes
                0x0800b9bc       0x24 ./Core/Src/main.o
                0x0800b9bc                defaultTask_attributes
 .rodata.myLEDTask_attributes
                0x0800b9e0       0x24 ./Core/Src/main.o
                0x0800b9e0                myLEDTask_attributes
 .rodata.myUsart2Task_attributes
                0x0800ba04       0x24 ./Core/Src/main.o
                0x0800ba04                myUsart2Task_attributes
 .rodata.AHBPrescTable
                0x0800ba28       0x10 ./Core/Src/system_stm32f1xx.o
                0x0800ba28                AHBPrescTable
 .rodata.APBPrescTable
                0x0800ba38        0x8 ./Core/Src/system_stm32f1xx.o
                0x0800ba38                APBPrescTable
 .rodata._svfprintf_r.str1.1
                0x0800ba40       0x11 D:/software/STM32CubeIDE_1.16.1/STM32CubeIDE/plugins/com.st.stm32cube.ide.mcu.externaltools.gnu-tools-for-stm32.12.3.rel1.win32_1.0.200.202406191623/tools/bin/../lib/gcc/arm-none-eabi/12.3.1/../../../../arm-none-eabi/lib/thumb/v7-m/nofp\libc_nano.a(libc_a-nano-svfprintf.o)
 .rodata._vfprintf_r.str1.1
                0x0800ba51       0x11 D:/software/STM32CubeIDE_1.16.1/STM32CubeIDE/plugins/com.st.stm32cube.ide.mcu.externaltools.gnu-tools-for-stm32.12.3.rel1.win32_1.0.200.202406191623/tools/bin/../lib/gcc/arm-none-eabi/12.3.1/../../../../arm-none-eabi/lib/thumb/v7-m/nofp\libc_nano.a(libc_a-nano-vfprintf.o)
 .rodata._printf_i.str1.1
                0x0800ba51       0x22 D:/software/STM32CubeIDE_1.16.1/STM32CubeIDE/plugins/com.st.stm32cube.ide.mcu.externaltools.gnu-tools-for-stm32.12.3.rel1.win32_1.0.200.202406191623/tools/bin/../lib/gcc/arm-none-eabi/12.3.1/../../../../arm-none-eabi/lib/thumb/v7-m/nofp\libc_nano.a(libc_a-nano-vfprintf_i.o)
                0x0800ba74                        . = ALIGN (0x4)
 *fill*         0x0800ba73        0x1 

.ARM.extab      0x0800ba74        0x0
                0x0800ba74                        . = ALIGN (0x4)
 *(.ARM.extab* .gnu.linkonce.armextab.*)
                0x0800ba74                        . = ALIGN (0x4)

.ARM            0x0800ba74        0x0
                0x0800ba74                        . = ALIGN (0x4)
                0x0800ba74                        __exidx_start = .
 *(.ARM.exidx*)
                0x0800ba74                        __exidx_end = .
                0x0800ba74                        . = ALIGN (0x4)

.preinit_array  0x0800ba74        0x0
                0x0800ba74                        . = ALIGN (0x4)
                0x0800ba74                        PROVIDE (__preinit_array_start = .)
 *(.preinit_array*)
                0x0800ba74                        PROVIDE (__preinit_array_end = .)
                0x0800ba74                        . = ALIGN (0x4)

.init_array     0x0800ba74        0x4
                0x0800ba74                        . = ALIGN (0x4)
                0x0800ba74                        PROVIDE (__init_array_start = .)
 *(SORT_BY_NAME(.init_array.*))
 *(.init_array*)
 .init_array    0x0800ba74        0x4 D:/software/STM32CubeIDE_1.16.1/STM32CubeIDE/plugins/com.st.stm32cube.ide.mcu.externaltools.gnu-tools-for-stm32.12.3.rel1.win32_1.0.200.202406191623/tools/bin/../lib/gcc/arm-none-eabi/12.3.1/thumb/v7-m/nofp/crtbegin.o
                0x0800ba78                        PROVIDE (__init_array_end = .)
                0x0800ba78                        . = ALIGN (0x4)

.fini_array     0x0800ba78        0x4
                0x0800ba78                        . = ALIGN (0x4)
                [!provide]                        PROVIDE (__fini_array_start = .)
 *(SORT_BY_NAME(.fini_array.*))
 *(.fini_array*)
 .fini_array    0x0800ba78        0x4 D:/software/STM32CubeIDE_1.16.1/STM32CubeIDE/plugins/com.st.stm32cube.ide.mcu.externaltools.gnu-tools-for-stm32.12.3.rel1.win32_1.0.200.202406191623/tools/bin/../lib/gcc/arm-none-eabi/12.3.1/thumb/v7-m/nofp/crtbegin.o
                [!provide]                        PROVIDE (__fini_array_end = .)
                0x0800ba7c                        . = ALIGN (0x4)
                0x0800ba7c                        _sidata = LOADADDR (.data)

.rel.dyn        0x0800ba7c        0x0
 .rel.iplt      0x0800ba7c        0x0 D:/software/STM32CubeIDE_1.16.1/STM32CubeIDE/plugins/com.st.stm32cube.ide.mcu.externaltools.gnu-tools-for-stm32.12.3.rel1.win32_1.0.200.202406191623/tools/bin/../lib/gcc/arm-none-eabi/12.3.1/thumb/v7-m/nofp/crtbegin.o

.data           0x20000000      0x1c4 load address 0x0800ba7c
                0x20000000                        . = ALIGN (0x4)
                0x20000000                        _sdata = .
 *(.data)
 *(.data*)
 .data.SystemCoreClock
                0x20000000        0x4 ./Core/Src/system_stm32f1xx.o
                0x20000000                SystemCoreClock
 .data.uwTickPrio
                0x20000004        0x4 ./Drivers/STM32F1xx_HAL_Driver/Src/stm32f1xx_hal.o
                0x20000004                uwTickPrio
 .data.uwTickFreq
                0x20000008        0x1 ./Drivers/STM32F1xx_HAL_Driver/Src/stm32f1xx_hal.o
                0x20000008                uwTickFreq
 *fill*         0x20000009        0x3 
 .data.USBD_CUSTOM_HID
                0x2000000c       0x38 ./Middlewares/ST/STM32_USB_Device_Library/Class/CustomHID/Src/usbd_customhid.o
                0x2000000c                USBD_CUSTOM_HID
 .data.USBD_CUSTOM_HID_CfgFSDesc
                0x20000044       0x29 ./Middlewares/ST/STM32_USB_Device_Library/Class/CustomHID/Src/usbd_customhid.o
 *fill*         0x2000006d        0x3 
 .data.USBD_CUSTOM_HID_CfgHSDesc
                0x20000070       0x29 ./Middlewares/ST/STM32_USB_Device_Library/Class/CustomHID/Src/usbd_customhid.o
 *fill*         0x20000099        0x3 
 .data.USBD_CUSTOM_HID_OtherSpeedCfgDesc
                0x2000009c       0x29 ./Middlewares/ST/STM32_USB_Device_Library/Class/CustomHID/Src/usbd_customhid.o
 *fill*         0x200000c5        0x3 
 .data.USBD_CUSTOM_HID_Desc
                0x200000c8        0x9 ./Middlewares/ST/STM32_USB_Device_Library/Class/CustomHID/Src/usbd_customhid.o
 *fill*         0x200000d1        0x3 
 .data.USBD_CUSTOM_HID_DeviceQualifierDesc
                0x200000d4        0xa ./Middlewares/ST/STM32_USB_Device_Library/Class/CustomHID/Src/usbd_customhid.o
 *fill*         0x200000de        0x2 
 .data.uxCriticalNesting
                0x200000e0        0x4 ./Middlewares/Third_Party/FreeRTOS/Source/portable/GCC/ARM_CM3/port.o
 .data.CUSTOM_HID_ReportDesc_FS
                0x200000e4       0x22 ./USB_DEVICE/App/usbd_custom_hid_if.o
 *fill*         0x20000106        0x2 
 .data.USBD_CustomHID_fops_FS
                0x20000108       0x10 ./USB_DEVICE/App/usbd_custom_hid_if.o
                0x20000108                USBD_CustomHID_fops_FS
 .data.FS_Desc  0x20000118       0x1c ./USB_DEVICE/App/usbd_desc.o
                0x20000118                FS_Desc
 .data.USBD_FS_DeviceDesc
                0x20000134       0x12 ./USB_DEVICE/App/usbd_desc.o
                0x20000134                USBD_FS_DeviceDesc
 *fill*         0x20000146        0x2 
 .data.USBD_LangIDDesc
                0x20000148        0x4 ./USB_DEVICE/App/usbd_desc.o
                0x20000148                USBD_LangIDDesc
 .data.USBD_StringSerial
                0x2000014c       0x1a ./USB_DEVICE/App/usbd_desc.o
                0x2000014c                USBD_StringSerial
 *fill*         0x20000166        0x2 
 .data.__sglue  0x20000168        0xc D:/software/STM32CubeIDE_1.16.1/STM32CubeIDE/plugins/com.st.stm32cube.ide.mcu.externaltools.gnu-tools-for-stm32.12.3.rel1.win32_1.0.200.202406191623/tools/bin/../lib/gcc/arm-none-eabi/12.3.1/../../../../arm-none-eabi/lib/thumb/v7-m/nofp\libc_nano.a(libc_a-findfp.o)
                0x20000168                __sglue
 .data._impure_ptr
                0x20000174        0x4 D:/software/STM32CubeIDE_1.16.1/STM32CubeIDE/plugins/com.st.stm32cube.ide.mcu.externaltools.gnu-tools-for-stm32.12.3.rel1.win32_1.0.200.202406191623/tools/bin/../lib/gcc/arm-none-eabi/12.3.1/../../../../arm-none-eabi/lib/thumb/v7-m/nofp\libc_nano.a(libc_a-impure.o)
                0x20000174                _impure_ptr
 .data._impure_data
                0x20000178       0x4c D:/software/STM32CubeIDE_1.16.1/STM32CubeIDE/plugins/com.st.stm32cube.ide.mcu.externaltools.gnu-tools-for-stm32.12.3.rel1.win32_1.0.200.202406191623/tools/bin/../lib/gcc/arm-none-eabi/12.3.1/../../../../arm-none-eabi/lib/thumb/v7-m/nofp\libc_nano.a(libc_a-impure.o)
                0x20000178                _impure_data
 *(.RamFunc)
 *(.RamFunc*)
                0x200001c4                        . = ALIGN (0x4)
                0x200001c4                        _edata = .

.igot.plt       0x200001c4        0x0 load address 0x0800bc40
 .igot.plt      0x200001c4        0x0 D:/software/STM32CubeIDE_1.16.1/STM32CubeIDE/plugins/com.st.stm32cube.ide.mcu.externaltools.gnu-tools-for-stm32.12.3.rel1.win32_1.0.200.202406191623/tools/bin/../lib/gcc/arm-none-eabi/12.3.1/thumb/v7-m/nofp/crtbegin.o
                0x200001c4                        . = ALIGN (0x4)

.bss            0x200001c4     0x2560 load address 0x0800bc40
                0x200001c4                        _sbss = .
                0x200001c4                        __bss_start__ = _sbss
 *(.bss)
 .bss           0x200001c4       0x1c D:/software/STM32CubeIDE_1.16.1/STM32CubeIDE/plugins/com.st.stm32cube.ide.mcu.externaltools.gnu-tools-for-stm32.12.3.rel1.win32_1.0.200.202406191623/tools/bin/../lib/gcc/arm-none-eabi/12.3.1/thumb/v7-m/nofp/crtbegin.o
 *(.bss*)
 .bss.htim2     0x200001e0       0x40 ./Core/Src/main.o
                0x200001e0                htim2
 .bss.huart1    0x20000220       0x40 ./Core/Src/main.o
                0x20000220                huart1
 .bss.huart2    0x20000260       0x40 ./Core/Src/main.o
                0x20000260                huart2
 .bss.defaultTaskHandle
                0x200002a0        0x4 ./Core/Src/main.o
                0x200002a0                defaultTaskHandle
 .bss.myLEDTaskHandle
                0x200002a4        0x4 ./Core/Src/main.o
                0x200002a4                myLEDTaskHandle
 .bss.myUsart2TaskHandle
                0x200002a8        0x4 ./Core/Src/main.o
                0x200002a8                myUsart2TaskHandle
 .bss.uart1_mutex
                0x200002ac        0x4 ./Core/Src/main.o
                0x200002ac                uart1_mutex
 .bss.htim7     0x200002b0       0x40 ./Core/Src/stm32f1xx_hal_timebase_tim.o
                0x200002b0                htim7
 .bss.__sbrk_heap_end
                0x200002f0        0x4 ./Core/Src/sysmem.o
 .bss.uwTick    0x200002f4        0x4 ./Drivers/STM32F1xx_HAL_Driver/Src/stm32f1xx_hal.o
                0x200002f4                uwTick
 .bss.cfgidx.0  0x200002f8        0x1 ./Middlewares/ST/STM32_USB_Device_Library/Core/Src/usbd_ctlreq.o
 *fill*         0x200002f9        0x3 
 .bss.KernelState
                0x200002fc        0x4 ./Middlewares/Third_Party/FreeRTOS/Source/CMSIS_RTOS_V2/cmsis_os2.o
 .bss.Idle_TCB  0x20000300       0xa8 ./Middlewares/Third_Party/FreeRTOS/Source/CMSIS_RTOS_V2/cmsis_os2.o
 .bss.Idle_Stack
                0x200003a8      0x200 ./Middlewares/Third_Party/FreeRTOS/Source/CMSIS_RTOS_V2/cmsis_os2.o
 .bss.Timer_TCB
                0x200005a8       0xa8 ./Middlewares/Third_Party/FreeRTOS/Source/CMSIS_RTOS_V2/cmsis_os2.o
 .bss.Timer_Stack
                0x20000650      0x400 ./Middlewares/Third_Party/FreeRTOS/Source/CMSIS_RTOS_V2/cmsis_os2.o
 .bss.xQueueRegistry
                0x20000a50       0x40 ./Middlewares/Third_Party/FreeRTOS/Source/queue.o
                0x20000a50                xQueueRegistry
 .bss.pxCurrentTCB
                0x20000a90        0x4 ./Middlewares/Third_Party/FreeRTOS/Source/tasks.o
                0x20000a90                pxCurrentTCB
 .bss.pxReadyTasksLists
                0x20000a94      0x460 ./Middlewares/Third_Party/FreeRTOS/Source/tasks.o
 .bss.xDelayedTaskList1
                0x20000ef4       0x14 ./Middlewares/Third_Party/FreeRTOS/Source/tasks.o
 .bss.xDelayedTaskList2