15:10:14 **** Incremental Build of configuration Debug for project untitled ****
make -j12 all 
arm-none-eabi-gcc "../user/user_usb.c" -mcpu=cortex-m3 -std=gnu11 -g3 -DDEBUG -DUSE_HAL_DRIVER -DSTM32F103xE -c -I../Core/Inc -I../Drivers/STM32F1xx_HAL_Driver/Inc/Legacy -I../Drivers/STM32F1xx_HAL_Driver/Inc -I../Drivers/CMSIS/Device/ST/STM32F1xx/Include -I../Drivers/CMSIS/Include -I../Middlewares/Third_Party/FreeRTOS/Source/include -I../Middlewares/Third_Party/FreeRTOS/Source/CMSIS_RTOS_V2 -I../Middlewares/Third_Party/FreeRTOS/Source/portable/GCC/ARM_CM3 -I"D:/thor_work/2024/MyDemo/day0/untitled/user" -I../USB_DEVICE/App -I../USB_DEVICE/Target -I../Middlewares/ST/STM32_USB_Device_Library/Core/Inc -I../Middlewares/ST/STM32_USB_Device_Library/Class/CustomHID/Inc -O0 -ffunction-sections -fdata-sections -Wall -fstack-usage -fcyclomatic-complexity -MMD -MP -MF"user/user_usb.d" -MT"user/user_usb.o" --specs=nano.specs -mfloat-abi=soft -mthumb -o "user/user_usb.o"
../user/user_usb.c: In function 'USB_Send_Data':
../user/user_usb.c:31:12: warning: implicit declaration of function 'USBD_CUSTOM_HID_SendReport'; did you mean 'USBD_CUSTOM_HID_ReceivePacket'? [-Wimplicit-function-declaration]
   31 |         if(USBD_CUSTOM_HID_SendReport(&hUsbDeviceFS, usb_tx_data, USB_MAX_SIZE) == USBD_OK)
      |            ^~~~~~~~~~~~~~~~~~~~~~~~~~
      |            USBD_CUSTOM_HID_ReceivePacket
arm-none-eabi-gcc -o "untitled.elf" @"objects.list"   -mcpu=cortex-m3 -T"D:\thor_work\2024\MyDemo\day0\untitled\STM32F103ZETX_FLASH.ld" --specs=nosys.specs -Wl,-Map="untitled.map" -Wl,--gc-sections -static --specs=nano.specs -mfloat-abi=soft -mthumb -Wl,--start-group -lc -lm -Wl,--end-group
Finished building target: untitled.elf
 
arm-none-eabi-size  untitled.elf 
arm-none-eabi-objdump -h -S untitled.elf  > "untitled.list"
arm-none-eabi-objcopy  -O ihex untitled.elf  "untitled.hex"
   text	   data	    bss	    dec	    hex	filename
  48440	    448	  11240	  60128	   eae0	untitled.elf
Finished building: default.size.stdout
 
Finished building: untitled.hex
Finished building: untitled.list
 
 
15:10:44 **** Incremental Build of configuration Debug for project untitled ****
make -j12 all 
arm-none-eabi-size  untitled.elf 
   text	   data	    bss	    dec	    hex	filename
  48440	    448	  11240	  60128	   eae0	untitled.elf
Finished building: default.size.stdout
 
