16:43:40 **** Incremental Build of configuration Debug for project untitled ****
make -j12 all 
arm-none-eabi-size  untitled.elf 
   text	   data	    bss	    dec	    hex	filename
  49136	    476	  13940	  63552	   f840	untitled.elf
Finished building: default.size.stdout
 
17:18:50 **** Incremental Build of configuration Debug for project untitled ****
make -j12 all 
arm-none-eabi-gcc "../user/user_data.c" -mcpu=cortex-m3 -std=gnu11 -g3 -DDEBUG -DUSE_HAL_DRIVER -DSTM32F103xE -c -I../Core/Inc -I../Drivers/STM32F1xx_HAL_Driver/Inc/Legacy -I../Drivers/STM32F1xx_HAL_Driver/Inc -I../Drivers/CMSIS/Device/ST/STM32F1xx/Include -I../Drivers/CMSIS/Include -I../Middlewares/Third_Party/FreeRTOS/Source/include -I../Middlewares/Third_Party/FreeRTOS/Source/CMSIS_RTOS_V2 -I../Middlewares/Third_Party/FreeRTOS/Source/portable/GCC/ARM_CM3 -I"D:/thor_work/2024/MyDemo/day2/untitled/user" -I../USB_DEVICE/App -I../USB_DEVICE/Target -I../Middlewares/ST/STM32_USB_Device_Library/Core/Inc -I../Middlewares/ST/STM32_USB_Device_Library/Class/CDC/Inc -O0 -ffunction-sections -fdata-sections -Wall -fstack-usage -fcyclomatic-complexity -MMD -MP -MF"user/user_data.d" -MT"user/user_data.o" --specs=nano.specs -mfloat-abi=soft -mthumb -o "user/user_data.o"
arm-none-eabi-gcc "../user/user_debug.c" -mcpu=cortex-m3 -std=gnu11 -g3 -DDEBUG -DUSE_HAL_DRIVER -DSTM32F103xE -c -I../Core/Inc -I../Drivers/STM32F1xx_HAL_Driver/Inc/Legacy -I../Drivers/STM32F1xx_HAL_Driver/Inc -I../Drivers/CMSIS/Device/ST/STM32F1xx/Include -I../Drivers/CMSIS/Include -I../Middlewares/Third_Party/FreeRTOS/Source/include -I../Middlewares/Third_Party/FreeRTOS/Source/CMSIS_RTOS_V2 -I../Middlewares/Third_Party/FreeRTOS/Source/portable/GCC/ARM_CM3 -I"D:/thor_work/2024/MyDemo/day2/untitled/user" -I../USB_DEVICE/App -I../USB_DEVICE/Target -I../Middlewares/ST/STM32_USB_Device_Library/Core/Inc -I../Middlewares/ST/STM32_USB_Device_Library/Class/CDC/Inc -O0 -ffunction-sections -fdata-sections -Wall -fstack-usage -fcyclomatic-complexity -MMD -MP -MF"user/user_debug.d" -MT"user/user_debug.o" --specs=nano.specs -mfloat-abi=soft -mthumb -o "user/user_debug.o"
arm-none-eabi-gcc "../user/user_gpio.c" -mcpu=cortex-m3 -std=gnu11 -g3 -DDEBUG -DUSE_HAL_DRIVER -DSTM32F103xE -c -I../Core/Inc -I../Drivers/STM32F1xx_HAL_Driver/Inc/Legacy -I../Drivers/STM32F1xx_HAL_Driver/Inc -I../Drivers/CMSIS/Device/ST/STM32F1xx/Include -I../Drivers/CMSIS/Include -I../Middlewares/Third_Party/FreeRTOS/Source/include -I../Middlewares/Third_Party/FreeRTOS/Source/CMSIS_RTOS_V2 -I../Middlewares/Third_Party/FreeRTOS/Source/portable/GCC/ARM_CM3 -I"D:/thor_work/2024/MyDemo/day2/untitled/user" -I../USB_DEVICE/App -I../USB_DEVICE/Target -I../Middlewares/ST/STM32_USB_Device_Library/Core/Inc -I../Middlewares/ST/STM32_USB_Device_Library/Class/CDC/Inc -O0 -ffunction-sections -fdata-sections -Wall -fstack-usage -fcyclomatic-complexity -MMD -MP -MF"user/user_gpio.d" -MT"user/user_gpio.o" --specs=nano.specs -mfloat-abi=soft -mthumb -o "user/user_gpio.o"
arm-none-eabi-gcc "../user/user_task.c" -mcpu=cortex-m3 -std=gnu11 -g3 -DDEBUG -DUSE_HAL_DRIVER -DSTM32F103xE -c -I../Core/Inc -I../Drivers/STM32F1xx_HAL_Driver/Inc/Legacy -I../Drivers/STM32F1xx_HAL_Driver/Inc -I../Drivers/CMSIS/Device/ST/STM32F1xx/Include -I../Drivers/CMSIS/Include -I../Middlewares/Third_Party/FreeRTOS/Source/include -I../Middlewares/Third_Party/FreeRTOS/Source/CMSIS_RTOS_V2 -I../Middlewares/Third_Party/FreeRTOS/Source/portable/GCC/ARM_CM3 -I"D:/thor_work/2024/MyDemo/day2/untitled/user" -I../USB_DEVICE/App -I../USB_DEVICE/Target -I../Middlewares/ST/STM32_USB_Device_Library/Core/Inc -I../Middlewares/ST/STM32_USB_Device_Library/Class/CDC/Inc -O0 -ffunction-sections -fdata-sections -Wall -fstack-usage -fcyclomatic-complexity -MMD -MP -MF"user/user_task.d" -MT"user/user_task.o" --specs=nano.specs -mfloat-abi=soft -mthumb -o "user/user_task.o"
arm-none-eabi-gcc "../user/user_usart.c" -mcpu=cortex-m3 -std=gnu11 -g3 -DDEBUG -DUSE_HAL_DRIVER -DSTM32F103xE -c -I../Core/Inc -I../Drivers/STM32F1xx_HAL_Driver/Inc/Legacy -I../Drivers/STM32F1xx_HAL_Driver/Inc -I../Drivers/CMSIS/Device/ST/STM32F1xx/Include -I../Drivers/CMSIS/Include -I../Middlewares/Third_Party/FreeRTOS/Source/include -I../Middlewares/Third_Party/FreeRTOS/Source/CMSIS_RTOS_V2 -I../Middlewares/Third_Party/FreeRTOS/Source/portable/GCC/ARM_CM3 -I"D:/thor_work/2024/MyDemo/day2/untitled/user" -I../USB_DEVICE/App -I../USB_DEVICE/Target -I../Middlewares/ST/STM32_USB_Device_Library/Core/Inc -I../Middlewares/ST/STM32_USB_Device_Library/Class/CDC/Inc -O0 -ffunction-sections -fdata-sections -Wall -fstack-usage -fcyclomatic-complexity -MMD -MP -MF"user/user_usart.d" -MT"user/user_usart.o" --specs=nano.specs -mfloat-abi=soft -mthumb -o "user/user_usart.o"
arm-none-eabi-gcc "../user/user_usb.c" -mcpu=cortex-m3 -std=gnu11 -g3 -DDEBUG -DUSE_HAL_DRIVER -DSTM32F103xE -c -I../Core/Inc -I../Drivers/STM32F1xx_HAL_Driver/Inc/Legacy -I../Drivers/STM32F1xx_HAL_Driver/Inc -I../Drivers/CMSIS/Device/ST/STM32F1xx/Include -I../Drivers/CMSIS/Include -I../Middlewares/Third_Party/FreeRTOS/Source/include -I../Middlewares/Third_Party/FreeRTOS/Source/CMSIS_RTOS_V2 -I../Middlewares/Third_Party/FreeRTOS/Source/portable/GCC/ARM_CM3 -I"D:/thor_work/2024/MyDemo/day2/untitled/user" -I../USB_DEVICE/App -I../USB_DEVICE/Target -I../Middlewares/ST/STM32_USB_Device_Library/Core/Inc -I../Middlewares/ST/STM32_USB_Device_Library/Class/CDC/Inc -O0 -ffunction-sections -fdata-sections -Wall -fstack-usage -fcyclomatic-complexity -MMD -MP -MF"user/user_usb.d" -MT"user/user_usb.o" --specs=nano.specs -mfloat-abi=soft -mthumb -o "user/user_usb.o"
arm-none-eabi-gcc "../Core/Src/main.c" -mcpu=cortex-m3 -std=gnu11 -g3 -DDEBUG -DUSE_HAL_DRIVER -DSTM32F103xE -c -I../Core/Inc -I../Drivers/STM32F1xx_HAL_Driver/Inc/Legacy -I../Drivers/STM32F1xx_HAL_Driver/Inc -I../Drivers/CMSIS/Device/ST/STM32F1xx/Include -I../Drivers/CMSIS/Include -I../Middlewares/Third_Party/FreeRTOS/Source/include -I../Middlewares/Third_Party/FreeRTOS/Source/CMSIS_RTOS_V2 -I../Middlewares/Third_Party/FreeRTOS/Source/portable/GCC/ARM_CM3 -I"D:/thor_work/2024/MyDemo/day2/untitled/user" -I../USB_DEVICE/App -I../USB_DEVICE/Target -I../Middlewares/ST/STM32_USB_Device_Library/Core/Inc -I../Middlewares/ST/STM32_USB_Device_Library/Class/CDC/Inc -O0 -ffunction-sections -fdata-sections -Wall -fstack-usage -fcyclomatic-complexity -MMD -MP -MF"Core/Src/main.d" -MT"Core/Src/main.o" --specs=nano.specs -mfloat-abi=soft -mthumb -o "Core/Src/main.o"
../user/user_usb.c:21:31: error: 'SAMPLE_COUNT' undeclared here (not in a function)
   21 | extern uint16_t voltage_array[SAMPLE_COUNT];
      |                               ^~~~~~~~~~~~
make: *** [user/subdir.mk:34: user/user_usb.o] Error 1
make: *** Waiting for unfinished jobs....
"make -j12 all" terminated with exit code 2. Build might be incomplete.
17:19:14 **** Incremental Build of configuration Debug for project untitled ****
make -j12 all 
arm-none-eabi-gcc "../user/user_usb.c" -mcpu=cortex-m3 -std=gnu11 -g3 -DDEBUG -DUSE_HAL_DRIVER -DSTM32F103xE -c -I../Core/Inc -I../Drivers/STM32F1xx_HAL_Driver/Inc/Legacy -I../Drivers/STM32F1xx_HAL_Driver/Inc -I../Drivers/CMSIS/Device/ST/STM32F1xx/Include -I../Drivers/CMSIS/Include -I../Middlewares/Third_Party/FreeRTOS/Source/include -I../Middlewares/Third_Party/FreeRTOS/Source/CMSIS_RTOS_V2 -I../Middlewares/Third_Party/FreeRTOS/Source/portable/GCC/ARM_CM3 -I"D:/thor_work/2024/MyDemo/day2/untitled/user" -I../USB_DEVICE/App -I../USB_DEVICE/Target -I../Middlewares/ST/STM32_USB_Device_Library/Core/Inc -I../Middlewares/ST/STM32_USB_Device_Library/Class/CDC/Inc -O0 -ffunction-sections -fdata-sections -Wall -fstack-usage -fcyclomatic-complexity -MMD -MP -MF"user/user_usb.d" -MT"user/user_usb.o" --specs=nano.specs -mfloat-abi=soft -mthumb -o "user/user_usb.o"
arm-none-eabi-gcc -o "untitled.elf" @"objects.list"   -mcpu=cortex-m3 -T"D:\thor_work\2024\MyDemo\day2\untitled\STM32F103ZETX_FLASH.ld" --specs=nosys.specs -Wl,-Map="untitled.map" -Wl,--gc-sections -static --specs=nano.specs -mfloat-abi=soft -mthumb -Wl,--start-group -lc -lm -Wl,--end-group
Finished building target: untitled.elf
 
arm-none-eabi-size  untitled.elf 
arm-none-eabi-objdump -h -S untitled.elf  > "untitled.list"
arm-none-eabi-objcopy  -O ihex untitled.elf  "untitled.hex"
   text	   data	    bss	    dec	    hex	filename
  55652	    476	  17940	  74068	  12154	untitled.elf
Finished building: default.size.stdout
 
Finished building: untitled.hex
Finished building: untitled.list
 
 
17:19:25 **** Incremental Build of configuration Debug for project untitled ****
make -j12 all 
arm-none-eabi-size  untitled.elf 
   text	   data	    bss	    dec	    hex	filename
  55652	    476	  17940	  74068	  12154	untitled.elf
Finished building: default.size.stdout
 
17:22:45 **** Incremental Build of configuration Debug for project untitled ****
make -j12 all 
arm-none-eabi-gcc "../user/user_usb.c" -mcpu=cortex-m3 -std=gnu11 -g3 -DDEBUG -DUSE_HAL_DRIVER -DSTM32F103xE -c -I../Core/Inc -I../Drivers/STM32F1xx_HAL_Driver/Inc/Legacy -I../Drivers/STM32F1xx_HAL_Driver/Inc -I../Drivers/CMSIS/Device/ST/STM32F1xx/Include -I../Drivers/CMSIS/Include -I../Middlewares/Third_Party/FreeRTOS/Source/include -I../Middlewares/Third_Party/FreeRTOS/Source/CMSIS_RTOS_V2 -I../Middlewares/Third_Party/FreeRTOS/Source/portable/GCC/ARM_CM3 -I"D:/thor_work/2024/MyDemo/day2/untitled/user" -I../USB_DEVICE/App -I../USB_DEVICE/Target -I../Middlewares/ST/STM32_USB_Device_Library/Core/Inc -I../Middlewares/ST/STM32_USB_Device_Library/Class/CDC/Inc -O0 -ffunction-sections -fdata-sections -Wall -fstack-usage -fcyclomatic-complexity -MMD -MP -MF"user/user_usb.d" -MT"user/user_usb.o" --specs=nano.specs -mfloat-abi=soft -mthumb -o "user/user_usb.o"
../user/user_usb.c: In function 'Parse_USB_Data':
../user/user_usb.c:98:28: warning: suggest parentheses around assignment used as truth value [-Wparentheses]
   98 |                         if(usb_count = 1000)
      |                            ^~~~~~~~~
arm-none-eabi-gcc -o "untitled.elf" @"objects.list"   -mcpu=cortex-m3 -T"D:\thor_work\2024\MyDemo\day2\untitled\STM32F103ZETX_FLASH.ld" --specs=nosys.specs -Wl,-Map="untitled.map" -Wl,--gc-sections -static --specs=nano.specs -mfloat-abi=soft -mthumb -Wl,--start-group -lc -lm -Wl,--end-group
Finished building target: untitled.elf
 
arm-none-eabi-size  untitled.elf 
arm-none-eabi-objdump -h -S untitled.elf  > "untitled.list"
arm-none-eabi-objcopy  -O ihex untitled.elf  "untitled.hex"
   text	   data	    bss	    dec	    hex	filename
  55684	    476	  17940	  74100	  12174	untitled.elf
Finished building: default.size.stdout
 
Finished building: untitled.hex
Finished building: untitled.list
 
 
17:23:00 **** Incremental Build of configuration Debug for project untitled ****
make -j12 all 
arm-none-eabi-gcc "../user/user_usb.c" -mcpu=cortex-m3 -std=gnu11 -g3 -DDEBUG -DUSE_HAL_DRIVER -DSTM32F103xE -c -I../Core/Inc -I../Drivers/STM32F1xx_HAL_Driver/Inc/Legacy -I../Drivers/STM32F1xx_HAL_Driver/Inc -I../Drivers/CMSIS/Device/ST/STM32F1xx/Include -I../Drivers/CMSIS/Include -I../Middlewares/Third_Party/FreeRTOS/Source/include -I../Middlewares/Third_Party/FreeRTOS/Source/CMSIS_RTOS_V2 -I../Middlewares/Third_Party/FreeRTOS/Source/portable/GCC/ARM_CM3 -I"D:/thor_work/2024/MyDemo/day2/untitled/user" -I../USB_DEVICE/App -I../USB_DEVICE/Target -I../Middlewares/ST/STM32_USB_Device_Library/Core/Inc -I../Middlewares/ST/STM32_USB_Device_Library/Class/CDC/Inc -O0 -ffunction-sections -fdata-sections -Wall -fstack-usage -fcyclomatic-complexity -MMD -MP -MF"user/user_usb.d" -MT"user/user_usb.o" --specs=nano.specs -mfloat-abi=soft -mthumb -o "user/user_usb.o"
arm-none-eabi-gcc -o "untitled.elf" @"objects.list"   -mcpu=cortex-m3 -T"D:\thor_work\2024\MyDemo\day2\untitled\STM32F103ZETX_FLASH.ld" --specs=nosys.specs -Wl,-Map="untitled.map" -Wl,--gc-sections -static --specs=nano.specs -mfloat-abi=soft -mthumb -Wl,--start-group -lc -lm -Wl,--end-group
Finished building target: untitled.elf
 
arm-none-eabi-size  untitled.elf 
arm-none-eabi-objdump -h -S untitled.elf  > "untitled.list"
arm-none-eabi-objcopy  -O ihex untitled.elf  "untitled.hex"
   text	   data	    bss	    dec	    hex	filename
  55684	    476	  17940	  74100	  12174	untitled.elf
Finished building: default.size.stdout
 
Finished building: untitled.hex
Finished building: untitled.list
 
 
17:29:43 **** Incremental Build of configuration Debug for project untitled ****
make -j12 all 
arm-none-eabi-gcc "../user/user_data.c" -mcpu=cortex-m3 -std=gnu11 -g3 -DDEBUG -DUSE_HAL_DRIVER -DSTM32F103xE -c -I../Core/Inc -I../Drivers/STM32F1xx_HAL_Driver/Inc/Legacy -I../Drivers/STM32F1xx_HAL_Driver/Inc -I../Drivers/CMSIS/Device/ST/STM32F1xx/Include -I../Drivers/CMSIS/Include -I../Middlewares/Third_Party/FreeRTOS/Source/include -I../Middlewares/Third_Party/FreeRTOS/Source/CMSIS_RTOS_V2 -I../Middlewares/Third_Party/FreeRTOS/Source/portable/GCC/ARM_CM3 -I"D:/thor_work/2024/MyDemo/day2/untitled/user" -I../USB_DEVICE/App -I../USB_DEVICE/Target -I../Middlewares/ST/STM32_USB_Device_Library/Core/Inc -I../Middlewares/ST/STM32_USB_Device_Library/Class/CDC/Inc -O0 -ffunction-sections -fdata-sections -Wall -fstack-usage -fcyclomatic-complexity -MMD -MP -MF"user/user_data.d" -MT"user/user_data.o" --specs=nano.specs -mfloat-abi=soft -mthumb -o "user/user_data.o"
arm-none-eabi-gcc -o "untitled.elf" @"objects.list"   -mcpu=cortex-m3 -T"D:\thor_work\2024\MyDemo\day2\untitled\STM32F103ZETX_FLASH.ld" --specs=nosys.specs -Wl,-Map="untitled.map" -Wl,--gc-sections -static --specs=nano.specs -mfloat-abi=soft -mthumb -Wl,--start-group -lc -lm -Wl,--end-group
Finished building target: untitled.elf
 
arm-none-eabi-size  untitled.elf 
arm-none-eabi-objdump -h -S untitled.elf  > "untitled.list"
arm-none-eabi-objcopy  -O ihex untitled.elf  "untitled.hex"
   text	   data	    bss	    dec	    hex	filename
  56168	    476	  17940	  74584	  12358	untitled.elf
Finished building: default.size.stdout
 
Finished building: untitled.hex
Finished building: untitled.list
 
 
