2024-12-05 13:14:59,694 [INFO] Activator:176 - 


2024-12-05 13:14:59,725 [INFO] Activator:177 - !SESSION log4j initialized
2024-12-05 13:15:08,480 [INFO] LogOutputStream:77 - [STDOUT_REDIRECT] 
2024-12-05 13:15:13,018 [INFO] ApplicationProperties:184 - Using Application install path: D:\software\STM32CubeIDE_1.16.1\STM32CubeIDE\plugins\com.st.stm32cube.common.mx_6.12.1.202409122256
2024-12-05 13:15:13,065 [INFO] DbMcusXml:78 - Set database path to: D:\software\STM32CubeIDE_1.16.1\STM32CubeIDE\plugins\com.st.stm32cube.common.mx_6.12.1.202409122256\\db\/mcu/
2024-12-05 13:15:13,065 [INFO] ApiDb:274 - Set plugin database path to: D:\software\STM32CubeIDE_1.16.1\STM32CubeIDE\plugins\com.st.stm32cube.common.mx_6.12.1.202409122256\\db\/plugins/boardmanager/
2024-12-05 13:15:13,065 [WARN] ApiDb:259 - Overriding images path with different value:  => D:\software\STM32CubeIDE_1.16.1\STM32CubeIDE\plugins\com.st.stm32cube.common.mx_6.12.1.202409122256\\db\/plugins/mcufinder/images/
2024-12-05 13:15:13,182 [INFO] ApiDb:250 - Set database path to: C:\Users\19948\.stmcufinder\plugins\mcufinder//mcu/
2024-12-05 13:15:13,182 [INFO] DbMcusAds:125 - Set database path to: C:\Users\19948\.stmcufinder\plugins\mcufinder//mcu/
2024-12-05 13:15:13,182 [INFO] CrossReferenceDbSqlite:203 - Set database path to: C:\Users\19948\.stmcufinder\plugins\mcufinder//mcu/cs/
2024-12-05 13:15:13,355 [INFO] RulesReader:64 - Compatibility file has been processed (297 Rules)
2024-12-05 13:15:13,449 [INFO] DbMcusXml:78 - Set database path to: D:\software\STM32CubeIDE_1.16.1\STM32CubeIDE\plugins\com.st.stm32cube.common.mx_6.12.1.202409122256\\db\/mcu/
2024-12-05 13:15:13,449 [INFO] ApiDb:274 - Set plugin database path to: D:\software\STM32CubeIDE_1.16.1\STM32CubeIDE\plugins\com.st.stm32cube.common.mx_6.12.1.202409122256\\db\/plugins/boardmanager/
2024-12-05 13:15:13,449 [INFO] ApiDb:261 - Set plugin images path to: D:\software\STM32CubeIDE_1.16.1\STM32CubeIDE\plugins\com.st.stm32cube.common.mx_6.12.1.202409122256\\db\/plugins/mcufinder/images/
2024-12-05 13:15:13,449 [WARN] DbFile:41 - Overriding database path with different value: C:\Users\19948\.stmcufinder\plugins\mcufinder/ => C:\Users\19948\.stmcufinder\plugins\mcufinder
2024-12-05 13:15:13,449 [INFO] ApiDb:250 - Set database path to: C:\Users\19948\.stmcufinder\plugins\mcufinder//mcu/
2024-12-05 13:15:13,449 [WARN] DbFile:41 - Overriding database path with different value: C:\Users\19948\.stmcufinder\plugins\mcufinder/ => C:\Users\19948\.stmcufinder\plugins\mcufinder
2024-12-05 13:15:13,449 [INFO] DbMcusAds:125 - Set database path to: C:\Users\19948\.stmcufinder\plugins\mcufinder//mcu/
2024-12-05 13:15:13,449 [WARN] DbFile:41 - Overriding database path with different value: C:\Users\19948\.stmcufinder\plugins\mcufinder/ => C:\Users\19948\.stmcufinder\plugins\mcufinder
2024-12-05 13:15:13,449 [WARN] DbFile:41 - Overriding database path with different value: C:\Users\19948\.stmcufinder\plugins\mcufinder/ => C:\Users\19948\.stmcufinder\plugins\mcufinder
2024-12-05 13:15:13,449 [INFO] CrossReferenceDbSqlite:203 - Set database path to: C:\Users\19948\.stmcufinder\plugins\mcufinder//mcu/cs/
2024-12-05 13:15:13,574 [INFO] MainPanel:268 - HeapMemory: 268435456
2024-12-05 13:15:13,763 [INFO] DbMcusXml:78 - Set database path to: D:\software\STM32CubeIDE_1.16.1\STM32CubeIDE\plugins\com.st.stm32cube.common.mx_6.12.1.202409122256\\db\/mcu/
2024-12-05 13:15:13,763 [INFO] ApiDb:274 - Set plugin database path to: D:\software\STM32CubeIDE_1.16.1\STM32CubeIDE\plugins\com.st.stm32cube.common.mx_6.12.1.202409122256\\db\/plugins/boardmanager/
2024-12-05 13:15:13,763 [INFO] ApiDb:261 - Set plugin images path to: D:\software\STM32CubeIDE_1.16.1\STM32CubeIDE\plugins\com.st.stm32cube.common.mx_6.12.1.202409122256\\db\/plugins/mcufinder/images/
2024-12-05 13:15:13,763 [WARN] DbFile:41 - Overriding database path with different value: C:\Users\19948\.stmcufinder\plugins\mcufinder/ => C:\Users\19948\.stmcufinder\plugins\mcufinder
2024-12-05 13:15:13,763 [INFO] ApiDb:250 - Set database path to: C:\Users\19948\.stmcufinder\plugins\mcufinder//mcu/
2024-12-05 13:15:13,763 [WARN] DbFile:41 - Overriding database path with different value: C:\Users\19948\.stmcufinder\plugins\mcufinder/ => C:\Users\19948\.stmcufinder\plugins\mcufinder
2024-12-05 13:15:13,763 [INFO] DbMcusAds:125 - Set database path to: C:\Users\19948\.stmcufinder\plugins\mcufinder//mcu/
2024-12-05 13:15:13,763 [WARN] DbFile:41 - Overriding database path with different value: C:\Users\19948\.stmcufinder\plugins\mcufinder/ => C:\Users\19948\.stmcufinder\plugins\mcufinder
2024-12-05 13:15:13,763 [WARN] DbFile:41 - Overriding database path with different value: C:\Users\19948\.stmcufinder\plugins\mcufinder/ => C:\Users\19948\.stmcufinder\plugins\mcufinder
2024-12-05 13:15:13,763 [INFO] CrossReferenceDbSqlite:203 - Set database path to: C:\Users\19948\.stmcufinder\plugins\mcufinder//mcu/cs/
2024-12-05 13:15:13,825 [INFO] ApplicationProperties:184 - Using Application install path: D:\software\STM32CubeIDE_1.16.1\STM32CubeIDE\plugins\com.st.stm32cube.common.mx_6.12.1.202409122256
2024-12-05 13:15:13,825 [INFO] PluginManage:196 - Search for loadable plugins [exclusion list=, ]
2024-12-05 13:15:13,888 [INFO] PluginManage:310 - Check plugin analytics
2024-12-05 13:15:14,156 [INFO] AnalyticsPlugin:253 - Accepted Software Licenses: 
2024-12-05 13:15:14,156 [INFO] AnalyticsPlugin:255 - Accepted CMSIS Pack Licenses: 
2024-12-05 13:15:14,156 [INFO] AnalyticsPlugin:257 - Accepted Firmware Licenses: FW.F4.1.28.0
2024-12-05 13:15:14,156 [INFO] PluginManage:359 - Loaded plugin analytics (category:tool,tabindex:-1)
2024-12-05 13:15:14,156 [INFO] PluginManage:310 - Check plugin cadmodel
2024-12-05 13:15:14,187 [INFO] CADModel:105 - Init CAD model plugin
2024-12-05 13:15:14,187 [INFO] PluginManage:359 - Loaded plugin cadmodel (category:power,tabindex:5)
2024-12-05 13:15:14,187 [INFO] PluginManage:310 - Check plugin clock
2024-12-05 13:15:14,203 [INFO] PluginManage:359 - Loaded plugin clock (category:base,tabindex:2)
2024-12-05 13:15:14,203 [INFO] PluginManage:310 - Check plugin ddr
2024-12-05 13:15:14,218 [INFO] PluginManage:359 - Loaded plugin ddr (category:tool,tabindex:6)
2024-12-05 13:15:14,218 [INFO] PluginManage:310 - Check plugin filemanager
2024-12-05 13:15:14,516 [INFO] PluginManage:359 - Loaded plugin filemanager (category:base,tabindex:10)
2024-12-05 13:15:14,516 [INFO] PluginManage:310 - Check plugin ipmanager
2024-12-05 13:15:14,531 [INFO] PluginManage:359 - Loaded plugin ipmanager (category:base,tabindex:5)
2024-12-05 13:15:14,531 [INFO] PluginManage:310 - Check plugin lpbam
2024-12-05 13:15:14,531 [INFO] PluginManage:359 - Loaded plugin lpbam (category:base,tabindex:0)
2024-12-05 13:15:14,531 [INFO] PluginManage:310 - Check plugin memorymap
2024-12-05 13:15:14,563 [INFO] PluginManage:359 - Loaded plugin memorymap (category:base,tabindex:4)
2024-12-05 13:15:14,563 [INFO] PluginManage:310 - Check plugin pinoutandconfiguration
2024-12-05 13:15:14,578 [INFO] PluginManage:359 - Loaded plugin pinoutandconfiguration (category:base,tabindex:1)
2024-12-05 13:15:14,578 [INFO] PluginManage:310 - Check plugin pinoutconfig
2024-12-05 13:15:14,656 [WARN] SupportedApi:132 - Cannot load RTOS API schema: s4s-elt-must-match.1: The content of 'definitions' must match (annotation?, (simpleType | complexType)?, (unique | key | keyref)*)). A problem was found starting at: attribute.
2024-12-05 13:15:14,766 [INFO] PluginManage:359 - Loaded plugin pinoutconfig (category:base,tabindex:0)
2024-12-05 13:15:14,766 [INFO] PluginManage:310 - Check plugin power
2024-12-05 13:15:14,797 [INFO] PluginManage:359 - Loaded plugin power (category:power,tabindex:4)
2024-12-05 13:15:14,797 [INFO] PluginManage:310 - Check plugin projectmanager
2024-12-05 13:15:14,829 [INFO] PluginManage:359 - Loaded plugin projectmanager (category:projectmanager,tabindex:4)
2024-12-05 13:15:14,829 [INFO] PluginManage:310 - Check plugin rif
2024-12-05 13:15:14,845 [INFO] PluginManage:359 - Loaded plugin rif (category:base,tabindex:3)
2024-12-05 13:15:14,845 [INFO] PluginManage:310 - Check plugin thirdparty
2024-12-05 13:15:15,034 [INFO] PluginManage:359 - Loaded plugin thirdparty (category:base,tabindex:-1)
2024-12-05 13:15:15,034 [WARN] IntegrityCheckThread:84 - waiting for thirdparty lock release [integrity check]
2024-12-05 13:15:15,034 [INFO] PluginManage:310 - Check plugin tools
2024-12-05 13:15:15,034 [INFO] IntegrityCheckThread:86 - entering critical section [integrity check]
2024-12-05 13:15:15,034 [INFO] ThirdPartyUpdaterWithRetryManager:70 - Updater plugin not ready yet. [1/15]
2024-12-05 13:15:15,034 [INFO] PluginManage:359 - Loaded plugin tools (category:base,tabindex:7)
2024-12-05 13:15:15,034 [INFO] PluginManage:310 - Check plugin tutovideos
2024-12-05 13:15:15,248 [INFO] PluginManage:359 - Loaded plugin tutovideos (category:base,tabindex:-1)
2024-12-05 13:15:15,248 [INFO] PluginManage:310 - Check plugin updater
2024-12-05 13:15:15,280 [INFO] PluginManage:359 - Loaded plugin updater (category:base,tabindex:12)
2024-12-05 13:15:15,280 [INFO] PluginManage:310 - Check plugin userauth
2024-12-05 13:15:15,311 [INFO] UserAuth:113 - Init User Auth plugin
2024-12-05 13:15:15,311 [INFO] PluginManage:359 - Loaded plugin userauth (category:base,tabindex:14)
2024-12-05 13:15:15,311 [INFO] PluginManage:283 - PluginManage : Loaded plugins [18]
2024-12-05 13:15:15,705 [INFO] PinOutPanel:1561 - setPackage(No Configuration,No Configuration)
2024-12-05 13:15:15,848 [INFO] CADModel:165 - CPN selected for project level
2024-12-05 13:15:15,848 [INFO] CADModel:114 - Register for checkConnection events
2024-12-05 13:15:16,259 [INFO] IPUIPlugin:80 - create IPUIPlugin
2024-12-05 13:15:16,259 [INFO] PluginManager:220 - loadIPPluginJar : add adc
2024-12-05 13:15:16,259 [INFO] IPUIPlugin:80 - create IPUIPlugin
2024-12-05 13:15:16,259 [INFO] PluginManager:220 - loadIPPluginJar : add aes
2024-12-05 13:15:16,259 [INFO] IPUIPlugin:80 - create IPUIPlugin
2024-12-05 13:15:16,259 [INFO] PluginManager:220 - loadIPPluginJar : add can
2024-12-05 13:15:16,259 [INFO] IPUIPlugin:80 - create IPUIPlugin
2024-12-05 13:15:16,259 [INFO] PluginManager:220 - loadIPPluginJar : add comp
2024-12-05 13:15:16,259 [INFO] IPUIPlugin:80 - create IPUIPlugin
2024-12-05 13:15:16,259 [INFO] PluginManager:220 - loadIPPluginJar : add cryp
2024-12-05 13:15:16,275 [INFO] IPUIPlugin:80 - create IPUIPlugin
2024-12-05 13:15:16,275 [INFO] PluginManager:220 - loadIPPluginJar : add ddr_ctrl_phy
2024-12-05 13:15:16,275 [INFO] IPUIPlugin:80 - create IPUIPlugin
2024-12-05 13:15:16,275 [INFO] PluginManager:220 - loadIPPluginJar : add dfsdm
2024-12-05 13:15:16,290 [INFO] IPUIPlugin:80 - create IPUIPlugin
2024-12-05 13:15:16,290 [INFO] PluginManager:220 - loadIPPluginJar : add dma
2024-12-05 13:15:16,290 [INFO] IPUIPlugin:80 - create IPUIPlugin
2024-12-05 13:15:16,290 [INFO] PluginManager:220 - loadIPPluginJar : add dma3
2024-12-05 13:15:16,290 [INFO] IPUIPlugin:80 - create IPUIPlugin
2024-12-05 13:15:16,290 [INFO] PluginManager:220 - loadIPPluginJar : add extmemmanager
2024-12-05 13:15:16,290 [INFO] IPUIPlugin:80 - create IPUIPlugin
2024-12-05 13:15:16,290 [INFO] PluginManager:220 - loadIPPluginJar : add fatfs
2024-12-05 13:15:16,306 [INFO] IPUIPlugin:80 - create IPUIPlugin
2024-12-05 13:15:16,306 [INFO] PluginManager:220 - loadIPPluginJar : add fmc
2024-12-05 13:15:16,322 [INFO] IPUIPlugin:80 - create IPUIPlugin
2024-12-05 13:15:16,322 [INFO] PluginManager:220 - loadIPPluginJar : add freertos
2024-12-05 13:15:16,322 [INFO] IPUIPlugin:80 - create IPUIPlugin
2024-12-05 13:15:16,322 [INFO] PluginManager:220 - loadIPPluginJar : add genericplugin
2024-12-05 13:15:16,322 [INFO] IPUIPlugin:80 - create IPUIPlugin
2024-12-05 13:15:16,322 [INFO] PluginManager:220 - loadIPPluginJar : add gfxmmu
2024-12-05 13:15:16,338 [INFO] IPUIPlugin:80 - create IPUIPlugin
2024-12-05 13:15:16,338 [INFO] PluginManager:220 - loadIPPluginJar : add gic
2024-12-05 13:15:16,338 [INFO] IPUIPlugin:80 - create IPUIPlugin
2024-12-05 13:15:16,338 [INFO] PluginManager:220 - loadIPPluginJar : add gpio
2024-12-05 13:15:16,338 [INFO] IPUIPlugin:80 - create IPUIPlugin
2024-12-05 13:15:16,338 [INFO] PluginManager:220 - loadIPPluginJar : add gtzc
2024-12-05 13:15:16,338 [INFO] IPUIPlugin:80 - create IPUIPlugin
2024-12-05 13:15:16,338 [INFO] PluginManager:220 - loadIPPluginJar : add hash
2024-12-05 13:15:16,338 [INFO] IPUIPlugin:80 - create IPUIPlugin
2024-12-05 13:15:16,338 [INFO] PluginManager:220 - loadIPPluginJar : add i2c
2024-12-05 13:15:16,338 [INFO] IPUIPlugin:80 - create IPUIPlugin
2024-12-05 13:15:16,338 [INFO] PluginManager:220 - loadIPPluginJar : add i2s
2024-12-05 13:15:16,338 [INFO] IPUIPlugin:80 - create IPUIPlugin
2024-12-05 13:15:16,353 [INFO] PluginManager:220 - loadIPPluginJar : add i3c
2024-12-05 13:15:16,354 [INFO] IPUIPlugin:80 - create IPUIPlugin
2024-12-05 13:15:16,354 [INFO] PluginManager:220 - loadIPPluginJar : add ipddr
2024-12-05 13:15:16,385 [INFO] IPUIPlugin:80 - create IPUIPlugin
2024-12-05 13:15:16,385 [INFO] PluginManager:220 - loadIPPluginJar : add linkedlist
2024-12-05 13:15:16,385 [INFO] IPUIPlugin:80 - create IPUIPlugin
2024-12-05 13:15:16,385 [INFO] PluginManager:220 - loadIPPluginJar : add lorawan
2024-12-05 13:15:16,385 [INFO] IPUIPlugin:80 - create IPUIPlugin
2024-12-05 13:15:16,385 [INFO] PluginManager:220 - loadIPPluginJar : add ltdc
2024-12-05 13:15:16,385 [INFO] IPUIPlugin:80 - create IPUIPlugin
2024-12-05 13:15:16,385 [INFO] PluginManager:220 - loadIPPluginJar : add mdma
2024-12-05 13:15:16,385 [INFO] IPUIPlugin:80 - create IPUIPlugin
2024-12-05 13:15:16,385 [INFO] PluginManager:220 - loadIPPluginJar : add nvic
2024-12-05 13:15:16,385 [INFO] IPUIPlugin:80 - create IPUIPlugin
2024-12-05 13:15:16,385 [INFO] PluginManager:220 - loadIPPluginJar : add opamp
2024-12-05 13:15:16,401 [INFO] IPUIPlugin:80 - create IPUIPlugin
2024-12-05 13:15:16,401 [INFO] PluginManager:220 - loadIPPluginJar : add openamp
2024-12-05 13:15:16,401 [INFO] IPUIPlugin:80 - create IPUIPlugin
2024-12-05 13:15:16,401 [INFO] PluginManager:220 - loadIPPluginJar : add pdm2pcm
2024-12-05 13:15:16,401 [INFO] IPUIPlugin:80 - create IPUIPlugin
2024-12-05 13:15:16,401 [INFO] PluginManager:220 - loadIPPluginJar : add plateformsettings
2024-12-05 13:15:16,401 [INFO] IPUIPlugin:80 - create IPUIPlugin
2024-12-05 13:15:16,401 [INFO] PluginManager:220 - loadIPPluginJar : add quadspi
2024-12-05 13:15:16,401 [INFO] IPUIPlugin:80 - create IPUIPlugin
2024-12-05 13:15:16,401 [INFO] PluginManager:220 - loadIPPluginJar : add radio
2024-12-05 13:15:16,416 [INFO] IPUIPlugin:80 - create IPUIPlugin
2024-12-05 13:15:16,416 [INFO] PluginManager:220 - loadIPPluginJar : add resmgrutility
2024-12-05 13:15:16,416 [INFO] IPUIPlugin:80 - create IPUIPlugin
2024-12-05 13:15:16,416 [INFO] PluginManager:220 - loadIPPluginJar : add sai
2024-12-05 13:15:16,416 [INFO] IPUIPlugin:80 - create IPUIPlugin
2024-12-05 13:15:16,416 [INFO] PluginManager:220 - loadIPPluginJar : add spi
2024-12-05 13:15:16,416 [INFO] IPUIPlugin:80 - create IPUIPlugin
2024-12-05 13:15:16,416 [INFO] PluginManager:220 - loadIPPluginJar : add stm32_wpan
2024-12-05 13:15:16,416 [INFO] IPUIPlugin:80 - create IPUIPlugin
2024-12-05 13:15:16,416 [INFO] PluginManager:220 - loadIPPluginJar : add tim
2024-12-05 13:15:16,432 [INFO] IPUIPlugin:80 - create IPUIPlugin
2024-12-05 13:15:16,432 [INFO] PluginManager:220 - loadIPPluginJar : add touchsensing
2024-12-05 13:15:16,433 [INFO] IPUIPlugin:80 - create IPUIPlugin
2024-12-05 13:15:16,433 [INFO] PluginManager:220 - loadIPPluginJar : add tracer_emb
2024-12-05 13:15:16,433 [INFO] IPUIPlugin:80 - create IPUIPlugin
2024-12-05 13:15:16,433 [INFO] PluginManager:220 - loadIPPluginJar : add ts
2024-12-05 13:15:16,433 [INFO] IPUIPlugin:80 - create IPUIPlugin
2024-12-05 13:15:16,433 [INFO] PluginManager:220 - loadIPPluginJar : add tsc
2024-12-05 13:15:16,433 [INFO] IPUIPlugin:80 - create IPUIPlugin
2024-12-05 13:15:16,433 [INFO] PluginManager:220 - loadIPPluginJar : add ucpd
2024-12-05 13:15:16,433 [INFO] IPUIPlugin:80 - create IPUIPlugin
2024-12-05 13:15:16,433 [INFO] PluginManager:220 - loadIPPluginJar : add usart
2024-12-05 13:15:16,433 [INFO] IPUIPlugin:80 - create IPUIPlugin
2024-12-05 13:15:16,433 [INFO] PluginManager:220 - loadIPPluginJar : add usbx
2024-12-05 13:15:16,583 [INFO] CADModel:165 - CPN selected for project level
2024-12-05 13:15:16,583 [INFO] CADModel:114 - Register for checkConnection events
2024-12-05 13:15:16,583 [FATAL] Updater:334 - Updater called before beeing initialized
2024-12-05 13:15:16,583 [ERROR] CADModel:125 - Updater not yet initialized, retry later 
2024-12-05 13:15:16,806 [INFO] CADModel:165 - CPN selected for project level
2024-12-05 13:15:16,806 [INFO] CADModel:114 - Register for checkConnection events
2024-12-05 13:15:16,806 [FATAL] Updater:334 - Updater called before beeing initialized
2024-12-05 13:15:16,806 [ERROR] CADModel:125 - Updater not yet initialized, retry later 
2024-12-05 13:15:16,807 [FATAL] Updater:334 - Updater called before beeing initialized
2024-12-05 13:15:16,885 [FATAL] Updater:334 - Updater called before beeing initialized
2024-12-05 13:15:16,885 [INFO] DbMcusAds:53 - JSON generation date=Fri Sep 20 21:04:38 CST 2024 (1726837478367)
2024-12-05 13:15:16,885 [FATAL] Updater:334 - Updater called before beeing initialized
2024-12-05 13:15:17,153 [WARN] DetailPanel:346 - Failed to get advertising image, set to default
2024-12-05 13:15:17,264 [FATAL] Updater:334 - Updater called before beeing initialized
2024-12-05 13:15:17,264 [FATAL] Updater:334 - Updater called before beeing initialized
2024-12-05 13:15:17,264 [FATAL] Updater:334 - Updater called before beeing initialized
2024-12-05 13:15:17,264 [WARN] DetailPanel:346 - Failed to get advertising image, set to default
2024-12-05 13:15:17,264 [FATAL] Updater:334 - Updater called before beeing initialized
2024-12-05 13:15:17,358 [ERROR] Updater:1164 - MainUpdater not yet initialized. External WinMGr cannot be set.
2024-12-05 13:15:17,373 [INFO] Updater:1100 - Updater Version found : 6.12.1
2024-12-05 13:15:17,405 [INFO] ApplicationProperties:184 - Using Application install path: D:\software\STM32CubeIDE_1.16.1\STM32CubeIDE\plugins\com.st.stm32cube.common.mx_6.12.1.202409122256
2024-12-05 13:15:18,044 [INFO] ThirdPartyUpdaterWithRetryManager:70 - Updater plugin not ready yet. [2/15]
2024-12-05 13:15:19,048 [ERROR] LogOutputStream:75 - [STDERR_REDIRECT] Dec 05, 2024 1:15:19 PM java.util.prefs.WindowsPreferences <init>
2024-12-05 13:15:19,048 [ERROR] LogOutputStream:75 - [STDERR_REDIRECT] WARNING: Could not open/create prefs root node Software\JavaSoft\Prefs at root 0xffffffff80000002. Windows RegCreateKeyEx(...) returned error code 5.
2024-12-05 13:15:19,048 [ERROR] LogOutputStream:75 - [STDERR_REDIRECT] 
2024-12-05 13:15:19,960 [INFO] MainUpdater:2873 - connection check result : 10
2024-12-05 13:15:19,960 [INFO] MainUpdater:290 - Updater Check For Update Now.
2024-12-05 13:15:19,960 [INFO] MicroXplorer:498 - Change Database Version : DB.6.0.121
2024-12-05 13:15:20,019 [INFO] McuFinderGlobals:63 - Set McuFinder mode to 2 (CubeIDE integrated)
2024-12-05 13:15:20,019 [INFO] UserAuth:417 - Internet connection configuration mode: 1
2024-12-05 13:15:20,090 [INFO] JxBrowserEngine:152 - Initiate JxBrowser Engine with user profile folder
2024-12-05 13:15:20,159 [INFO] CheckServerUpdateThread:120 - End of CheckServer Thread
2024-12-05 13:15:21,022 [INFO] WebApp:167 - Instantiating new browser for Auth
2024-12-05 13:15:21,600 [WARN] PackLoader:240 - Cannot read IP mode file for STMicroelectronics.FP-SNS-MOTENVWB1.1.4.0
2024-12-05 13:15:21,615 [WARN] PackLoader:240 - Cannot read IP mode file for STMicroelectronics.FP-ATR-ASTRA1.2.0.1
2024-12-05 13:15:21,630 [WARN] PackLoader:240 - Cannot read IP mode file for STMicroelectronics.X-CUBE-SMBUS.2.1.0
2024-12-05 13:15:21,630 [WARN] PackLoader:240 - Cannot read IP mode file for STMicroelectronics.X-CUBE-WB05N.1.1.0
2024-12-05 13:15:21,667 [WARN] PackLoader:240 - Cannot read IP mode file for STMicroelectronics.X-CUBE-AZRTOS-F7.1.1.0
2024-12-05 13:15:21,678 [WARN] PackLoader:240 - Cannot read IP mode file for STMicroelectronics.FP-SNS-MOTENV1.4.3.2
2024-12-05 13:15:21,733 [WARN] PackLoader:240 - Cannot read IP mode file for STMicroelectronics.X-CUBE-MEMS1.11.0.0
2024-12-05 13:15:21,884 [WARN] PackLoader:240 - Cannot read IP mode file for STMicroelectronics.X-CUBE-BLE1.6.2.4
2024-12-05 13:15:21,895 [WARN] PackLoader:240 - Cannot read IP mode file for STMicroelectronics.FP-SNS-FLIGHT1.5.0.2
2024-12-05 13:15:21,912 [WARN] PackLoader:240 - Cannot read IP mode file for STMicroelectronics.X-CUBE-DISPLAY.3.0.0
2024-12-05 13:15:21,912 [WARN] PackLoader:240 - Cannot read IP mode file for STMicroelectronics.X-CUBE-BLE1.7.0.0
2024-12-05 13:15:21,927 [WARN] PackLoader:240 - Cannot read IP mode file for STMicroelectronics.X-CUBE-NFC10.1.0.0
2024-12-05 13:15:21,927 [WARN] PackLoader:240 - Cannot read IP mode file for STMicroelectronics.X-CUBE-TOUCHGFX.4.22.0
2024-12-05 13:15:21,927 [WARN] PackLoader:240 - Cannot read IP mode file for STMicroelectronics.X-CUBE-TOUCHGFX.4.22.1
2024-12-05 13:15:21,949 [WARN] PackLoader:240 - Cannot read IP mode file for STMicroelectronics.X-CUBE-BLEMGR.3.1.0
2024-12-05 13:15:21,957 [WARN] PackLoader:240 - Cannot read IP mode file for STMicroelectronics.FP-SNS-SMARTAG2.1.2.0
2024-12-05 13:15:21,969 [INFO] LogOutputStream:77 - [STDOUT_REDIRECT] 1 : Invalid condition id : UX_CORESTACK_Condition cause : null
2024-12-05 13:15:21,969 [INFO] LogOutputStream:77 - [STDOUT_REDIRECT] 1 : Invalid condition id : UX_CORESTACK_Condition cause : null
2024-12-05 13:15:21,969 [INFO] LogOutputStream:77 - [STDOUT_REDIRECT] 1 : Invalid condition id : UX_CORESTACK_Condition cause : null
2024-12-05 13:15:21,969 [INFO] LogOutputStream:77 - [STDOUT_REDIRECT] 1 : Invalid condition id : UX_CORESTACK_Condition cause : null
2024-12-05 13:15:21,969 [INFO] LogOutputStream:77 - [STDOUT_REDIRECT] 1 : Invalid condition id : UX_CORESTACK_Condition cause : null
2024-12-05 13:15:21,969 [WARN] PackLoader:240 - Cannot read IP mode file for STMicroelectronics.X-CUBE-AZRTOS-WL.2.0.0
2024-12-05 13:15:21,984 [WARN] PackLoader:240 - Cannot read IP mode file for STMicroelectronics.FP-SNS-MOTENV1.5.0.0
2024-12-05 13:15:21,985 [WARN] PackLoader:240 - Cannot read IP mode file for wolfSSL.I-CUBE-wolfMQTT.1.19.0
2024-12-05 13:15:22,009 [WARN] PackLoader:240 - Cannot read IP mode file for WES.I-CUBE-Cesium.1.3.0
2024-12-05 13:15:22,015 [WARN] PackLoader:240 - Cannot read IP mode file for STMicroelectronics.X-CUBE-BLE2.3.3.0
2024-12-05 13:15:22,026 [WARN] PackLoader:240 - Cannot read IP mode file for STMicroelectronics.X-CUBE-TOF1.3.2.0
2024-12-05 13:15:22,040 [WARN] PackLoader:240 - Cannot read IP mode file for STMicroelectronics.X-CUBE-NFC9.1.0.0
2024-12-05 13:15:22,051 [WARN] PackLoader:240 - Cannot read IP mode file for STMicroelectronics.X-CUBE-TCPP.4.1.0
2024-12-05 13:15:22,059 [WARN] PackLoader:240 - Cannot read IP mode file for STMicroelectronics.X-CUBE-TOUCHGFX.4.21.1
2024-12-05 13:15:22,095 [WARN] PackLoader:240 - Cannot read IP mode file for STMicroelectronics.X-CUBE-MEMS1.9.4.0
2024-12-05 13:15:22,209 [WARN] PackLoader:240 - Cannot read IP mode file for STMicroelectronics.X-CUBE-AI.7.3.0
2024-12-05 13:15:22,216 [WARN] PackLoader:240 - Cannot read IP mode file for STMicroelectronics.X-CUBE-ALGOBUILD.1.3.0
2024-12-05 13:15:22,231 [WARN] PackLoader:240 - Cannot read IP mode file for STMicroelectronics.X-CUBE-AZRTOS-G0.1.1.0
2024-12-05 13:15:22,233 [WARN] PackLoader:240 - Cannot read IP mode file for STMicroelectronics.X-CUBE-SAFEA1.1.2.2
2024-12-05 13:15:22,248 [WARN] PackLoader:240 - Cannot read IP mode file for STMicroelectronics.X-CUBE-NFC4.3.0.0
2024-12-05 13:15:22,277 [WARN] PackLoader:240 - Cannot read IP mode file for EmbeddedOffice.I-CUBE-FS-RTOS.1.0.1
2024-12-05 13:15:22,279 [ERROR] ConditionMgr:805 - Attr not supported : Dmpu
2024-12-05 13:15:22,279 [ERROR] ConditionMgr:805 - Attr not supported : Dmpu
2024-12-05 13:15:22,279 [ERROR] ConditionMgr:805 - Attr not supported : Dmpu
2024-12-05 13:15:22,279 [ERROR] ConditionMgr:805 - Attr not supported : Dmpu
2024-12-05 13:15:22,279 [ERROR] ConditionMgr:805 - Attr not supported : Dmpu
2024-12-05 13:15:22,279 [ERROR] ConditionMgr:805 - Attr not supported : Dmpu
2024-12-05 13:15:22,279 [ERROR] ConditionMgr:805 - Attr not supported : Dmpu
2024-12-05 13:15:22,279 [ERROR] ConditionMgr:805 - Attr not supported : Dmpu
2024-12-05 13:15:22,280 [ERROR] ConditionMgr:805 - Attr not supported : Dmpu
2024-12-05 13:15:22,280 [ERROR] ConditionMgr:805 - Attr not supported : Dmpu
2024-12-05 13:15:22,280 [ERROR] ConditionMgr:805 - Attr not supported : Dmpu
2024-12-05 13:15:22,280 [ERROR] ConditionMgr:805 - Attr not supported : Dmpu
2024-12-05 13:15:22,281 [ERROR] ConditionMgr:805 - Attr not supported : Dmpu
2024-12-05 13:15:22,281 [ERROR] ConditionMgr:805 - Attr not supported : Dmpu
2024-12-05 13:15:22,281 [ERROR] ConditionMgr:805 - Attr not supported : Dmpu
2024-12-05 13:15:22,281 [ERROR] ConditionMgr:805 - Attr not supported : Dmpu
2024-12-05 13:15:22,281 [ERROR] ConditionMgr:805 - Attr not supported : Dmpu
2024-12-05 13:15:22,281 [ERROR] ConditionMgr:805 - Attr not supported : Dmpu
2024-12-05 13:15:22,281 [ERROR] ConditionMgr:805 - Attr not supported : Dmpu
2024-12-05 13:15:22,281 [ERROR] ConditionMgr:805 - Attr not supported : Dmpu
2024-12-05 13:15:22,282 [ERROR] ConditionMgr:805 - Attr not supported : Dmpu
2024-12-05 13:15:22,282 [ERROR] ConditionMgr:805 - Attr not supported : Dmpu
2024-12-05 13:15:22,282 [ERROR] ConditionMgr:805 - Attr not supported : Dmpu
2024-12-05 13:15:22,282 [ERROR] ConditionMgr:805 - Attr not supported : Dmpu
2024-12-05 13:15:22,282 [ERROR] ConditionMgr:805 - Attr not supported : Dmpu
2024-12-05 13:15:22,282 [ERROR] ConditionMgr:805 - Attr not supported : Dmpu
2024-12-05 13:15:22,282 [ERROR] ConditionMgr:805 - Attr not supported : Dmpu
2024-12-05 13:15:22,283 [ERROR] ConditionMgr:805 - Attr not supported : Dmpu
2024-12-05 13:15:22,283 [ERROR] ConditionMgr:805 - Attr not supported : Dmpu
2024-12-05 13:15:22,283 [ERROR] ConditionMgr:805 - Attr not supported : Dmpu
2024-12-05 13:15:22,283 [ERROR] ConditionMgr:805 - Attr not supported : Dmpu
2024-12-05 13:15:22,283 [ERROR] ConditionMgr:805 - Attr not supported : Dmpu
2024-12-05 13:15:22,283 [ERROR] ConditionMgr:805 - Attr not supported : Dmpu
2024-12-05 13:15:22,283 [ERROR] ConditionMgr:805 - Attr not supported : Dmpu
2024-12-05 13:15:22,283 [ERROR] ConditionMgr:805 - Attr not supported : Dmpu
2024-12-05 13:15:22,283 [ERROR] ConditionMgr:805 - Attr not supported : Dmpu
2024-12-05 13:15:22,283 [ERROR] ConditionMgr:805 - Attr not supported : Dmpu
2024-12-05 13:15:22,283 [ERROR] ConditionMgr:805 - Attr not supported : Dmpu
2024-12-05 13:15:22,284 [ERROR] ConditionMgr:805 - Attr not supported : Dmpu
2024-12-05 13:15:22,284 [ERROR] ConditionMgr:805 - Attr not supported : Dmpu
2024-12-05 13:15:22,284 [ERROR] ConditionMgr:805 - Attr not supported : Dmpu
2024-12-05 13:15:22,284 [ERROR] ConditionMgr:805 - Attr not supported : Dmpu
2024-12-05 13:15:22,284 [ERROR] ConditionMgr:805 - Attr not supported : Dmpu
2024-12-05 13:15:22,284 [ERROR] ConditionMgr:805 - Attr not supported : Dmpu
2024-12-05 13:15:22,284 [ERROR] ConditionMgr:805 - Attr not supported : Dmpu
2024-12-05 13:15:22,284 [ERROR] ConditionMgr:805 - Attr not supported : Dmpu
2024-12-05 13:15:22,284 [ERROR] ConditionMgr:805 - Attr not supported : Dmpu
2024-12-05 13:15:22,284 [ERROR] ConditionMgr:805 - Attr not supported : Dmpu
2024-12-05 13:15:22,284 [ERROR] ConditionMgr:805 - Attr not supported : Dmpu
2024-12-05 13:15:22,284 [ERROR] ConditionMgr:805 - Attr not supported : Dmpu
2024-12-05 13:15:22,284 [ERROR] ConditionMgr:805 - Attr not supported : Dmpu
2024-12-05 13:15:22,284 [ERROR] ConditionMgr:805 - Attr not supported : Dmpu
2024-12-05 13:15:22,284 [ERROR] ConditionMgr:805 - Attr not supported : Dmpu
2024-12-05 13:15:22,284 [ERROR] ConditionMgr:805 - Attr not supported : Dmpu
2024-12-05 13:15:22,284 [ERROR] ConditionMgr:805 - Attr not supported : Dmpu
2024-12-05 13:15:22,284 [ERROR] ConditionMgr:805 - Attr not supported : Dmpu
2024-12-05 13:15:22,284 [ERROR] ConditionMgr:805 - Attr not supported : Dmpu
2024-12-05 13:15:22,284 [ERROR] ConditionMgr:805 - Attr not supported : Dmpu
2024-12-05 13:15:22,284 [ERROR] ConditionMgr:805 - Attr not supported : Dmpu
2024-12-05 13:15:22,286 [ERROR] ConditionMgr:805 - Attr not supported : Dmpu
2024-12-05 13:15:22,286 [ERROR] ConditionMgr:805 - Attr not supported : Dmpu
2024-12-05 13:15:22,286 [ERROR] ConditionMgr:805 - Attr not supported : Dmpu
2024-12-05 13:15:22,286 [ERROR] ConditionMgr:805 - Attr not supported : Dmpu
2024-12-05 13:15:22,286 [ERROR] ConditionMgr:805 - Attr not supported : Dmpu
2024-12-05 13:15:22,293 [WARN] PackLoader:240 - Cannot read IP mode file for STMicroelectronics.X-CUBE-BLEMGR.3.0.0
2024-12-05 13:15:22,297 [INFO] WebApp:448 - Apply proxy settings
2024-12-05 13:15:22,297 [INFO] WebApp:533 - Chromium requires no authentication
2024-12-05 13:15:22,303 [WARN] PackLoader:240 - Cannot read IP mode file for STMicroelectronics.X-CUBE-BLEMGR.1.3.0
2024-12-05 13:15:22,334 [WARN] PackLoader:240 - Cannot read IP mode file for RealThread.X-CUBE-RT-Thread_Nano.4.1.1
2024-12-05 13:15:22,335 [INFO] WebApp:476 - Direct internet connection detected
2024-12-05 13:15:22,340 [WARN] PackLoader:240 - Cannot read IP mode file for STMicroelectronics.FP-ATR-SIGFOX1.3.2.0
2024-12-05 13:15:22,347 [WARN] ConditionMgr:438 - getConditionDescription Invalid condition id : Cortex-A Device cause : null
2024-12-05 13:15:22,371 [WARN] ConditionMgr:1039 - genDependencies : Invalid condition id : Cortex-A Device cause : null
2024-12-05 13:15:22,371 [WARN] ConditionMgr:1039 - genDependencies : Invalid condition id : Cortex-A Device cause : null
2024-12-05 13:15:22,371 [WARN] ConditionMgr:1039 - genDependencies : Invalid condition id : Cortex-A Device cause : null
2024-12-05 13:15:22,377 [WARN] PackLoader:240 - Cannot read IP mode file for STMicroelectronics.X-CUBE-EEPRMA1.5.1.0
2024-12-05 13:15:22,378 [INFO] WebApp:869 - Register for checkConnection events
2024-12-05 13:15:22,379 [INFO] WebApp:448 - Apply proxy settings
2024-12-05 13:15:22,379 [INFO] WebApp:533 - Chromium requires no authentication
2024-12-05 13:15:22,379 [INFO] WebApp:476 - Direct internet connection detected
2024-12-05 13:15:22,409 [WARN] PackLoader:240 - Cannot read IP mode file for STMicroelectronics.X-CUBE-MEMS1.9.5.0
2024-12-05 13:15:22,494 [WARN] PackLoader:240 - Cannot read IP mode file for SEGGER.I-CUBE-embOS.1.3.1
2024-12-05 13:15:22,538 [WARN] PackLoader:240 - Cannot read IP mode file for STMicroelectronics.X-CUBE-ALGOBUILD.1.4.0
2024-12-05 13:15:22,558 [WARN] PackLoader:240 - Cannot read IP mode file for STMicroelectronics.X-CUBE-AI.9.1.0
2024-12-05 13:15:22,558 [WARN] PackLoader:240 - Cannot read IP mode file for STMicroelectronics.X-CUBE-GNSS1.6.0.0
2024-12-05 13:15:22,590 [WARN] PackLoader:240 - Cannot read IP mode file for STMicroelectronics.X-CUBE-AZRTOS-F4.1.1.0
2024-12-05 13:15:22,606 [WARN] PackLoader:240 - Cannot read IP mode file for STMicroelectronics.X-CUBE-ISPU.2.1.0
2024-12-05 13:15:22,606 [WARN] PackLoader:240 - Cannot read IP mode file for STMicroelectronics.X-CUBE-FREERTOS.1.2.0
2024-12-05 13:15:22,622 [WARN] PackLoader:240 - Cannot read IP mode file for STMicroelectronics.X-CUBE-AZRTOS-L5.2.0.0
2024-12-05 13:15:22,654 [WARN] PackLoader:240 - Cannot read IP mode file for STMicroelectronics.X-CUBE-MEMS1.9.6.0
2024-12-05 13:15:22,654 [INFO] WebApp:220 - Starting web application
2024-12-05 13:15:22,654 [INFO] WebApp:578 - Web application path used D:\software\STM32CubeIDE_1.16.1\STM32CubeIDE\plugins\com.st.stm32cube.common.mx_6.12.1.202409122256\db\plugins\mcufinder\reactClient1\index.html
2024-12-05 13:15:22,756 [WARN] PackLoader:240 - Cannot read IP mode file for STMicroelectronics.X-CUBE-EEPRMA1.4.2.0
2024-12-05 13:15:22,772 [WARN] PackLoader:240 - Cannot read IP mode file for STMicroelectronics.X-CUBE-NFC6.3.1.0
2024-12-05 13:15:22,780 [WARN] PackLoader:240 - Cannot read IP mode file for ITTIA_DB.I-CUBE-ITTIADB.8.8.0
2024-12-05 13:15:22,788 [WARN] PackLoader:240 - Cannot read IP mode file for emotas.I-CUBE-CANOPEN.1.1.3
2024-12-05 13:15:22,792 [WARN] PackLoader:240 - Cannot read IP mode file for STMicroelectronics.X-CUBE-BLEMGR.2.0.0
2024-12-05 13:15:22,797 [WARN] PackLoader:240 - Cannot read IP mode file for STMicroelectronics.X-CUBE-DPower.1.2.0
2024-12-05 13:15:22,802 [WARN] PackLoader:240 - Cannot read IP mode file for STMicroelectronics.X-CUBE-AI.9.0.0
2024-12-05 13:15:22,815 [WARN] ConditionMgr:438 - getConditionDescription Invalid condition id : UX DEVICE CLASS RTOS Condition cause : null
2024-12-05 13:15:22,816 [WARN] ConditionMgr:438 - getConditionDescription Invalid condition id : UX DEVICE CLASS RTOS Condition cause : null
2024-12-05 13:15:22,817 [WARN] PackLoader:240 - Cannot read IP mode file for STMicroelectronics.X-CUBE-AZRTOS-H7.3.1.0
2024-12-05 13:15:22,818 [WARN] ConditionMgr:1039 - genDependencies : Invalid condition id : UX DEVICE CLASS RTOS Condition cause : null
2024-12-05 13:15:22,818 [WARN] ConditionMgr:1039 - genDependencies : Invalid condition id : UX DEVICE CLASS RTOS Condition cause : null
2024-12-05 13:15:22,819 [WARN] ConditionMgr:1039 - genDependencies : Invalid condition id : UX DEVICE CLASS RTOS Condition cause : null
2024-12-05 13:15:22,819 [WARN] ConditionMgr:1039 - genDependencies : Invalid condition id : UX DEVICE CLASS RTOS Condition cause : null
2024-12-05 13:15:22,819 [WARN] ConditionMgr:1039 - genDependencies : Invalid condition id : UX DEVICE CLASS RTOS Condition cause : null
2024-12-05 13:15:22,845 [WARN] PackLoader:240 - Cannot read IP mode file for wolfSSL.I-CUBE-wolfSSL.5.5.4
2024-12-05 13:15:22,845 [WARN] PackLoader:240 - Cannot read IP mode file for STMicroelectronics.X-CUBE-NFC7.1.0.1
2024-12-05 13:15:22,881 [WARN] PackLoader:240 - Cannot read IP mode file for STMicroelectronics.X-CUBE-NFC7.1.0.0
2024-12-05 13:15:22,886 [WARN] PackLoader:240 - Cannot read IP mode file for wolfSSL.I-CUBE-wolfTPM.3.2.0
2024-12-05 13:15:22,890 [INFO] UserAuth:417 - Internet connection configuration mode: 1
2024-12-05 13:15:22,891 [WARN] PackLoader:240 - Cannot read IP mode file for STMicroelectronics.X-CUBE-NFC6.3.0.0
2024-12-05 13:15:22,895 [WARN] PackLoader:240 - Cannot read IP mode file for STMicroelectronics.X-CUBE-EEPRMA1.4.1.0
2024-12-05 13:15:22,899 [WARN] PackLoader:240 - Cannot read IP mode file for STMicroelectronics.X-CUBE-AI.8.1.0
2024-12-05 13:15:22,913 [WARN] ConditionMgr:438 - getConditionDescription Invalid condition id : LAN8742 Phy interface Condition cause : null
2024-12-05 13:15:22,914 [WARN] PackLoader:240 - Cannot read IP mode file for STMicroelectronics.X-CUBE-AZRTOS-L4.2.0.0
2024-12-05 13:15:22,915 [WARN] ConditionMgr:1039 - genDependencies : Invalid condition id : LAN8742 Phy interface Condition cause : null
2024-12-05 13:15:22,916 [WARN] ConditionMgr:1039 - genDependencies : Invalid condition id : LAN8742 Phy interface Condition cause : null
2024-12-05 13:15:22,917 [WARN] ConditionMgr:1039 - genDependencies : Invalid condition id : LAN8742 Phy interface Condition cause : null
2024-12-05 13:15:22,926 [WARN] PackLoader:240 - Cannot read IP mode file for STMicroelectronics.X-CUBE-SFXS2LP1.4.0.0
2024-12-05 13:15:22,943 [WARN] PackLoader:240 - Cannot read IP mode file for STMicroelectronics.X-CUBE-AZRTOS-H7.3.0.0
2024-12-05 13:15:22,950 [WARN] PackLoader:240 - Cannot read IP mode file for STMicroelectronics.X-CUBE-ISPU.1.1.0
2024-12-05 13:15:22,969 [WARN] PackLoader:240 - Cannot read IP mode file for STMicroelectronics.X-CUBE-AZRTOS-H7.3.3.0
2024-12-05 13:15:22,980 [WARN] PackLoader:240 - Cannot read IP mode file for RoweBots.I-CUBE-UNISONRTOS.5.5.0-4
2024-12-05 13:15:22,989 [WARN] PackLoader:240 - Cannot read IP mode file for STMicroelectronics.X-CUBE-IPS.3.0.0
2024-12-05 13:15:23,001 [WARN] ConditionMgr:438 - getConditionDescription Invalid condition id : UX DEVICE CLASS RTOS Condition cause : null
2024-12-05 13:15:23,001 [WARN] ConditionMgr:438 - getConditionDescription Invalid condition id : UX DEVICE CLASS RTOS Condition cause : null
2024-12-05 13:15:23,003 [WARN] PackLoader:240 - Cannot read IP mode file for STMicroelectronics.X-CUBE-AZRTOS-WB.2.0.0
2024-12-05 13:15:23,003 [WARN] ConditionMgr:1039 - genDependencies : Invalid condition id : UX DEVICE CLASS RTOS Condition cause : null
2024-12-05 13:15:23,003 [WARN] ConditionMgr:1039 - genDependencies : Invalid condition id : UX DEVICE CLASS RTOS Condition cause : null
2024-12-05 13:15:23,004 [WARN] ConditionMgr:1039 - genDependencies : Invalid condition id : UX DEVICE CLASS RTOS Condition cause : null
2024-12-05 13:15:23,004 [WARN] ConditionMgr:1039 - genDependencies : Invalid condition id : UX DEVICE CLASS RTOS Condition cause : null
2024-12-05 13:15:23,004 [WARN] ConditionMgr:1039 - genDependencies : Invalid condition id : UX DEVICE CLASS RTOS Condition cause : null
2024-12-05 13:15:23,008 [WARN] PackLoader:240 - Cannot read IP mode file for STMicroelectronics.X-CUBE-FREERTOS.1.0.1
2024-12-05 13:15:23,012 [WARN] PackLoader:240 - Cannot read IP mode file for STMicroelectronics.X-CUBE-GNSS1.7.0.0
2024-12-05 13:15:23,018 [WARN] PackLoader:240 - Cannot read IP mode file for STMicroelectronics.FP-SNS-STBOX1.2.0.0
2024-12-05 13:15:23,031 [WARN] PackLoader:240 - Cannot read IP mode file for STMicroelectronics.X-CUBE-AZRTOS-L5.1.1.0
2024-12-05 13:15:23,036 [WARN] PackLoader:240 - Cannot read IP mode file for STMicroelectronics.X-CUBE-AI.8.0.1
2024-12-05 13:15:23,046 [WARN] PackLoader:240 - Cannot read IP mode file for STMicroelectronics.X-CUBE-SUBG2.5.0.0
2024-12-05 13:15:23,056 [WARN] PackLoader:240 - Cannot read IP mode file for Cesanta.I-CUBE-Mongoose.7.13.0
2024-12-05 13:15:23,062 [WARN] PackLoader:240 - Cannot read IP mode file for STMicroelectronics.X-CUBE-TOF1.3.3.1
2024-12-05 13:15:23,077 [WARN] PackLoader:240 - Cannot read IP mode file for STMicroelectronics.X-CUBE-AZRTOS-G4.2.0.0
2024-12-05 13:15:23,081 [WARN] PackLoader:240 - Cannot read IP mode file for STMicroelectronics.FP-ATR-ASTRA1.1.1.1
2024-12-05 13:15:23,089 [WARN] PackLoader:240 - Cannot read IP mode file for Infineon.AIROC-Wi-Fi-Bluetooth-STM32.1.5.1
2024-12-05 13:15:23,093 [WARN] PackLoader:240 - Cannot read IP mode file for STMicroelectronics.FP-SNS-MOTENVWB1.1.3.0
2024-12-05 13:15:23,096 [WARN] PackLoader:240 - Cannot read IP mode file for STMicroelectronics.FP-SNS-MOTENVWB1.1.3.1
2024-12-05 13:15:23,104 [WARN] PackLoader:240 - Cannot read IP mode file for STMicroelectronics.X-CUBE-AZRTOS-G4.1.0.0
2024-12-05 13:15:23,113 [WARN] PackLoader:240 - Cannot read IP mode file for STMicroelectronics.X-CUBE-AZRTOS-L4.1.0.0
2024-12-05 13:15:23,118 [WARN] PackLoader:240 - Cannot read IP mode file for STMicroelectronics.X-CUBE-ISPU.2.0.0
2024-12-05 13:15:23,123 [WARN] PackLoader:240 - Cannot read IP mode file for STMicroelectronics.X-CUBE-ALS.1.0.2
2024-12-05 13:15:23,143 [WARN] PackLoader:240 - Cannot read IP mode file for STMicroelectronics.X-CUBE-MEMS1.10.0.0
2024-12-05 13:15:23,208 [WARN] PackLoader:240 - Cannot read IP mode file for STMicroelectronics.X-CUBE-FREERTOS.1.1.0
2024-12-05 13:15:23,210 [WARN] PackLoader:240 - Cannot read IP mode file for STMicroelectronics.X-CUBE-TOUCHGFX.4.24.0
2024-12-05 13:15:23,215 [WARN] PackLoader:240 - Cannot read IP mode file for STMicroelectronics.X-CUBE-AZRTOS-WL.1.0.0
2024-12-05 13:15:23,218 [WARN] PackLoader:240 - Cannot read IP mode file for STMicroelectronics.X-CUBE-TOUCHGFX.4.24.1
2024-12-05 13:15:23,223 [WARN] PackLoader:240 - Cannot read IP mode file for portGmbH.I-Cube-SoM-uGOAL.1.1.0
2024-12-05 13:15:23,226 [WARN] PackLoader:240 - Cannot read IP mode file for STMicroelectronics.X-CUBE-ALS.1.0.1
2024-12-05 13:15:23,232 [WARN] PackLoader:240 - Cannot read IP mode file for STMicroelectronics.X-CUBE-AZRTOS-WB.1.1.0
2024-12-05 13:15:23,242 [WARN] PackLoader:240 - Cannot read IP mode file for STMicroelectronics.X-CUBE-AZRTOS-H7RS.1.0.0
2024-12-05 13:15:23,246 [WARN] PackLoader:240 - Cannot read IP mode file for STMicroelectronics.FP-ATR-ASTRA1.2.0.0
2024-12-05 13:15:23,251 [WARN] PackLoader:240 - Cannot read IP mode file for STMicroelectronics.X-CUBE-TOF1.3.4.2
2024-12-05 13:15:23,260 [WARN] PackLoader:240 - Cannot read IP mode file for STMicroelectronics.X-CUBE-TOF1.3.4.0
2024-12-05 13:15:23,268 [WARN] PackLoader:240 - Cannot read IP mode file for wolfSSL.I-CUBE-wolfSSH.1.4.17
2024-12-05 13:15:23,269 [INFO] ThirdParty:978 - Integrity check success = true
2024-12-05 13:15:23,269 [INFO] IntegrityCheckThread:100 - exiting critical section [integrity check]
2024-12-05 13:15:23,269 [INFO] IntegrityCheckThread:103 - End integrity checks thread
2024-12-05 17:27:52,347 [ERROR] LogOutputStream:75 - [STDERR_REDIRECT] 
