../Core/Src/main.c:118:5:main	1
../Core/Src/main.c:213:6:SystemClock_Config	4
../Core/Src/main.c:260:13:MX_TIM2_Init	4
../Core/Src/main.c:305:13:MX_USART1_UART_Init	2
../Core/Src/main.c:338:13:MX_USART2_UART_Init	2
../Core/Src/main.c:371:13:MX_GPIO_Init	1
../Core/Src/main.c:434:6:StartDefaultTask	1
../Core/Src/main.c:464:6:StartLEDTask	1
../Core/Src/main.c:489:6:StartUsart2Task	2
../Core/Src/main.c:513:6:StartUSBTask	2
../Core/Src/main.c:538:6:HAL_TIM_PeriodElapsedCallback	2
../Core/Src/main.c:555:6:Error_Handler	1
