../Core/Src/stm32f1xx_it.c:75:6:NMI_Handler	4	static
../Core/Src/stm32f1xx_it.c:90:6:HardFault_Handler	4	static
../Core/Src/stm32f1xx_it.c:105:6:MemManage_Handler	4	static
../Core/Src/stm32f1xx_it.c:120:6:BusFault_Handler	4	static
../Core/Src/stm32f1xx_it.c:135:6:UsageFault_Handler	4	static
../Core/Src/stm32f1xx_it.c:150:6:DebugMon_Handler	4	static
../Core/Src/stm32f1xx_it.c:170:6:USB_LP_CAN1_RX0_IRQHandler	8	static
../Core/Src/stm32f1xx_it.c:184:6:TIM2_IRQHandler	8	static
../Core/Src/stm32f1xx_it.c:215:6:USART2_IRQHandler	8	static
../Core/Src/stm32f1xx_it.c:229:6:TIM7_IRQHandler	8	static
