15:03:05 **** Incremental Build of configuration Debug for project untitled ****
make -j12 all 
arm-none-eabi-gcc "../User/Src/user_usart.c" -mcpu=cortex-m3 -std=gnu11 -g3 -DDEBUG -DUSE_HAL_DRIVER -DSTM32F103xB -c -I../Core/Inc -I../Drivers/STM32F1xx_HAL_Driver/Inc/Legacy -I../Drivers/STM32F1xx_HAL_Driver/Inc -I../Drivers/CMSIS/Device/ST/STM32F1xx/Include -I../Drivers/CMSIS/Include -I../Middlewares/Third_Party/FreeRTOS/Source/include -I../Middlewares/Third_Party/FreeRTOS/Source/CMSIS_RTOS_V2 -I../Middlewares/Third_Party/FreeRTOS/Source/portable/GCC/ARM_CM3 -I"D:/thor_work/2024/MyDemo/day1/untitled/User/Inc" -O0 -ffunction-sections -fdata-sections -Wall -fstack-usage -fcyclomatic-complexity -MMD -MP -MF"User/Src/user_usart.d" -MT"User/Src/user_usart.o" --specs=nano.specs -mfloat-abi=soft -mthumb -o "User/Src/user_usart.o"
arm-none-eabi-gcc -o "untitled.elf" @"objects.list"   -mcpu=cortex-m3 -T"D:\thor_work\2024\MyDemo\day1\untitled\STM32F103CBTX_FLASH.ld" --specs=nosys.specs -Wl,-Map="untitled.map" -Wl,--gc-sections -static --specs=nano.specs -mfloat-abi=soft -mthumb -Wl,--start-group -lc -lm -Wl,--end-group
Finished building target: untitled.elf
 
arm-none-eabi-size  untitled.elf 
arm-none-eabi-objdump -h -S untitled.elf  > "untitled.list"
   text	   data	    bss	    dec	    hex	filename
  28440	    108	   9012	  37560	   92b8	untitled.elf
Finished building: default.size.stdout
 
Finished building: untitled.list
 
15:03:23 **** Incremental Build of configuration Debug for project untitled ****
make -j12 all 
arm-none-eabi-size  untitled.elf 
   text	   data	    bss	    dec	    hex	filename
  28440	    108	   9012	  37560	   92b8	untitled.elf
Finished building: default.size.stdout
 
